
> backend@1.0.0 test
> vitest run --coverage


[1m[46m RUN [49m[22m [36mv4.0.15 [39m[90mC:/Users/Zaid Hasan/OneDrive/Desktop/New ATS/Aandsz-Forces-ATS-CS490/backend[39m
      [2mCoverage enabled with [22m[33mv8[39m

[90mstdout[2m | tests/routes/industryContacts.vitest.js
[22m[39mΓ£à Industry Contacts routes initialized
Supabase URL: Γ¥î missing
Supabase Key: Γ¥î missing

[90mstdout[2m | tests/routes/companyResearch.vitest.js
[22m[39m[dotenv@17.2.3] injecting env (13) from .env -- tip: ≡ƒ¢á∩╕Å  run anywhere with `dotenvx run -- yourcommand`

[90mstdout[2m | tests/routes/employment.vitest.js
[22m[39m[dotenv@17.2.3] injecting env (13) from .env -- tip: ≡ƒöæ add access controls to secrets: https://dotenvx.com/ops

node.exe : [90mstderr[2m | 
tests/routes/informationalInterviews.vitest.js[2m > [22m[2mInformational 
Interviews Routes - Full Coverage[2m > [22m[2mGET 
/api/informational-interviews/candidates[2m > [22m[2mshould return 500 on 
error
At line:1 char:1
+ & "C:\Program Files\nodejs/node.exe" "C:\Program Files\nodejs/node_mo ...
+ ~~~~~~~~~~~~~~~~~~~~~~~~~~~~~~~~~~~~~~~~~~~~~~~~~~~~~~~~~~~~~~~~~~~~~
    + CategoryInfo          : NotSpecified: ([90mstderr[2m...rn 500 on error 
   :String) [], RemoteException
    + FullyQualifiedErrorId : NativeCommandError
 
[22m[39mError fetching candidates: { message: [32m'Database error'[39m }

[90mstdout[2m | tests/routes/match.vitest.js[2m > [22m[2mMatch Routes - Full Coverage[2m > [22m[2mPOST /api/match/analyze/:jobId[2m > [22m[2mshould analyze job match
[22m[39m≡ƒöì AI MATCH RAW: {
  matchScore: [33m85[39m,
  skillsScore: [33m80[39m,
  experienceScore: [33m90[39m,
  educationScore: [33m85[39m,
  strengths: [ [32m'Strong'[39m ],
  gaps: [],
  improvements: []
}

[90mstderr[2m | tests/routes/contacts.vitest.js[2m > [22m[2mContacts 
Routes - Full Coverage[2m > [22m[2mGET /api/contacts[2m > [22m[2mshould 
return 500 on database error
[22m[39mError: Database error
    at C:/Users/Zaid Hasan/OneDrive/Desktop/New 
ATS/Aandsz-Forces-ATS-CS490/backend/tests/routes/contacts.vitest.js:124:41
    at [90mfile:///C:/Users/Zaid%20Hasan/OneDrive/Desktop/New%20ATS/Aandsz-For
ces-ATS-CS490/backend/[39mnode_modules/[4m@vitest/runner[24m/dist/index.js:1
45:11
    at [90mfile:///C:/Users/Zaid%20Hasan/OneDrive/Desktop/New%20ATS/Aandsz-For
ces-ATS-CS490/backend/[39mnode_modules/[4m@vitest/runner[24m/dist/index.js:9
15:26
    at [90mfile:///C:/Users/Zaid%20Hasan/OneDrive/Desktop/New%20ATS/Aandsz-For
ces-ATS-CS490/backend/[39mnode_modules/[4m@vitest/runner[24m/dist/index.js:1
240:20
    at new Promise (<anonymous>)
    at runWithTimeout [90m(file:///C:/Users/Zaid%20Hasan/OneDrive/Desktop/New%
20ATS/Aandsz-Forces-ATS-CS490/backend/[39mnode_modules/[4m@vitest/runner[24m
/dist/index.js:1206:10[90m)[39m
    at [90mfile:///C:/Users/Zaid%20Hasan/OneDrive/Desktop/New%20ATS/Aandsz-For
ces-ATS-CS490/backend/[39mnode_modules/[4m@vitest/runner[24m/dist/index.js:1
650:37
    at Traces.$ [90m(file:///C:/Users/Zaid%20Hasan/OneDrive/Desktop/New%20ATS/
Aandsz-Forces-ATS-CS490/backend/[39mnode_modules/[4mvitest[24m/dist/chunks/t
races.U4xDYhzZ.js:115:27[90m)[39m
    at trace [90m(file:///C:/Users/Zaid%20Hasan/OneDrive/Desktop/New%20ATS/Aan
dsz-Forces-ATS-CS490/backend/[39mnode_modules/[4mvitest[24m/dist/chunks/test
.BT8LKgU9.js:239:21[90m)[39m
    at runTest [90m(file:///C:/Users/Zaid%20Hasan/OneDrive/Desktop/New%20ATS/A
andsz-Forces-ATS-CS490/backend/[39mnode_modules/[4m@vitest/runner[24m/dist/i
ndex.js:1650:12[90m)[39m

[90mstdout[2m | tests/routes/industryContacts.vitest.js[2m > [22m[2mIndustry Contacts Routes - Full Coverage[2m > [22m[2mGET /api/industry-contacts/discovery-analytics[2m > [22m[2mshould return analytics
[22m[39m≡ƒôè Fetching analytics for user: [33m1[39m

[90mstderr[2m | tests/routes/employment.vitest.js[2m > [22m[2mEmployment 
Routes - Full Coverage[2m > [22m[2mPOST /api/employment[2m > 
[22m[2mshould return 500 on database error
[22m[39mΓ¥î Employment insert error: Error: Database error
    at C:/Users/Zaid Hasan/OneDrive/Desktop/New 
ATS/Aandsz-Forces-ATS-CS490/backend/tests/routes/employment.vitest.js:223:41
    at [90mfile:///C:/Users/Zaid%20Hasan/OneDrive/Desktop/New%20ATS/Aandsz-For
ces-ATS-CS490/backend/[39mnode_modules/[4m@vitest/runner[24m/dist/index.js:1
45:11
    at [90mfile:///C:/Users/Zaid%20Hasan/OneDrive/Desktop/New%20ATS/Aandsz-For
ces-ATS-CS490/backend/[39mnode_modules/[4m@vitest/runner[24m/dist/index.js:9
15:26
    at [90mfile:///C:/Users/Zaid%20Hasan/OneDrive/Desktop/New%20ATS/Aandsz-For
ces-ATS-CS490/backend/[39mnode_modules/[4m@vitest/runner[24m/dist/index.js:1
240:20
    at new Promise (<anonymous>)
    at runWithTimeout [90m(file:///C:/Users/Zaid%20Hasan/OneDrive/Desktop/New%
20ATS/Aandsz-Forces-ATS-CS490/backend/[39mnode_modules/[4m@vitest/runner[24m
/dist/index.js:1206:10[90m)[39m
    at [90mfile:///C:/Users/Zaid%20Hasan/OneDrive/Desktop/New%20ATS/Aandsz-For
ces-ATS-CS490/backend/[39mnode_modules/[4m@vitest/runner[24m/dist/index.js:1
650:37
    at Traces.$ [90m(file:///C:/Users/Zaid%20Hasan/OneDrive/Desktop/New%20ATS/
Aandsz-Forces-ATS-CS490/backend/[39mnode_modules/[4mvitest[24m/dist/chunks/t
races.U4xDYhzZ.js:115:27[90m)[39m
    at trace [90m(file:///C:/Users/Zaid%20Hasan/OneDrive/Desktop/New%20ATS/Aan
dsz-Forces-ATS-CS490/backend/[39mnode_modules/[4mvitest[24m/dist/chunks/test
.BT8LKgU9.js:239:21[90m)[39m
    at runTest [90m(file:///C:/Users/Zaid%20Hasan/OneDrive/Desktop/New%20ATS/A
andsz-Forces-ATS-CS490/backend/[39mnode_modules/[4m@vitest/runner[24m/dist/i
ndex.js:1650:12[90m)[39m

[90mstderr[2m | tests/routes/offers.vitest.js[2m > [22m[2mOffers Routes - 
90%+ Coverage[2m > [22m[2mGET /api/offers[2m > [22m[2mshould return 500 
on database error
[22m[39mError fetching offers: Error: Database error
    at C:/Users/Zaid Hasan/OneDrive/Desktop/New 
ATS/Aandsz-Forces-ATS-CS490/backend/tests/routes/offers.vitest.js:122:41
    at [90mfile:///C:/Users/Zaid%20Hasan/OneDrive/Desktop/New%20ATS/Aandsz-For
ces-ATS-CS490/backend/[39mnode_modules/[4m@vitest/runner[24m/dist/index.js:1
45:11
    at [90mfile:///C:/Users/Zaid%20Hasan/OneDrive/Desktop/New%20ATS/Aandsz-For
ces-ATS-CS490/backend/[39mnode_modules/[4m@vitest/runner[24m/dist/index.js:9
15:26
    at [90mfile:///C:/Users/Zaid%20Hasan/OneDrive/Desktop/New%20ATS/Aandsz-For
ces-ATS-CS490/backend/[39mnode_modules/[4m@vitest/runner[24m/dist/index.js:1
240:20
    at new Promise (<anonymous>)
    at runWithTimeout [90m(file:///C:/Users/Zaid%20Hasan/OneDrive/Desktop/New%
20ATS/Aandsz-Forces-ATS-CS490/backend/[39mnode_modules/[4m@vitest/runner[24m
/dist/index.js:1206:10[90m)[39m
    at [90mfile:///C:/Users/Zaid%20Hasan/OneDrive/Desktop/New%20ATS/Aandsz-For
ces-ATS-CS490/backend/[39mnode_modules/[4m@vitest/runner[24m/dist/index.js:1
650:37
    at Traces.$ [90m(file:///C:/Users/Zaid%20Hasan/OneDrive/Desktop/New%20ATS/
Aandsz-Forces-ATS-CS490/backend/[39mnode_modules/[4mvitest[24m/dist/chunks/t
races.U4xDYhzZ.js:115:27[90m)[39m
    at trace [90m(file:///C:/Users/Zaid%20Hasan/OneDrive/Desktop/New%20ATS/Aan
dsz-Forces-ATS-CS490/backend/[39mnode_modules/[4mvitest[24m/dist/chunks/test
.BT8LKgU9.js:239:21[90m)[39m
    at runTest [90m(file:///C:/Users/Zaid%20Hasan/OneDrive/Desktop/New%20ATS/A
andsz-Forces-ATS-CS490/backend/[39mnode_modules/[4m@vitest/runner[24m/dist/i
ndex.js:1650:12[90m)[39m

[90mstdout[2m | tests/routes/informationalInterviews.vitest.js[2m > [22m[2mInformational Interviews Routes - Full Coverage[2m > [22m[2mPUT /api/informational-interviews/candidates/:id[2m > [22m[2mshould update candidate
[22m[39mPUT /candidates/:id - candidateId: 1 userId: [33m1[39m body: { first_name: [32m'Jane'[39m, last_name: [32m'Doe'[39m }
Update object: {
  updated_at: [32m'2025-12-04T21:15:53.067Z'[39m,
  first_name: [32m'Jane'[39m,
  last_name: [32m'Doe'[39m
}

[90mstdout[2m | tests/routes/match.vitest.js[2m > [22m[2mMatch Routes - Full Coverage[2m > [22m[2mPOST /api/match/analyze/:jobId[2m > [22m[2mshould return 404 if job not found
[22m[39mRECEIVED IDS: [33m1[39m [33m999[39m

[90mstderr[2m | tests/routes/contacts.vitest.js[2m > [22m[2mContacts 
Routes - Full Coverage[2m > [22m[2mGET /api/contacts/:id[2m > 
[22m[2mshould return 500 on database error
[22m[39mError: Database error
    at C:/Users/Zaid Hasan/OneDrive/Desktop/New 
ATS/Aandsz-Forces-ATS-CS490/backend/tests/routes/contacts.vitest.js:165:41
    at [90mfile:///C:/Users/Zaid%20Hasan/OneDrive/Desktop/New%20ATS/Aandsz-For
ces-ATS-CS490/backend/[39mnode_modules/[4m@vitest/runner[24m/dist/index.js:1
45:11
    at [90mfile:///C:/Users/Zaid%20Hasan/OneDrive/Desktop/New%20ATS/Aandsz-For
ces-ATS-CS490/backend/[39mnode_modules/[4m@vitest/runner[24m/dist/index.js:9
15:26
    at [90mfile:///C:/Users/Zaid%20Hasan/OneDrive/Desktop/New%20ATS/Aandsz-For
ces-ATS-CS490/backend/[39mnode_modules/[4m@vitest/runner[24m/dist/index.js:1
240:20
    at new Promise (<anonymous>)
    at runWithTimeout [90m(file:///C:/Users/Zaid%20Hasan/OneDrive/Desktop/New%
20ATS/Aandsz-Forces-ATS-CS490/backend/[39mnode_modules/[4m@vitest/runner[24m
/dist/index.js:1206:10[90m)[39m
    at [90mfile:///C:/Users/Zaid%20Hasan/OneDrive/Desktop/New%20ATS/Aandsz-For
ces-ATS-CS490/backend/[39mnode_modules/[4m@vitest/runner[24m/dist/index.js:1
650:37
    at Traces.$ [90m(file:///C:/Users/Zaid%20Hasan/OneDrive/Desktop/New%20ATS/
Aandsz-Forces-ATS-CS490/backend/[39mnode_modules/[4mvitest[24m/dist/chunks/t
races.U4xDYhzZ.js:115:27[90m)[39m
    at trace [90m(file:///C:/Users/Zaid%20Hasan/OneDrive/Desktop/New%20ATS/Aan
dsz-Forces-ATS-CS490/backend/[39mnode_modules/[4mvitest[24m/dist/chunks/test
.BT8LKgU9.js:239:21[90m)[39m
    at runTest [90m(file:///C:/Users/Zaid%20Hasan/OneDrive/Desktop/New%20ATS/A
andsz-Forces-ATS-CS490/backend/[39mnode_modules/[4m@vitest/runner[24m/dist/i
ndex.js:1650:12[90m)[39m

[90mstdout[2m | tests/routes/industryContacts.vitest.js[2m > [22m[2mIndustry Contacts Routes - Full Coverage[2m > [22m[2mGET /api/industry-contacts/discovery-analytics[2m > [22m[2mshould return analytics
[22m[39mΓ£à Analytics computed: {
  total_suggestions: [33m0[39m,
  suggestions_contacted: [33m0[39m,
  suggestions_connected: [33m0[39m,
  warm_introductions_sent: [33m0[39m,
  alumni_contacted: [33m0[39m,
  event_participants_contacted: [33m0[39m,
  total_discovery_efforts: [33m0[39m,
  connection_conversion_rate: [33m0[39m
}

[90mstderr[2m | tests/routes/employment.vitest.js[2m > [22m[2mEmployment 
Routes - Full Coverage[2m > [22m[2mGET /api/employment[2m > 
[22m[2mshould return 500 on database error
[22m[39mΓ¥î Employment fetch error: Error: Database error
    at C:/Users/Zaid Hasan/OneDrive/Desktop/New 
ATS/Aandsz-Forces-ATS-CS490/backend/tests/routes/employment.vitest.js:268:41
    at [90mfile:///C:/Users/Zaid%20Hasan/OneDrive/Desktop/New%20ATS/Aandsz-For
ces-ATS-CS490/backend/[39mnode_modules/[4m@vitest/runner[24m/dist/index.js:1
45:11
    at [90mfile:///C:/Users/Zaid%20Hasan/OneDrive/Desktop/New%20ATS/Aandsz-For
ces-ATS-CS490/backend/[39mnode_modules/[4m@vitest/runner[24m/dist/index.js:9
15:26
    at [90mfile:///C:/Users/Zaid%20Hasan/OneDrive/Desktop/New%20ATS/Aandsz-For
ces-ATS-CS490/backend/[39mnode_modules/[4m@vitest/runner[24m/dist/index.js:1
240:20
    at new Promise (<anonymous>)
    at runWithTimeout [90m(file:///C:/Users/Zaid%20Hasan/OneDrive/Desktop/New%
20ATS/Aandsz-Forces-ATS-CS490/backend/[39mnode_modules/[4m@vitest/runner[24m
/dist/index.js:1206:10[90m)[39m
    at [90mfile:///C:/Users/Zaid%20Hasan/OneDrive/Desktop/New%20ATS/Aandsz-For
ces-ATS-CS490/backend/[39mnode_modules/[4m@vitest/runner[24m/dist/index.js:1
650:37
    at Traces.$ [90m(file:///C:/Users/Zaid%20Hasan/OneDrive/Desktop/New%20ATS/
Aandsz-Forces-ATS-CS490/backend/[39mnode_modules/[4mvitest[24m/dist/chunks/t
races.U4xDYhzZ.js:115:27[90m)[39m
    at trace [90m(file:///C:/Users/Zaid%20Hasan/OneDrive/Desktop/New%20ATS/Aan
dsz-Forces-ATS-CS490/backend/[39mnode_modules/[4mvitest[24m/dist/chunks/test
.BT8LKgU9.js:239:21[90m)[39m
    at runTest [90m(file:///C:/Users/Zaid%20Hasan/OneDrive/Desktop/New%20ATS/A
andsz-Forces-ATS-CS490/backend/[39mnode_modules/[4m@vitest/runner[24m/dist/i
ndex.js:1650:12[90m)[39m

[90mstderr[2m | tests/routes/offers.vitest.js[2m > [22m[2mOffers Routes - 
90%+ Coverage[2m > [22m[2mGET /api/offers/:id[2m > [22m[2mshould return 
500 on database error
[22m[39mError fetching offer: Error: Database error
    at C:/Users/Zaid Hasan/OneDrive/Desktop/New 
ATS/Aandsz-Forces-ATS-CS490/backend/tests/routes/offers.vitest.js:165:41
    at [90mfile:///C:/Users/Zaid%20Hasan/OneDrive/Desktop/New%20ATS/Aandsz-For
ces-ATS-CS490/backend/[39mnode_modules/[4m@vitest/runner[24m/dist/index.js:1
45:11
    at [90mfile:///C:/Users/Zaid%20Hasan/OneDrive/Desktop/New%20ATS/Aandsz-For
ces-ATS-CS490/backend/[39mnode_modules/[4m@vitest/runner[24m/dist/index.js:9
15:26
    at [90mfile:///C:/Users/Zaid%20Hasan/OneDrive/Desktop/New%20ATS/Aandsz-For
ces-ATS-CS490/backend/[39mnode_modules/[4m@vitest/runner[24m/dist/index.js:1
240:20
    at new Promise (<anonymous>)
    at runWithTimeout [90m(file:///C:/Users/Zaid%20Hasan/OneDrive/Desktop/New%
20ATS/Aandsz-Forces-ATS-CS490/backend/[39mnode_modules/[4m@vitest/runner[24m
/dist/index.js:1206:10[90m)[39m
    at [90mfile:///C:/Users/Zaid%20Hasan/OneDrive/Desktop/New%20ATS/Aandsz-For
ces-ATS-CS490/backend/[39mnode_modules/[4m@vitest/runner[24m/dist/index.js:1
650:37
    at Traces.$ [90m(file:///C:/Users/Zaid%20Hasan/OneDrive/Desktop/New%20ATS/
Aandsz-Forces-ATS-CS490/backend/[39mnode_modules/[4mvitest[24m/dist/chunks/t
races.U4xDYhzZ.js:115:27[90m)[39m
    at trace [90m(file:///C:/Users/Zaid%20Hasan/OneDrive/Desktop/New%20ATS/Aan
dsz-Forces-ATS-CS490/backend/[39mnode_modules/[4mvitest[24m/dist/chunks/test
.BT8LKgU9.js:239:21[90m)[39m
    at runTest [90m(file:///C:/Users/Zaid%20Hasan/OneDrive/Desktop/New%20ATS/A
andsz-Forces-ATS-CS490/backend/[39mnode_modules/[4m@vitest/runner[24m/dist/i
ndex.js:1650:12[90m)[39m

[90mstdout[2m | tests/routes/informationalInterviews.vitest.js[2m > [22m[2mInformational Interviews Routes - Full Coverage[2m > [22m[2mPUT /api/informational-interviews/candidates/:id[2m > [22m[2mshould update candidate
[22m[39mUpdate successful, returned data: [ { id: [33m1[39m, first_name: [32m'Jane'[39m, last_name: [32m'Doe'[39m } ]

[90mstderr[2m | tests/routes/match.vitest.js[2m > [22m[2mMatch Routes - 
Full Coverage[2m > [22m[2mPOST /api/match/analyze/:jobId[2m > 
[22m[2mshould return 404 if job not found
[22m[39mΓ¥î MATCH ERROR: Error: Invalid AI response
    at analyzeMatch (C:/Users/Zaid Hasan/OneDrive/Desktop/New 
ATS/Aandsz-Forces-ATS-CS490/backend/routes/match.js:151:11)
[90m    at processTicksAndRejections 
(node:internal/process/task_queues:105:5)[39m
    at C:/Users/Zaid Hasan/OneDrive/Desktop/New 
ATS/Aandsz-Forces-ATS-CS490/backend/routes/match.js:211:16

 [31mΓ¥»[39m tests/auth.vitest.js [2m([22m[2m7 tests[22m[2m | [22m[31m1 failed[39m[2m)[22m[32m 154[2mms[22m[39m
       [32mΓ£ô[39m should allow request with valid token[32m 67[2mms[22m[39m
       [32mΓ£ô[39m should return 401 if no token provided[32m 8[2mms[22m[39m
[90mstderr[2m | tests/routes/industryContacts.vitest.js[2m > 
[22m[2mIndustry Contacts Routes - Full Coverage[2m > [22m[2mPUT 
/api/industry-contacts/connection-paths/:id[2m > [22m[2mshould update 
connection path
[22m[39mΓ¥î Error updating connection path: 
supabase.from(...).update(...).eq(...).eq(...).select(...).single is not a 
function
       [32mΓ£ô[39m should return 401 if authorization header missing[32m 14[2mms[22m[39m
       [32mΓ£ô[39m should return 401 if token does not start with Bearer[32m 7[2mms[22m[39m
       [32mΓ£ô[39m should return 401 on TokenExpiredError[32m 6[2mms[22m[39m
       [32mΓ£ô[39m should return 401 on invalid token[32m 7[2mms[22m[39m
[31m       [31m├ù[31m should handle token with extra spaces[39m[32m 39[2mms[22m[39m
[90mstdout[2m | tests/routes/contacts.vitest.js[2m > [22m[2mContacts Routes - Full Coverage[2m > [22m[2mPOST /api/contacts[2m > [22m[2mshould create new contact
[22m[39mCreating contact for user: [33m1[39m with data: { firstName: [32m'John'[39m, lastName: [32m'Doe'[39m, email: [32m'john@example.com'[39m }

[90mstdout[2m | tests/routes/informationalInterviews.vitest.js[2m > [22m[2mInformational Interviews Routes - Full Coverage[2m > [22m[2mPUT /api/informational-interviews/candidates/:id[2m > [22m[2mshould return 500 if candidate not found (empty data array)
[22m[39mPUT /candidates/:id - candidateId: 999 userId: [33m1[39m body: { first_name: [32m'Jane'[39m }
Update object: { updated_at: [32m'2025-12-04T21:15:53.077Z'[39m, first_name: [32m'Jane'[39m }

[90mstdout[2m | tests/routes/match.vitest.js[2m > [22m[2mMatch Routes - Full Coverage[2m > [22m[2mPOST /api/match/analyze/:jobId[2m > [22m[2mshould handle missing weights
[22m[39m≡ƒöì AI MATCH RAW: {
  matchScore: [33m85[39m,
  skillsScore: [33m80[39m,
  experienceScore: [33m90[39m,
  educationScore: [33m85[39m,
  strengths: [ [32m'Strong'[39m ],
  gaps: [],
  improvements: []
}

[90mstdout[2m | tests/routes/contacts.vitest.js[2m > [22m[2mContacts Routes - Full Coverage[2m > [22m[2mPOST /api/contacts[2m > [22m[2mshould create new contact
[22m[39mContact created successfully: {
  id: [33m1[39m,
  first_name: [32m'John'[39m,
  last_name: [32m'Doe'[39m,
  email: [32m'john@example.com'[39m
}

[90mstdout[2m | tests/routes/informationalInterviews.vitest.js[2m > [22m[2mInformational Interviews Routes - Full Coverage[2m > [22m[2mPUT /api/informational-interviews/candidates/:id[2m > [22m[2mshould return 500 if candidate not found (empty data array)
[22m[39mUpdate successful, returned data: []

[90mstdout[2m | tests/routes/informationalInterviews.vitest.js[2m > [22m[2mInformational Interviews Routes - Full Coverage[2m > [22m[2mPUT /api/informational-interviews/interviews/:id[2m > [22m[2mshould update interview
[22m[39mPUT /interviews/:id - interviewId: 1 status: [90mundefined[39m body: { scheduled_date: [32m'2024-01-02'[39m }

[90mstdout[2m | tests/routes/match.vitest.js[2m > [22m[2mMatch Routes - Full Coverage[2m > [22m[2mPOST /api/match/analyze/:jobId[2m > [22m[2mshould handle AI JSON parsing errors
[22m[39mRECEIVED IDS: [33m1[39m [33m1[39m


[90mstderr[2m | tests/routes/employment.vitest.js[2m > [22m[2mEmployment 
Routes - Full Coverage[2m > [22m[2mDELETE /api/employment/:id[2m > 
[22m[2mshould return 500 on database error
[22m[39mΓ¥î Employment delete error: Error: Database error
    at C:/Users/Zaid Hasan/OneDrive/Desktop/New 
ATS/Aandsz-Forces-ATS-CS490/backend/tests/routes/employment.vitest.js:369:41
    at [90mfile:///C:/Users/Zaid%20Hasan/OneDrive/Desktop/New%20ATS/Aandsz-For
ces-ATS-CS490/backend/[39mnode_modules/[4m@vitest/runner[24m/dist/index.js:1
45:11
    at [90mfile:///C:/Users/Zaid%20Hasan/OneDrive/Desktop/New%20ATS/Aandsz-For
ces-ATS-CS490/backend/[39mnode_modules/[4m@vitest/runner[24m/dist/index.js:9
15:26
    at [90mfile:///C:/Users/Zaid%20Hasan/OneDrive/Desktop/New%20ATS/Aandsz-For
ces-ATS-CS490/backend/[39mnode_modules/[4m@vitest/runner[24m/dist/index.js:1
240:20
    at new Promise (<anonymous>)
    at runWithTimeout [90m(file:///C:/Users/Zaid%20Hasan/OneDrive/Desktop/New%
20ATS/Aandsz-Forces-ATS-CS490/backend/[39mnode_modules/[4m@vitest/runner[24m
/dist/index.js:1206:10[90m)[39m
    at [90mfile:///C:/Users/Zaid%20Hasan/OneDrive/Desktop/New%20ATS/Aandsz-For
ces-ATS-CS490/backend/[39mnode_modules/[4m@vitest/runner[24m/dist/index.js:1
650:37
    at Traces.$ [90m(file:///C:/Users/Zaid%20Hasan/OneDrive/Desktop/New%20ATS/
Aandsz-Forces-ATS-CS490/backend/[39mnode_modules/[4mvitest[24m/dist/chunks/t
races.U4xDYhzZ.js:115:27[90m)[39m
    at trace [90m(file:///C:/Users/Zaid%20Hasan/OneDrive/Desktop/New%20ATS/Aan
dsz-Forces-ATS-CS490/backend/[39mnode_modules/[4mvitest[24m/dist/chunks/test
.BT8LKgU9.js:239:21[90m)[39m
    at runTest [90m(file:///C:/Users/Zaid%20Hasan/OneDrive/Desktop/New%20ATS/A
andsz-Forces-ATS-CS490/backend/[39mnode_modules/[4m@vitest/runner[24m/dist/i
ndex.js:1650:12[90m)[39m

[90mstderr[2m | tests/routes/offers.vitest.js[2m > [22m[2mOffers Routes - 
90%+ Coverage[2m > [22m[2mPOST /api/offers[2m > [22m[2mshould return 500 
on database error
[22m[39mError finding competing offers: Error: Database error
    at C:/Users/Zaid Hasan/OneDrive/Desktop/New 
ATS/Aandsz-Forces-ATS-CS490/backend/tests/routes/offers.vitest.js:349:41
    at [90mfile:///C:/Users/Zaid%20Hasan/OneDrive/Desktop/New%20ATS/Aandsz-For
ces-ATS-CS490/backend/[39mnode_modules/[4m@vitest/runner[24m/dist/index.js:1
45:11
    at [90mfile:///C:/Users/Zaid%20Hasan/OneDrive/Desktop/New%20ATS/Aandsz-For
ces-ATS-CS490/backend/[39mnode_modules/[4m@vitest/runner[24m/dist/index.js:9
15:26
    at [90mfile:///C:/Users/Zaid%20Hasan/OneDrive/Desktop/New%20ATS/Aandsz-For
ces-ATS-CS490/backend/[39mnode_modules/[4m@vitest/runner[24m/dist/index.js:1
240:20
    at new Promise (<anonymous>)
    at runWithTimeout [90m(file:///C:/Users/Zaid%20Hasan/OneDrive/Desktop/New%
20ATS/Aandsz-Forces-ATS-CS490/backend/[39mnode_modules/[4m@vitest/runner[24m
/dist/index.js:1206:10[90m)[39m
    at [90mfile:///C:/Users/Zaid%20Hasan/OneDrive/Desktop/New%20ATS/Aandsz-For
ces-ATS-CS490/backend/[39mnode_modules/[4m@vitest/runner[24m/dist/index.js:1
650:37
    at Traces.$ [90m(file:///C:/Users/Zaid%20Hasan/OneDrive/Desktop/New%20ATS/
Aandsz-Forces-ATS-CS490/backend/[39mnode_modules/[4mvitest[24m/dist/chunks/t
races.U4xDYhzZ.js:115:27[90m)[39m
    at trace [90m(file:///C:/Users/Zaid%20Hasan/OneDrive/Desktop/New%20ATS/Aan
dsz-Forces-ATS-CS490/backend/[39mnode_modules/[4mvitest[24m/dist/chunks/test
.BT8LKgU9.js:239:21[90m)[39m
    at runTest [90m(file:///C:/Users/Zaid%20Hasan/OneDrive/Desktop/New%20ATS/A
andsz-Forces-ATS-CS490/backend/[39mnode_modules/[4m@vitest/runner[24m/dist/i
ndex.js:1650:12[90m)[39m

[90mstderr[2m | tests/routes/match.vitest.js[2m > [22m[2mMatch Routes - 
Full Coverage[2m > [22m[2mPOST /api/match/analyze/:jobId[2m > 
[22m[2mshould handle AI JSON parsing errors
[22m[39mΓ¥î BAD AI JSON: Invalid JSON

[90mstderr[2m | tests/routes/offers.vitest.js[2m > [22m[2mOffers Routes - 
90%+ Coverage[2m > [22m[2mPOST /api/offers[2m > [22m[2mshould return 500 
on database error
[22m[39mError creating offer: TypeError: Cannot destructure property 'rows' 
of '(intermediate value)' as it is undefined.
    at C:/Users/Zaid Hasan/OneDrive/Desktop/New 
ATS/Aandsz-Forces-ATS-CS490/backend/routes/offers.js:122:13
[90m    at processTicksAndRejections 
(node:internal/process/task_queues:105:5)[39m

[90mstdout[2m | tests/routes/contacts.vitest.js[2m > [22m[2mContacts Routes - Full Coverage[2m > [22m[2mPOST /api/contacts[2m > [22m[2mshould handle duplicate email error
[22m[39mCreating contact for user: [33m1[39m with data: { firstName: [32m'John'[39m, lastName: [32m'Doe'[39m, email: [32m'existing@example.com'[39m }

[90mstdout[2m | tests/routes/job.vitest.js
[22m[39m[dotenv@17.2.3] injecting env (13) from .env -- tip: ΓÜÖ∩╕Å  suppress all logs with { quiet: true }

[90mstdout[2m | tests/routes/informationalInterviews.vitest.js[2m > [22m[2mInformational Interviews Routes - Full Coverage[2m > [22m[2mPUT /api/informational-interviews/interviews/:id[2m > [22m[2mshould update interview
[22m[39mInterview updated: [ { id: [33m1[39m, candidate_id: [33m1[39m, scheduled_date: [32m'2024-01-01'[39m } ]

[90mstderr[2m | tests/routes/match.vitest.js[2m > [22m[2mMatch Routes - 
Full Coverage[2m > [22m[2mPOST /api/match/analyze/:jobId[2m > 
[22m[2mshould handle AI JSON parsing errors
[22m[39mΓ¥î MATCH ERROR: Error: Invalid AI JSON
    at analyzeMatch (C:/Users/Zaid Hasan/OneDrive/Desktop/New 
ATS/Aandsz-Forces-ATS-CS490/backend/routes/match.js:160:11)
[90m    at processTicksAndRejections 
(node:internal/process/task_queues:105:5)[39m
    at C:/Users/Zaid Hasan/OneDrive/Desktop/New 
ATS/Aandsz-Forces-ATS-CS490/backend/routes/match.js:211:16

[90mstderr[2m | tests/routes/contacts.vitest.js[2m > [22m[2mContacts 
Routes - Full Coverage[2m > [22m[2mPOST /api/contacts[2m > [22m[2mshould 
handle duplicate email error
[22m[39mΓ¥î Error creating contact: Duplicate email
Full error: Error: Duplicate email
    at C:/Users/Zaid Hasan/OneDrive/Desktop/New 
ATS/Aandsz-Forces-ATS-CS490/backend/tests/routes/contacts.vitest.js:216:30
    at [90mfile:///C:/Users/Zaid%20Hasan/OneDrive/Desktop/New%20ATS/Aandsz-For
ces-ATS-CS490/backend/[39mnode_modules/[4m@vitest/runner[24m/dist/index.js:1
45:11
    at [90mfile:///C:/Users/Zaid%20Hasan/OneDrive/Desktop/New%20ATS/Aandsz-For
ces-ATS-CS490/backend/[39mnode_modules/[4m@vitest/runner[24m/dist/index.js:9
15:26
    at [90mfile:///C:/Users/Zaid%20Hasan/OneDrive/Desktop/New%20ATS/Aandsz-For
ces-ATS-CS490/backend/[39mnode_modules/[4m@vitest/runner[24m/dist/index.js:1
240:20
    at new Promise (<anonymous>)
    at runWithTimeout [90m(file:///C:/Users/Zaid%20Hasan/OneDrive/Desktop/New%
20ATS/Aandsz-Forces-ATS-CS490/backend/[39mnode_modules/[4m@vitest/runner[24m
/dist/index.js:1206:10[90m)[39m
    at [90mfile:///C:/Users/Zaid%20Hasan/OneDrive/Desktop/New%20ATS/Aandsz-For
ces-ATS-CS490/backend/[39mnode_modules/[4m@vitest/runner[24m/dist/index.js:1
650:37
    at Traces.$ [90m(file:///C:/Users/Zaid%20Hasan/OneDrive/Desktop/New%20ATS/
Aandsz-Forces-ATS-CS490/backend/[39mnode_modules/[4mvitest[24m/dist/chunks/t
races.U4xDYhzZ.js:115:27[90m)[39m
    at trace [90m(file:///C:/Users/Zaid%20Hasan/OneDrive/Desktop/New%20ATS/Aan
dsz-Forces-ATS-CS490/backend/[39mnode_modules/[4mvitest[24m/dist/chunks/test
.BT8LKgU9.js:239:21[90m)[39m
    at runTest [90m(file:///C:/Users/Zaid%20Hasan/OneDrive/Desktop/New%20ATS/A
andsz-Forces-ATS-CS490/backend/[39mnode_modules/[4m@vitest/runner[24m/dist/i
ndex.js:1650:12[90m)[39m {
  code: [32m'23505'[39m
}

[90mstderr[2m | tests/routes/offers.vitest.js[2m > [22m[2mOffers Routes - 
90%+ Coverage[2m > [22m[2mPUT /api/offers/:id[2m > [22m[2mshould handle 
status change to accepted
[22m[39mΓ¥î Error creating compensation history (via status change): 
TypeError: Cannot read properties of undefined (reading 'rows')
    at C:/Users/Zaid Hasan/OneDrive/Desktop/New 
ATS/Aandsz-Forces-ATS-CS490/backend/routes/offers.js:409:26
[90m    at processTicksAndRejections 
(node:internal/process/task_queues:105:5)[39m

[90mstdout[2m | tests/routes/match.vitest.js[2m > [22m[2mMatch Routes - Full Coverage[2m > [22m[2mPOST /api/match/analyze/:jobId[2m > [22m[2mshould handle database error during history save
[22m[39m≡ƒöì AI MATCH RAW: {
  matchScore: [33m85[39m,
  skillsScore: [33m80[39m,
  experienceScore: [33m90[39m,
  educationScore: [33m85[39m,
  strengths: [],
  gaps: [],
  improvements: []
}

[90mstderr[2m | tests/routes/industryContacts.vitest.js[2m > 
[22m[2mIndustry Contacts Routes - Full Coverage[2m > [22m[2mDELETE 
/api/industry-contacts/suggestions/:id[2m > [22m[2mshould delete suggestion
[22m[39mΓ¥î Error deleting suggestion: 
supabase.from(...).delete(...).eq(...).eq(...).select is not a function

[90mstdout[2m | tests/routes/cover_letter.vitest.js
[22m[39m[dotenv@17.2.3] injecting env (13) from .env -- tip: ΓÜÖ∩╕Å  load multiple .env files with { path: ['.env.local', '.env'] }

[90mstdout[2m | tests/routes/contacts.vitest.js[2m > [22m[2mContacts Routes - Full Coverage[2m > [22m[2mPOST /api/contacts[2m > [22m[2mshould handle groups when creating contact
[22m[39mCreating contact for user: [33m1[39m with data: { firstName: [32m'John'[39m, lastName: [32m'Doe'[39m, email: [90mundefined[39m }

 [31mΓ¥»[39m tests/routes/employment.vitest.js [2m([22m[2m17 tests[22m[2m | [22m[31m3 failed[39m[2m)[22m[32m 253[2mms[22m[39m
       [32mΓ£ô[39m should add employment entry[32m 78[2mms[22m[39m
       [32mΓ£ô[39m should return 400 if required fields missing[32m 13[2mms[22m[39m
       [32mΓ£ô[39m should return 400 if end_date before start_date[32m 11[2mms[22m[39m
       [32mΓ£ô[39m should allow end_date when current is false[32m 7[2mms[22m[39m
       [32mΓ£ô[39m should allow current=true without end_date[32m 6[2mms[22m[39m
       [32mΓ£ô[39m should handle optional fields[32m 6[2mms[22m[39m
       [32mΓ£ô[39m should return 500 on database error[32m 20[2mms[22m[39m
       [32mΓ£ô[39m should return all employment entries[32m 8[2mms[22m[39m
       [32mΓ£ô[39m should return empty array when no employment[32m 7[2mms[22m[39m
       [32mΓ£ô[39m should return 500 on database error[32m 13[2mms[22m[39m
[31m       [31m├ù[31m should update employment entry[39m[32m 15[2mms[22m[39m
       [32mΓ£ô[39m should return 404 if employment not found[32m 7[2mms[22m[39m
       [32mΓ£ô[39m should return 400 if required fields missing in update[32m 9[2mms[22m[39m
[31m       [31m├ù[31m should return 500 on database error[39m[32m 8[2mms[22m[39m
       [32mΓ£ô[39m should delete employment entry[32m 13[2mms[22m[39m
[31m       [31m├ù[31m should return 404 if employment not found[39m[32m 11[2mms[22m[39m
       [32mΓ£ô[39m should return 500 on database error[32m 15[2mms[22m[39m
[90mstderr[2m | tests/routes/offers.vitest.js[2m > [22m[2mOffers Routes - 
90%+ Coverage[2m > [22m[2mPUT /api/offers/:id[2m > [22m[2mshould handle 
status change to accepted
[22m[39mΓ¥î Error syncing compensation history: TypeError: Cannot read 
properties of undefined (reading 'rows')
    at C:/Users/Zaid Hasan/OneDrive/Desktop/New 
ATS/Aandsz-Forces-ATS-CS490/backend/routes/offers.js:452:26
[90m    at processTicksAndRejections 
(node:internal/process/task_queues:105:5)[39m

[90mstderr[2m | tests/routes/informationalInterviews.vitest.js[2m > 
[22m[2mInformational Interviews Routes - Full Coverage[2m > [22m[2mGET 
/api/informational-interviews/interviews/:id[2m > [22m[2mshould return 
single interview
[22m[39mError fetching interview: TypeError: 
supabase.from(...).select(...).eq(...).eq is not a function
    at C:/Users/Zaid Hasan/OneDrive/Desktop/New 
ATS/Aandsz-Forces-ATS-CS490/backend/routes/informationalInterviews.js:327:8
    at Layer.handle [as handle_request] [90m(C:\Users\Zaid 
Hasan\OneDrive\Desktop\New ATS\Aandsz-Forces-ATS-CS490\backend\[39mnode_module
s\[4mexpress[24m\lib\router\layer.js:95:5[90m)[39m
    at next [90m(C:\Users\Zaid Hasan\OneDrive\Desktop\New ATS\Aandsz-Forces-AT
S-CS490\backend\[39mnode_modules\[4mexpress[24m\lib\router\route.js:149:13[
90m)[39m
    at C:/Users/Zaid Hasan/OneDrive/Desktop/New ATS/Aandsz-Forces-ATS-CS490/bac
kend/tests/routes/informationalInterviews.vitest.js:100:5
    at Mock [90m(file:///C:/Users/Zaid%20Hasan/OneDrive/Desktop/New%20ATS/Aand
sz-Forces-ATS-CS490/backend/[39mnode_modules/[4m@vitest/spy[24m/dist/index.j
s:285:34[90m)[39m
    at Layer.handle [as handle_request] [90m(C:\Users\Zaid 
Hasan\OneDrive\Desktop\New ATS\Aandsz-Forces-ATS-CS490\backend\[39mnode_module
s\[4mexpress[24m\lib\router\layer.js:95:5[90m)[39m
    at next [90m(C:\Users\Zaid Hasan\OneDrive\Desktop\New ATS\Aandsz-Forces-AT
S-CS490\backend\[39mnode_modules\[4mexpress[24m\lib\router\route.js:149:13[
90m)[39m
    at Route.dispatch [90m(C:\Users\Zaid Hasan\OneDrive\Desktop\New ATS\Aandsz
-Forces-ATS-CS490\backend\[39mnode_modules\[4mexpress[24m\lib\router\route.j
s:119:3[90m)[39m
    at Layer.handle [as handle_request] [90m(C:\Users\Zaid 
Hasan\OneDrive\Desktop\New ATS\Aandsz-Forces-ATS-CS490\backend\[39mnode_module
s\[4mexpress[24m\lib\router\layer.js:95:5[90m)[39m
    at [90mC:\Users\Zaid Hasan\OneDrive\Desktop\New ATS\Aandsz-Forces-ATS-CS49
0\backend\[39mnode_modules\[4mexpress[24m\lib\router\index.js:284:15

[90mstderr[2m | tests/routes/match.vitest.js[2m > [22m[2mMatch Routes - 
Full Coverage[2m > [22m[2mPOST /api/match/analyze/:jobId[2m > 
[22m[2mshould handle database error during history save
[22m[39mΓ¥î MATCH ERROR: Error: History save failed
    at C:/Users/Zaid Hasan/OneDrive/Desktop/New 
ATS/Aandsz-Forces-ATS-CS490/backend/tests/routes/match.vitest.js:300:32
    at [90mfile:///C:/Users/Zaid%20Hasan/OneDrive/Desktop/New%20ATS/Aandsz-For
ces-ATS-CS490/backend/[39mnode_modules/[4m@vitest/runner[24m/dist/index.js:1
45:11
    at [90mfile:///C:/Users/Zaid%20Hasan/OneDrive/Desktop/New%20ATS/Aandsz-For
ces-ATS-CS490/backend/[39mnode_modules/[4m@vitest/runner[24m/dist/index.js:9
15:26
    at [90mfile:///C:/Users/Zaid%20Hasan/OneDrive/Desktop/New%20ATS/Aandsz-For
ces-ATS-CS490/backend/[39mnode_modules/[4m@vitest/runner[24m/dist/index.js:1
240:20
    at new Promise (<anonymous>)
    at runWithTimeout [90m(file:///C:/Users/Zaid%20Hasan/OneDrive/Desktop/New%
20ATS/Aandsz-Forces-ATS-CS490/backend/[39mnode_modules/[4m@vitest/runner[24m
/dist/index.js:1206:10[90m)[39m
    at [90mfile:///C:/Users/Zaid%20Hasan/OneDrive/Desktop/New%20ATS/Aandsz-For
ces-ATS-CS490/backend/[39mnode_modules/[4m@vitest/runner[24m/dist/index.js:1
650:37
    at Traces.$ [90m(file:///C:/Users/Zaid%20Hasan/OneDrive/Desktop/New%20ATS/
Aandsz-Forces-ATS-CS490/backend/[39mnode_modules/[4mvitest[24m/dist/chunks/t
races.U4xDYhzZ.js:115:27[90m)[39m
    at trace [90m(file:///C:/Users/Zaid%20Hasan/OneDrive/Desktop/New%20ATS/Aan
dsz-Forces-ATS-CS490/backend/[39mnode_modules/[4mvitest[24m/dist/chunks/test
.BT8LKgU9.js:239:21[90m)[39m
    at runTest [90m(file:///C:/Users/Zaid%20Hasan/OneDrive/Desktop/New%20ATS/A
andsz-Forces-ATS-CS490/backend/[39mnode_modules/[4m@vitest/runner[24m/dist/i
ndex.js:1650:12[90m)[39m

[90mstderr[2m | tests/routes/industryContacts.vitest.js[2m > 
[22m[2mIndustry Contacts Routes - Full Coverage[2m > [22m[2mDELETE 
/api/industry-contacts/alumni/:id[2m > [22m[2mshould delete alumni
[22m[39mΓ¥î Error deleting alumni: 
supabase.from(...).delete(...).eq(...).eq(...).select is not a function

[90mstdout[2m | tests/routes/contacts.vitest.js[2m > [22m[2mContacts Routes - Full Coverage[2m > [22m[2mPOST /api/contacts[2m > [22m[2mshould handle groups when creating contact
[22m[39mContact created successfully: { id: [33m1[39m, first_name: [32m'John'[39m, last_name: [32m'Doe'[39m }

[90mstderr[2m | tests/routes/offers.vitest.js[2m > [22m[2mOffers Routes - 
90%+ Coverage[2m > [22m[2mPUT /api/offers/:id[2m > [22m[2mshould return 
500 on database error
[22m[39mError updating offer: Error: Database error
    at C:/Users/Zaid Hasan/OneDrive/Desktop/New 
ATS/Aandsz-Forces-ATS-CS490/backend/tests/routes/offers.vitest.js:444:41
    at [90mfile:///C:/Users/Zaid%20Hasan/OneDrive/Desktop/New%20ATS/Aandsz-For
ces-ATS-CS490/backend/[39mnode_modules/[4m@vitest/runner[24m/dist/index.js:1
45:11
    at [90mfile:///C:/Users/Zaid%20Hasan/OneDrive/Desktop/New%20ATS/Aandsz-For
ces-ATS-CS490/backend/[39mnode_modules/[4m@vitest/runner[24m/dist/index.js:9
15:26
    at [90mfile:///C:/Users/Zaid%20Hasan/OneDrive/Desktop/New%20ATS/Aandsz-For
ces-ATS-CS490/backend/[39mnode_modules/[4m@vitest/runner[24m/dist/index.js:1
240:20
    at new Promise (<anonymous>)
    at runWithTimeout [90m(file:///C:/Users/Zaid%20Hasan/OneDrive/Desktop/New%
20ATS/Aandsz-Forces-ATS-CS490/backend/[39mnode_modules/[4m@vitest/runner[24m
/dist/index.js:1206:10[90m)[39m
    at [90mfile:///C:/Users/Zaid%20Hasan/OneDrive/Desktop/New%20ATS/Aandsz-For
ces-ATS-CS490/backend/[39mnode_modules/[4m@vitest/runner[24m/dist/index.js:1
650:37
    at Traces.$ [90m(file:///C:/Users/Zaid%20Hasan/OneDrive/Desktop/New%20ATS/
Aandsz-Forces-ATS-CS490/backend/[39mnode_modules/[4mvitest[24m/dist/chunks/t
races.U4xDYhzZ.js:115:27[90m)[39m
    at trace [90m(file:///C:/Users/Zaid%20Hasan/OneDrive/Desktop/New%20ATS/Aan
dsz-Forces-ATS-CS490/backend/[39mnode_modules/[4mvitest[24m/dist/chunks/test
.BT8LKgU9.js:239:21[90m)[39m
    at runTest [90m(file:///C:/Users/Zaid%20Hasan/OneDrive/Desktop/New%20ATS/A
andsz-Forces-ATS-CS490/backend/[39mnode_modules/[4m@vitest/runner[24m/dist/i
ndex.js:1650:12[90m)[39m

[90mstderr[2m | tests/routes/informationalInterviews.vitest.js[2m > 
[22m[2mInformational Interviews Routes - Full Coverage[2m > [22m[2mGET 
/api/informational-interviews/preparation/:interviewId[2m > [22m[2mshould 
return preparation for interview
[22m[39mError fetching preparation: TypeError: 
supabase.from(...).select(...).eq(...).eq is not a function
    at C:/Users/Zaid Hasan/OneDrive/Desktop/New 
ATS/Aandsz-Forces-ATS-CS490/backend/routes/informationalInterviews.js:350:8
    at Layer.handle [as handle_request] [90m(C:\Users\Zaid 
Hasan\OneDrive\Desktop\New ATS\Aandsz-Forces-ATS-CS490\backend\[39mnode_module
s\[4mexpress[24m\lib\router\layer.js:95:5[90m)[39m
    at next [90m(C:\Users\Zaid Hasan\OneDrive\Desktop\New ATS\Aandsz-Forces-AT
S-CS490\backend\[39mnode_modules\[4mexpress[24m\lib\router\route.js:149:13[
90m)[39m
    at C:/Users/Zaid Hasan/OneDrive/Desktop/New ATS/Aandsz-Forces-ATS-CS490/bac
kend/tests/routes/informationalInterviews.vitest.js:100:5
    at Mock [90m(file:///C:/Users/Zaid%20Hasan/OneDrive/Desktop/New%20ATS/Aand
sz-Forces-ATS-CS490/backend/[39mnode_modules/[4m@vitest/spy[24m/dist/index.j
s:285:34[90m)[39m
    at Layer.handle [as handle_request] [90m(C:\Users\Zaid 
Hasan\OneDrive\Desktop\New ATS\Aandsz-Forces-ATS-CS490\backend\[39mnode_module
s\[4mexpress[24m\lib\router\layer.js:95:5[90m)[39m
    at next [90m(C:\Users\Zaid Hasan\OneDrive\Desktop\New ATS\Aandsz-Forces-AT
S-CS490\backend\[39mnode_modules\[4mexpress[24m\lib\router\route.js:149:13[
90m)[39m
    at Route.dispatch [90m(C:\Users\Zaid Hasan\OneDrive\Desktop\New ATS\Aandsz
-Forces-ATS-CS490\backend\[39mnode_modules\[4mexpress[24m\lib\router\route.j
s:119:3[90m)[39m
    at Layer.handle [as handle_request] [90m(C:\Users\Zaid 
Hasan\OneDrive\Desktop\New ATS\Aandsz-Forces-ATS-CS490\backend\[39mnode_module
s\[4mexpress[24m\lib\router\layer.js:95:5[90m)[39m
    at [90mC:\Users\Zaid Hasan\OneDrive\Desktop\New ATS\Aandsz-Forces-ATS-CS49
0\backend\[39mnode_modules\[4mexpress[24m\lib\router\index.js:284:15

[90mstdout[2m | tests/routes/match.vitest.js[2m > [22m[2mMatch Routes - Full Coverage[2m > [22m[2mPOST /api/match/analyze/:jobId[2m > [22m[2mshould handle database error during history save
[22m[39mRECEIVED IDS: [33m1[39m [33m1[39m

[90mstderr[2m | tests/routes/industryContacts.vitest.js[2m > 
[22m[2mIndustry Contacts Routes - Full Coverage[2m > [22m[2mDELETE 
/api/industry-contacts/event-participants/:id[2m > [22m[2mshould delete 
event participant
[22m[39mΓ¥î Error deleting event participant: 
supabase.from(...).delete(...).eq(...).eq(...).select is not a function

[90mstdout[2m | tests/routes/contacts.vitest.js[2m > [22m[2mContacts Routes - Full Coverage[2m > [22m[2mPOST /api/contacts[2m > [22m[2mshould return 500 on database error
[22m[39mCreating contact for user: [33m1[39m with data: { firstName: [32m'John'[39m, lastName: [32m'Doe'[39m, email: [90mundefined[39m }

[90mstderr[2m | tests/routes/offers.vitest.js[2m > [22m[2mOffers Routes - 
90%+ Coverage[2m > [22m[2mPOST /api/offers/:id/negotiate[2m > 
[22m[2mshould return 500 on database error
[22m[39mError recording negotiation: Error: Database error
    at C:/Users/Zaid Hasan/OneDrive/Desktop/New 
ATS/Aandsz-Forces-ATS-CS490/backend/tests/routes/offers.vitest.js:563:41
    at [90mfile:///C:/Users/Zaid%20Hasan/OneDrive/Desktop/New%20ATS/Aandsz-For
ces-ATS-CS490/backend/[39mnode_modules/[4m@vitest/runner[24m/dist/index.js:1
45:11
    at [90mfile:///C:/Users/Zaid%20Hasan/OneDrive/Desktop/New%20ATS/Aandsz-For
ces-ATS-CS490/backend/[39mnode_modules/[4m@vitest/runner[24m/dist/index.js:9
15:26
    at [90mfile:///C:/Users/Zaid%20Hasan/OneDrive/Desktop/New%20ATS/Aandsz-For
ces-ATS-CS490/backend/[39mnode_modules/[4m@vitest/runner[24m/dist/index.js:1
240:20
    at new Promise (<anonymous>)
    at runWithTimeout [90m(file:///C:/Users/Zaid%20Hasan/OneDrive/Desktop/New%
20ATS/Aandsz-Forces-ATS-CS490/backend/[39mnode_modules/[4m@vitest/runner[24m
/dist/index.js:1206:10[90m)[39m
    at [90mfile:///C:/Users/Zaid%20Hasan/OneDrive/Desktop/New%20ATS/Aandsz-For
ces-ATS-CS490/backend/[39mnode_modules/[4m@vitest/runner[24m/dist/index.js:1
650:37
    at Traces.$ [90m(file:///C:/Users/Zaid%20Hasan/OneDrive/Desktop/New%20ATS/
Aandsz-Forces-ATS-CS490/backend/[39mnode_modules/[4mvitest[24m/dist/chunks/t
races.U4xDYhzZ.js:115:27[90m)[39m
    at trace [90m(file:///C:/Users/Zaid%20Hasan/OneDrive/Desktop/New%20ATS/Aan
dsz-Forces-ATS-CS490/backend/[39mnode_modules/[4mvitest[24m/dist/chunks/test
.BT8LKgU9.js:239:21[90m)[39m
    at runTest [90m(file:///C:/Users/Zaid%20Hasan/OneDrive/Desktop/New%20ATS/A
andsz-Forces-ATS-CS490/backend/[39mnode_modules/[4m@vitest/runner[24m/dist/i
ndex.js:1650:12[90m)[39m

[90mstdout[2m | tests/routes/informationalInterviews.vitest.js[2m > [22m[2mInformational Interviews Routes - Full Coverage[2m > [22m[2mPOST /api/informational-interviews/preparation[2m > [22m[2mshould create preparation
[22m[39mPOST /preparation - userId: [33m1[39m body: { interview_id: [33m1[39m, questions: [] }

[90mstderr[2m | tests/routes/match.vitest.js[2m > [22m[2mMatch Routes - 
Full Coverage[2m > [22m[2mGET /api/match/history/:userId[2m > 
[22m[2mshould return 500 on database error
[22m[39mΓ¥î HISTORY ERROR: Error: Database error
    at C:/Users/Zaid Hasan/OneDrive/Desktop/New 
ATS/Aandsz-Forces-ATS-CS490/backend/tests/routes/match.vitest.js:343:41
    at [90mfile:///C:/Users/Zaid%20Hasan/OneDrive/Desktop/New%20ATS/Aandsz-For
ces-ATS-CS490/backend/[39mnode_modules/[4m@vitest/runner[24m/dist/index.js:1
45:11
    at [90mfile:///C:/Users/Zaid%20Hasan/OneDrive/Desktop/New%20ATS/Aandsz-For
ces-ATS-CS490/backend/[39mnode_modules/[4m@vitest/runner[24m/dist/index.js:9
15:26
    at [90mfile:///C:/Users/Zaid%20Hasan/OneDrive/Desktop/New%20ATS/Aandsz-For
ces-ATS-CS490/backend/[39mnode_modules/[4m@vitest/runner[24m/dist/index.js:1
240:20
    at new Promise (<anonymous>)
    at runWithTimeout [90m(file:///C:/Users/Zaid%20Hasan/OneDrive/Desktop/New%
20ATS/Aandsz-Forces-ATS-CS490/backend/[39mnode_modules/[4m@vitest/runner[24m
/dist/index.js:1206:10[90m)[39m
    at [90mfile:///C:/Users/Zaid%20Hasan/OneDrive/Desktop/New%20ATS/Aandsz-For
ces-ATS-CS490/backend/[39mnode_modules/[4m@vitest/runner[24m/dist/index.js:1
650:37
    at Traces.$ [90m(file:///C:/Users/Zaid%20Hasan/OneDrive/Desktop/New%20ATS/
Aandsz-Forces-ATS-CS490/backend/[39mnode_modules/[4mvitest[24m/dist/chunks/t
races.U4xDYhzZ.js:115:27[90m)[39m
    at trace [90m(file:///C:/Users/Zaid%20Hasan/OneDrive/Desktop/New%20ATS/Aan
dsz-Forces-ATS-CS490/backend/[39mnode_modules/[4mvitest[24m/dist/chunks/test
.BT8LKgU9.js:239:21[90m)[39m
    at runTest [90m(file:///C:/Users/Zaid%20Hasan/OneDrive/Desktop/New%20ATS/A
andsz-Forces-ATS-CS490/backend/[39mnode_modules/[4m@vitest/runner[24m/dist/i
ndex.js:1650:12[90m)[39m

[90mstderr[2m | tests/routes/cover_letter.vitest.js
[22m[39mΓÜá∩╕Å mammoth not available - DOCX to PDF conversion disabled

[90mstderr[2m | tests/routes/contacts.vitest.js[2m > [22m[2mContacts 
Routes - Full Coverage[2m > [22m[2mPOST /api/contacts[2m > [22m[2mshould 
return 500 on database error
[22m[39mΓ¥î Error creating contact: Database error
Full error: Error: Database error
    at C:/Users/Zaid Hasan/OneDrive/Desktop/New 
ATS/Aandsz-Forces-ATS-CS490/backend/tests/routes/contacts.vitest.js:253:41
    at [90mfile:///C:/Users/Zaid%20Hasan/OneDrive/Desktop/New%20ATS/Aandsz-For
ces-ATS-CS490/backend/[39mnode_modules/[4m@vitest/runner[24m/dist/index.js:1
45:11
    at [90mfile:///C:/Users/Zaid%20Hasan/OneDrive/Desktop/New%20ATS/Aandsz-For
ces-ATS-CS490/backend/[39mnode_modules/[4m@vitest/runner[24m/dist/index.js:9
15:26
    at [90mfile:///C:/Users/Zaid%20Hasan/OneDrive/Desktop/New%20ATS/Aandsz-For
ces-ATS-CS490/backend/[39mnode_modules/[4m@vitest/runner[24m/dist/index.js:1
240:20
    at new Promise (<anonymous>)
    at runWithTimeout [90m(file:///C:/Users/Zaid%20Hasan/OneDrive/Desktop/New%
20ATS/Aandsz-Forces-ATS-CS490/backend/[39mnode_modules/[4m@vitest/runner[24m
/dist/index.js:1206:10[90m)[39m
    at [90mfile:///C:/Users/Zaid%20Hasan/OneDrive/Desktop/New%20ATS/Aandsz-For
ces-ATS-CS490/backend/[39mnode_modules/[4m@vitest/runner[24m/dist/index.js:1
650:37
    at Traces.$ [90m(file:///C:/Users/Zaid%20Hasan/OneDrive/Desktop/New%20ATS/
Aandsz-Forces-ATS-CS490/backend/[39mnode_modules/[4mvitest[24m/dist/chunks/t
races.U4xDYhzZ.js:115:27[90m)[39m
    at trace [90m(file:///C:/Users/Zaid%20Hasan/OneDrive/Desktop/New%20ATS/Aan
dsz-Forces-ATS-CS490/backend/[39mnode_modules/[4mvitest[24m/dist/chunks/test
.BT8LKgU9.js:239:21[90m)[39m
    at runTest [90m(file:///C:/Users/Zaid%20Hasan/OneDrive/Desktop/New%20ATS/A
andsz-Forces-ATS-CS490/backend/[39mnode_modules/[4m@vitest/runner[24m/dist/i
ndex.js:1650:12[90m)[39m

[90mstdout[2m | tests/routes/offers.vitest.js[2m > [22m[2mOffers Routes - 90%+ Coverage[2m > [22m[2mPOST /api/offers/:id/accept[2m > [22m[2mshould accept offer and create compensation history
[22m[39m≡ƒô¥ Accepting offer 1 for user 1

[90mstdout[2m | tests/routes/informationalInterviews.vitest.js[2m > [22m[2mInformational Interviews Routes - Full Coverage[2m > [22m[2mPOST /api/informational-interviews/preparation[2m > [22m[2mshould create preparation
[22m[39mPreparation saved: [ { id: [33m1[39m, interview_id: [33m1[39m, questions: [] } ]

[90mstderr[2m | tests/routes/industryContacts.vitest.js[2m > 
[22m[2mIndustry Contacts Routes - Full Coverage[2m > [22m[2mPOST 
/api/industry-contacts/generate-periodic-reminders[2m > [22m[2mshould 
generate periodic reminders
[90mstdout[2m | tests/routes/offers.vitest.js[2m > [22m[2mOffers Routes - 90%+ Coverage[2m > [22m[2mPOST /api/offers/:id/accept[2m > [22m[2mshould accept offer and create compensation history
[22m[39mΓ£à Compensation history created for offer 1
[22m[39mΓ¥î Error generating periodic reminders: 
supabase.from(...).select(...).eq(...).eq(...).lte is not a function


[90mstdout[2m | tests/routes/informationalInterviews.vitest.js[2m > [22m[2mInformational Interviews Routes - Full Coverage[2m > [22m[2mPUT /api/informational-interviews/preparation/:id[2m > [22m[2mshould update preparation
[22m[39mPUT /preparation/:id - id: 1 body: { questions: [ [32m'Q1'[39m ] }

[90mstderr[2m | tests/routes/industryContacts.vitest.js[2m > 
[22m[2mIndustry Contacts Routes - Full Coverage[2m > [22m[2mGET 
/api/industry-contacts/all-outreach[2m > [22m[2mshould return all outreach
[22m[39mΓ¥î Error fetching all outreach: 
supabase.from(...).select(...).eq(...).neq is not a function

[90mstderr[2m | tests/routes/contacts.vitest.js[2m > [22m[2mContacts 
Routes - Full Coverage[2m > [22m[2mPUT /api/contacts/:id[2m > 
[22m[2mshould return 500 on database error
[22m[39mError: Database error
    at C:/Users/Zaid Hasan/OneDrive/Desktop/New 
ATS/Aandsz-Forces-ATS-CS490/backend/tests/routes/contacts.vitest.js:311:41
    at [90mfile:///C:/Users/Zaid%20Hasan/OneDrive/Desktop/New%20ATS/Aandsz-For
ces-ATS-CS490/backend/[39mnode_modules/[4m@vitest/runner[24m/dist/index.js:1
45:11
    at [90mfile:///C:/Users/Zaid%20Hasan/OneDrive/Desktop/New%20ATS/Aandsz-For
ces-ATS-CS490/backend/[39mnode_modules/[4m@vitest/runner[24m/dist/index.js:9
15:26
    at [90mfile:///C:/Users/Zaid%20Hasan/OneDrive/Desktop/New%20ATS/Aandsz-For
ces-ATS-CS490/backend/[39mnode_modules/[4m@vitest/runner[24m/dist/index.js:1
240:20
    at new Promise (<anonymous>)
    at runWithTimeout [90m(file:///C:/Users/Zaid%20Hasan/OneDrive/Desktop/New%
20ATS/Aandsz-Forces-ATS-CS490/backend/[39mnode_modules/[4m@vitest/runner[24m
/dist/index.js:1206:10[90m)[39m
    at [90mfile:///C:/Users/Zaid%20Hasan/OneDrive/Desktop/New%20ATS/Aandsz-For
ces-ATS-CS490/backend/[39mnode_modules/[4m@vitest/runner[24m/dist/index.js:1
650:37
    at Traces.$ [90m(file:///C:/Users/Zaid%20Hasan/OneDrive/Desktop/New%20ATS/
Aandsz-Forces-ATS-CS490/backend/[39mnode_modules/[4mvitest[24m/dist/chunks/t
races.U4xDYhzZ.js:115:27[90m)[39m
    at trace [90m(file:///C:/Users/Zaid%20Hasan/OneDrive/Desktop/New%20ATS/Aan
dsz-Forces-ATS-CS490/backend/[39mnode_modules/[4mvitest[24m/dist/chunks/test
.BT8LKgU9.js:239:21[90m)[39m
    at runTest [90m(file:///C:/Users/Zaid%20Hasan/OneDrive/Desktop/New%20ATS/A
andsz-Forces-ATS-CS490/backend/[39mnode_modules/[4m@vitest/runner[24m/dist/i
ndex.js:1650:12[90m)[39m

[90mstdout[2m | tests/routes/offers.vitest.js[2m > [22m[2mOffers Routes - 90%+ Coverage[2m > [22m[2mPOST /api/offers/:id/accept[2m > [22m[2mshould handle already accepted offer with existing comp history
[22m[39m≡ƒô¥ Accepting offer 1 for user 1

[90mstdout[2m | tests/routes/informationalInterviews.vitest.js[2m > [22m[2mInformational Interviews Routes - Full Coverage[2m > [22m[2mPUT /api/informational-interviews/preparation/:id[2m > [22m[2mshould update preparation
[22m[39mPreparation updated: [ { id: [33m1[39m, interview_id: [33m1[39m, questions: [ [32m'Q1'[39m ] } ]

 [31mΓ¥»[39m tests/routes/match.vitest.js [2m([22m[2m7 tests[22m[2m | [22m[31m1 failed[39m[2m)[22m[32m 177[2mms[22m[39m
       [32mΓ£ô[39m should analyze job match[32m 95[2mms[22m[39m
[31m       [31m├ù[31m should return 404 if job not found[39m[32m 34[2mms[22m[39m
       [32mΓ£ô[39m should handle missing weights[32m 7[2mms[22m[39m
       [32mΓ£ô[39m should handle AI JSON parsing errors[32m 10[2mms[22m[39m
       [32mΓ£ô[39m should handle database error during history save[32m 8[2mms[22m[39m
       [32mΓ£ô[39m should return match history[32m 9[2mms[22m[39m
       [32mΓ£ô[39m should return 500 on database error[32m 8[2mms[22m[39m
[90mstderr[2m | tests/routes/contacts.vitest.js[2m > [22m[2mContacts 
Routes - Full Coverage[2m > [22m[2mDELETE /api/contacts/:id[2m > 
[22m[2mshould return 500 on database error
[22m[39mError: Database error
    at C:/Users/Zaid Hasan/OneDrive/Desktop/New 
ATS/Aandsz-Forces-ATS-CS490/backend/tests/routes/contacts.vitest.js:359:41
    at [90mfile:///C:/Users/Zaid%20Hasan/OneDrive/Desktop/New%20ATS/Aandsz-For
ces-ATS-CS490/backend/[39mnode_modules/[4m@vitest/runner[24m/dist/index.js:1
45:11
    at [90mfile:///C:/Users/Zaid%20Hasan/OneDrive/Desktop/New%20ATS/Aandsz-For
ces-ATS-CS490/backend/[39mnode_modules/[4m@vitest/runner[24m/dist/index.js:9
15:26
    at [90mfile:///C:/Users/Zaid%20Hasan/OneDrive/Desktop/New%20ATS/Aandsz-For
ces-ATS-CS490/backend/[39mnode_modules/[4m@vitest/runner[24m/dist/index.js:1
240:20
    at new Promise (<anonymous>)
    at runWithTimeout [90m(file:///C:/Users/Zaid%20Hasan/OneDrive/Desktop/New%
20ATS/Aandsz-Forces-ATS-CS490/backend/[39mnode_modules/[4m@vitest/runner[24m
/dist/index.js:1206:10[90m)[39m
    at [90mfile:///C:/Users/Zaid%20Hasan/OneDrive/Desktop/New%20ATS/Aandsz-For
ces-ATS-CS490/backend/[39mnode_modules/[4m@vitest/runner[24m/dist/index.js:1
650:37
    at Traces.$ [90m(file:///C:/Users/Zaid%20Hasan/OneDrive/Desktop/New%20ATS/
Aandsz-Forces-ATS-CS490/backend/[39mnode_modules/[4mvitest[24m/dist/chunks/t
races.U4xDYhzZ.js:115:27[90m)[39m
    at trace [90m(file:///C:/Users/Zaid%20Hasan/OneDrive/Desktop/New%20ATS/Aan
dsz-Forces-ATS-CS490/backend/[39mnode_modules/[4mvitest[24m/dist/chunks/test
.BT8LKgU9.js:239:21[90m)[39m
    at runTest [90m(file:///C:/Users/Zaid%20Hasan/OneDrive/Desktop/New%20ATS/A
andsz-Forces-ATS-CS490/backend/[39mnode_modules/[4m@vitest/runner[24m/dist/i
ndex.js:1650:12[90m)[39m

[90mstdout[2m | tests/routes/offers.vitest.js[2m > [22m[2mOffers Routes - 90%+ Coverage[2m > [22m[2mPOST /api/offers/:id/accept[2m > [22m[2mshould warn about multiple active offers
[22m[39m≡ƒô¥ Accepting offer 1 for user 1

[90mstderr[2m | tests/routes/informationalInterviews.vitest.js[2m > 
[22m[2mInformational Interviews Routes - Full Coverage[2m > [22m[2mGET 
/api/informational-interviews/insights/:interviewId[2m > [22m[2mshould 
return insights for interview
[22m[39mError fetching insights: TypeError: 
supabase.from(...).select(...).eq(...).eq is not a function
    at C:/Users/Zaid Hasan/OneDrive/Desktop/New 
ATS/Aandsz-Forces-ATS-CS490/backend/routes/informationalInterviews.js:518:8
    at Layer.handle [as handle_request] [90m(C:\Users\Zaid 
Hasan\OneDrive\Desktop\New ATS\Aandsz-Forces-ATS-CS490\backend\[39mnode_module
s\[4mexpress[24m\lib\router\layer.js:95:5[90m)[39m
    at next [90m(C:\Users\Zaid Hasan\OneDrive\Desktop\New ATS\Aandsz-Forces-AT
S-CS490\backend\[39mnode_modules\[4mexpress[24m\lib\router\route.js:149:13[
90m)[39m
    at C:/Users/Zaid Hasan/OneDrive/Desktop/New ATS/Aandsz-Forces-ATS-CS490/bac
kend/tests/routes/informationalInterviews.vitest.js:100:5
    at Mock [90m(file:///C:/Users/Zaid%20Hasan/OneDrive/Desktop/New%20ATS/Aand
sz-Forces-ATS-CS490/backend/[39mnode_modules/[4m@vitest/spy[24m/dist/index.j
s:285:34[90m)[39m
    at Layer.handle [as handle_request] [90m(C:\Users\Zaid 
Hasan\OneDrive\Desktop\New ATS\Aandsz-Forces-ATS-CS490\backend\[39mnode_module
s\[4mexpress[24m\lib\router\layer.js:95:5[90m)[39m
    at next [90m(C:\Users\Zaid Hasan\OneDrive\Desktop\New ATS\Aandsz-Forces-AT
S-CS490\backend\[39mnode_modules\[4mexpress[24m\lib\router\route.js:149:13[
90m)[39m
    at Route.dispatch [90m(C:\Users\Zaid Hasan\OneDrive\Desktop\New ATS\Aandsz
-Forces-ATS-CS490\backend\[39mnode_modules\[4mexpress[24m\lib\router\route.j
s:119:3[90m)[39m
    at Layer.handle [as handle_request] [90m(C:\Users\Zaid 
Hasan\OneDrive\Desktop\New ATS\Aandsz-Forces-ATS-CS490\backend\[39mnode_module
s\[4mexpress[24m\lib\router\layer.js:95:5[90m)[39m
    at [90mC:\Users\Zaid Hasan\OneDrive\Desktop\New ATS\Aandsz-Forces-ATS-CS49
0\backend\[39mnode_modules\[4mexpress[24m\lib\router\index.js:284:15

[90mstdout[2m | tests/routes/cover_letter.vitest.js[2m > [22m[2mCover Letter Routes - Full Coverage[2m > [22m[2mGET /api/cover-letters[2m > [22m[2mshould return user cover letters and templates
[22m[39mΓ£à Found 1 user cover letters
Γ£à Found 1 global templates

[90mstdout[2m | tests/routes/job.vitest.js[2m > [22m[2mJob Routes - Full Coverage[2m > [22m[2mPOST /api/jobs[2m > [22m[2mshould create job with all fields
[22m[39m≡ƒöì Original resume_id from request: [90mundefined[39m ΓåÆ Parsed: [1mnull[22m
≡ƒöì Final cover_letter_id value: [1mnull[22m
≡ƒöì Type of finalCoverLetterId: object

[90mstderr[2m | tests/routes/contacts.vitest.js[2m > [22m[2mContacts 
Routes - Full Coverage[2m > [22m[2mPOST /api/contact-groups[2m > 
[22m[2mshould handle duplicate group name
[22m[39mError: Duplicate group
    at C:/Users/Zaid Hasan/OneDrive/Desktop/New 
ATS/Aandsz-Forces-ATS-CS490/backend/tests/routes/contacts.vitest.js:498:30
    at [90mfile:///C:/Users/Zaid%20Hasan/OneDrive/Desktop/New%20ATS/Aandsz-For
ces-ATS-CS490/backend/[39mnode_modules/[4m@vitest/runner[24m/dist/index.js:1
45:11
    at [90mfile:///C:/Users/Zaid%20Hasan/OneDrive/Desktop/New%20ATS/Aandsz-For
ces-ATS-CS490/backend/[39mnode_modules/[4m@vitest/runner[24m/dist/index.js:9
15:26
    at [90mfile:///C:/Users/Zaid%20Hasan/OneDrive/Desktop/New%20ATS/Aandsz-For
ces-ATS-CS490/backend/[39mnode_modules/[4m@vitest/runner[24m/dist/index.js:1
240:20
    at new Promise (<anonymous>)
    at runWithTimeout [90m(file:///C:/Users/Zaid%20Hasan/OneDrive/Desktop/New%
20ATS/Aandsz-Forces-ATS-CS490/backend/[39mnode_modules/[4m@vitest/runner[24m
/dist/index.js:1206:10[90m)[39m
    at [90mfile:///C:/Users/Zaid%20Hasan/OneDrive/Desktop/New%20ATS/Aandsz-For
ces-ATS-CS490/backend/[39mnode_modules/[4m@vitest/runner[24m/dist/index.js:1
650:37
    at Traces.$ [90m(file:///C:/Users/Zaid%20Hasan/OneDrive/Desktop/New%20ATS/
Aandsz-Forces-ATS-CS490/backend/[39mnode_modules/[4mvitest[24m/dist/chunks/t
races.U4xDYhzZ.js:115:27[90m)[39m
    at trace [90m(file:///C:/Users/Zaid%20Hasan/OneDrive/Desktop/New%20ATS/Aan
dsz-Forces-ATS-CS490/backend/[39mnode_modules/[4mvitest[24m/dist/chunks/test
.BT8LKgU9.js:239:21[90m)[39m
    at runTest [90m(file:///C:/Users/Zaid%20Hasan/OneDrive/Desktop/New%20ATS/A
andsz-Forces-ATS-CS490/backend/[39mnode_modules/[4m@vitest/runner[24m/dist/i
ndex.js:1650:12[90m)[39m {
  code: [32m'23505'[39m
}

[90mstdout[2m | tests/routes/offers.vitest.js[2m > [22m[2mOffers Routes - 90%+ Coverage[2m > [22m[2mPOST /api/offers/:id/accept[2m > [22m[2mshould warn about multiple active offers
[22m[39mΓ£à Compensation history created for offer 1

[90mstderr[2m | tests/routes/informationalInterviews.vitest.js[2m > 
[22m[2mInformational Interviews Routes - Full Coverage[2m > [22m[2mDELETE 
/api/informational-interviews/insights/:id[2m > [22m[2mshould delete insight
[22m[39mError deleting insight: TypeError: 
supabase.from(...).delete(...).eq(...).eq(...).select is not a function
    at C:/Users/Zaid Hasan/OneDrive/Desktop/New 
ATS/Aandsz-Forces-ATS-CS490/backend/routes/informationalInterviews.js:610:8
    at Layer.handle [as handle_request] [90m(C:\Users\Zaid 
Hasan\OneDrive\Desktop\New ATS\Aandsz-Forces-ATS-CS490\backend\[39mnode_module
s\[4mexpress[24m\lib\router\layer.js:95:5[90m)[39m
    at next [90m(C:\Users\Zaid Hasan\OneDrive\Desktop\New ATS\Aandsz-Forces-AT
S-CS490\backend\[39mnode_modules\[4mexpress[24m\lib\router\route.js:149:13[
90m)[39m
    at C:/Users/Zaid Hasan/OneDrive/Desktop/New ATS/Aandsz-Forces-ATS-CS490/bac
kend/tests/routes/informationalInterviews.vitest.js:100:5
    at Mock [90m(file:///C:/Users/Zaid%20Hasan/OneDrive/Desktop/New%20ATS/Aand
sz-Forces-ATS-CS490/backend/[39mnode_modules/[4m@vitest/spy[24m/dist/index.j
s:285:34[90m)[39m
    at Layer.handle [as handle_request] [90m(C:\Users\Zaid 
Hasan\OneDrive\Desktop\New ATS\Aandsz-Forces-ATS-CS490\backend\[39mnode_module
s\[4mexpress[24m\lib\router\layer.js:95:5[90m)[39m
    at next [90m(C:\Users\Zaid Hasan\OneDrive\Desktop\New ATS\Aandsz-Forces-AT
S-CS490\backend\[39mnode_modules\[4mexpress[24m\lib\router\route.js:149:13[
90m)[39m
    at Route.dispatch [90m(C:\Users\Zaid Hasan\OneDrive\Desktop\New ATS\Aandsz
-Forces-ATS-CS490\backend\[39mnode_modules\[4mexpress[24m\lib\router\route.j
s:119:3[90m)[39m
    at Layer.handle [as handle_request] [90m(C:\Users\Zaid 
Hasan\OneDrive\Desktop\New ATS\Aandsz-Forces-ATS-CS490\backend\[39mnode_module
s\[4mexpress[24m\lib\router\layer.js:95:5[90m)[39m
    at [90mC:\Users\Zaid Hasan\OneDrive\Desktop\New ATS\Aandsz-Forces-ATS-CS49
0\backend\[39mnode_modules\[4mexpress[24m\lib\router\index.js:284:15

 [31mΓ¥»[39m tests/routes/industryContacts.vitest.js [2m([22m[2m50 tests[22m[2m | [22m[31m10 failed[39m[2m)[22m[33m 611[2mms[22m[39m
       [32mΓ£ô[39m should return contact suggestions by company[32m 47[2mms[22m[39m
       [32mΓ£ô[39m should return empty array if no company[32m 12[2mms[22m[39m
       [32mΓ£ô[39m should return suggestions[32m 10[2mms[22m[39m
       [32mΓ£ô[39m should filter by company[32m 8[2mms[22m[39m
       [32mΓ£ô[39m should filter by role[32m 8[2mms[22m[39m
       [32mΓ£ô[39m should create suggestion[32m 28[2mms[22m[39m
       [32mΓ£ô[39m should return 400 for missing required fields[32m 9[2mms[22m[39m
       [32mΓ£ô[39m should return analytics[32m 9[2mms[22m[39m
[31m       [31m├ù[31m should return companies[39m[32m 88[2mms[22m[39m
       [32mΓ£ô[39m should update suggestion action[32m 11[2mms[22m[39m
       [32mΓ£ô[39m should return connection paths[32m 15[2mms[22m[39m
       [32mΓ£ô[39m should filter by degree[32m 8[2mms[22m[39m
       [32mΓ£ô[39m should create connection path[32m 8[2mms[22m[39m
       [32mΓ£ô[39m should return 400 for missing required fields[32m 10[2mms[22m[39m
       [32mΓ£ô[39m should mark introduction as sent[32m 13[2mms[22m[39m
[31m       [31m├ù[31m should update connection path[39m[32m 9[2mms[22m[39m
       [32mΓ£ô[39m should delete connection path[32m 7[2mms[22m[39m
       [32mΓ£ô[39m should return industry leaders[32m 8[2mms[22m[39m
       [32mΓ£ô[39m should filter by industry[32m 6[2mms[22m[39m
       [32mΓ£ô[39m should create industry leader[32m 7[2mms[22m[39m
       [32mΓ£ô[39m should return 400 for missing required fields[32m 10[2mms[22m[39m
       [32mΓ£ô[39m should return alumni[32m 10[2mms[22m[39m
       [32mΓ£ô[39m should filter by institution[32m 7[2mms[22m[39m
       [32mΓ£ô[39m should create alumni contact[32m 10[2mms[22m[39m
       [32mΓ£ô[39m should return 400 for missing required fields[32m 9[2mms[22m[39m
       [32mΓ£ô[39m should return event participants[32m 13[2mms[22m[39m
       [32mΓ£ô[39m should create event participant[32m 11[2mms[22m[39m
       [32mΓ£ô[39m should return 400 for missing required fields[32m 19[2mms[22m[39m
       [32mΓ£ô[39m should update suggestion[32m 18[2mms[22m[39m
[31m       [31m├ù[31m should delete suggestion[39m[32m 10[2mms[22m[39m
       [32mΓ£ô[39m should update alumni[32m 15[2mms[22m[39m
[31m       [31m├ù[31m should delete alumni[39m[32m 8[2mms[22m[39m
       [32mΓ£ô[39m should update event participant[32m 8[2mms[22m[39m
[31m       [31m├ù[31m should delete event participant[39m[32m 8[2mms[22m[39m
       [32mΓ£ô[39m should update outreach for suggestion[32m 8[2mms[22m[39m
       [32mΓ£ô[39m should update outreach for alumni[32m 7[2mms[22m[39m
[31m       [31m├ù[31m should update outreach for event participant[39m[32m 7[2mms[22m[39m
       [32mΓ£ô[39m should return 400 for invalid type[32m 7[2mms[22m[39m
[31m       [31m├ù[31m should create reminder[39m[32m 8[2mms[22m[39m
       [32mΓ£ô[39m should return 400 for missing required fields[32m 10[2mms[22m[39m
       [32mΓ£ô[39m should return reminders[32m 11[2mms[22m[39m
       [32mΓ£ô[39m should delete reminder[32m 6[2mms[22m[39m
[31m       [31m├ù[31m should create recurring check-in[39m[32m 7[2mms[22m[39m
       [32mΓ£ô[39m should return 400 for missing required fields[32m 6[2mms[22m[39m
       [32mΓ£ô[39m should return recurring check-ins[32m 6[2mms[22m[39m
[31m       [31m├ù[31m should generate periodic reminders[39m[32m 7[2mms[22m[39m
       [32mΓ£ô[39m should delete recurring check-in[32m 6[2mms[22m[39m
       [32mΓ£ô[39m should seed demo data[32m 9[2mms[22m[39m
[31m       [31m├ù[31m should return all outreach[39m[32m 9[2mms[22m[39m
       [32mΓ£ô[39m should handle missing authentication[32m 7[2mms[22m[39m
[90mstderr[2m | tests/routes/cover_letter.vitest.js[2m > [22m[2mCover 
Letter Routes - Full Coverage[2m > [22m[2mGET /api/cover-letters[2m > 
[22m[2mshould handle missing title column
[22m[39muploaded_cover_letters table query failed: Column does not exist

[90mstdout[2m | tests/routes/job.vitest.js[2m > [22m[2mJob Routes - Full Coverage[2m > [22m[2mPOST /api/jobs[2m > [22m[2mshould create job with all fields
[22m[39mΓ£à Stored materials for job 1: resume_id=null, cover_letter_id=null

[90mstderr[2m | tests/routes/contacts.vitest.js[2m > [22m[2mContacts 
Routes - Full Coverage[2m > [22m[2mPOST 
/api/contact-groups/:groupId/contacts/:contactId[2m > [22m[2mshould handle 
duplicate contact in group
[22m[39mError: Duplicate
    at C:/Users/Zaid Hasan/OneDrive/Desktop/New 
ATS/Aandsz-Forces-ATS-CS490/backend/tests/routes/contacts.vitest.js:541:30
    at [90mfile:///C:/Users/Zaid%20Hasan/OneDrive/Desktop/New%20ATS/Aandsz-For
ces-ATS-CS490/backend/[39mnode_modules/[4m@vitest/runner[24m/dist/index.js:1
45:11
    at [90mfile:///C:/Users/Zaid%20Hasan/OneDrive/Desktop/New%20ATS/Aandsz-For
ces-ATS-CS490/backend/[39mnode_modules/[4m@vitest/runner[24m/dist/index.js:9
15:26
    at [90mfile:///C:/Users/Zaid%20Hasan/OneDrive/Desktop/New%20ATS/Aandsz-For
ces-ATS-CS490/backend/[39mnode_modules/[4m@vitest/runner[24m/dist/index.js:1
240:20
    at new Promise (<anonymous>)
    at runWithTimeout [90m(file:///C:/Users/Zaid%20Hasan/OneDrive/Desktop/New%
20ATS/Aandsz-Forces-ATS-CS490/backend/[39mnode_modules/[4m@vitest/runner[24m
/dist/index.js:1206:10[90m)[39m
    at [90mfile:///C:/Users/Zaid%20Hasan/OneDrive/Desktop/New%20ATS/Aandsz-For
ces-ATS-CS490/backend/[39mnode_modules/[4m@vitest/runner[24m/dist/index.js:1
650:37
    at Traces.$ [90m(file:///C:/Users/Zaid%20Hasan/OneDrive/Desktop/New%20ATS/
Aandsz-Forces-ATS-CS490/backend/[39mnode_modules/[4mvitest[24m/dist/chunks/t
races.U4xDYhzZ.js:115:27[90m)[39m
    at trace [90m(file:///C:/Users/Zaid%20Hasan/OneDrive/Desktop/New%20ATS/Aan
dsz-Forces-ATS-CS490/backend/[39mnode_modules/[4mvitest[24m/dist/chunks/test
.BT8LKgU9.js:239:21[90m)[39m
    at runTest [90m(file:///C:/Users/Zaid%20Hasan/OneDrive/Desktop/New%20ATS/A
andsz-Forces-ATS-CS490/backend/[39mnode_modules/[4m@vitest/runner[24m/dist/i
ndex.js:1650:12[90m)[39m {
  code: [32m'23505'[39m
}

[90mstdout[2m | tests/routes/offers.vitest.js[2m > [22m[2mOffers Routes - 90%+ Coverage[2m > [22m[2mPOST /api/offers/:id/accept[2m > [22m[2mshould return 404 when offer not found
[22m[39m≡ƒô¥ Accepting offer 999 for user 1

[90mstderr[2m | tests/routes/informationalInterviews.vitest.js[2m > 
[22m[2mInformational Interviews Routes - Full Coverage[2m > [22m[2mError 
handling[2m > [22m[2mshould handle database errors
[22m[39mError fetching candidates: { message: [32m'Database error'[39m }

[90mstdout[2m | tests/routes/cover_letter.vitest.js[2m > [22m[2mCover Letter Routes - Full Coverage[2m > [22m[2mGET /api/cover-letters[2m > [22m[2mshould handle missing title column
[22m[39mΓ£à Found 0 user cover letters
Γ£à Found 1 global templates

[90mstdout[2m | tests/routes/job.vitest.js[2m > [22m[2mJob Routes - Full Coverage[2m > [22m[2mPOST /api/jobs[2m > [22m[2mshould handle dateApplied alias for applicationDate
[22m[39m≡ƒöì Original resume_id from request: [90mundefined[39m ΓåÆ Parsed: [1mnull[22m
≡ƒöì Final cover_letter_id value: [1mnull[22m
≡ƒöì Type of finalCoverLetterId: object

[90mstderr[2m | tests/routes/offers.vitest.js[2m > [22m[2mOffers Routes - 
90%+ Coverage[2m > [22m[2mPOST /api/offers/:id/accept[2m > [22m[2mshould 
return 404 when offer not found
[22m[39mΓ¥î Offer 999 not found for user 1

[90mstderr[2m | tests/routes/cover_letter.vitest.js[2m > [22m[2mCover 
Letter Routes - Full Coverage[2m > [22m[2mGET /api/cover-letters[2m > 
[22m[2mshould handle table not existing (42P01)
[22m[39muploaded_cover_letters table query failed: Table does not exist

[90mstdout[2m | tests/routes/job.vitest.js[2m > [22m[2mJob Routes - Full Coverage[2m > [22m[2mPOST /api/jobs[2m > [22m[2mshould handle dateApplied alias for applicationDate
[22m[39mΓ£à Stored materials for job 1: resume_id=null, cover_letter_id=null

[90mstdout[2m | tests/routes/offers.vitest.js[2m > [22m[2mOffers Routes - 90%+ Coverage[2m > [22m[2mPOST /api/offers/:id/accept[2m > [22m[2mshould return 500 on database error
[22m[39m≡ƒô¥ Accepting offer 1 for user 1

[90mstdout[2m | tests/routes/cover_letter.vitest.js[2m > [22m[2mCover Letter Routes - Full Coverage[2m > [22m[2mGET /api/cover-letters[2m > [22m[2mshould handle table not existing (42P01)
[22m[39mΓ£à Found 0 user cover letters

[90mstdout[2m | tests/routes/job.vitest.js[2m > [22m[2mJob Routes - Full Coverage[2m > [22m[2mPOST /api/jobs[2m > [22m[2mshould clean salary values
[22m[39m≡ƒöì Original resume_id from request: [90mundefined[39m ΓåÆ Parsed: [1mnull[22m
≡ƒöì Final cover_letter_id value: [1mnull[22m
≡ƒöì Type of finalCoverLetterId: object

[90mstderr[2m | tests/routes/offers.vitest.js[2m > [22m[2mOffers Routes - 
90%+ Coverage[2m > [22m[2mPOST /api/offers/:id/accept[2m > [22m[2mshould 
return 500 on database error
[22m[39mΓ¥î Error accepting offer: Error: Database error
    at C:/Users/Zaid Hasan/OneDrive/Desktop/New 
ATS/Aandsz-Forces-ATS-CS490/backend/tests/routes/offers.vitest.js:652:41
    at [90mfile:///C:/Users/Zaid%20Hasan/OneDrive/Desktop/New%20ATS/Aandsz-For
ces-ATS-CS490/backend/[39mnode_modules/[4m@vitest/runner[24m/dist/index.js:1
45:11
    at [90mfile:///C:/Users/Zaid%20Hasan/OneDrive/Desktop/New%20ATS/Aandsz-For
ces-ATS-CS490/backend/[39mnode_modules/[4m@vitest/runner[24m/dist/index.js:9
15:26
    at [90mfile:///C:/Users/Zaid%20Hasan/OneDrive/Desktop/New%20ATS/Aandsz-For
ces-ATS-CS490/backend/[39mnode_modules/[4m@vitest/runner[24m/dist/index.js:1
240:20
    at new Promise (<anonymous>)
    at runWithTimeout [90m(file:///C:/Users/Zaid%20Hasan/OneDrive/Desktop/New%
20ATS/Aandsz-Forces-ATS-CS490/backend/[39mnode_modules/[4m@vitest/runner[24m
/dist/index.js:1206:10[90m)[39m
    at [90mfile:///C:/Users/Zaid%20Hasan/OneDrive/Desktop/New%20ATS/Aandsz-For
ces-ATS-CS490/backend/[39mnode_modules/[4m@vitest/runner[24m/dist/index.js:1
650:37
    at Traces.$ [90m(file:///C:/Users/Zaid%20Hasan/OneDrive/Desktop/New%20ATS/
Aandsz-Forces-ATS-CS490/backend/[39mnode_modules/[4mvitest[24m/dist/chunks/t
races.U4xDYhzZ.js:115:27[90m)[39m
    at trace [90m(file:///C:/Users/Zaid%20Hasan/OneDrive/Desktop/New%20ATS/Aan
dsz-Forces-ATS-CS490/backend/[39mnode_modules/[4mvitest[24m/dist/chunks/test
.BT8LKgU9.js:239:21[90m)[39m
    at runTest [90m(file:///C:/Users/Zaid%20Hasan/OneDrive/Desktop/New%20ATS/A
andsz-Forces-ATS-CS490/backend/[39mnode_modules/[4m@vitest/runner[24m/dist/i
ndex.js:1650:12[90m)[39m
Error details: {
  message: [32m'Database error'[39m,
  code: [90mundefined[39m,
  detail: [90mundefined[39m,
  stack: [32m'Error: Database error\n'[39m +
    [32m'    at C:/Users/Zaid Hasan/OneDrive/Desktop/New ATS/Aandsz-Forces-ATS
-CS490/backend/tests/routes/offers.vitest.js:652:41\n'[39m +
    [32m'    at file:///C:/Users/Zaid%20Hasan/OneDrive/Desktop/New%20ATS/Aands
z-Forces-ATS-CS490/backend/node_modules/@vitest/runner/dist/index.js:145:11\n'
[39m +
    [32m'    at file:///C:/Users/Zaid%20Hasan/OneDrive/Desktop/New%20ATS/Aands
z-Forces-ATS-CS490/backend/node_modules/@vitest/runner/dist/index.js:915:26\n'
[39m +
    [32m'    at file:///C:/Users/Zaid%20Hasan/OneDrive/Desktop/New%20ATS/Aands
z-Forces-ATS-CS490/backend/node_modules/@vitest/runner/dist/index.js:1240:20\n'
[39m +
    [32m'    at new Promise (<anonymous>)\n'[39m +
    [32m'    at runWithTimeout (file:///C:/Users/Zaid%20Hasan/OneDrive/Desktop
/New%20ATS/Aandsz-Forces-ATS-CS490/backend/node_modules/@vitest/runner/dist/ind
ex.js:1206:10)\n'[39m +
    [32m'    at file:///C:/Users/Zaid%20Hasan/OneDrive/Desktop/New%20ATS/Aands
z-Forces-ATS-CS490/backend/node_modules/@vitest/runner/dist/index.js:1650:37\n'
[39m +
    [32m'    at Traces.$ (file:///C:/Users/Zaid%20Hasan/OneDrive/Desktop/New%2
0ATS/Aandsz-Forces-ATS-CS490/backend/node_modules/vitest/dist/chunks/traces.U4x
DYhzZ.js:115:27)\n'[39m +
    [32m'    at trace (file:///C:/Users/Zaid%20Hasan/OneDrive/Desktop/New%20AT
S/Aandsz-Forces-ATS-CS490/backend/node_modules/vitest/dist/chunks/test.BT8LKgU9
.js:239:21)\n'[39m +
    [32m'    at runTest (file:///C:/Users/Zaid%20Hasan/OneDrive/Desktop/New%20
ATS/Aandsz-Forces-ATS-CS490/backend/node_modules/@vitest/runner/dist/index.js:1
650:12)'[39m
}

 [31mΓ¥»[39m tests/routes/informationalInterviews.vitest.js [2m([22m[2m27 tests[22m[2m | [22m[31m5 failed[39m[2m)[22m[33m 375[2mms[22m[39m
       [32mΓ£ô[39m should return all candidates[32m 53[2mms[22m[39m
       [32mΓ£ô[39m should return 500 on error[32m 10[2mms[22m[39m
       [32mΓ£ô[39m should create candidate[32m 37[2mms[22m[39m
       [32mΓ£ô[39m should return 400 if required fields missing[32m 10[2mms[22m[39m
       [32mΓ£ô[39m should return all interviews[32m 9[2mms[22m[39m
       [32mΓ£ô[39m should create interview[32m 7[2mms[22m[39m
       [32mΓ£ô[39m should return 400 if candidate_id missing[32m 10[2mms[22m[39m
       [32mΓ£ô[39m should update candidate[32m 8[2mms[22m[39m
[31m       [31m├ù[31m should return 500 if candidate not found (empty data array)[39m[32m 34[2mms[22m[39m
       [32mΓ£ô[39m should delete candidate[32m 9[2mms[22m[39m
       [32mΓ£ô[39m should update interview[32m 12[2mms[22m[39m
[31m       [31m├ù[31m should return single interview[39m[32m 19[2mms[22m[39m
       [32mΓ£ô[39m should delete interview[32m 8[2mms[22m[39m
[31m       [31m├ù[31m should return preparation for interview[39m[32m 23[2mms[22m[39m
       [32mΓ£ô[39m should create preparation[32m 9[2mms[22m[39m
       [32mΓ£ô[39m should update preparation[32m 8[2mms[22m[39m
       [32mΓ£ô[39m should return followups for interview[32m 11[2mms[22m[39m
       [32mΓ£ô[39m should create followup[32m 10[2mms[22m[39m
       [32mΓ£ô[39m should update followup[32m 9[2mms[22m[39m
       [32mΓ£ô[39m should return all insights[32m 8[2mms[22m[39m
[31m       [31m├ù[31m should return insights for interview[39m[32m 9[2mms[22m[39m
       [32mΓ£ô[39m should create insight[32m 6[2mms[22m[39m
       [32mΓ£ô[39m should update insight[32m 6[2mms[22m[39m
[31m       [31m├ù[31m should delete insight[39m[32m 9[2mms[22m[39m
       [32mΓ£ô[39m should return dashboard summary[32m 10[2mms[22m[39m
       [32mΓ£ô[39m should handle database errors[32m 7[2mms[22m[39m
       [32mΓ£ô[39m should handle missing authentication[32m 9[2mms[22m[39m
[90mstderr[2m | tests/routes/cover_letter.vitest.js[2m > [22m[2mCover 
Letter Routes - Full Coverage[2m > [22m[2mGET /api/cover-letters[2m > 
[22m[2mshould handle table not existing (42P01)
[22m[39mΓ¥î Fetch cover letters error: TypeError: Cannot read properties of 
undefined (reading 'rows')
    at C:/Users/Zaid Hasan/OneDrive/Desktop/New 
ATS/Aandsz-Forces-ATS-CS490/backend/routes/cover_letter.js:83:43
[90m    at processTicksAndRejections 
(node:internal/process/task_queues:105:5)[39m

[90mstdout[2m | tests/routes/job.vitest.js[2m > [22m[2mJob Routes - Full Coverage[2m > [22m[2mPOST /api/jobs[2m > [22m[2mshould clean salary values
[22m[39mΓ£à Stored materials for job 1: resume_id=null, cover_letter_id=null

 [31mΓ¥»[39m tests/routes/contacts.vitest.js [2m([22m[2m45 tests[22m[2m | [22m[31m2 failed[39m[2m)[22m[33m 568[2mms[22m[39m
       [32mΓ£ô[39m should return all contacts[32m 68[2mms[22m[39m
       [32mΓ£ô[39m should filter by industry[32m 10[2mms[22m[39m
       [32mΓ£ô[39m should filter by search query[32m 11[2mms[22m[39m
       [32mΓ£ô[39m should filter by relationshipType[32m 8[2mms[22m[39m
       [32mΓ£ô[39m should filter by company[32m 9[2mms[22m[39m
       [32mΓ£ô[39m should combine multiple filters[32m 8[2mms[22m[39m
       [32mΓ£ô[39m should return 500 on database error[32m 28[2mms[22m[39m
       [32mΓ£ô[39m should return contact with details[32m 7[2mms[22m[39m
       [32mΓ£ô[39m should return 404 if contact not found[32m 9[2mms[22m[39m
       [32mΓ£ô[39m should return 500 on database error[32m 7[2mms[22m[39m
       [32mΓ£ô[39m should create new contact[32m 70[2mms[22m[39m
       [32mΓ£ô[39m should return 400 if required fields missing[32m 7[2mms[22m[39m
       [32mΓ£ô[39m should handle duplicate email error[32m 29[2mms[22m[39m
       [32mΓ£ô[39m should handle groups when creating contact[32m 10[2mms[22m[39m
       [32mΓ£ô[39m should return 500 on database error[32m 11[2mms[22m[39m
       [32mΓ£ô[39m should update contact[32m 10[2mms[22m[39m
[31m       [31m├ù[31m should return 404 if contact not found[39m[32m 25[2mms[22m[39m
       [32mΓ£ô[39m should return 403 if not authorized[32m 9[2mms[22m[39m
       [32mΓ£ô[39m should return 500 on database error[32m 6[2mms[22m[39m
       [32mΓ£ô[39m should delete contact[32m 10[2mms[22m[39m
[31m       [31m├ù[31m should return 404 if contact not found[39m[32m 8[2mms[22m[39m
       [32mΓ£ô[39m should return 403 if not authorized[32m 9[2mms[22m[39m
       [32mΓ£ô[39m should return 500 on database error[32m 5[2mms[22m[39m
       [32mΓ£ô[39m should add interaction[32m 8[2mms[22m[39m
       [32mΓ£ô[39m should return 403 if not authorized[32m 9[2mms[22m[39m
       [32mΓ£ô[39m should return interactions[32m 7[2mms[22m[39m
       [32mΓ£ô[39m should create reminder[32m 8[2mms[22m[39m
       [32mΓ£ô[39m should return reminders[32m 15[2mms[22m[39m
       [32mΓ£ô[39m should update reminder[32m 8[2mms[22m[39m
       [32mΓ£ô[39m should create contact group[32m 8[2mms[22m[39m
       [32mΓ£ô[39m should return 400 if name missing[32m 8[2mms[22m[39m
       [32mΓ£ô[39m should handle duplicate group name[32m 12[2mms[22m[39m
       [32mΓ£ô[39m should return contact groups[32m 10[2mms[22m[39m
       [32mΓ£ô[39m should add contact to group[32m 9[2mms[22m[39m
       [32mΓ£ô[39m should handle duplicate contact in group[32m 11[2mms[22m[39m
       [32mΓ£ô[39m should remove contact from group[32m 7[2mms[22m[39m
       [32mΓ£ô[39m should create link[32m 8[2mms[22m[39m
       [32mΓ£ô[39m should return contacts by relationship strength[32m 7[2mms[22m[39m
       [32mΓ£ô[39m should import contacts from CSV[32m 6[2mms[22m[39m
       [32mΓ£ô[39m should handle contacts without email[32m 8[2mms[22m[39m
       [32mΓ£ô[39m should skip contacts without first/last name[32m 7[2mms[22m[39m
       [32mΓ£ô[39m should return 400 if no contacts provided[32m 6[2mms[22m[39m
       [32mΓ£ô[39m should import contacts from Google vCard[32m 8[2mms[22m[39m
       [32mΓ£ô[39m should handle vCard with FN instead of N[32m 7[2mms[22m[39m
       [32mΓ£ô[39m should return 400 if no vCard data[32m 10[2mms[22m[39m
[90mstdout[2m | tests/routes/offers.vitest.js[2m > [22m[2mOffers Routes - 90%+ Coverage[2m > [22m[2mPOST /api/offers/:id/accept[2m > [22m[2mshould handle compensation history table missing
[22m[39m≡ƒô¥ Accepting offer 1 for user 1

[90mstdout[2m | tests/routes/job.vitest.js[2m > [22m[2mJob Routes - Full Coverage[2m > [22m[2mPOST /api/jobs[2m > [22m[2mshould handle template cover letter conversion with title column
[22m[39m≡ƒöì Original resume_id from request: [90mundefined[39m ΓåÆ Parsed: [1mnull[22m
≡ƒöì Final cover_letter_id value: [1mnull[22m
≡ƒöì Type of finalCoverLetterId: object
[90mstderr[2m | tests/routes/cover_letter.vitest.js[2m > [22m[2mCover 
Letter Routes - Full Coverage[2m > [22m[2mGET /api/cover-letters[2m > 
[22m[2mshould handle table not existing (message includes does not exist)
[22m[39muploaded_cover_letters table query failed: relation "cover_letters" 
does not exist


[90mstdout[2m | tests/routes/offers.vitest.js[2m > [22m[2mOffers Routes - 90%+ Coverage[2m > [22m[2mPOST /api/offers/:id/accept[2m > [22m[2mshould handle compensation history table missing
[22m[39mΓ£à Compensation history created for offer 1

[90mstdout[2m | tests/routes/cover_letter.vitest.js[2m > [22m[2mCover Letter Routes - Full Coverage[2m > [22m[2mGET /api/cover-letters[2m > [22m[2mshould handle table not existing (message includes does not exist)
[22m[39mΓ£à Found 0 user cover letters

[90mstdout[2m | tests/routes/offers.vitest.js[2m > [22m[2mOffers Routes - 90%+ Coverage[2m > [22m[2mPOST /api/offers/:id/accept[2m > [22m[2mshould handle compensation history creation error (non-table error)
[22m[39m≡ƒô¥ Accepting offer 1 for user 1

[90mstdout[2m | tests/routes/job.vitest.js[2m > [22m[2mJob Routes - Full Coverage[2m > [22m[2mPOST /api/jobs[2m > [22m[2mshould handle template cover letter conversion with title column
[22m[39mΓ£à Stored materials for job undefined: resume_id=null, cover_letter_id=null

[90mstdout[2m | tests/routes/offers.vitest.js[2m > [22m[2mOffers Routes - 90%+ Coverage[2m > [22m[2mPOST /api/offers/:id/accept[2m > [22m[2mshould handle compensation history creation error (non-table error)
[22m[39mΓ£à Compensation history created for offer 1

[90mstdout[2m | tests/routes/job.vitest.js[2m > [22m[2mJob Routes - Full Coverage[2m > [22m[2mPOST /api/jobs[2m > [22m[2mshould handle template cover letter conversion with name column fallback
[22m[39m≡ƒöì Original resume_id from request: [90mundefined[39m ΓåÆ Parsed: [1mnull[22m
≡ƒöì Final cover_letter_id value: [1mnull[22m
≡ƒöì Type of finalCoverLetterId: object

[90mstdout[2m | tests/routes/offers.vitest.js[2m > [22m[2mOffers Routes - 90%+ Coverage[2m > [22m[2mPOST /api/offers/:id/accept[2m > [22m[2mshould handle offer without total_comp_year1
[22m[39m≡ƒô¥ Accepting offer 1 for user 1

[90mstdout[2m | tests/routes/cover_letter.vitest.js[2m > [22m[2mCover Letter Routes - Full Coverage[2m > [22m[2mGET /api/cover-letters[2m > [22m[2mshould return 500 on database error
[22m[39mΓ£à Found 0 user cover letters

[90mstdout[2m | tests/routes/offers.vitest.js[2m > [22m[2mOffers Routes - 90%+ Coverage[2m > [22m[2mPOST /api/offers/:id/accept[2m > [22m[2mshould handle offer without total_comp_year1
[22m[39mΓ£à Compensation history created for offer 1

[90mstderr[2m | tests/routes/job.vitest.js[2m > [22m[2mJob Routes - Full 
Coverage[2m > [22m[2mPOST /api/jobs[2m > [22m[2mshould handle template 
cover letter conversion with title column
[22m[39mΓÜá∩╕Å Template cover letters not supported. Only uploaded cover 
letters are used.

[90mstderr[2m | tests/routes/cover_letter.vitest.js[2m > [22m[2mCover 
Letter Routes - Full Coverage[2m > [22m[2mGET /api/cover-letters[2m > 
[22m[2mshould handle table not existing (message includes does not exist)
[22m[39mΓ¥î Fetch cover letters error: TypeError: Cannot read properties of 
undefined (reading 'rows')
    at C:/Users/Zaid Hasan/OneDrive/Desktop/New 
ATS/Aandsz-Forces-ATS-CS490/backend/routes/cover_letter.js:83:43
[90m    at processTicksAndRejections 
(node:internal/process/task_queues:105:5)[39m

[90mstderr[2m | tests/routes/cover_letter.vitest.js[2m > [22m[2mCover 
Letter Routes - Full Coverage[2m > [22m[2mGET /api/cover-letters[2m > 
[22m[2mshould return 500 on database error
[22m[39muploaded_cover_letters table query failed: Database error

[90mstderr[2m | tests/routes/job.vitest.js[2m > [22m[2mJob Routes - Full 
Coverage[2m > [22m[2mPOST /api/jobs[2m > [22m[2mshould handle template 
cover letter conversion with name column fallback
[22m[39mΓÜá∩╕Å Template cover letters not supported. Only uploaded cover 
letters are used.

[90mstderr[2m | tests/routes/cover_letter.vitest.js[2m > [22m[2mCover 
Letter Routes - Full Coverage[2m > [22m[2mGET /api/cover-letters[2m > 
[22m[2mshould return 500 on database error
[22m[39mΓ¥î Fetch cover letters error: TypeError: Cannot read properties of 
undefined (reading 'rows')
    at C:/Users/Zaid Hasan/OneDrive/Desktop/New 
ATS/Aandsz-Forces-ATS-CS490/backend/routes/cover_letter.js:83:43
[90m    at processTicksAndRejections 
(node:internal/process/task_queues:105:5)[39m

[90mstderr[2m | tests/routes/job.vitest.js[2m > [22m[2mJob Routes - Full 
Coverage[2m > [22m[2mPOST /api/jobs[2m > [22m[2mshould handle template 
cover letter conversion with name column fallback
[22m[39mΓ¥î Failed to store materials: Column does not exist
Γ¥î Error details: Error: Column does not exist
    at C:/Users/Zaid Hasan/OneDrive/Desktop/New 
ATS/Aandsz-Forces-ATS-CS490/backend/tests/routes/job.vitest.js:194:26
    at [90mfile:///C:/Users/Zaid%20Hasan/OneDrive/Desktop/New%20ATS/Aandsz-For
ces-ATS-CS490/backend/[39mnode_modules/[4m@vitest/runner[24m/dist/index.js:1
45:11
    at [90mfile:///C:/Users/Zaid%20Hasan/OneDrive/Desktop/New%20ATS/Aandsz-For
ces-ATS-CS490/backend/[39mnode_modules/[4m@vitest/runner[24m/dist/index.js:9
15:26
    at [90mfile:///C:/Users/Zaid%20Hasan/OneDrive/Desktop/New%20ATS/Aandsz-For
ces-ATS-CS490/backend/[39mnode_modules/[4m@vitest/runner[24m/dist/index.js:1
240:20
    at new Promise (<anonymous>)
    at runWithTimeout [90m(file:///C:/Users/Zaid%20Hasan/OneDrive/Desktop/New%
20ATS/Aandsz-Forces-ATS-CS490/backend/[39mnode_modules/[4m@vitest/runner[24m
/dist/index.js:1206:10[90m)[39m
    at [90mfile:///C:/Users/Zaid%20Hasan/OneDrive/Desktop/New%20ATS/Aandsz-For
ces-ATS-CS490/backend/[39mnode_modules/[4m@vitest/runner[24m/dist/index.js:1
650:37
    at Traces.$ [90m(file:///C:/Users/Zaid%20Hasan/OneDrive/Desktop/New%20ATS/
Aandsz-Forces-ATS-CS490/backend/[39mnode_modules/[4mvitest[24m/dist/chunks/t
races.U4xDYhzZ.js:115:27[90m)[39m
    at trace [90m(file:///C:/Users/Zaid%20Hasan/OneDrive/Desktop/New%20ATS/Aan
dsz-Forces-ATS-CS490/backend/[39mnode_modules/[4mvitest[24m/dist/chunks/test
.BT8LKgU9.js:239:21[90m)[39m
    at runTest [90m(file:///C:/Users/Zaid%20Hasan/OneDrive/Desktop/New%20ATS/A
andsz-Forces-ATS-CS490/backend/[39mnode_modules/[4m@vitest/runner[24m/dist/i
ndex.js:1650:12[90m)[39m {
  code: [32m'42703'[39m
}

[90mstderr[2m | tests/routes/offers.vitest.js[2m > [22m[2mOffers Routes - 
90%+ Coverage[2m > [22m[2mPOST /api/offers/recalculate-competing[2m > 
[22m[2mshould return 500 on database error
[22m[39mError recalculating competing offers: Error: Database error
    at C:/Users/Zaid Hasan/OneDrive/Desktop/New 
ATS/Aandsz-Forces-ATS-CS490/backend/tests/routes/offers.vitest.js:760:41
    at [90mfile:///C:/Users/Zaid%20Hasan/OneDrive/Desktop/New%20ATS/Aandsz-For
ces-ATS-CS490/backend/[39mnode_modules/[4m@vitest/runner[24m/dist/index.js:1
45:11
    at [90mfile:///C:/Users/Zaid%20Hasan/OneDrive/Desktop/New%20ATS/Aandsz-For
ces-ATS-CS490/backend/[39mnode_modules/[4m@vitest/runner[24m/dist/index.js:9
15:26
    at [90mfile:///C:/Users/Zaid%20Hasan/OneDrive/Desktop/New%20ATS/Aandsz-For
ces-ATS-CS490/backend/[39mnode_modules/[4m@vitest/runner[24m/dist/index.js:1
240:20
    at new Promise (<anonymous>)
    at runWithTimeout [90m(file:///C:/Users/Zaid%20Hasan/OneDrive/Desktop/New%
20ATS/Aandsz-Forces-ATS-CS490/backend/[39mnode_modules/[4m@vitest/runner[24m
/dist/index.js:1206:10[90m)[39m
    at [90mfile:///C:/Users/Zaid%20Hasan/OneDrive/Desktop/New%20ATS/Aandsz-For
ces-ATS-CS490/backend/[39mnode_modules/[4m@vitest/runner[24m/dist/index.js:1
650:37
    at Traces.$ [90m(file:///C:/Users/Zaid%20Hasan/OneDrive/Desktop/New%20ATS/
Aandsz-Forces-ATS-CS490/backend/[39mnode_modules/[4mvitest[24m/dist/chunks/t
races.U4xDYhzZ.js:115:27[90m)[39m
    at trace [90m(file:///C:/Users/Zaid%20Hasan/OneDrive/Desktop/New%20ATS/Aan
dsz-Forces-ATS-CS490/backend/[39mnode_modules/[4mvitest[24m/dist/chunks/test
.BT8LKgU9.js:239:21[90m)[39m
    at runTest [90m(file:///C:/Users/Zaid%20Hasan/OneDrive/Desktop/New%20ATS/A
andsz-Forces-ATS-CS490/backend/[39mnode_modules/[4m@vitest/runner[24m/dist/i
ndex.js:1650:12[90m)[39m

[90mstdout[2m | tests/routes/offers.vitest.js[2m > [22m[2mOffers Routes - 90%+ Coverage[2m > [22m[2mDELETE /api/offers/:id[2m > [22m[2mshould delete offer
[22m[39mΓ£à Deleted 1 compensation history entry/entries for offer 1

[90mstderr[2m | tests/routes/cover_letter.vitest.js[2m > [22m[2mCover 
Letter Routes - Full Coverage[2m > [22m[2mPOST /api/cover-letters[2m > 
[22m[2mshould handle table not existing
[22m[39mΓÜá∩╕Å Cover letters table does not exist yet - run database 
migration

[90mstdout[2m | tests/routes/job.vitest.js[2m > [22m[2mJob Routes - Full Coverage[2m > [22m[2mPOST /api/jobs[2m > [22m[2mshould handle invalid template ID format
[22m[39m≡ƒöì Original resume_id from request: [90mundefined[39m ΓåÆ Parsed: [1mnull[22m
≡ƒöì Final cover_letter_id value: [1mnull[22m
≡ƒöì Type of finalCoverLetterId: object

[90mstdout[2m | tests/routes/offers.vitest.js[2m > [22m[2mOffers Routes - 90%+ Coverage[2m > [22m[2mDELETE /api/offers/:id[2m > [22m[2mshould delete offer
[22m[39mΓ£à Offer 1 deleted successfully

[90mstderr[2m | tests/routes/cover_letter.vitest.js[2m > [22m[2mCover 
Letter Routes - Full Coverage[2m > [22m[2mPOST /api/cover-letters[2m > 
[22m[2mshould return 500 on database error
[22m[39mΓ¥î Save cover letter error: Error: Database error
    at C:/Users/Zaid Hasan/OneDrive/Desktop/New 
ATS/Aandsz-Forces-ATS-CS490/backend/tests/routes/cover_letter.vitest.js:217:41
    at [90mfile:///C:/Users/Zaid%20Hasan/OneDrive/Desktop/New%20ATS/Aandsz-For
ces-ATS-CS490/backend/[39mnode_modules/[4m@vitest/runner[24m/dist/index.js:1
45:11
    at [90mfile:///C:/Users/Zaid%20Hasan/OneDrive/Desktop/New%20ATS/Aandsz-For
ces-ATS-CS490/backend/[39mnode_modules/[4m@vitest/runner[24m/dist/index.js:9
15:26
    at [90mfile:///C:/Users/Zaid%20Hasan/OneDrive/Desktop/New%20ATS/Aandsz-For
ces-ATS-CS490/backend/[39mnode_modules/[4m@vitest/runner[24m/dist/index.js:1
240:20
    at new Promise (<anonymous>)
    at runWithTimeout [90m(file:///C:/Users/Zaid%20Hasan/OneDrive/Desktop/New%
20ATS/Aandsz-Forces-ATS-CS490/backend/[39mnode_modules/[4m@vitest/runner[24m
/dist/index.js:1206:10[90m)[39m
    at [90mfile:///C:/Users/Zaid%20Hasan/OneDrive/Desktop/New%20ATS/Aandsz-For
ces-ATS-CS490/backend/[39mnode_modules/[4m@vitest/runner[24m/dist/index.js:1
650:37
    at Traces.$ [90m(file:///C:/Users/Zaid%20Hasan/OneDrive/Desktop/New%20ATS/
Aandsz-Forces-ATS-CS490/backend/[39mnode_modules/[4mvitest[24m/dist/chunks/t
races.U4xDYhzZ.js:115:27[90m)[39m
    at trace [90m(file:///C:/Users/Zaid%20Hasan/OneDrive/Desktop/New%20ATS/Aan
dsz-Forces-ATS-CS490/backend/[39mnode_modules/[4mvitest[24m/dist/chunks/test
.BT8LKgU9.js:239:21[90m)[39m
    at runTest [90m(file:///C:/Users/Zaid%20Hasan/OneDrive/Desktop/New%20ATS/A
andsz-Forces-ATS-CS490/backend/[39mnode_modules/[4m@vitest/runner[24m/dist/i
ndex.js:1650:12[90m)[39m

[90mstderr[2m | tests/routes/job.vitest.js[2m > [22m[2mJob Routes - Full 
Coverage[2m > [22m[2mPOST /api/jobs[2m > [22m[2mshould handle invalid 
template ID format
[22m[39mΓÜá∩╕Å Template cover letters not supported. Only uploaded cover 
letters are used.

[90mstdout[2m | tests/routes/job.vitest.js[2m > [22m[2mJob Routes - Full Coverage[2m > [22m[2mPOST /api/jobs[2m > [22m[2mshould handle invalid template ID format
[22m[39mΓ£à Stored materials for job 1: resume_id=null, cover_letter_id=null

[90mstdout[2m | tests/routes/job.vitest.js[2m > [22m[2mJob Routes - Full Coverage[2m > [22m[2mPOST /api/jobs[2m > [22m[2mshould handle template not found
[22m[39m≡ƒöì Original resume_id from request: [90mundefined[39m ΓåÆ Parsed: [1mnull[22m
≡ƒöì Final cover_letter_id value: [1mnull[22m
≡ƒöì Type of finalCoverLetterId: object

[90mstderr[2m | tests/routes/offers.vitest.js[2m > [22m[2mOffers Routes - 
90%+ Coverage[2m > [22m[2mDELETE /api/offers/:id[2m > [22m[2mshould 
return 500 on database error
[22m[39mError deleting offer: Error: Database error
    at C:/Users/Zaid Hasan/OneDrive/Desktop/New 
ATS/Aandsz-Forces-ATS-CS490/backend/tests/routes/offers.vitest.js:789:41
    at [90mfile:///C:/Users/Zaid%20Hasan/OneDrive/Desktop/New%20ATS/Aandsz-For
ces-ATS-CS490/backend/[39mnode_modules/[4m@vitest/runner[24m/dist/index.js:1
45:11
    at [90mfile:///C:/Users/Zaid%20Hasan/OneDrive/Desktop/New%20ATS/Aandsz-For
ces-ATS-CS490/backend/[39mnode_modules/[4m@vitest/runner[24m/dist/index.js:9
15:26
    at [90mfile:///C:/Users/Zaid%20Hasan/OneDrive/Desktop/New%20ATS/Aandsz-For
ces-ATS-CS490/backend/[39mnode_modules/[4m@vitest/runner[24m/dist/index.js:1
240:20
    at new Promise (<anonymous>)
    at runWithTimeout [90m(file:///C:/Users/Zaid%20Hasan/OneDrive/Desktop/New%
20ATS/Aandsz-Forces-ATS-CS490/backend/[39mnode_modules/[4m@vitest/runner[24m
/dist/index.js:1206:10[90m)[39m
    at [90mfile:///C:/Users/Zaid%20Hasan/OneDrive/Desktop/New%20ATS/Aandsz-For
ces-ATS-CS490/backend/[39mnode_modules/[4m@vitest/runner[24m/dist/index.js:1
650:37
    at Traces.$ [90m(file:///C:/Users/Zaid%20Hasan/OneDrive/Desktop/New%20ATS/
Aandsz-Forces-ATS-CS490/backend/[39mnode_modules/[4mvitest[24m/dist/chunks/t
races.U4xDYhzZ.js:115:27[90m)[39m
    at trace [90m(file:///C:/Users/Zaid%20Hasan/OneDrive/Desktop/New%20ATS/Aan
dsz-Forces-ATS-CS490/backend/[39mnode_modules/[4mvitest[24m/dist/chunks/test
.BT8LKgU9.js:239:21[90m)[39m
    at runTest [90m(file:///C:/Users/Zaid%20Hasan/OneDrive/Desktop/New%20ATS/A
andsz-Forces-ATS-CS490/backend/[39mnode_modules/[4m@vitest/runner[24m/dist/i
ndex.js:1650:12[90m)[39m

[90mstderr[2m | tests/routes/cover_letter.vitest.js[2m > [22m[2mCover 
Letter Routes - Full Coverage[2m > [22m[2mGET /api/cover-letters/:id[2m > 
[22m[2mshould return 500 on database error
[22m[39mΓ¥î Fetch cover letter error: Error: Database error
    at C:/Users/Zaid Hasan/OneDrive/Desktop/New 
ATS/Aandsz-Forces-ATS-CS490/backend/tests/routes/cover_letter.vitest.js:255:41
    at [90mfile:///C:/Users/Zaid%20Hasan/OneDrive/Desktop/New%20ATS/Aandsz-For
ces-ATS-CS490/backend/[39mnode_modules/[4m@vitest/runner[24m/dist/index.js:1
45:11
    at [90mfile:///C:/Users/Zaid%20Hasan/OneDrive/Desktop/New%20ATS/Aandsz-For
ces-ATS-CS490/backend/[39mnode_modules/[4m@vitest/runner[24m/dist/index.js:9
15:26
    at [90mfile:///C:/Users/Zaid%20Hasan/OneDrive/Desktop/New%20ATS/Aandsz-For
ces-ATS-CS490/backend/[39mnode_modules/[4m@vitest/runner[24m/dist/index.js:1
240:20
    at new Promise (<anonymous>)
    at runWithTimeout [90m(file:///C:/Users/Zaid%20Hasan/OneDrive/Desktop/New%
20ATS/Aandsz-Forces-ATS-CS490/backend/[39mnode_modules/[4m@vitest/runner[24m
/dist/index.js:1206:10[90m)[39m
    at [90mfile:///C:/Users/Zaid%20Hasan/OneDrive/Desktop/New%20ATS/Aandsz-For
ces-ATS-CS490/backend/[39mnode_modules/[4m@vitest/runner[24m/dist/index.js:1
650:37
    at Traces.$ [90m(file:///C:/Users/Zaid%20Hasan/OneDrive/Desktop/New%20ATS/
Aandsz-Forces-ATS-CS490/backend/[39mnode_modules/[4mvitest[24m/dist/chunks/t
races.U4xDYhzZ.js:115:27[90m)[39m
    at trace [90m(file:///C:/Users/Zaid%20Hasan/OneDrive/Desktop/New%20ATS/Aan
dsz-Forces-ATS-CS490/backend/[39mnode_modules/[4mvitest[24m/dist/chunks/test
.BT8LKgU9.js:239:21[90m)[39m
    at runTest [90m(file:///C:/Users/Zaid%20Hasan/OneDrive/Desktop/New%20ATS/A
andsz-Forces-ATS-CS490/backend/[39mnode_modules/[4m@vitest/runner[24m/dist/i
ndex.js:1650:12[90m)[39m
Γ¥î Fetch cover letter error: Error: Database error
    at C:/Users/Zaid Hasan/OneDrive/Desktop/New 
ATS/Aandsz-Forces-ATS-CS490/backend/tests/routes/cover_letter.vitest.js:255:41
    at [90mfile:///C:/Users/Zaid%20Hasan/OneDrive/Desktop/New%20ATS/Aandsz-For
ces-ATS-CS490/backend/[39mnode_modules/[4m@vitest/runner[24m/dist/index.js:1
45:11
    at [90mfile:///C:/Users/Zaid%20Hasan/OneDrive/Desktop/New%20ATS/Aandsz-For
ces-ATS-CS490/backend/[39mnode_modules/[4m@vitest/runner[24m/dist/index.js:9
15:26
    at [90mfile:///C:/Users/Zaid%20Hasan/OneDrive/Desktop/New%20ATS/Aandsz-For
ces-ATS-CS490/backend/[39mnode_modules/[4m@vitest/runner[24m/dist/index.js:1
240:20
    at new Promise (<anonymous>)
    at runWithTimeout [90m(file:///C:/Users/Zaid%20Hasan/OneDrive/Desktop/New%
20ATS/Aandsz-Forces-ATS-CS490/backend/[39mnode_modules/[4m@vitest/runner[24m
/dist/index.js:1206:10[90m)[39m
    at [90mfile:///C:/Users/Zaid%20Hasan/OneDrive/Desktop/New%20ATS/Aandsz-For
ces-ATS-CS490/backend/[39mnode_modules/[4m@vitest/runner[24m/dist/index.js:1
650:37
    at Traces.$ [90m(file:///C:/Users/Zaid%20Hasan/OneDrive/Desktop/New%20ATS/
Aandsz-Forces-ATS-CS490/backend/[39mnode_modules/[4mvitest[24m/dist/chunks/t
races.U4xDYhzZ.js:115:27[90m)[39m
    at trace [90m(file:///C:/Users/Zaid%20Hasan/OneDrive/Desktop/New%20ATS/Aan
dsz-Forces-ATS-CS490/backend/[39mnode_modules/[4mvitest[24m/dist/chunks/test
.BT8LKgU9.js:239:21[90m)[39m
    at runTest [90m(file:///C:/Users/Zaid%20Hasan/OneDrive/Desktop/New%20ATS/A
andsz-Forces-ATS-CS490/backend/[39mnode_modules/[4m@vitest/runner[24m/dist/i
ndex.js:1650:12[90m)[39m

[90mstderr[2m | tests/routes/cover_letter.vitest.js[2m > [22m[2mCover 
Letter Routes - Full Coverage[2m > [22m[2mDELETE /api/cover-letters/:id[2m 
> [22m[2mshould handle table not existing
[22m[39mΓÜá∩╕Å Cover letters table does not exist yet

[90mstderr[2m | tests/routes/offers.vitest.js[2m > [22m[2mOffers Routes - 
90%+ Coverage[2m > [22m[2mHelper Functions[2m > [22m[2mshould handle 
findCompetingOffers error gracefully
[22m[39mError finding competing offers: Error: DB error in 
findCompetingOffers
    at C:/Users/Zaid Hasan/OneDrive/Desktop/New 
ATS/Aandsz-Forces-ATS-CS490/backend/tests/routes/offers.vitest.js:841:32
    at [90mfile:///C:/Users/Zaid%20Hasan/OneDrive/Desktop/New%20ATS/Aandsz-For
ces-ATS-CS490/backend/[39mnode_modules/[4m@vitest/runner[24m/dist/index.js:1
45:11
    at [90mfile:///C:/Users/Zaid%20Hasan/OneDrive/Desktop/New%20ATS/Aandsz-For
ces-ATS-CS490/backend/[39mnode_modules/[4m@vitest/runner[24m/dist/index.js:9
15:26
    at [90mfile:///C:/Users/Zaid%20Hasan/OneDrive/Desktop/New%20ATS/Aandsz-For
ces-ATS-CS490/backend/[39mnode_modules/[4m@vitest/runner[24m/dist/index.js:1
240:20
    at new Promise (<anonymous>)
    at runWithTimeout [90m(file:///C:/Users/Zaid%20Hasan/OneDrive/Desktop/New%
20ATS/Aandsz-Forces-ATS-CS490/backend/[39mnode_modules/[4m@vitest/runner[24m
/dist/index.js:1206:10[90m)[39m
    at [90mfile:///C:/Users/Zaid%20Hasan/OneDrive/Desktop/New%20ATS/Aandsz-For
ces-ATS-CS490/backend/[39mnode_modules/[4m@vitest/runner[24m/dist/index.js:1
650:37
    at Traces.$ [90m(file:///C:/Users/Zaid%20Hasan/OneDrive/Desktop/New%20ATS/
Aandsz-Forces-ATS-CS490/backend/[39mnode_modules/[4mvitest[24m/dist/chunks/t
races.U4xDYhzZ.js:115:27[90m)[39m
    at trace [90m(file:///C:/Users/Zaid%20Hasan/OneDrive/Desktop/New%20ATS/Aan
dsz-Forces-ATS-CS490/backend/[39mnode_modules/[4mvitest[24m/dist/chunks/test
.BT8LKgU9.js:239:21[90m)[39m
    at runTest [90m(file:///C:/Users/Zaid%20Hasan/OneDrive/Desktop/New%20ATS/A
andsz-Forces-ATS-CS490/backend/[39mnode_modules/[4m@vitest/runner[24m/dist/i
ndex.js:1650:12[90m)[39m

[90mstderr[2m | tests/routes/cover_letter.vitest.js[2m > [22m[2mCover 
Letter Routes - Full Coverage[2m > [22m[2mDELETE /api/cover-letters/:id[2m 
> [22m[2mshould return 500 on database error
[22m[39mΓ¥î Delete cover letter error: Error: Database error
    at C:/Users/Zaid Hasan/OneDrive/Desktop/New 
ATS/Aandsz-Forces-ATS-CS490/backend/tests/routes/cover_letter.vitest.js:290:41
    at [90mfile:///C:/Users/Zaid%20Hasan/OneDrive/Desktop/New%20ATS/Aandsz-For
ces-ATS-CS490/backend/[39mnode_modules/[4m@vitest/runner[24m/dist/index.js:1
45:11
    at [90mfile:///C:/Users/Zaid%20Hasan/OneDrive/Desktop/New%20ATS/Aandsz-For
ces-ATS-CS490/backend/[39mnode_modules/[4m@vitest/runner[24m/dist/index.js:9
15:26
    at [90mfile:///C:/Users/Zaid%20Hasan/OneDrive/Desktop/New%20ATS/Aandsz-For
ces-ATS-CS490/backend/[39mnode_modules/[4m@vitest/runner[24m/dist/index.js:1
240:20
    at new Promise (<anonymous>)
    at runWithTimeout [90m(file:///C:/Users/Zaid%20Hasan/OneDrive/Desktop/New%
20ATS/Aandsz-Forces-ATS-CS490/backend/[39mnode_modules/[4m@vitest/runner[24m
/dist/index.js:1206:10[90m)[39m
    at [90mfile:///C:/Users/Zaid%20Hasan/OneDrive/Desktop/New%20ATS/Aandsz-For
ces-ATS-CS490/backend/[39mnode_modules/[4m@vitest/runner[24m/dist/index.js:1
650:37
    at Traces.$ [90m(file:///C:/Users/Zaid%20Hasan/OneDrive/Desktop/New%20ATS/
Aandsz-Forces-ATS-CS490/backend/[39mnode_modules/[4mvitest[24m/dist/chunks/t
races.U4xDYhzZ.js:115:27[90m)[39m
    at trace [90m(file:///C:/Users/Zaid%20Hasan/OneDrive/Desktop/New%20ATS/Aan
dsz-Forces-ATS-CS490/backend/[39mnode_modules/[4mvitest[24m/dist/chunks/test
.BT8LKgU9.js:239:21[90m)[39m
    at runTest [90m(file:///C:/Users/Zaid%20Hasan/OneDrive/Desktop/New%20ATS/A
andsz-Forces-ATS-CS490/backend/[39mnode_modules/[4m@vitest/runner[24m/dist/i
ndex.js:1650:12[90m)[39m

[90mstderr[2m | tests/routes/job.vitest.js[2m > [22m[2mJob Routes - Full 
Coverage[2m > [22m[2mPOST /api/jobs[2m > [22m[2mshould handle template 
not found
[22m[39mΓÜá∩╕Å Template cover letters not supported. Only uploaded cover 
letters are used.

[90mstdout[2m | tests/routes/job.vitest.js[2m > [22m[2mJob Routes - Full Coverage[2m > [22m[2mPOST /api/jobs[2m > [22m[2mshould handle template conversion error
[22m[39m≡ƒöì Original resume_id from request: [90mundefined[39m ΓåÆ Parsed: [1mnull[22m
≡ƒöì Final cover_letter_id value: [1mnull[22m
≡ƒöì Type of finalCoverLetterId: object

[90mstderr[2m | tests/routes/offers.vitest.js[2m > [22m[2mOffers Routes - 
90%+ Coverage[2m > [22m[2mEdge Cases[2m > [22m[2mshould handle competing 
offers with existing ids array
[22m[39mError updating offer: TypeError: Cannot read properties of undefined 
(reading 'offer_status')
    at C:/Users/Zaid Hasan/OneDrive/Desktop/New 
ATS/Aandsz-Forces-ATS-CS490/backend/routes/offers.js:445:22
[90m    at processTicksAndRejections 
(node:internal/process/task_queues:105:5)[39m

[90mstderr[2m | tests/routes/job.vitest.js[2m > [22m[2mJob Routes - Full 
Coverage[2m > [22m[2mPOST /api/jobs[2m > [22m[2mshould handle template 
not found
[22m[39mΓ¥î Failed to store materials: Cannot read properties of undefined 
(reading 'id')
Γ¥î Error details: TypeError: Cannot read properties of undefined (reading 
'id')
    at C:/Users/Zaid Hasan/OneDrive/Desktop/New 
ATS/Aandsz-Forces-ATS-CS490/backend/routes/job.js:250:17
[90m    at processTicksAndRejections 
(node:internal/process/task_queues:105:5)[39m

[90mstderr[2m | tests/routes/offers.vitest.js[2m > [22m[2mOffers Routes - 
90%+ Coverage[2m > [22m[2mEdge Cases[2m > [22m[2mshould handle error 
when updating competing offer
[22m[39mError updating competing offer 2: Error: DB error
    at C:/Users/Zaid Hasan/OneDrive/Desktop/New 
ATS/Aandsz-Forces-ATS-CS490/backend/tests/routes/offers.vitest.js:967:32
    at [90mfile:///C:/Users/Zaid%20Hasan/OneDrive/Desktop/New%20ATS/Aandsz-For
ces-ATS-CS490/backend/[39mnode_modules/[4m@vitest/runner[24m/dist/index.js:1
45:11
    at [90mfile:///C:/Users/Zaid%20Hasan/OneDrive/Desktop/New%20ATS/Aandsz-For
ces-ATS-CS490/backend/[39mnode_modules/[4m@vitest/runner[24m/dist/index.js:9
15:26
    at [90mfile:///C:/Users/Zaid%20Hasan/OneDrive/Desktop/New%20ATS/Aandsz-For
ces-ATS-CS490/backend/[39mnode_modules/[4m@vitest/runner[24m/dist/index.js:1
240:20
    at new Promise (<anonymous>)
    at runWithTimeout [90m(file:///C:/Users/Zaid%20Hasan/OneDrive/Desktop/New%
20ATS/Aandsz-Forces-ATS-CS490/backend/[39mnode_modules/[4m@vitest/runner[24m
/dist/index.js:1206:10[90m)[39m
    at [90mfile:///C:/Users/Zaid%20Hasan/OneDrive/Desktop/New%20ATS/Aandsz-For
ces-ATS-CS490/backend/[39mnode_modules/[4m@vitest/runner[24m/dist/index.js:1
650:37
    at Traces.$ [90m(file:///C:/Users/Zaid%20Hasan/OneDrive/Desktop/New%20ATS/
Aandsz-Forces-ATS-CS490/backend/[39mnode_modules/[4mvitest[24m/dist/chunks/t
races.U4xDYhzZ.js:115:27[90m)[39m
    at trace [90m(file:///C:/Users/Zaid%20Hasan/OneDrive/Desktop/New%20ATS/Aan
dsz-Forces-ATS-CS490/backend/[39mnode_modules/[4mvitest[24m/dist/chunks/test
.BT8LKgU9.js:239:21[90m)[39m
    at runTest [90m(file:///C:/Users/Zaid%20Hasan/OneDrive/Desktop/New%20ATS/A
andsz-Forces-ATS-CS490/backend/[39mnode_modules/[4m@vitest/runner[24m/dist/i
ndex.js:1650:12[90m)[39m

[90mstderr[2m | tests/routes/job.vitest.js[2m > [22m[2mJob Routes - Full 
Coverage[2m > [22m[2mPOST /api/jobs[2m > [22m[2mshould handle template 
conversion error
[22m[39mΓÜá∩╕Å Template cover letters not supported. Only uploaded cover 
letters are used.

[90mstdout[2m | tests/routes/job.vitest.js[2m > [22m[2mJob Routes - Full Coverage[2m > [22m[2mPOST /api/jobs[2m > [22m[2mshould handle invalid cover letter ID format
[22m[39m≡ƒöì Original resume_id from request: [90mundefined[39m ΓåÆ Parsed: [1mnull[22m
≡ƒöì Final cover_letter_id value: [1mnull[22m
≡ƒöì Type of finalCoverLetterId: object

[90mstdout[2m | tests/routes/job.vitest.js[2m > [22m[2mJob Routes - Full Coverage[2m > [22m[2mPOST /api/jobs[2m > [22m[2mshould handle invalid cover letter ID format
[22m[39mΓ£à Stored materials for job 1: resume_id=null, cover_letter_id=null

[90mstdout[2m | tests/routes/job.vitest.js[2m > [22m[2mJob Routes - Full Coverage[2m > [22m[2mPOST /api/jobs[2m > [22m[2mshould handle final safety check for template prefix
[22m[39m≡ƒöì Original resume_id from request: [90mundefined[39m ΓåÆ Parsed: [1mnull[22m
≡ƒöì Final cover_letter_id value: [1mnull[22m
≡ƒöì Type of finalCoverLetterId: object

[90mstdout[2m | tests/routes/job.vitest.js[2m > [22m[2mJob Routes - Full Coverage[2m > [22m[2mPOST /api/jobs[2m > [22m[2mshould handle final safety check for template prefix
[22m[39mΓ£à Stored materials for job 1: resume_id=null, cover_letter_id=null

 [31mΓ¥»[39m tests/routes/cover_letter.vitest.js [2m([22m[2m16 tests[22m[2m | [22m[31m2 failed[39m[2m)[22m[32m 185[2mms[22m[39m
       [32mΓ£ô[39m should return user cover letters and templates[32m 43[2mms[22m[39m
       [32mΓ£ô[39m should handle missing title column[32m 8[2mms[22m[39m
[31m       [31m├ù[31m should handle table not existing (42P01)[39m[32m 24[2mms[22m[39m
[31m       [31m├ù[31m should handle table not existing (message includes does not exist)[39m[32m 7[2mms[22m[39m
       [32mΓ£ô[39m should return 500 on database error[32m 7[2mms[22m[39m
       [32mΓ£ô[39m should create cover letter with all fields[32m 18[2mms[22m[39m
       [32mΓ£ô[39m should create cover letter with default format[32m 6[2mms[22m[39m
       [32mΓ£ô[39m should return 400 if title missing[32m 6[2mms[22m[39m
       [32mΓ£ô[39m should handle table not existing[32m 7[2mms[22m[39m
       [32mΓ£ô[39m should return 500 on database error[32m 8[2mms[22m[39m
       [32mΓ£ô[39m should return single cover letter[32m 11[2mms[22m[39m
       [32mΓ£ô[39m should return 404 if cover letter not found[32m 6[2mms[22m[39m
       [32mΓ£ô[39m should return 500 on database error[32m 8[2mms[22m[39m
       [32mΓ£ô[39m should delete cover letter[32m 9[2mms[22m[39m
       [32mΓ£ô[39m should handle table not existing[32m 6[2mms[22m[39m
       [32mΓ£ô[39m should return 500 on database error[32m 7[2mms[22m[39m
[90mstdout[2m | tests/routes/job.vitest.js[2m > [22m[2mJob Routes - Full Coverage[2m > [22m[2mPOST /api/jobs[2m > [22m[2mshould handle industry and role_level empty strings
[22m[39m≡ƒöì Original resume_id from request: [90mundefined[39m ΓåÆ Parsed: [1mnull[22m
≡ƒöì Final cover_letter_id value: [1mnull[22m
≡ƒöì Type of finalCoverLetterId: object

[90mstderr[2m | tests/routes/job.vitest.js[2m > [22m[2mJob Routes - Full 
Coverage[2m > [22m[2mPOST /api/jobs[2m > [22m[2mshould handle template 
conversion error
[22m[39mΓ¥î Job insert error: Error: Database error
    at C:/Users/Zaid Hasan/OneDrive/Desktop/New 
ATS/Aandsz-Forces-ATS-CS490/backend/tests/routes/job.vitest.js:259:32
    at [90mfile:///C:/Users/Zaid%20Hasan/OneDrive/Desktop/New%20ATS/Aandsz-For
ces-ATS-CS490/backend/[39mnode_modules/[4m@vitest/runner[24m/dist/index.js:1
45:11
    at [90mfile:///C:/Users/Zaid%20Hasan/OneDrive/Desktop/New%20ATS/Aandsz-For
ces-ATS-CS490/backend/[39mnode_modules/[4m@vitest/runner[24m/dist/index.js:9
15:26
    at [90mfile:///C:/Users/Zaid%20Hasan/OneDrive/Desktop/New%20ATS/Aandsz-For
ces-ATS-CS490/backend/[39mnode_modules/[4m@vitest/runner[24m/dist/index.js:1
240:20
    at new Promise (<anonymous>)
    at runWithTimeout [90m(file:///C:/Users/Zaid%20Hasan/OneDrive/Desktop/New%
20ATS/Aandsz-Forces-ATS-CS490/backend/[39mnode_modules/[4m@vitest/runner[24m
/dist/index.js:1206:10[90m)[39m
    at [90mfile:///C:/Users/Zaid%20Hasan/OneDrive/Desktop/New%20ATS/Aandsz-For
ces-ATS-CS490/backend/[39mnode_modules/[4m@vitest/runner[24m/dist/index.js:1
650:37
    at Traces.$ [90m(file:///C:/Users/Zaid%20Hasan/OneDrive/Desktop/New%20ATS/
Aandsz-Forces-ATS-CS490/backend/[39mnode_modules/[4mvitest[24m/dist/chunks/t
races.U4xDYhzZ.js:115:27[90m)[39m
    at trace [90m(file:///C:/Users/Zaid%20Hasan/OneDrive/Desktop/New%20ATS/Aan
dsz-Forces-ATS-CS490/backend/[39mnode_modules/[4mvitest[24m/dist/chunks/test
.BT8LKgU9.js:239:21[90m)[39m
    at runTest [90m(file:///C:/Users/Zaid%20Hasan/OneDrive/Desktop/New%20ATS/A
andsz-Forces-ATS-CS490/backend/[39mnode_modules/[4m@vitest/runner[24m/dist/i
ndex.js:1650:12[90m)[39m

[90mstderr[2m | tests/routes/job.vitest.js[2m > [22m[2mJob Routes - Full 
Coverage[2m > [22m[2mPOST /api/jobs[2m > [22m[2mshould handle invalid 
cover letter ID format
[22m[39mΓÜá∩╕Å Invalid cover_letter_id format: invalid_format, setting to 
null

[90mstderr[2m | tests/routes/job.vitest.js[2m > [22m[2mJob Routes - Full 
Coverage[2m > [22m[2mPOST /api/jobs[2m > [22m[2mshould handle final 
safety check for template prefix
[22m[39mΓÜá∩╕Å Template cover letters not supported. Only uploaded cover 
letters are used.

[90mstdout[2m | tests/routes/job.vitest.js[2m > [22m[2mJob Routes - Full Coverage[2m > [22m[2mPOST /api/jobs[2m > [22m[2mshould handle industry and role_level empty strings
[22m[39mΓ£à Stored materials for job 1: resume_id=null, cover_letter_id=null

 [31mΓ¥»[39m tests/routes/offers.vitest.js [2m([22m[2m50 tests[22m[2m | [22m[31m4 failed[39m[2m)[22m[33m 707[2mms[22m[39m
       [32mΓ£ô[39m should return all offers[32m 49[2mms[22m[39m
       [32mΓ£ô[39m should return empty array when no offers[32m 14[2mms[22m[39m
       [32mΓ£ô[39m should return 500 on database error[32m 37[2mms[22m[39m
       [32mΓ£ô[39m should return 401 without authorization[32m 7[2mms[22m[39m
       [32mΓ£ô[39m should return single offer[32m 8[2mms[22m[39m
       [32mΓ£ô[39m should return 404 when offer not found[32m 6[2mms[22m[39m
       [32mΓ£ô[39m should return 500 on database error[32m 8[2mms[22m[39m
       [32mΓ£ô[39m should create offer with all fields[32m 56[2mms[22m[39m
       [32mΓ£ô[39m should create offer with minimal fields[32m 8[2mms[22m[39m
       [32mΓ£ô[39m should create offer with guaranteed bonus[32m 9[2mms[22m[39m
       [32mΓ£ô[39m should calculate total comp with equity vesting[32m 8[2mms[22m[39m
       [32mΓ£ô[39m should handle offer with no base salary[32m 8[2mms[22m[39m
       [32mΓ£ô[39m should detect competing offers automatically[32m 9[2mms[22m[39m
       [32mΓ£ô[39m should use provided competing offers if set[32m 10[2mms[22m[39m
       [32mΓ£ô[39m should return 500 on database error[32m 30[2mms[22m[39m
       [32mΓ£ô[39m should update offer[32m 7[2mms[22m[39m
       [32mΓ£ô[39m should auto-detect competing offers when salary changes[32m 6[2mms[22m[39m
       [32mΓ£ô[39m should calculate negotiation improvement when salary increases[32m 9[2mms[22m[39m
       [32mΓ£ô[39m should handle status change to accepted[32m 8[2mms[22m[39m
       [32mΓ£ô[39m should return 404 when offer not found[32m 6[2mms[22m[39m
       [32mΓ£ô[39m should return 500 on database error[32m 6[2mms[22m[39m
       [32mΓ£ô[39m should record negotiation[32m 8[2mms[22m[39m
       [32mΓ£ô[39m should handle negotiation without initial_base_salary[32m 9[2mms[22m[39m
       [32mΓ£ô[39m should handle negotiation with all fields[32m 8[2mms[22m[39m
       [32mΓ£ô[39m should handle negotiation with zero initial base[32m 8[2mms[22m[39m
       [32mΓ£ô[39m should return 404 when offer not found[32m 14[2mms[22m[39m
       [32mΓ£ô[39m should return 500 on database error[32m 9[2mms[22m[39m
[31m       [31m├ù[31m should accept offer and create compensation history[39m[32m 14[2mms[22m[39m
       [32mΓ£ô[39m should handle already accepted offer with existing comp history[32m 9[2mms[22m[39m
[31m       [31m├ù[31m should warn about multiple active offers[39m[32m 10[2mms[22m[39m
       [32mΓ£ô[39m should return 404 when offer not found[32m 10[2mms[22m[39m
       [32mΓ£ô[39m should return 500 on database error[32m 12[2mms[22m[39m
[31m       [31m├ù[31m should handle compensation history table missing[39m[32m 10[2mms[22m[39m
       [32mΓ£ô[39m should handle compensation history creation error (non-table error)[32m 7[2mms[22m[39m
       [32mΓ£ô[39m should handle offer without total_comp_year1[32m 9[2mms[22m[39m
       [32mΓ£ô[39m should recalculate competing offers for all offers[32m 7[2mms[22m[39m
       [32mΓ£ô[39m should handle no offers[32m 6[2mms[22m[39m
       [32mΓ£ô[39m should return 500 on database error[32m 9[2mms[22m[39m
       [32mΓ£ô[39m should delete offer[32m 9[2mms[22m[39m
       [32mΓ£ô[39m should return 500 on database error[32m 11[2mms[22m[39m
       [32mΓ£ô[39m should handle findCompetingOffers with zero salary[32m 8[2mms[22m[39m
       [32mΓ£ô[39m should handle findCompetingOffers with negative salary[32m 5[2mms[22m[39m
       [32mΓ£ô[39m should handle findCompetingOffers error gracefully[32m 6[2mms[22m[39m
       [32mΓ£ô[39m should handle findCompetingOffers with excludeOfferId[32m 4[2mms[22m[39m
       [32mΓ£ô[39m should handle offer with null values[32m 6[2mms[22m[39m
[31m       [31m├ù[31m should handle competing offers with existing ids array[39m[32m 9[2mms[22m[39m
       [32mΓ£ô[39m should update competing offers when creating new offer[32m 6[2mms[22m[39m
       [32mΓ£ô[39m should not update competing offer if ID already exists[32m 6[2mms[22m[39m
       [32mΓ£ô[39m should handle error when updating competing offer[32m 6[2mms[22m[39m
       [32mΓ£ô[39m should handle competing offer not found[32m 6[2mms[22m[39m
[90mstdout[2m | tests/routes/job.vitest.js[2m > [22m[2mJob Routes - Full Coverage[2m > [22m[2mPOST /api/jobs[2m > [22m[2mshould handle required_skills as array
[22m[39m≡ƒöì Original resume_id from request: [90mundefined[39m ΓåÆ Parsed: [1mnull[22m
≡ƒöì Final cover_letter_id value: [1mnull[22m
≡ƒöì Type of finalCoverLetterId: object

[90mstdout[2m | tests/routes/job.vitest.js[2m > [22m[2mJob Routes - Full Coverage[2m > [22m[2mPOST /api/jobs[2m > [22m[2mshould handle required_skills as array
[22m[39mΓ£à Stored materials for job 1: resume_id=null, cover_letter_id=null

[90mstdout[2m | tests/routes/job.vitest.js[2m > [22m[2mJob Routes - Full Coverage[2m > [22m[2mPOST /api/jobs[2m > [22m[2mshould handle required_skills as non-array
[22m[39m≡ƒöì Original resume_id from request: [90mundefined[39m ΓåÆ Parsed: [1mnull[22m
≡ƒöì Final cover_letter_id value: [1mnull[22m
≡ƒöì Type of finalCoverLetterId: object

[90mstdout[2m | tests/routes/job.vitest.js[2m > [22m[2mJob Routes - Full Coverage[2m > [22m[2mPOST /api/jobs[2m > [22m[2mshould handle required_skills as non-array
[22m[39mΓ£à Stored materials for job 1: resume_id=null, cover_letter_id=null

[90mstdout[2m | tests/routes/job.vitest.js[2m > [22m[2mJob Routes - Full Coverage[2m > [22m[2mPOST /api/jobs[2m > [22m[2mshould handle materials history insertion with both resume and cover letter
[22m[39m≡ƒöì Original resume_id from request: [33m1[39m ΓåÆ Parsed: [33m1[39m
≡ƒöì Final cover_letter_id value: [33m2[39m
≡ƒöì Type of finalCoverLetterId: number

[90mstdout[2m | tests/routes/job.vitest.js[2m > [22m[2mJob Routes - Full Coverage[2m > [22m[2mPOST /api/jobs[2m > [22m[2mshould handle materials history insertion
[22m[39m≡ƒöì Original resume_id from request: [33m1[39m ΓåÆ Parsed: [33m1[39m
≡ƒöì Final cover_letter_id value: [1mnull[22m
≡ƒöì Type of finalCoverLetterId: object

[90mstderr[2m | tests/routes/job.vitest.js[2m > [22m[2mJob Routes - Full 
Coverage[2m > [22m[2mPOST /api/jobs[2m > [22m[2mshould handle materials 
history insertion with both resume and cover letter
[22m[39mΓÜá∩╕Å Resume ID 1 not found for user 1

[90mstderr[2m | tests/routes/job.vitest.js[2m > [22m[2mJob Routes - Full 
Coverage[2m > [22m[2mPOST /api/jobs[2m > [22m[2mshould handle materials 
history insertion with both resume and cover letter
[22m[39mΓ¥î Failed to store materials: Cannot read properties of undefined 
(reading 'rows')
Γ¥î Error details: TypeError: Cannot read properties of undefined (reading 
'rows')
    at C:/Users/Zaid Hasan/OneDrive/Desktop/New 
ATS/Aandsz-Forces-ATS-CS490/backend/routes/job.js:229:24
[90m    at processTicksAndRejections 
(node:internal/process/task_queues:105:5)[39m

[90mstdout[2m | tests/routes/job.vitest.js[2m > [22m[2mJob Routes - Full Coverage[2m > [22m[2mPOST /api/jobs[2m > [22m[2mshould handle materials history insertion
[22m[39mΓ£à Resume ID 1 validated for user 1

[90mstderr[2m | tests/routes/job.vitest.js[2m > [22m[2mJob Routes - Full 
Coverage[2m > [22m[2mPOST /api/jobs[2m > [22m[2mshould handle materials 
history insertion
[22m[39mΓ¥î Failed to store materials: Cannot read properties of undefined 
(reading 'id')
Γ¥î Error details: TypeError: Cannot read properties of undefined (reading 
'id')
    at C:/Users/Zaid Hasan/OneDrive/Desktop/New 
ATS/Aandsz-Forces-ATS-CS490/backend/routes/job.js:250:17
[90m    at processTicksAndRejections 
(node:internal/process/task_queues:105:5)[39m

[90mstdout[2m | tests/routes/job.vitest.js[2m > [22m[2mJob Routes - Full Coverage[2m > [22m[2mPOST /api/jobs[2m > [22m[2mshould handle salary cleaning with decimals
[22m[39m≡ƒöì Original resume_id from request: [90mundefined[39m ΓåÆ Parsed: [1mnull[22m
≡ƒöì Final cover_letter_id value: [1mnull[22m
≡ƒöì Type of finalCoverLetterId: object

[90mstdout[2m | tests/routes/job.vitest.js[2m > [22m[2mJob Routes - Full Coverage[2m > [22m[2mPOST /api/jobs[2m > [22m[2mshould handle salary cleaning with decimals
[22m[39mΓ£à Stored materials for job 1: resume_id=null, cover_letter_id=null

[90mstdout[2m | tests/routes/job.vitest.js[2m > [22m[2mJob Routes - Full Coverage[2m > [22m[2mPOST /api/jobs[2m > [22m[2mshould handle salary cleaning with invalid values
[22m[39m≡ƒöì Original resume_id from request: [90mundefined[39m ΓåÆ Parsed: [1mnull[22m
≡ƒöì Final cover_letter_id value: [1mnull[22m
≡ƒöì Type of finalCoverLetterId: object

[90mstdout[2m | tests/routes/job.vitest.js[2m > [22m[2mJob Routes - Full Coverage[2m > [22m[2mPOST /api/jobs[2m > [22m[2mshould handle salary cleaning with invalid values
[22m[39mΓ£à Stored materials for job 1: resume_id=null, cover_letter_id=null

[90mstdout[2m | tests/routes/job.vitest.js[2m > [22m[2mJob Routes - Full Coverage[2m > [22m[2mPOST /api/jobs[2m > [22m[2mshould return 500 on database error
[22m[39m≡ƒöì Original resume_id from request: [90mundefined[39m ΓåÆ Parsed: [1mnull[22m
≡ƒöì Final cover_letter_id value: [1mnull[22m
≡ƒöì Type of finalCoverLetterId: object

[90mstderr[2m | tests/routes/job.vitest.js[2m > [22m[2mJob Routes - Full 
Coverage[2m > [22m[2mPOST /api/jobs[2m > [22m[2mshould return 500 on 
database error
[22m[39mΓ¥î Job insert error: Error: Database error
    at C:/Users/Zaid Hasan/OneDrive/Desktop/New 
ATS/Aandsz-Forces-ATS-CS490/backend/tests/routes/job.vitest.js:451:41
    at [90mfile:///C:/Users/Zaid%20Hasan/OneDrive/Desktop/New%20ATS/Aandsz-For
ces-ATS-CS490/backend/[39mnode_modules/[4m@vitest/runner[24m/dist/index.js:1
45:11
    at [90mfile:///C:/Users/Zaid%20Hasan/OneDrive/Desktop/New%20ATS/Aandsz-For
ces-ATS-CS490/backend/[39mnode_modules/[4m@vitest/runner[24m/dist/index.js:9
15:26
    at [90mfile:///C:/Users/Zaid%20Hasan/OneDrive/Desktop/New%20ATS/Aandsz-For
ces-ATS-CS490/backend/[39mnode_modules/[4m@vitest/runner[24m/dist/index.js:1
240:20
    at new Promise (<anonymous>)
    at runWithTimeout [90m(file:///C:/Users/Zaid%20Hasan/OneDrive/Desktop/New%
20ATS/Aandsz-Forces-ATS-CS490/backend/[39mnode_modules/[4m@vitest/runner[24m
/dist/index.js:1206:10[90m)[39m
    at [90mfile:///C:/Users/Zaid%20Hasan/OneDrive/Desktop/New%20ATS/Aandsz-For
ces-ATS-CS490/backend/[39mnode_modules/[4m@vitest/runner[24m/dist/index.js:1
650:37
    at Traces.$ [90m(file:///C:/Users/Zaid%20Hasan/OneDrive/Desktop/New%20ATS/
Aandsz-Forces-ATS-CS490/backend/[39mnode_modules/[4mvitest[24m/dist/chunks/t
races.U4xDYhzZ.js:115:27[90m)[39m
    at trace [90m(file:///C:/Users/Zaid%20Hasan/OneDrive/Desktop/New%20ATS/Aan
dsz-Forces-ATS-CS490/backend/[39mnode_modules/[4mvitest[24m/dist/chunks/test
.BT8LKgU9.js:239:21[90m)[39m
    at runTest [90m(file:///C:/Users/Zaid%20Hasan/OneDrive/Desktop/New%20ATS/A
andsz-Forces-ATS-CS490/backend/[39mnode_modules/[4m@vitest/runner[24m/dist/i
ndex.js:1650:12[90m)[39m

[90mstderr[2m | tests/routes/job.vitest.js[2m > [22m[2mJob Routes - Full 
Coverage[2m > [22m[2mGET /api/jobs[2m > [22m[2mshould return 500 on 
database error
[22m[39mΓ¥î Fetch jobs error: Database error

[90mstderr[2m | tests/routes/job.vitest.js[2m > [22m[2mJob Routes - Full 
Coverage[2m > [22m[2mGET /api/jobs/stats[2m > [22m[2mshould return 500 
on database error
[22m[39mΓ¥î Statistics query error: Error: Database error
    at C:/Users/Zaid Hasan/OneDrive/Desktop/New 
ATS/Aandsz-Forces-ATS-CS490/backend/tests/routes/job.vitest.js:659:41
    at [90mfile:///C:/Users/Zaid%20Hasan/OneDrive/Desktop/New%20ATS/Aandsz-For
ces-ATS-CS490/backend/[39mnode_modules/[4m@vitest/runner[24m/dist/index.js:1
45:11
    at [90mfile:///C:/Users/Zaid%20Hasan/OneDrive/Desktop/New%20ATS/Aandsz-For
ces-ATS-CS490/backend/[39mnode_modules/[4m@vitest/runner[24m/dist/index.js:9
15:26
    at [90mfile:///C:/Users/Zaid%20Hasan/OneDrive/Desktop/New%20ATS/Aandsz-For
ces-ATS-CS490/backend/[39mnode_modules/[4m@vitest/runner[24m/dist/index.js:1
240:20
    at new Promise (<anonymous>)
    at runWithTimeout [90m(file:///C:/Users/Zaid%20Hasan/OneDrive/Desktop/New%
20ATS/Aandsz-Forces-ATS-CS490/backend/[39mnode_modules/[4m@vitest/runner[24m
/dist/index.js:1206:10[90m)[39m
    at [90mfile:///C:/Users/Zaid%20Hasan/OneDrive/Desktop/New%20ATS/Aandsz-For
ces-ATS-CS490/backend/[39mnode_modules/[4m@vitest/runner[24m/dist/index.js:1
650:37
    at Traces.$ [90m(file:///C:/Users/Zaid%20Hasan/OneDrive/Desktop/New%20ATS/
Aandsz-Forces-ATS-CS490/backend/[39mnode_modules/[4mvitest[24m/dist/chunks/t
races.U4xDYhzZ.js:115:27[90m)[39m
    at trace [90m(file:///C:/Users/Zaid%20Hasan/OneDrive/Desktop/New%20ATS/Aan
dsz-Forces-ATS-CS490/backend/[39mnode_modules/[4mvitest[24m/dist/chunks/test
.BT8LKgU9.js:239:21[90m)[39m
    at runTest [90m(file:///C:/Users/Zaid%20Hasan/OneDrive/Desktop/New%20ATS/A
andsz-Forces-ATS-CS490/backend/[39mnode_modules/[4m@vitest/runner[24m/dist/i
ndex.js:1650:12[90m)[39m

[90mstderr[2m | tests/routes/job.vitest.js[2m > [22m[2mJob Routes - Full 
Coverage[2m > [22m[2mGET /api/jobs/archived[2m > [22m[2mshould return 
500 on database error
[22m[39mΓ¥î Fetch archived jobs error: Database error

[90mstdout[2m | tests/routes/job.vitest.js[2m > [22m[2mJob Routes - Full Coverage[2m > [22m[2mGET /api/jobs/:id[2m > [22m[2mshould return job by id
[22m[39m≡ƒôñ [GET JOB 1] Returning job with resume_id=null, cover_letter_id=null

[90mstderr[2m | tests/routes/job.vitest.js[2m > [22m[2mJob Routes - Full 
Coverage[2m > [22m[2mGET /api/jobs/:id[2m > [22m[2mshould return job by 
id
[22m[39mΓÜá∩╕Å [GET JOB 1] Error fetching materials: Cannot read properties 
of undefined (reading 'rows')

[90mstderr[2m | tests/routes/job.vitest.js[2m > [22m[2mJob Routes - Full 
Coverage[2m > [22m[2mGET /api/jobs/:id[2m > [22m[2mshould return 500 on 
database error
[22m[39mΓ¥î Get job details error: Error: Database error
    at C:/Users/Zaid Hasan/OneDrive/Desktop/New 
ATS/Aandsz-Forces-ATS-CS490/backend/tests/routes/job.vitest.js:720:41
    at [90mfile:///C:/Users/Zaid%20Hasan/OneDrive/Desktop/New%20ATS/Aandsz-For
ces-ATS-CS490/backend/[39mnode_modules/[4m@vitest/runner[24m/dist/index.js:1
45:11
    at [90mfile:///C:/Users/Zaid%20Hasan/OneDrive/Desktop/New%20ATS/Aandsz-For
ces-ATS-CS490/backend/[39mnode_modules/[4m@vitest/runner[24m/dist/index.js:9
15:26
    at [90mfile:///C:/Users/Zaid%20Hasan/OneDrive/Desktop/New%20ATS/Aandsz-For
ces-ATS-CS490/backend/[39mnode_modules/[4m@vitest/runner[24m/dist/index.js:1
240:20
    at new Promise (<anonymous>)
    at runWithTimeout [90m(file:///C:/Users/Zaid%20Hasan/OneDrive/Desktop/New%
20ATS/Aandsz-Forces-ATS-CS490/backend/[39mnode_modules/[4m@vitest/runner[24m
/dist/index.js:1206:10[90m)[39m
    at [90mfile:///C:/Users/Zaid%20Hasan/OneDrive/Desktop/New%20ATS/Aandsz-For
ces-ATS-CS490/backend/[39mnode_modules/[4m@vitest/runner[24m/dist/index.js:1
650:37
    at Traces.$ [90m(file:///C:/Users/Zaid%20Hasan/OneDrive/Desktop/New%20ATS/
Aandsz-Forces-ATS-CS490/backend/[39mnode_modules/[4mvitest[24m/dist/chunks/t
races.U4xDYhzZ.js:115:27[90m)[39m
    at trace [90m(file:///C:/Users/Zaid%20Hasan/OneDrive/Desktop/New%20ATS/Aan
dsz-Forces-ATS-CS490/backend/[39mnode_modules/[4mvitest[24m/dist/chunks/test
.BT8LKgU9.js:239:21[90m)[39m
    at runTest [90m(file:///C:/Users/Zaid%20Hasan/OneDrive/Desktop/New%20ATS/A
andsz-Forces-ATS-CS490/backend/[39mnode_modules/[4m@vitest/runner[24m/dist/i
ndex.js:1650:12[90m)[39m

[90mstderr[2m | tests/routes/job.vitest.js[2m > [22m[2mJob Routes - Full 
Coverage[2m > [22m[2mPUT /api/jobs/:id[2m > [22m[2mshould return 500 on 
database error
[22m[39mΓ¥î Job update error: Database error

[90mstderr[2m | tests/routes/job.vitest.js[2m > [22m[2mJob Routes - Full 
Coverage[2m > [22m[2mPUT /api/jobs/:id/status[2m > [22m[2mshould return 
500 on database error
[22m[39mΓ¥î Failed to update job stage: Database error

[90mstderr[2m | tests/routes/job.vitest.js[2m > [22m[2mJob Routes - Full 
Coverage[2m > [22m[2mPUT /api/jobs/:id/status[2m > [22m[2mshould handle 
application history insertion error
[22m[39mΓ¥î Failed to update job stage: History insert failed

[90mstderr[2m | tests/routes/job.vitest.js[2m > [22m[2mJob Routes - Full 
Coverage[2m > [22m[2mPUT /api/jobs/:id/archive[2m > [22m[2mshould return 
500 on database error
[22m[39mΓ¥î Archive job error: Database error

[90mstderr[2m | tests/routes/job.vitest.js[2m > [22m[2mJob Routes - Full 
Coverage[2m > [22m[2mPUT /api/jobs/:id/restore[2m > [22m[2mshould return 
500 on database error
[22m[39mΓ¥î Restore job error: Database error

[90mstderr[2m | tests/routes/job.vitest.js[2m > [22m[2mJob Routes - Full 
Coverage[2m > [22m[2mDELETE /api/jobs/:id[2m > [22m[2mshould return 500 
on database error
[22m[39mΓ¥î Delete job error: Database error

[90mstderr[2m | tests/routes/job.vitest.js[2m > [22m[2mJob Routes - Full 
Coverage[2m > [22m[2mDELETE /api/jobs/:id[2m > [22m[2mshould handle 
materials history delete error (non-42P01)
[22m[39mΓÜá∩╕Å Error deleting from application_materials_history: Other 
database error

[90mstderr[2m | tests/routes/job.vitest.js[2m > [22m[2mJob Routes - Full 
Coverage[2m > [22m[2mPUT /api/jobs/bulk/deadline[2m > [22m[2mshould 
return 500 on database error
[22m[39mΓ¥î Bulk deadline update error: Database error

[90mstderr[2m | tests/routes/job.vitest.js[2m > [22m[2mJob Routes - Full 
Coverage[2m > [22m[2mPUT /api/jobs/:id/materials[2m > [22m[2mshould 
update materials with customization levels
[22m[39mΓ¥î Update materials error: TypeError: Cannot read properties of 
undefined (reading 'rows')
    at C:/Users/Zaid Hasan/OneDrive/Desktop/New 
ATS/Aandsz-Forces-ATS-CS490/backend/routes/job.js:910:16
[90m    at processTicksAndRejections 
(node:internal/process/task_queues:105:5)[39m

[90mstderr[2m | tests/routes/job.vitest.js[2m > [22m[2mJob Routes - Full 
Coverage[2m > [22m[2mPUT /api/jobs/:id/materials[2m > [22m[2mshould 
handle template cover letter conversion in materials update
[22m[39mΓÜá∩╕Å Template cover letters not supported. Only uploaded cover 
letters are used.

[90mstderr[2m | tests/routes/job.vitest.js[2m > [22m[2mJob Routes - Full 
Coverage[2m > [22m[2mPUT /api/jobs/:id/materials[2m > [22m[2mshould 
fallback to basic update if customization columns missing
[22m[39mΓ¥î Update materials error: Error: Column does not exist
    at C:/Users/Zaid Hasan/OneDrive/Desktop/New 
ATS/Aandsz-Forces-ATS-CS490/backend/tests/routes/job.vitest.js:1527:24
    at [90mfile:///C:/Users/Zaid%20Hasan/OneDrive/Desktop/New%20ATS/Aandsz-For
ces-ATS-CS490/backend/[39mnode_modules/[4m@vitest/runner[24m/dist/index.js:1
45:11
    at [90mfile:///C:/Users/Zaid%20Hasan/OneDrive/Desktop/New%20ATS/Aandsz-For
ces-ATS-CS490/backend/[39mnode_modules/[4m@vitest/runner[24m/dist/index.js:9
15:26
    at [90mfile:///C:/Users/Zaid%20Hasan/OneDrive/Desktop/New%20ATS/Aandsz-For
ces-ATS-CS490/backend/[39mnode_modules/[4m@vitest/runner[24m/dist/index.js:1
240:20
    at new Promise (<anonymous>)
    at runWithTimeout [90m(file:///C:/Users/Zaid%20Hasan/OneDrive/Desktop/New%
20ATS/Aandsz-Forces-ATS-CS490/backend/[39mnode_modules/[4m@vitest/runner[24m
/dist/index.js:1206:10[90m)[39m
    at [90mfile:///C:/Users/Zaid%20Hasan/OneDrive/Desktop/New%20ATS/Aandsz-For
ces-ATS-CS490/backend/[39mnode_modules/[4m@vitest/runner[24m/dist/index.js:1
650:37
    at Traces.$ [90m(file:///C:/Users/Zaid%20Hasan/OneDrive/Desktop/New%20ATS/
Aandsz-Forces-ATS-CS490/backend/[39mnode_modules/[4mvitest[24m/dist/chunks/t
races.U4xDYhzZ.js:115:27[90m)[39m
    at trace [90m(file:///C:/Users/Zaid%20Hasan/OneDrive/Desktop/New%20ATS/Aan
dsz-Forces-ATS-CS490/backend/[39mnode_modules/[4mvitest[24m/dist/chunks/test
.BT8LKgU9.js:239:21[90m)[39m
    at runTest [90m(file:///C:/Users/Zaid%20Hasan/OneDrive/Desktop/New%20ATS/A
andsz-Forces-ATS-CS490/backend/[39mnode_modules/[4m@vitest/runner[24m/dist/i
ndex.js:1650:12[90m)[39m {
  code: [32m'42703'[39m
}

[90mstderr[2m | tests/routes/job.vitest.js[2m > [22m[2mJob Routes - Full 
Coverage[2m > [22m[2mPUT /api/jobs/:id/materials[2m > [22m[2mshould 
validate customization levels
[22m[39mΓ¥î Update materials error: TypeError: Cannot read properties of 
undefined (reading 'rows')
    at C:/Users/Zaid Hasan/OneDrive/Desktop/New 
ATS/Aandsz-Forces-ATS-CS490/backend/routes/job.js:910:16
[90m    at processTicksAndRejections 
(node:internal/process/task_queues:105:5)[39m

[90mstderr[2m | tests/routes/job.vitest.js[2m > [22m[2mJob Routes - Full 
Coverage[2m > [22m[2mPUT /api/jobs/:id/materials[2m > [22m[2mshould 
handle materials history table missing
[22m[39mΓ¥î Update materials error: Error: Table does not exist
    at C:/Users/Zaid Hasan/OneDrive/Desktop/New 
ATS/Aandsz-Forces-ATS-CS490/backend/tests/routes/job.vitest.js:1566:28
    at [90mfile:///C:/Users/Zaid%20Hasan/OneDrive/Desktop/New%20ATS/Aandsz-For
ces-ATS-CS490/backend/[39mnode_modules/[4m@vitest/runner[24m/dist/index.js:1
45:11
    at [90mfile:///C:/Users/Zaid%20Hasan/OneDrive/Desktop/New%20ATS/Aandsz-For
ces-ATS-CS490/backend/[39mnode_modules/[4m@vitest/runner[24m/dist/index.js:9
15:26
    at [90mfile:///C:/Users/Zaid%20Hasan/OneDrive/Desktop/New%20ATS/Aandsz-For
ces-ATS-CS490/backend/[39mnode_modules/[4m@vitest/runner[24m/dist/index.js:1
240:20
    at new Promise (<anonymous>)
    at runWithTimeout [90m(file:///C:/Users/Zaid%20Hasan/OneDrive/Desktop/New%
20ATS/Aandsz-Forces-ATS-CS490/backend/[39mnode_modules/[4m@vitest/runner[24m
/dist/index.js:1206:10[90m)[39m
    at [90mfile:///C:/Users/Zaid%20Hasan/OneDrive/Desktop/New%20ATS/Aandsz-For
ces-ATS-CS490/backend/[39mnode_modules/[4m@vitest/runner[24m/dist/index.js:1
650:37
    at Traces.$ [90m(file:///C:/Users/Zaid%20Hasan/OneDrive/Desktop/New%20ATS/
Aandsz-Forces-ATS-CS490/backend/[39mnode_modules/[4mvitest[24m/dist/chunks/t
races.U4xDYhzZ.js:115:27[90m)[39m
    at trace [90m(file:///C:/Users/Zaid%20Hasan/OneDrive/Desktop/New%20ATS/Aan
dsz-Forces-ATS-CS490/backend/[39mnode_modules/[4mvitest[24m/dist/chunks/test
.BT8LKgU9.js:239:21[90m)[39m
    at runTest [90m(file:///C:/Users/Zaid%20Hasan/OneDrive/Desktop/New%20ATS/A
andsz-Forces-ATS-CS490/backend/[39mnode_modules/[4m@vitest/runner[24m/dist/i
ndex.js:1650:12[90m)[39m {
  code: [32m'42P01'[39m
}

[90mstderr[2m | tests/routes/job.vitest.js[2m > [22m[2mJob Routes - Full 
Coverage[2m > [22m[2mPUT /api/jobs/:id/materials[2m > [22m[2mshould 
handle template conversion with name column fallback in materials update
[22m[39mΓÜá∩╕Å Template cover letters not supported. Only uploaded cover 
letters are used.

[90mstderr[2m | tests/routes/job.vitest.js[2m > [22m[2mJob Routes - Full 
Coverage[2m > [22m[2mPUT /api/jobs/:id/materials[2m > [22m[2mshould 
handle template conversion with name column fallback in materials update
[22m[39mΓ¥î Update materials error: Error: Column does not exist
    at C:/Users/Zaid Hasan/OneDrive/Desktop/New 
ATS/Aandsz-Forces-ATS-CS490/backend/tests/routes/job.vitest.js:1586:26
    at [90mfile:///C:/Users/Zaid%20Hasan/OneDrive/Desktop/New%20ATS/Aandsz-For
ces-ATS-CS490/backend/[39mnode_modules/[4m@vitest/runner[24m/dist/index.js:1
45:11
    at [90mfile:///C:/Users/Zaid%20Hasan/OneDrive/Desktop/New%20ATS/Aandsz-For
ces-ATS-CS490/backend/[39mnode_modules/[4m@vitest/runner[24m/dist/index.js:9
15:26
    at [90mfile:///C:/Users/Zaid%20Hasan/OneDrive/Desktop/New%20ATS/Aandsz-For
ces-ATS-CS490/backend/[39mnode_modules/[4m@vitest/runner[24m/dist/index.js:1
240:20
    at new Promise (<anonymous>)
    at runWithTimeout [90m(file:///C:/Users/Zaid%20Hasan/OneDrive/Desktop/New%
20ATS/Aandsz-Forces-ATS-CS490/backend/[39mnode_modules/[4m@vitest/runner[24m
/dist/index.js:1206:10[90m)[39m
    at [90mfile:///C:/Users/Zaid%20Hasan/OneDrive/Desktop/New%20ATS/Aandsz-For
ces-ATS-CS490/backend/[39mnode_modules/[4m@vitest/runner[24m/dist/index.js:1
650:37
    at Traces.$ [90m(file:///C:/Users/Zaid%20Hasan/OneDrive/Desktop/New%20ATS/
Aandsz-Forces-ATS-CS490/backend/[39mnode_modules/[4mvitest[24m/dist/chunks/t
races.U4xDYhzZ.js:115:27[90m)[39m
    at trace [90m(file:///C:/Users/Zaid%20Hasan/OneDrive/Desktop/New%20ATS/Aan
dsz-Forces-ATS-CS490/backend/[39mnode_modules/[4mvitest[24m/dist/chunks/test
.BT8LKgU9.js:239:21[90m)[39m
    at runTest [90m(file:///C:/Users/Zaid%20Hasan/OneDrive/Desktop/New%20ATS/A
andsz-Forces-ATS-CS490/backend/[39mnode_modules/[4m@vitest/runner[24m/dist/i
ndex.js:1650:12[90m)[39m {
  code: [32m'42703'[39m
}

[90mstderr[2m | tests/routes/job.vitest.js[2m > [22m[2mJob Routes - Full 
Coverage[2m > [22m[2mPUT /api/jobs/:id/materials[2m > [22m[2mshould 
handle template conversion error in materials update
[22m[39mΓÜá∩╕Å Template cover letters not supported. Only uploaded cover 
letters are used.

[90mstderr[2m | tests/routes/job.vitest.js[2m > [22m[2mJob Routes - Full 
Coverage[2m > [22m[2mPUT /api/jobs/:id/materials[2m > [22m[2mshould 
handle template conversion error in materials update
[22m[39mΓ¥î Update materials error: Error: Template fetch error
    at C:/Users/Zaid Hasan/OneDrive/Desktop/New 
ATS/Aandsz-Forces-ATS-CS490/backend/tests/routes/job.vitest.js:1613:32
    at [90mfile:///C:/Users/Zaid%20Hasan/OneDrive/Desktop/New%20ATS/Aandsz-For
ces-ATS-CS490/backend/[39mnode_modules/[4m@vitest/runner[24m/dist/index.js:1
45:11
    at [90mfile:///C:/Users/Zaid%20Hasan/OneDrive/Desktop/New%20ATS/Aandsz-For
ces-ATS-CS490/backend/[39mnode_modules/[4m@vitest/runner[24m/dist/index.js:9
15:26
    at [90mfile:///C:/Users/Zaid%20Hasan/OneDrive/Desktop/New%20ATS/Aandsz-For
ces-ATS-CS490/backend/[39mnode_modules/[4m@vitest/runner[24m/dist/index.js:1
240:20
    at new Promise (<anonymous>)
    at runWithTimeout [90m(file:///C:/Users/Zaid%20Hasan/OneDrive/Desktop/New%
20ATS/Aandsz-Forces-ATS-CS490/backend/[39mnode_modules/[4m@vitest/runner[24m
/dist/index.js:1206:10[90m)[39m
    at [90mfile:///C:/Users/Zaid%20Hasan/OneDrive/Desktop/New%20ATS/Aandsz-For
ces-ATS-CS490/backend/[39mnode_modules/[4m@vitest/runner[24m/dist/index.js:1
650:37
    at Traces.$ [90m(file:///C:/Users/Zaid%20Hasan/OneDrive/Desktop/New%20ATS/
Aandsz-Forces-ATS-CS490/backend/[39mnode_modules/[4mvitest[24m/dist/chunks/t
races.U4xDYhzZ.js:115:27[90m)[39m
    at trace [90m(file:///C:/Users/Zaid%20Hasan/OneDrive/Desktop/New%20ATS/Aan
dsz-Forces-ATS-CS490/backend/[39mnode_modules/[4mvitest[24m/dist/chunks/test
.BT8LKgU9.js:239:21[90m)[39m
    at runTest [90m(file:///C:/Users/Zaid%20Hasan/OneDrive/Desktop/New%20ATS/A
andsz-Forces-ATS-CS490/backend/[39mnode_modules/[4m@vitest/runner[24m/dist/i
ndex.js:1650:12[90m)[39m

[90mstderr[2m | tests/routes/job.vitest.js[2m > [22m[2mJob Routes - Full 
Coverage[2m > [22m[2mPUT /api/jobs/:id/materials[2m > [22m[2mshould 
handle invalid cover letter ID in materials update
[22m[39mΓ¥î Update materials error: TypeError: Cannot read properties of 
undefined (reading 'rows')
    at C:/Users/Zaid Hasan/OneDrive/Desktop/New 
ATS/Aandsz-Forces-ATS-CS490/backend/routes/job.js:910:16
[90m    at processTicksAndRejections 
(node:internal/process/task_queues:105:5)[39m

[90mstderr[2m | tests/routes/job.vitest.js[2m > [22m[2mJob Routes - Full 
Coverage[2m > [22m[2mPUT /api/jobs/:id/materials[2m > [22m[2mshould 
handle materials update error with column error
[22m[39mΓ¥î Update materials error: Error: Column does not exist
    at C:/Users/Zaid Hasan/OneDrive/Desktop/New 
ATS/Aandsz-Forces-ATS-CS490/backend/tests/routes/job.vitest.js:1647:24
    at [90mfile:///C:/Users/Zaid%20Hasan/OneDrive/Desktop/New%20ATS/Aandsz-For
ces-ATS-CS490/backend/[39mnode_modules/[4m@vitest/runner[24m/dist/index.js:1
45:11
    at [90mfile:///C:/Users/Zaid%20Hasan/OneDrive/Desktop/New%20ATS/Aandsz-For
ces-ATS-CS490/backend/[39mnode_modules/[4m@vitest/runner[24m/dist/index.js:9
15:26
    at [90mfile:///C:/Users/Zaid%20Hasan/OneDrive/Desktop/New%20ATS/Aandsz-For
ces-ATS-CS490/backend/[39mnode_modules/[4m@vitest/runner[24m/dist/index.js:1
240:20
    at new Promise (<anonymous>)
    at runWithTimeout [90m(file:///C:/Users/Zaid%20Hasan/OneDrive/Desktop/New%
20ATS/Aandsz-Forces-ATS-CS490/backend/[39mnode_modules/[4m@vitest/runner[24m
/dist/index.js:1206:10[90m)[39m
    at [90mfile:///C:/Users/Zaid%20Hasan/OneDrive/Desktop/New%20ATS/Aandsz-For
ces-ATS-CS490/backend/[39mnode_modules/[4m@vitest/runner[24m/dist/index.js:1
650:37
    at Traces.$ [90m(file:///C:/Users/Zaid%20Hasan/OneDrive/Desktop/New%20ATS/
Aandsz-Forces-ATS-CS490/backend/[39mnode_modules/[4mvitest[24m/dist/chunks/t
races.U4xDYhzZ.js:115:27[90m)[39m
    at trace [90m(file:///C:/Users/Zaid%20Hasan/OneDrive/Desktop/New%20ATS/Aan
dsz-Forces-ATS-CS490/backend/[39mnode_modules/[4mvitest[24m/dist/chunks/test
.BT8LKgU9.js:239:21[90m)[39m
    at runTest [90m(file:///C:/Users/Zaid%20Hasan/OneDrive/Desktop/New%20ATS/A
andsz-Forces-ATS-CS490/backend/[39mnode_modules/[4m@vitest/runner[24m/dist/i
ndex.js:1650:12[90m)[39m {
  code: [32m'42703'[39m
}

[90mstderr[2m | tests/routes/job.vitest.js[2m > [22m[2mJob Routes - Full 
Coverage[2m > [22m[2mPUT /api/jobs/:id/materials[2m > [22m[2mshould 
handle materials update error with table error
[22m[39mΓ¥î Update materials error: Error: Table does not exist
    at C:/Users/Zaid Hasan/OneDrive/Desktop/New 
ATS/Aandsz-Forces-ATS-CS490/backend/tests/routes/job.vitest.js:1666:26
    at [90mfile:///C:/Users/Zaid%20Hasan/OneDrive/Desktop/New%20ATS/Aandsz-For
ces-ATS-CS490/backend/[39mnode_modules/[4m@vitest/runner[24m/dist/index.js:1
45:11
    at [90mfile:///C:/Users/Zaid%20Hasan/OneDrive/Desktop/New%20ATS/Aandsz-For
ces-ATS-CS490/backend/[39mnode_modules/[4m@vitest/runner[24m/dist/index.js:9
15:26
    at [90mfile:///C:/Users/Zaid%20Hasan/OneDrive/Desktop/New%20ATS/Aandsz-For
ces-ATS-CS490/backend/[39mnode_modules/[4m@vitest/runner[24m/dist/index.js:1
240:20
    at new Promise (<anonymous>)
    at runWithTimeout [90m(file:///C:/Users/Zaid%20Hasan/OneDrive/Desktop/New%
20ATS/Aandsz-Forces-ATS-CS490/backend/[39mnode_modules/[4m@vitest/runner[24m
/dist/index.js:1206:10[90m)[39m
    at [90mfile:///C:/Users/Zaid%20Hasan/OneDrive/Desktop/New%20ATS/Aandsz-For
ces-ATS-CS490/backend/[39mnode_modules/[4m@vitest/runner[24m/dist/index.js:1
650:37
    at Traces.$ [90m(file:///C:/Users/Zaid%20Hasan/OneDrive/Desktop/New%20ATS/
Aandsz-Forces-ATS-CS490/backend/[39mnode_modules/[4mvitest[24m/dist/chunks/t
races.U4xDYhzZ.js:115:27[90m)[39m
    at trace [90m(file:///C:/Users/Zaid%20Hasan/OneDrive/Desktop/New%20ATS/Aan
dsz-Forces-ATS-CS490/backend/[39mnode_modules/[4mvitest[24m/dist/chunks/test
.BT8LKgU9.js:239:21[90m)[39m
    at runTest [90m(file:///C:/Users/Zaid%20Hasan/OneDrive/Desktop/New%20ATS/A
andsz-Forces-ATS-CS490/backend/[39mnode_modules/[4m@vitest/runner[24m/dist/i
ndex.js:1650:12[90m)[39m {
  code: [32m'42P01'[39m
}

[90mstderr[2m | tests/routes/job.vitest.js[2m > [22m[2mJob Routes - Full 
Coverage[2m > [22m[2mPUT /api/jobs/:id/materials[2m > [22m[2mshould 
return 404 if job not found
[22m[39mΓ¥î Update materials error: TypeError: Cannot read properties of 
undefined (reading 'rows')
    at C:/Users/Zaid Hasan/OneDrive/Desktop/New 
ATS/Aandsz-Forces-ATS-CS490/backend/routes/job.js:910:16
[90m    at processTicksAndRejections 
(node:internal/process/task_queues:105:5)[39m

[90mstderr[2m | tests/routes/job.vitest.js[2m > [22m[2mJob Routes - Full 
Coverage[2m > [22m[2mPUT /api/jobs/:id/materials[2m > [22m[2mshould 
return 500 on database error
[22m[39mΓ¥î Update materials error: Error: Database error
    at C:/Users/Zaid Hasan/OneDrive/Desktop/New 
ATS/Aandsz-Forces-ATS-CS490/backend/tests/routes/job.vitest.js:1696:41
    at [90mfile:///C:/Users/Zaid%20Hasan/OneDrive/Desktop/New%20ATS/Aandsz-For
ces-ATS-CS490/backend/[39mnode_modules/[4m@vitest/runner[24m/dist/index.js:1
45:11
    at [90mfile:///C:/Users/Zaid%20Hasan/OneDrive/Desktop/New%20ATS/Aandsz-For
ces-ATS-CS490/backend/[39mnode_modules/[4m@vitest/runner[24m/dist/index.js:9
15:26
    at [90mfile:///C:/Users/Zaid%20Hasan/OneDrive/Desktop/New%20ATS/Aandsz-For
ces-ATS-CS490/backend/[39mnode_modules/[4m@vitest/runner[24m/dist/index.js:1
240:20
    at new Promise (<anonymous>)
    at runWithTimeout [90m(file:///C:/Users/Zaid%20Hasan/OneDrive/Desktop/New%
20ATS/Aandsz-Forces-ATS-CS490/backend/[39mnode_modules/[4m@vitest/runner[24m
/dist/index.js:1206:10[90m)[39m
    at [90mfile:///C:/Users/Zaid%20Hasan/OneDrive/Desktop/New%20ATS/Aandsz-For
ces-ATS-CS490/backend/[39mnode_modules/[4m@vitest/runner[24m/dist/index.js:1
650:37
    at Traces.$ [90m(file:///C:/Users/Zaid%20Hasan/OneDrive/Desktop/New%20ATS/
Aandsz-Forces-ATS-CS490/backend/[39mnode_modules/[4mvitest[24m/dist/chunks/t
races.U4xDYhzZ.js:115:27[90m)[39m
    at trace [90m(file:///C:/Users/Zaid%20Hasan/OneDrive/Desktop/New%20ATS/Aan
dsz-Forces-ATS-CS490/backend/[39mnode_modules/[4mvitest[24m/dist/chunks/test
.BT8LKgU9.js:239:21[90m)[39m
    at runTest [90m(file:///C:/Users/Zaid%20Hasan/OneDrive/Desktop/New%20ATS/A
andsz-Forces-ATS-CS490/backend/[39mnode_modules/[4m@vitest/runner[24m/dist/i
ndex.js:1650:12[90m)[39m

[90mstdout[2m | tests/routes/job.vitest.js[2m > [22m[2mJob Routes - Full Coverage[2m > [22m[2mPOST /api/jobs/fix-role-types[2m > [22m[2mshould fix role types for all jobs
[22m[39m≡ƒöÑ FIX ROUTE HIT
Rows found: [33m2[39m
Updating: Software Engineer ΓåÆ Engineering

[90mstdout[2m | tests/routes/job.vitest.js[2m > [22m[2mJob Routes - Full Coverage[2m > [22m[2mPOST /api/jobs/fix-role-types[2m > [22m[2mshould fix role types for all jobs
[22m[39mUpdating: Product Manager ΓåÆ Management

[90mstderr[2m | tests/routes/job.vitest.js[2m > [22m[2mJob Routes - Full 
Coverage[2m > [22m[2mPOST /api/jobs/fix-role-types[2m > [22m[2mshould 
return 500 on database error
[22m[39mΓ¥î Role type fix error: Error: Database error
    at C:/Users/Zaid Hasan/OneDrive/Desktop/New 
ATS/Aandsz-Forces-ATS-CS490/backend/tests/routes/job.vitest.js:1730:41
    at [90mfile:///C:/Users/Zaid%20Hasan/OneDrive/Desktop/New%20ATS/Aandsz-For
ces-ATS-CS490/backend/[39mnode_modules/[4m@vitest/runner[24m/dist/index.js:1
45:11
    at [90mfile:///C:/Users/Zaid%20Hasan/OneDrive/Desktop/New%20ATS/Aandsz-For
ces-ATS-CS490/backend/[39mnode_modules/[4m@vitest/runner[24m/dist/index.js:9
15:26
    at [90mfile:///C:/Users/Zaid%20Hasan/OneDrive/Desktop/New%20ATS/Aandsz-For
ces-ATS-CS490/backend/[39mnode_modules/[4m@vitest/runner[24m/dist/index.js:1
240:20
    at new Promise (<anonymous>)
    at runWithTimeout [90m(file:///C:/Users/Zaid%20Hasan/OneDrive/Desktop/New%
20ATS/Aandsz-Forces-ATS-CS490/backend/[39mnode_modules/[4m@vitest/runner[24m
/dist/index.js:1206:10[90m)[39m
    at [90mfile:///C:/Users/Zaid%20Hasan/OneDrive/Desktop/New%20ATS/Aandsz-For
ces-ATS-CS490/backend/[39mnode_modules/[4m@vitest/runner[24m/dist/index.js:1
650:37
    at Traces.$ [90m(file:///C:/Users/Zaid%20Hasan/OneDrive/Desktop/New%20ATS/
Aandsz-Forces-ATS-CS490/backend/[39mnode_modules/[4mvitest[24m/dist/chunks/t
races.U4xDYhzZ.js:115:27[90m)[39m
    at trace [90m(file:///C:/Users/Zaid%20Hasan/OneDrive/Desktop/New%20ATS/Aan
dsz-Forces-ATS-CS490/backend/[39mnode_modules/[4mvitest[24m/dist/chunks/test
.BT8LKgU9.js:239:21[90m)[39m
    at runTest [90m(file:///C:/Users/Zaid%20Hasan/OneDrive/Desktop/New%20ATS/A
andsz-Forces-ATS-CS490/backend/[39mnode_modules/[4m@vitest/runner[24m/dist/i
ndex.js:1650:12[90m)[39m

 [31mΓ¥»[39m tests/routes/job.vitest.js [2m([22m[2m100 tests[22m[2m | [22m[31m21 failed[39m[2m)[22m[33m 829[2mms[22m[39m
       [32mΓ£ô[39m should create job with all fields[32m 58[2mms[22m[39m
       [32mΓ£ô[39m should return 400 if title or company missing[32m 7[2mms[22m[39m
       [32mΓ£ô[39m should handle dateApplied alias for applicationDate[32m 8[2mms[22m[39m
       [32mΓ£ô[39m should clean salary values[32m 7[2mms[22m[39m
       [32mΓ£ô[39m should handle template cover letter conversion with title column[32m 8[2mms[22m[39m
       [32mΓ£ô[39m should handle template cover letter conversion with name column fallback[32m 28[2mms[22m[39m
       [32mΓ£ô[39m should handle invalid template ID format[32m 6[2mms[22m[39m
       [32mΓ£ô[39m should handle template not found[32m 23[2mms[22m[39m
[31m       [31m├ù[31m should handle template conversion error[39m[32m 12[2mms[22m[39m
       [32mΓ£ô[39m should handle invalid cover letter ID format[32m 11[2mms[22m[39m
       [32mΓ£ô[39m should handle final safety check for template prefix[32m 6[2mms[22m[39m
       [32mΓ£ô[39m should handle industry and role_level empty strings[32m 9[2mms[22m[39m
       [32mΓ£ô[39m should handle required_skills as array[32m 6[2mms[22m[39m
       [32mΓ£ô[39m should handle required_skills as non-array[32m 7[2mms[22m[39m
       [32mΓ£ô[39m should handle materials history insertion with both resume and cover letter[32m 8[2mms[22m[39m
       [32mΓ£ô[39m should handle materials history insertion[32m 9[2mms[22m[39m
       [32mΓ£ô[39m should handle salary cleaning with decimals[32m 11[2mms[22m[39m
       [32mΓ£ô[39m should handle salary cleaning with invalid values[32m 9[2mms[22m[39m
       [32mΓ£ô[39m should return 500 on database error[32m 9[2mms[22m[39m
       [32mΓ£ô[39m should return all jobs[32m 8[2mms[22m[39m
       [32mΓ£ô[39m should filter by search query[32m 9[2mms[22m[39m
       [32mΓ£ô[39m should filter by status[32m 5[2mms[22m[39m
       [32mΓ£ô[39m should filter by industry[32m 6[2mms[22m[39m
       [32mΓ£ô[39m should filter by location[32m 4[2mms[22m[39m
       [32mΓ£ô[39m should filter by salary range[32m 5[2mms[22m[39m
       [32mΓ£ô[39m should filter by date range[32m 5[2mms[22m[39m
       [32mΓ£ô[39m should sort by different columns[32m 6[2mms[22m[39m
       [32mΓ£ô[39m should sort by salary[32m 4[2mms[22m[39m
       [32mΓ£ô[39m should sort by company[32m 5[2mms[22m[39m
       [32mΓ£ô[39m should return 500 on database error[32m 7[2mms[22m[39m
       [32mΓ£ô[39m should return job statistics[32m 7[2mms[22m[39m
       [32mΓ£ô[39m should handle zero jobs[32m 6[2mms[22m[39m
       [32mΓ£ô[39m should handle null values in stats[32m 6[2mms[22m[39m
       [32mΓ£ô[39m should return 500 on database error[32m 8[2mms[22m[39m
       [32mΓ£ô[39m should return archived jobs[32m 7[2mms[22m[39m
       [32mΓ£ô[39m should return 500 on database error[32m 7[2mms[22m[39m
       [32mΓ£ô[39m should return job by id[32m 7[2mms[22m[39m
       [32mΓ£ô[39m should return 404 if job not found[32m 5[2mms[22m[39m
       [32mΓ£ô[39m should return 500 on database error[32m 6[2mms[22m[39m
       [32mΓ£ô[39m should update job[32m 6[2mms[22m[39m
       [32mΓ£ô[39m should handle dateApplied alias[32m 6[2mms[22m[39m
       [32mΓ£ô[39m should update role type when title changes[32m 7[2mms[22m[39m
       [32mΓ£ô[39m should handle industry field normalization[32m 7[2mms[22m[39m
       [32mΓ£ô[39m should handle industry field with valid value[32m 7[2mms[22m[39m
       [32mΓ£ô[39m should handle industry field as null[32m 6[2mms[22m[39m
       [32mΓ£ô[39m should handle multiple field updates[32m 7[2mms[22m[39m
[31m       [31m├ù[31m should handle status update without offerDate[39m[32m 6[2mms[22m[39m
[31m       [31m├ù[31m should handle status update with existing offerDate[39m[32m 7[2mms[22m[39m
[31m       [31m├ù[31m should handle materials history when only resume_id updated[39m[32m 13[2mms[22m[39m
[31m       [31m├ù[31m should handle materials history when only cover_letter_id updated[39m[32m 8[2mms[22m[39m
[31m       [31m├ù[31m should record materials history when resume or cover letter updated[39m[32m 8[2mms[22m[39m
[31m       [31m├ù[31m should set offerDate when status becomes Offer[39m[32m 7[2mms[22m[39m
       [32mΓ£ô[39m should return 400 if no valid fields to update[32m 7[2mms[22m[39m
       [32mΓ£ô[39m should return 404 if job not found[32m 9[2mms[22m[39m
       [32mΓ£ô[39m should return 500 on database error[32m 8[2mms[22m[39m
[31m       [31m├ù[31m should update status to Interview[39m[32m 7[2mms[22m[39m
[31m       [31m├ù[31m should update status to other statuses[39m[32m 7[2mms[22m[39m
[31m       [31m├ù[31m should update status to Offer[39m[32m 6[2mms[22m[39m
       [32mΓ£ô[39m should return 400 if status missing[32m 6[2mms[22m[39m
       [32mΓ£ô[39m should return 404 if job not found[32m 7[2mms[22m[39m
       [32mΓ£ô[39m should return 500 on database error[32m 9[2mms[22m[39m
       [32mΓ£ô[39m should handle application history insertion error[32m 7[2mms[22m[39m
       [32mΓ£ô[39m should archive job[32m 4[2mms[22m[39m
       [32mΓ£ô[39m should return 404 if job not found[32m 6[2mms[22m[39m
       [32mΓ£ô[39m should return 500 on database error[32m 6[2mms[22m[39m
       [32mΓ£ô[39m should restore archived job[32m 5[2mms[22m[39m
       [32mΓ£ô[39m should return 404 if job not found[32m 6[2mms[22m[39m
       [32mΓ£ô[39m should return 500 on database error[32m 5[2mms[22m[39m
       [32mΓ£ô[39m should delete job[32m 8[2mms[22m[39m
       [32mΓ£ô[39m should return 404 if job not found[32m 6[2mms[22m[39m
       [32mΓ£ô[39m should return 500 on database error[32m 7[2mms[22m[39m
       [32mΓ£ô[39m should handle materials history table missing during delete[32m 7[2mms[22m[39m
       [32mΓ£ô[39m should handle materials history delete error (non-42P01)[32m 9[2mms[22m[39m
       [32mΓ£ô[39m should update deadlines for multiple jobs[32m 8[2mms[22m[39m
       [32mΓ£ô[39m should return 400 if no job IDs provided[32m 6[2mms[22m[39m
       [32mΓ£ô[39m should return 400 if invalid daysToAdd[32m 7[2mms[22m[39m
       [32mΓ£ô[39m should return 500 on database error[32m 5[2mms[22m[39m
       [32mΓ£ô[39m should handle negative daysToAdd[32m 8[2mms[22m[39m
       [32mΓ£ô[39m should handle daysToAdd as string[32m 9[2mms[22m[39m
[31m       [31m├ù[31m should return materials history[39m[32m 34[2mms[22m[39m
       [32mΓ£ô[39m should return empty array if table does not exist[32m 7[2mms[22m[39m
       [32mΓ£ô[39m should handle table not found error (42P01)[32m 5[2mms[22m[39m
       [32mΓ£ô[39m should handle table check returning false[32m 7[2mms[22m[39m
       [32mΓ£ô[39m should handle simplified query also failing[32m 7[2mms[22m[39m
[31m       [31m├ù[31m should handle column missing error (42703) with simplified query[39m[32m 7[2mms[22m[39m
[31m       [31m├ù[31m should return 500 on general database error[39m[32m 6[2mms[22m[39m
[31m       [31m├ù[31m should update materials with customization levels[39m[32m 5[2mms[22m[39m
       [32mΓ£ô[39m should handle template cover letter conversion in materials update[32m 6[2mms[22m[39m
[31m       [31m├ù[31m should fallback to basic update if customization columns missing[39m[32m 8[2mms[22m[39m
[31m       [31m├ù[31m should validate customization levels[39m[32m 8[2mms[22m[39m
[31m       [31m├ù[31m should handle materials history table missing[39m[32m 8[2mms[22m[39m
[31m       [31m├ù[31m should handle template conversion with name column fallback in materials update[39m[32m 6[2mms[22m[39m
[31m       [31m├ù[31m should handle template conversion error in materials update[39m[32m 9[2mms[22m[39m
[31m       [31m├ù[31m should handle invalid cover letter ID in materials update[39m[32m 7[2mms[22m[39m
       [32mΓ£ô[39m should handle materials update error with column error[32m 6[2mms[22m[39m
       [32mΓ£ô[39m should handle materials update error with table error[32m 7[2mms[22m[39m
[31m       [31m├ù[31m should return 404 if job not found[39m[32m 7[2mms[22m[39m
       [32mΓ£ô[39m should return 500 on database error[32m 7[2mms[22m[39m
       [32mΓ£ô[39m should fix role types for all jobs[32m 6[2mms[22m[39m
       [32mΓ£ô[39m should return 500 on database error[32m 6[2mms[22m[39m
[90mstdout[2m | tests/routes/salaryResearch.vitest.js
[22m[39m[dotenv@17.2.3] injecting env (13) from .env -- tip: ≡ƒöÉ encrypt with Dotenvx: https://dotenvx.com

[90mstderr[2m | tests/routes/salaryResearch.vitest.js
[22m[39m[vitest] The vi.fn() mock did not use 'function' or 'class' in its 
implementation, see https://vitest.dev/api/vi#vi-spyon for examples.

[90mstdout[2m | tests/routes/resumes.vitest.js
[22m[39m[dotenv@17.2.3] injecting env (13) from .env -- tip: Γ£à audit secrets and track compliance: https://dotenvx.com/ops

[90mstderr[2m | tests/routes/resumes.vitest.js
[22m[39m[vitest] The vi.fn() mock did not use 'function' or 'class' in its 
implementation, see https://vitest.dev/api/vi#vi-spyon for examples.

[90mstdout[2m | tests/utils/schedulingHelpers.vitest.js[2m > [22m[2mScheduling Helpers - Full Coverage[2m > [22m[2mgetCalendarAuthUrl[2m > [22m[2mshould generate auth URL with user ID
[22m[39m[dotenv@17.2.3] injecting env (10) from .env -- tip: ΓÜÖ∩╕Å  write to custom object with { processEnv: myObject }

[90mstderr[2m | tests/utils/schedulingHelpers.vitest.js[2m > 
[22m[2mScheduling Helpers - Full Coverage[2m > 
[22m[2mhandleCalendarCallback[2m > [22m[2mshould throw error on OAuth 
failure
[22m[39mΓ¥î Calendar OAuth error: Error: Invalid code
    at C:/Users/Zaid Hasan/OneDrive/Desktop/New ATS/Aandsz-Forces-ATS-CS490/bac
kend/tests/utils/schedulingHelpers.vitest.js:157:42
    at [90mfile:///C:/Users/Zaid%20Hasan/OneDrive/Desktop/New%20ATS/Aandsz-For
ces-ATS-CS490/backend/[39mnode_modules/[4m@vitest/runner[24m/dist/index.js:1
45:11
    at [90mfile:///C:/Users/Zaid%20Hasan/OneDrive/Desktop/New%20ATS/Aandsz-For
ces-ATS-CS490/backend/[39mnode_modules/[4m@vitest/runner[24m/dist/index.js:9
15:26
    at [90mfile:///C:/Users/Zaid%20Hasan/OneDrive/Desktop/New%20ATS/Aandsz-For
ces-ATS-CS490/backend/[39mnode_modules/[4m@vitest/runner[24m/dist/index.js:1
240:20
    at new Promise (<anonymous>)
    at runWithTimeout [90m(file:///C:/Users/Zaid%20Hasan/OneDrive/Desktop/New%
20ATS/Aandsz-Forces-ATS-CS490/backend/[39mnode_modules/[4m@vitest/runner[24m
/dist/index.js:1206:10[90m)[39m
    at [90mfile:///C:/Users/Zaid%20Hasan/OneDrive/Desktop/New%20ATS/Aandsz-For
ces-ATS-CS490/backend/[39mnode_modules/[4m@vitest/runner[24m/dist/index.js:1
650:37
    at Traces.$ [90m(file:///C:/Users/Zaid%20Hasan/OneDrive/Desktop/New%20ATS/
Aandsz-Forces-ATS-CS490/backend/[39mnode_modules/[4mvitest[24m/dist/chunks/t
races.U4xDYhzZ.js:115:27[90m)[39m
    at trace [90m(file:///C:/Users/Zaid%20Hasan/OneDrive/Desktop/New%20ATS/Aan
dsz-Forces-ATS-CS490/backend/[39mnode_modules/[4mvitest[24m/dist/chunks/test
.BT8LKgU9.js:239:21[90m)[39m
    at runTest [90m(file:///C:/Users/Zaid%20Hasan/OneDrive/Desktop/New%20ATS/A
andsz-Forces-ATS-CS490/backend/[39mnode_modules/[4m@vitest/runner[24m/dist/i
ndex.js:1650:12[90m)[39m

[90mstdout[2m | tests/utils/schedulingHelpers.vitest.js[2m > [22m[2mScheduling Helpers - Full Coverage[2m > [22m[2msyncToGoogleCalendar[2m > [22m[2mshould create new calendar event
[22m[39mΓ£à Created calendar event event-123

[90mstdout[2m | tests/utils/schedulingHelpers.vitest.js[2m > [22m[2mScheduling Helpers - Full Coverage[2m > [22m[2msyncToGoogleCalendar[2m > [22m[2mshould update existing calendar event
[22m[39mΓ£à Updated calendar event event-123

[90mstdout[2m | tests/utils/schedulingHelpers.vitest.js[2m > [22m[2mScheduling Helpers - Full Coverage[2m > [22m[2msyncToGoogleCalendar[2m > [22m[2mshould return null if no calendar connection
[22m[39mΓÜá∩╕Å No calendar connection for user [33m1[39m

[90mstdout[2m | tests/utils/schedulingHelpers.vitest.js[2m > [22m[2mScheduling Helpers - Full Coverage[2m > [22m[2msyncToGoogleCalendar[2m > [22m[2mshould refresh token if expired
[22m[39mΓ£à Created calendar event event-123

[90mstdout[2m | tests/utils/schedulingHelpers.vitest.js[2m > [22m[2mScheduling Helpers - Full Coverage[2m > [22m[2msyncToGoogleCalendar[2m > [22m[2mshould handle interview without time
[22m[39mΓ£à Created calendar event event-123

[90mstderr[2m | tests/utils/schedulingHelpers.vitest.js[2m > 
[22m[2mScheduling Helpers - Full Coverage[2m > 
[22m[2msyncToGoogleCalendar[2m > [22m[2mshould throw error on sync failure
[22m[39mΓ¥î Calendar sync error: Error: Sync failed
    at Object.<anonymous> (C:/Users/Zaid Hasan/OneDrive/Desktop/New ATS/Aandsz-
Forces-ATS-CS490/backend/tests/utils/schedulingHelpers.vitest.js:324:45)
    at Object.Mock [as eq] [90m(file:///C:/Users/Zaid%20Hasan/OneDrive/Desktop
/New%20ATS/Aandsz-Forces-ATS-CS490/backend/[39mnode_modules/[4m@vitest/spy[2
4m/dist/index.js:285:34[90m)[39m
    at syncToGoogleCalendar (C:/Users/Zaid Hasan/OneDrive/Desktop/New 
ATS/Aandsz-Forces-ATS-CS490/backend/utils/schedulingHelpers.js:47:8)
    at C:/Users/Zaid Hasan/OneDrive/Desktop/New ATS/Aandsz-Forces-ATS-CS490/bac
kend/tests/utils/schedulingHelpers.vitest.js:331:9
[90m    at processTicksAndRejections 
(node:internal/process/task_queues:105:5)[39m
    at [90mfile:///C:/Users/Zaid%20Hasan/OneDrive/Desktop/New%20ATS/Aandsz-For
ces-ATS-CS490/backend/[39mnode_modules/[4m@vitest/runner[24m/dist/index.js:9
15:20

[90mstdout[2m | tests/utils/schedulingHelpers.vitest.js[2m > [22m[2mScheduling Helpers - Full Coverage[2m > [22m[2mdeleteFromGoogleCalendar[2m > [22m[2mshould delete calendar event
[22m[39mΓ£à Deleted calendar event event-123

[90mstderr[2m | tests/utils/schedulingHelpers.vitest.js[2m > 
[22m[2mScheduling Helpers - Full Coverage[2m > 
[22m[2mdeleteFromGoogleCalendar[2m > [22m[2mshould return early if no 
eventId
[22m[39mΓ¥î Calendar delete error: TypeError: Cannot destructure property 
'data' of '(intermediate value)' as it is undefined.
    at deleteFromGoogleCalendar (C:/Users/Zaid Hasan/OneDrive/Desktop/New 
ATS/Aandsz-Forces-ATS-CS490/backend/utils/schedulingHelpers.js:138:19)
[90m    at processTicksAndRejections 
(node:internal/process/task_queues:105:5)[39m
    at C:/Users/Zaid Hasan/OneDrive/Desktop/New ATS/Aandsz-Forces-ATS-CS490/bac
kend/tests/utils/schedulingHelpers.vitest.js:378:7
    at [90mfile:///C:/Users/Zaid%20Hasan/OneDrive/Desktop/New%20ATS/Aandsz-For
ces-ATS-CS490/backend/[39mnode_modules/[4m@vitest/runner[24m/dist/index.js:9
15:20

[90mstderr[2m | tests/utils/schedulingHelpers.vitest.js[2m > 
[22m[2mScheduling Helpers - Full Coverage[2m > 
[22m[2mdeleteFromGoogleCalendar[2m > [22m[2mshould handle delete errors 
gracefully
[22m[39mΓ¥î Calendar delete error: Error: Delete failed
    at C:/Users/Zaid Hasan/OneDrive/Desktop/New ATS/Aandsz-Forces-ATS-CS490/bac
kend/tests/utils/schedulingHelpers.vitest.js:397:46
    at [90mfile:///C:/Users/Zaid%20Hasan/OneDrive/Desktop/New%20ATS/Aandsz-For
ces-ATS-CS490/backend/[39mnode_modules/[4m@vitest/runner[24m/dist/index.js:1
45:11
    at [90mfile:///C:/Users/Zaid%20Hasan/OneDrive/Desktop/New%20ATS/Aandsz-For
ces-ATS-CS490/backend/[39mnode_modules/[4m@vitest/runner[24m/dist/index.js:9
15:26
    at [90mfile:///C:/Users/Zaid%20Hasan/OneDrive/Desktop/New%20ATS/Aandsz-For
ces-ATS-CS490/backend/[39mnode_modules/[4m@vitest/runner[24m/dist/index.js:1
240:20
    at new Promise (<anonymous>)
    at runWithTimeout [90m(file:///C:/Users/Zaid%20Hasan/OneDrive/Desktop/New%
20ATS/Aandsz-Forces-ATS-CS490/backend/[39mnode_modules/[4m@vitest/runner[24m
/dist/index.js:1206:10[90m)[39m
    at [90mfile:///C:/Users/Zaid%20Hasan/OneDrive/Desktop/New%20ATS/Aandsz-For
ces-ATS-CS490/backend/[39mnode_modules/[4m@vitest/runner[24m/dist/index.js:1
650:37
    at Traces.$ [90m(file:///C:/Users/Zaid%20Hasan/OneDrive/Desktop/New%20ATS/
Aandsz-Forces-ATS-CS490/backend/[39mnode_modules/[4mvitest[24m/dist/chunks/t
races.U4xDYhzZ.js:115:27[90m)[39m
    at trace [90m(file:///C:/Users/Zaid%20Hasan/OneDrive/Desktop/New%20ATS/Aan
dsz-Forces-ATS-CS490/backend/[39mnode_modules/[4mvitest[24m/dist/chunks/test
.BT8LKgU9.js:239:21[90m)[39m
    at runTest [90m(file:///C:/Users/Zaid%20Hasan/OneDrive/Desktop/New%20ATS/A
andsz-Forces-ATS-CS490/backend/[39mnode_modules/[4m@vitest/runner[24m/dist/i
ndex.js:1650:12[90m)[39m

[90mstdout[2m | tests/utils/schedulingHelpers.vitest.js[2m > [22m[2mScheduling Helpers - Full Coverage[2m > [22m[2msendInterviewReminder[2m > [22m[2mshould send 24h reminder email
[22m[39mΓ£à Sent 24h reminder email to user@example.com

[90mstdout[2m | tests/utils/schedulingHelpers.vitest.js[2m > [22m[2mScheduling Helpers - Full Coverage[2m > [22m[2msendInterviewReminder[2m > [22m[2mshould send 2h reminder email
[22m[39mΓ£à Sent 2h reminder email to user@example.com

[90mstderr[2m | tests/utils/schedulingHelpers.vitest.js[2m > 
[22m[2mScheduling Helpers - Full Coverage[2m > 
[22m[2msendInterviewReminder[2m > [22m[2mshould handle email send errors
[22m[39mΓ¥î Email send error: Error: Email failed
    at C:/Users/Zaid Hasan/OneDrive/Desktop/New ATS/Aandsz-Forces-ATS-CS490/bac
kend/tests/utils/schedulingHelpers.vitest.js:444:44
    at [90mfile:///C:/Users/Zaid%20Hasan/OneDrive/Desktop/New%20ATS/Aandsz-For
ces-ATS-CS490/backend/[39mnode_modules/[4m@vitest/runner[24m/dist/index.js:1
45:11
    at [90mfile:///C:/Users/Zaid%20Hasan/OneDrive/Desktop/New%20ATS/Aandsz-For
ces-ATS-CS490/backend/[39mnode_modules/[4m@vitest/runner[24m/dist/index.js:9
15:26
    at [90mfile:///C:/Users/Zaid%20Hasan/OneDrive/Desktop/New%20ATS/Aandsz-For
ces-ATS-CS490/backend/[39mnode_modules/[4m@vitest/runner[24m/dist/index.js:1
240:20
    at new Promise (<anonymous>)
    at runWithTimeout [90m(file:///C:/Users/Zaid%20Hasan/OneDrive/Desktop/New%
20ATS/Aandsz-Forces-ATS-CS490/backend/[39mnode_modules/[4m@vitest/runner[24m
/dist/index.js:1206:10[90m)[39m
    at [90mfile:///C:/Users/Zaid%20Hasan/OneDrive/Desktop/New%20ATS/Aandsz-For
ces-ATS-CS490/backend/[39mnode_modules/[4m@vitest/runner[24m/dist/index.js:1
650:37
    at Traces.$ [90m(file:///C:/Users/Zaid%20Hasan/OneDrive/Desktop/New%20ATS/
Aandsz-Forces-ATS-CS490/backend/[39mnode_modules/[4mvitest[24m/dist/chunks/t
races.U4xDYhzZ.js:115:27[90m)[39m
    at trace [90m(file:///C:/Users/Zaid%20Hasan/OneDrive/Desktop/New%20ATS/Aan
dsz-Forces-ATS-CS490/backend/[39mnode_modules/[4mvitest[24m/dist/chunks/test
.BT8LKgU9.js:239:21[90m)[39m
    at runTest [90m(file:///C:/Users/Zaid%20Hasan/OneDrive/Desktop/New%20ATS/A
andsz-Forces-ATS-CS490/backend/[39mnode_modules/[4m@vitest/runner[24m/dist/i
ndex.js:1650:12[90m)[39m

[90mstdout[2m | tests/utils/schedulingHelpers.vitest.js[2m > [22m[2mScheduling Helpers - Full Coverage[2m > [22m[2msendInterviewReminder[2m > [22m[2mshould handle interview without optional fields
[22m[39mΓ£à Sent 24h reminder email to user@example.com

[90mstdout[2m | tests/utils/schedulingHelpers.vitest.js[2m > [22m[2mScheduling Helpers - Full Coverage[2m > [22m[2msendInterviewConfirmation[2m > [22m[2mshould send confirmation email
[22m[39mΓ£à Sent confirmation email to user@example.com

[90mstderr[2m | tests/utils/schedulingHelpers.vitest.js[2m > 
[22m[2mScheduling Helpers - Full Coverage[2m > 
[22m[2msendInterviewConfirmation[2m > [22m[2mshould handle email errors 
gracefully
[22m[39mΓ¥î Confirmation email error: { message: [32m'Email failed'[39m }

[90mstdout[2m | tests/utils/schedulingHelpers.vitest.js[2m > [22m[2mScheduling Helpers - Full Coverage[2m > [22m[2msendInterviewConfirmation[2m > [22m[2mshould handle interview without video link
[22m[39mΓ£à Sent confirmation email to user@example.com

 [32mΓ£ô[39m tests/utils/schedulingHelpers.vitest.js [2m([22m[2m20 tests[22m[2m)[22m[32m 143[2mms[22m[39m
[90mstdout[2m | tests/routes/marketBenchmarks.vitest.js
[22m[39m[dotenv@17.2.3] injecting env (12) from .env -- tip: ≡ƒôí add observability to secrets: https://dotenvx.com/ops
Γ£à GOOGLE_API_KEY loaded: test-googl...-key (19 chars)

[90mstdout[2m | tests/routes/calendar.vitest.js
[22m[39m[dotenv@17.2.3] injecting env (10) from .env -- tip: ≡ƒöÉ prevent committing .env to code: https://dotenvx.com/precommit

[90mstdout[2m | tests/routes/marketBenchmarks.vitest.js[2m > [22m[2mMarket Benchmarks Routes - Full Coverage[2m > [22m[2mPOST /api/market-benchmarks/fetch[2m > [22m[2mshould fetch and save benchmark successfully
[22m[39m≡ƒñû Fetching market benchmark for: Software Engineer (mid) in San Francisco, CA

[90mstdout[2m | tests/routes/marketBenchmarks.vitest.js[2m > [22m[2mMarket Benchmarks Routes - Full Coverage[2m > [22m[2mPOST /api/market-benchmarks/fetch[2m > [22m[2mshould fetch and save benchmark successfully
[22m[39mΓ£à Market benchmark saved: Software Engineer in San Francisco, CA

[90mstderr[2m | tests/routes/calendar.vitest.js[2m > [22m[2mCalendar 
Routes - Full Coverage[2m > [22m[2mGET /api/calendar/auth-url[2m > 
[22m[2mshould return 500 on error
[22m[39mΓ¥î Error generating auth URL: Error: Auth error
    at C:/Users/Zaid Hasan/OneDrive/Desktop/New 
ATS/Aandsz-Forces-ATS-CS490/backend/tests/routes/calendar.vitest.js:142:48
    at [90mfile:///C:/Users/Zaid%20Hasan/OneDrive/Desktop/New%20ATS/Aandsz-For
ces-ATS-CS490/backend/[39mnode_modules/[4m@vitest/runner[24m/dist/index.js:1
45:11
    at [90mfile:///C:/Users/Zaid%20Hasan/OneDrive/Desktop/New%20ATS/Aandsz-For
ces-ATS-CS490/backend/[39mnode_modules/[4m@vitest/runner[24m/dist/index.js:9
15:26
    at [90mfile:///C:/Users/Zaid%20Hasan/OneDrive/Desktop/New%20ATS/Aandsz-For
ces-ATS-CS490/backend/[39mnode_modules/[4m@vitest/runner[24m/dist/index.js:1
240:20
    at new Promise (<anonymous>)
    at runWithTimeout [90m(file:///C:/Users/Zaid%20Hasan/OneDrive/Desktop/New%
20ATS/Aandsz-Forces-ATS-CS490/backend/[39mnode_modules/[4m@vitest/runner[24m
/dist/index.js:1206:10[90m)[39m
    at [90mfile:///C:/Users/Zaid%20Hasan/OneDrive/Desktop/New%20ATS/Aandsz-For
ces-ATS-CS490/backend/[39mnode_modules/[4m@vitest/runner[24m/dist/index.js:1
650:37
    at Traces.$ [90m(file:///C:/Users/Zaid%20Hasan/OneDrive/Desktop/New%20ATS/
Aandsz-Forces-ATS-CS490/backend/[39mnode_modules/[4mvitest[24m/dist/chunks/t
races.U4xDYhzZ.js:115:27[90m)[39m
    at trace [90m(file:///C:/Users/Zaid%20Hasan/OneDrive/Desktop/New%20ATS/Aan
dsz-Forces-ATS-CS490/backend/[39mnode_modules/[4mvitest[24m/dist/chunks/test
.BT8LKgU9.js:239:21[90m)[39m
    at runTest [90m(file:///C:/Users/Zaid%20Hasan/OneDrive/Desktop/New%20ATS/A
andsz-Forces-ATS-CS490/backend/[39mnode_modules/[4m@vitest/runner[24m/dist/i
ndex.js:1650:12[90m)[39m

[90mstdout[2m | tests/routes/marketBenchmarks.vitest.js[2m > [22m[2mMarket Benchmarks Routes - Full Coverage[2m > [22m[2mPOST /api/market-benchmarks/fetch[2m > [22m[2mshould handle optional fields
[22m[39m≡ƒñû Fetching market benchmark for: Software Engineer (senior) in New York, NY

[90mstdout[2m | tests/routes/marketBenchmarks.vitest.js[2m > [22m[2mMarket Benchmarks Routes - Full Coverage[2m > [22m[2mPOST /api/market-benchmarks/fetch[2m > [22m[2mshould handle optional fields
[22m[39mΓ£à Market benchmark saved: Software Engineer in New York, NY

[90mstdout[2m | tests/routes/calendar.vitest.js[2m > [22m[2mCalendar Routes - Full Coverage[2m > [22m[2mGET /api/calendar/callback[2m > [22m[2mshould handle OAuth callback successfully
[22m[39mΓ£à Calendar connected for user 1

[90mstdout[2m | tests/routes/marketBenchmarks.vitest.js[2m > [22m[2mMarket Benchmarks Routes - Full Coverage[2m > [22m[2mPOST /api/market-benchmarks/fetch[2m > [22m[2mshould handle JSON parsing errors
[22m[39m≡ƒñû Fetching market benchmark for: Software Engineer (mid) in San Francisco, CA

[90mstdout[2m | tests/routes/marketBenchmarks.vitest.js[2m > [22m[2mMarket Benchmarks Routes - Full Coverage[2m > [22m[2mPOST /api/market-benchmarks/fetch[2m > [22m[2mshould handle JSON parsing errors
[22m[39mΓ£à Market benchmark saved: Software Engineer in San Francisco, CA

[90mstderr[2m | tests/routes/calendar.vitest.js[2m > [22m[2mCalendar 
Routes - Full Coverage[2m > [22m[2mGET /api/calendar/callback[2m > 
[22m[2mshould handle database error
[22m[39mΓ¥î Database error: { message: [32m'DB error'[39m }

[90mstdout[2m | tests/routes/marketBenchmarks.vitest.js[2m > [22m[2mMarket Benchmarks Routes - Full Coverage[2m > [22m[2mPOST /api/market-benchmarks/fetch[2m > [22m[2mshould return 500 if AI returns incomplete data
[22m[39m≡ƒñû Fetching market benchmark for: Software Engineer (mid) in San Francisco, CA

[90mstdout[2m | tests/routes/marketBenchmarks.vitest.js[2m > [22m[2mMarket Benchmarks Routes - Full Coverage[2m > [22m[2mPOST /api/market-benchmarks/fetch[2m > [22m[2mshould handle API key errors
[22m[39m≡ƒñû Fetching market benchmark for: Software Engineer (mid) in San Francisco, CA

[90mstderr[2m | tests/routes/calendar.vitest.js[2m > [22m[2mCalendar 
Routes - Full Coverage[2m > [22m[2mGET /api/calendar/callback[2m > 
[22m[2mshould handle OAuth error
[22m[39mΓ¥î OAuth callback error: Error: OAuth error
    at C:/Users/Zaid Hasan/OneDrive/Desktop/New 
ATS/Aandsz-Forces-ATS-CS490/backend/tests/routes/calendar.vitest.js:203:51
    at [90mfile:///C:/Users/Zaid%20Hasan/OneDrive/Desktop/New%20ATS/Aandsz-For
ces-ATS-CS490/backend/[39mnode_modules/[4m@vitest/runner[24m/dist/index.js:1
45:11
    at [90mfile:///C:/Users/Zaid%20Hasan/OneDrive/Desktop/New%20ATS/Aandsz-For
ces-ATS-CS490/backend/[39mnode_modules/[4m@vitest/runner[24m/dist/index.js:9
15:26
    at [90mfile:///C:/Users/Zaid%20Hasan/OneDrive/Desktop/New%20ATS/Aandsz-For
ces-ATS-CS490/backend/[39mnode_modules/[4m@vitest/runner[24m/dist/index.js:1
240:20
    at new Promise (<anonymous>)
    at runWithTimeout [90m(file:///C:/Users/Zaid%20Hasan/OneDrive/Desktop/New%
20ATS/Aandsz-Forces-ATS-CS490/backend/[39mnode_modules/[4m@vitest/runner[24m
/dist/index.js:1206:10[90m)[39m
    at [90mfile:///C:/Users/Zaid%20Hasan/OneDrive/Desktop/New%20ATS/Aandsz-For
ces-ATS-CS490/backend/[39mnode_modules/[4m@vitest/runner[24m/dist/index.js:1
650:37
    at Traces.$ [90m(file:///C:/Users/Zaid%20Hasan/OneDrive/Desktop/New%20ATS/
Aandsz-Forces-ATS-CS490/backend/[39mnode_modules/[4mvitest[24m/dist/chunks/t
races.U4xDYhzZ.js:115:27[90m)[39m
    at trace [90m(file:///C:/Users/Zaid%20Hasan/OneDrive/Desktop/New%20ATS/Aan
dsz-Forces-ATS-CS490/backend/[39mnode_modules/[4mvitest[24m/dist/chunks/test
.BT8LKgU9.js:239:21[90m)[39m
    at runTest [90m(file:///C:/Users/Zaid%20Hasan/OneDrive/Desktop/New%20ATS/A
andsz-Forces-ATS-CS490/backend/[39mnode_modules/[4m@vitest/runner[24m/dist/i
ndex.js:1650:12[90m)[39m

[90mstdout[2m | tests/routes/calendar.vitest.js[2m > [22m[2mCalendar Routes - Full Coverage[2m > [22m[2mGET /api/calendar/callback[2m > [22m[2mshould handle calendar without primary calendar
[22m[39mΓ£à Calendar connected for user 1

[90mstdout[2m | tests/routes/company.vitest.js[2m > [22m[2mCompany Routes - 90%+ Coverage
[22m[39m[dotenv@17.2.3] injecting env (13) from .env -- tip: ΓÜÖ∩╕Å  suppress all logs with { quiet: true }

[90mstderr[2m | tests/routes/marketBenchmarks.vitest.js[2m > 
[22m[2mMarket Benchmarks Routes - Full Coverage[2m > [22m[2mPOST 
/api/market-benchmarks/fetch[2m > [22m[2mshould handle API key errors
[22m[39mΓ¥î Error fetching market benchmark: Error: API_KEY_INVALID
    at C:/Users/Zaid Hasan/OneDrive/Desktop/New ATS/Aandsz-Forces-ATS-CS490/bac
kend/tests/routes/marketBenchmarks.vitest.js:230:24
    at [90mfile:///C:/Users/Zaid%20Hasan/OneDrive/Desktop/New%20ATS/Aandsz-For
ces-ATS-CS490/backend/[39mnode_modules/[4m@vitest/runner[24m/dist/index.js:1
45:11
    at [90mfile:///C:/Users/Zaid%20Hasan/OneDrive/Desktop/New%20ATS/Aandsz-For
ces-ATS-CS490/backend/[39mnode_modules/[4m@vitest/runner[24m/dist/index.js:9
15:26
    at [90mfile:///C:/Users/Zaid%20Hasan/OneDrive/Desktop/New%20ATS/Aandsz-For
ces-ATS-CS490/backend/[39mnode_modules/[4m@vitest/runner[24m/dist/index.js:1
240:20
    at new Promise (<anonymous>)
    at runWithTimeout [90m(file:///C:/Users/Zaid%20Hasan/OneDrive/Desktop/New%
20ATS/Aandsz-Forces-ATS-CS490/backend/[39mnode_modules/[4m@vitest/runner[24m
/dist/index.js:1206:10[90m)[39m
    at [90mfile:///C:/Users/Zaid%20Hasan/OneDrive/Desktop/New%20ATS/Aandsz-For
ces-ATS-CS490/backend/[39mnode_modules/[4m@vitest/runner[24m/dist/index.js:1
650:37
    at Traces.$ [90m(file:///C:/Users/Zaid%20Hasan/OneDrive/Desktop/New%20ATS/
Aandsz-Forces-ATS-CS490/backend/[39mnode_modules/[4mvitest[24m/dist/chunks/t
races.U4xDYhzZ.js:115:27[90m)[39m
    at trace [90m(file:///C:/Users/Zaid%20Hasan/OneDrive/Desktop/New%20ATS/Aan
dsz-Forces-ATS-CS490/backend/[39mnode_modules/[4mvitest[24m/dist/chunks/test
.BT8LKgU9.js:239:21[90m)[39m
    at runTest [90m(file:///C:/Users/Zaid%20Hasan/OneDrive/Desktop/New%20ATS/A
andsz-Forces-ATS-CS490/backend/[39mnode_modules/[4m@vitest/runner[24m/dist/i
ndex.js:1650:12[90m)[39m

[90mstdout[2m | tests/routes/marketBenchmarks.vitest.js[2m > [22m[2mMarket Benchmarks Routes - Full Coverage[2m > [22m[2mPOST /api/market-benchmarks/fetch[2m > [22m[2mshould return 500 on general errors
[22m[39m≡ƒñû Fetching market benchmark for: Software Engineer (mid) in San Francisco, CA

[90mstderr[2m | tests/routes/marketBenchmarks.vitest.js[2m > 
[22m[2mMarket Benchmarks Routes - Full Coverage[2m > [22m[2mPOST 
/api/market-benchmarks/fetch[2m > [22m[2mshould return 500 on general errors
[22m[39mΓ¥î Error fetching market benchmark: Error: Network error
    at C:/Users/Zaid Hasan/OneDrive/Desktop/New ATS/Aandsz-Forces-ATS-CS490/bac
kend/tests/routes/marketBenchmarks.vitest.js:247:45
    at [90mfile:///C:/Users/Zaid%20Hasan/OneDrive/Desktop/New%20ATS/Aandsz-For
ces-ATS-CS490/backend/[39mnode_modules/[4m@vitest/runner[24m/dist/index.js:1
45:11
    at [90mfile:///C:/Users/Zaid%20Hasan/OneDrive/Desktop/New%20ATS/Aandsz-For
ces-ATS-CS490/backend/[39mnode_modules/[4m@vitest/runner[24m/dist/index.js:9
15:26
    at [90mfile:///C:/Users/Zaid%20Hasan/OneDrive/Desktop/New%20ATS/Aandsz-For
ces-ATS-CS490/backend/[39mnode_modules/[4m@vitest/runner[24m/dist/index.js:1
240:20
    at new Promise (<anonymous>)
    at runWithTimeout [90m(file:///C:/Users/Zaid%20Hasan/OneDrive/Desktop/New%
20ATS/Aandsz-Forces-ATS-CS490/backend/[39mnode_modules/[4m@vitest/runner[24m
/dist/index.js:1206:10[90m)[39m
    at [90mfile:///C:/Users/Zaid%20Hasan/OneDrive/Desktop/New%20ATS/Aandsz-For
ces-ATS-CS490/backend/[39mnode_modules/[4m@vitest/runner[24m/dist/index.js:1
650:37
    at Traces.$ [90m(file:///C:/Users/Zaid%20Hasan/OneDrive/Desktop/New%20ATS/
Aandsz-Forces-ATS-CS490/backend/[39mnode_modules/[4mvitest[24m/dist/chunks/t
races.U4xDYhzZ.js:115:27[90m)[39m
    at trace [90m(file:///C:/Users/Zaid%20Hasan/OneDrive/Desktop/New%20ATS/Aan
dsz-Forces-ATS-CS490/backend/[39mnode_modules/[4mvitest[24m/dist/chunks/test
.BT8LKgU9.js:239:21[90m)[39m
    at runTest [90m(file:///C:/Users/Zaid%20Hasan/OneDrive/Desktop/New%20ATS/A
andsz-Forces-ATS-CS490/backend/[39mnode_modules/[4m@vitest/runner[24m/dist/i
ndex.js:1650:12[90m)[39m

[90mstdout[2m | tests/routes/marketBenchmarks.vitest.js[2m > [22m[2mMarket Benchmarks Routes - Full Coverage[2m > [22m[2mPOST /api/market-benchmarks/fetch[2m > [22m[2mshould handle JSON parsing with markdown code blocks
[22m[39m≡ƒñû Fetching market benchmark for: Software Engineer (mid) in San Francisco, CA

[90mstdout[2m | tests/routes/marketBenchmarks.vitest.js[2m > [22m[2mMarket Benchmarks Routes - Full Coverage[2m > [22m[2mPOST /api/market-benchmarks/fetch[2m > [22m[2mshould handle JSON parsing with markdown code blocks
[22m[39mΓ£à Market benchmark saved: Software Engineer in San Francisco, CA

[90mstdout[2m | tests/routes/marketBenchmarks.vitest.js[2m > [22m[2mMarket Benchmarks Routes - Full Coverage[2m > [22m[2mPOST /api/market-benchmarks/fetch[2m > [22m[2mshould handle missing percentile_10 in AI response
[22m[39m≡ƒñû Fetching market benchmark for: Software Engineer (mid) in San Francisco, CA

[90mstderr[2m | tests/routes/calendar.vitest.js[2m > [22m[2mCalendar 
Routes - Full Coverage[2m > [22m[2mGET /api/calendar/status[2m > 
[22m[2mshould handle errors gracefully
[22m[39mΓ¥î Error checking calendar status: Error: DB error
    at Object.<anonymous> (C:/Users/Zaid Hasan/OneDrive/Desktop/New 
ATS/Aandsz-Forces-ATS-CS490/backend/tests/routes/calendar.vitest.js:289:48)
    at Object.Mock [as single] [90m(file:///C:/Users/Zaid%20Hasan/OneDrive/Des
ktop/New%20ATS/Aandsz-Forces-ATS-CS490/backend/[39mnode_modules/[4m@vitest/sp
y[24m/dist/index.js:285:34[90m)[39m
    at C:/Users/Zaid Hasan/OneDrive/Desktop/New 
ATS/Aandsz-Forces-ATS-CS490/backend/routes/calendar.js:200:8
    at Layer.handle [as handle_request] [90m(C:\Users\Zaid 
Hasan\OneDrive\Desktop\New ATS\Aandsz-Forces-ATS-CS490\backend\[39mnode_module
s\[4mexpress[24m\lib\router\layer.js:95:5[90m)[39m
    at next [90m(C:\Users\Zaid Hasan\OneDrive\Desktop\New ATS\Aandsz-Forces-AT
S-CS490\backend\[39mnode_modules\[4mexpress[24m\lib\router\route.js:149:13[
90m)[39m
    at Route.dispatch [90m(C:\Users\Zaid Hasan\OneDrive\Desktop\New ATS\Aandsz
-Forces-ATS-CS490\backend\[39mnode_modules\[4mexpress[24m\lib\router\route.j
s:119:3[90m)[39m
    at Layer.handle [as handle_request] [90m(C:\Users\Zaid 
Hasan\OneDrive\Desktop\New ATS\Aandsz-Forces-ATS-CS490\backend\[39mnode_module
s\[4mexpress[24m\lib\router\layer.js:95:5[90m)[39m
    at [90mC:\Users\Zaid Hasan\OneDrive\Desktop\New ATS\Aandsz-Forces-ATS-CS49
0\backend\[39mnode_modules\[4mexpress[24m\lib\router\index.js:284:15
    at Function.process_params [90m(C:\Users\Zaid Hasan\OneDrive\Desktop\New A
TS\Aandsz-Forces-ATS-CS490\backend\[39mnode_modules\[4mexpress[24m\lib\route
r\index.js:346:12[90m)[39m
    at next [90m(C:\Users\Zaid Hasan\OneDrive\Desktop\New ATS\Aandsz-Forces-AT
S-CS490\backend\[39mnode_modules\[4mexpress[24m\lib\router\index.js:280:10[
90m)[39m

[90mstdout[2m | tests/routes/calendar.vitest.js[2m > [22m[2mCalendar Routes - Full Coverage[2m > [22m[2mDELETE /api/calendar/disconnect[2m > [22m[2mshould disconnect calendar successfully
[22m[39mΓ£à Calendar disconnected for user 1

[90mstdout[2m | tests/routes/skills.vitest.js
[22m[39m[dotenv@17.2.3] injecting env (13) from .env -- tip: ΓÜÖ∩╕Å  specify custom .env file path with { path: '/custom/path/.env' }

[90mstdout[2m | tests/routes/certification.vitest.js
[22m[39m[dotenv@17.2.3] injecting env (13) from .env -- tip: ≡ƒöÉ encrypt with Dotenvx: https://dotenvx.com

[90mstdout[2m | tests/routes/education.vitest.js
[22m[39m[dotenv@17.2.3] injecting env (13) from .env -- tip: ΓÜÖ∩╕Å  load multiple .env files with { path: ['.env.local', '.env'] }

[90mstderr[2m | tests/routes/calendar.vitest.js[2m > [22m[2mCalendar 
Routes - Full Coverage[2m > [22m[2mDELETE /api/calendar/disconnect[2m > 
[22m[2mshould return 500 on database error
[22m[39mΓ¥î Error disconnecting calendar: { message: [32m'DB error'[39m }

[90mstderr[2m | tests/routes/calendar.vitest.js[2m > [22m[2mCalendar 
Routes - Full Coverage[2m > [22m[2mDELETE /api/calendar/disconnect[2m > 
[22m[2mshould handle exceptions
[22m[39mΓ¥î Error disconnecting calendar: Error: Connection error
    at Object.<anonymous> (C:/Users/Zaid Hasan/OneDrive/Desktop/New 
ATS/Aandsz-Forces-ATS-CS490/backend/tests/routes/calendar.vitest.js:349:42)
    at Object.Mock [as eq] [90m(file:///C:/Users/Zaid%20Hasan/OneDrive/Desktop
/New%20ATS/Aandsz-Forces-ATS-CS490/backend/[39mnode_modules/[4m@vitest/spy[2
4m/dist/index.js:285:34[90m)[39m
    at C:/Users/Zaid Hasan/OneDrive/Desktop/New 
ATS/Aandsz-Forces-ATS-CS490/backend/routes/calendar.js:238:8
    at Layer.handle [as handle_request] [90m(C:\Users\Zaid 
Hasan\OneDrive\Desktop\New ATS\Aandsz-Forces-ATS-CS490\backend\[39mnode_module
s\[4mexpress[24m\lib\router\layer.js:95:5[90m)[39m
    at next [90m(C:\Users\Zaid Hasan\OneDrive\Desktop\New ATS\Aandsz-Forces-AT
S-CS490\backend\[39mnode_modules\[4mexpress[24m\lib\router\route.js:149:13[
90m)[39m
    at Route.dispatch [90m(C:\Users\Zaid Hasan\OneDrive\Desktop\New ATS\Aandsz
-Forces-ATS-CS490\backend\[39mnode_modules\[4mexpress[24m\lib\router\route.j
s:119:3[90m)[39m
    at Layer.handle [as handle_request] [90m(C:\Users\Zaid 
Hasan\OneDrive\Desktop\New ATS\Aandsz-Forces-ATS-CS490\backend\[39mnode_module
s\[4mexpress[24m\lib\router\layer.js:95:5[90m)[39m
    at [90mC:\Users\Zaid Hasan\OneDrive\Desktop\New ATS\Aandsz-Forces-ATS-CS49
0\backend\[39mnode_modules\[4mexpress[24m\lib\router\index.js:284:15
    at Function.process_params [90m(C:\Users\Zaid Hasan\OneDrive\Desktop\New A
TS\Aandsz-Forces-ATS-CS490\backend\[39mnode_modules\[4mexpress[24m\lib\route
r\index.js:346:12[90m)[39m
    at next [90m(C:\Users\Zaid Hasan\OneDrive\Desktop\New ATS\Aandsz-Forces-AT
S-CS490\backend\[39mnode_modules\[4mexpress[24m\lib\router\index.js:280:10[
90m)[39m

[90mstderr[2m | tests/routes/company.vitest.js[2m > [22m[2mCompany Routes 
- 90%+ Coverage[2m > [22m[2mGET /api/companies/:name[2m > [22m[2mshould 
return 500 on database error
[22m[39mΓ¥î Fetch company error: Error: Database error
    at C:/Users/Zaid Hasan/OneDrive/Desktop/New 
ATS/Aandsz-Forces-ATS-CS490/backend/tests/routes/company.vitest.js:162:39
    at [90mfile:///C:/Users/Zaid%20Hasan/OneDrive/Desktop/New%20ATS/Aandsz-For
ces-ATS-CS490/backend/[39mnode_modules/[4m@vitest/runner[24m/dist/index.js:1
45:11
    at [90mfile:///C:/Users/Zaid%20Hasan/OneDrive/Desktop/New%20ATS/Aandsz-For
ces-ATS-CS490/backend/[39mnode_modules/[4m@vitest/runner[24m/dist/index.js:9
15:26
    at [90mfile:///C:/Users/Zaid%20Hasan/OneDrive/Desktop/New%20ATS/Aandsz-For
ces-ATS-CS490/backend/[39mnode_modules/[4m@vitest/runner[24m/dist/index.js:1
240:20
    at new Promise (<anonymous>)
    at runWithTimeout [90m(file:///C:/Users/Zaid%20Hasan/OneDrive/Desktop/New%
20ATS/Aandsz-Forces-ATS-CS490/backend/[39mnode_modules/[4m@vitest/runner[24m
/dist/index.js:1206:10[90m)[39m
    at [90mfile:///C:/Users/Zaid%20Hasan/OneDrive/Desktop/New%20ATS/Aandsz-For
ces-ATS-CS490/backend/[39mnode_modules/[4m@vitest/runner[24m/dist/index.js:1
650:37
    at Traces.$ [90m(file:///C:/Users/Zaid%20Hasan/OneDrive/Desktop/New%20ATS/
Aandsz-Forces-ATS-CS490/backend/[39mnode_modules/[4mvitest[24m/dist/chunks/t
races.U4xDYhzZ.js:115:27[90m)[39m
    at trace [90m(file:///C:/Users/Zaid%20Hasan/OneDrive/Desktop/New%20ATS/Aan
dsz-Forces-ATS-CS490/backend/[39mnode_modules/[4mvitest[24m/dist/chunks/test
.BT8LKgU9.js:239:21[90m)[39m
    at runTest [90m(file:///C:/Users/Zaid%20Hasan/OneDrive/Desktop/New%20ATS/A
andsz-Forces-ATS-CS490/backend/[39mnode_modules/[4m@vitest/runner[24m/dist/i
ndex.js:1650:12[90m)[39m

 [32mΓ£ô[39m tests/routes/calendar.vitest.js [2m([22m[2m17 tests[22m[2m)[22m[33m 346[2mms[22m[39m
[90mstderr[2m | tests/routes/compensationHistory.vitest.js[2m > 
[22m[2mCompensation History Routes - Full Coverage[2m > [22m[2mGET 
/api/compensation-history[2m > [22m[2mshould return 500 on database error
[22m[39mError fetching compensation history: Error: Database error
    at C:/Users/Zaid Hasan/OneDrive/Desktop/New ATS/Aandsz-Forces-ATS-CS490/bac
kend/tests/routes/compensationHistory.vitest.js:115:37
    at [90mfile:///C:/Users/Zaid%20Hasan/OneDrive/Desktop/New%20ATS/Aandsz-For
ces-ATS-CS490/backend/[39mnode_modules/[4m@vitest/runner[24m/dist/index.js:1
45:11
    at [90mfile:///C:/Users/Zaid%20Hasan/OneDrive/Desktop/New%20ATS/Aandsz-For
ces-ATS-CS490/backend/[39mnode_modules/[4m@vitest/runner[24m/dist/index.js:9
15:26
    at [90mfile:///C:/Users/Zaid%20Hasan/OneDrive/Desktop/New%20ATS/Aandsz-For
ces-ATS-CS490/backend/[39mnode_modules/[4m@vitest/runner[24m/dist/index.js:1
240:20
    at new Promise (<anonymous>)
    at runWithTimeout [90m(file:///C:/Users/Zaid%20Hasan/OneDrive/Desktop/New%
20ATS/Aandsz-Forces-ATS-CS490/backend/[39mnode_modules/[4m@vitest/runner[24m
/dist/index.js:1206:10[90m)[39m
    at [90mfile:///C:/Users/Zaid%20Hasan/OneDrive/Desktop/New%20ATS/Aandsz-For
ces-ATS-CS490/backend/[39mnode_modules/[4m@vitest/runner[24m/dist/index.js:1
650:37
    at Traces.$ [90m(file:///C:/Users/Zaid%20Hasan/OneDrive/Desktop/New%20ATS/
Aandsz-Forces-ATS-CS490/backend/[39mnode_modules/[4mvitest[24m/dist/chunks/t
races.U4xDYhzZ.js:115:27[90m)[39m
    at trace [90m(file:///C:/Users/Zaid%20Hasan/OneDrive/Desktop/New%20ATS/Aan
dsz-Forces-ATS-CS490/backend/[39mnode_modules/[4mvitest[24m/dist/chunks/test
.BT8LKgU9.js:239:21[90m)[39m
    at runTest [90m(file:///C:/Users/Zaid%20Hasan/OneDrive/Desktop/New%20ATS/A
andsz-Forces-ATS-CS490/backend/[39mnode_modules/[4m@vitest/runner[24m/dist/i
ndex.js:1650:12[90m)[39m

[90mstderr[2m | tests/routes/careerGoals.vitest.js[2m > [22m[2mCareer 
Goals Routes - Full Coverage[2m > [22m[2mGET /api/career-goals[2m > 
[22m[2mshould return 500 on database error
[22m[39mError fetching career goals: Error: Database error
    at C:/Users/Zaid Hasan/OneDrive/Desktop/New 
ATS/Aandsz-Forces-ATS-CS490/backend/tests/routes/careerGoals.vitest.js:139:37
    at [90mfile:///C:/Users/Zaid%20Hasan/OneDrive/Desktop/New%20ATS/Aandsz-For
ces-ATS-CS490/backend/[39mnode_modules/[4m@vitest/runner[24m/dist/index.js:1
45:11
    at [90mfile:///C:/Users/Zaid%20Hasan/OneDrive/Desktop/New%20ATS/Aandsz-For
ces-ATS-CS490/backend/[39mnode_modules/[4m@vitest/runner[24m/dist/index.js:9
15:26
    at [90mfile:///C:/Users/Zaid%20Hasan/OneDrive/Desktop/New%20ATS/Aandsz-For
ces-ATS-CS490/backend/[39mnode_modules/[4m@vitest/runner[24m/dist/index.js:1
240:20
    at new Promise (<anonymous>)
    at runWithTimeout [90m(file:///C:/Users/Zaid%20Hasan/OneDrive/Desktop/New%
20ATS/Aandsz-Forces-ATS-CS490/backend/[39mnode_modules/[4m@vitest/runner[24m
/dist/index.js:1206:10[90m)[39m
    at [90mfile:///C:/Users/Zaid%20Hasan/OneDrive/Desktop/New%20ATS/Aandsz-For
ces-ATS-CS490/backend/[39mnode_modules/[4m@vitest/runner[24m/dist/index.js:1
650:37
    at Traces.$ [90m(file:///C:/Users/Zaid%20Hasan/OneDrive/Desktop/New%20ATS/
Aandsz-Forces-ATS-CS490/backend/[39mnode_modules/[4mvitest[24m/dist/chunks/t
races.U4xDYhzZ.js:115:27[90m)[39m
    at trace [90m(file:///C:/Users/Zaid%20Hasan/OneDrive/Desktop/New%20ATS/Aan
dsz-Forces-ATS-CS490/backend/[39mnode_modules/[4mvitest[24m/dist/chunks/test
.BT8LKgU9.js:239:21[90m)[39m
    at runTest [90m(file:///C:/Users/Zaid%20Hasan/OneDrive/Desktop/New%20ATS/A
andsz-Forces-ATS-CS490/backend/[39mnode_modules/[4m@vitest/runner[24m/dist/i
ndex.js:1650:12[90m)[39m

[90mstderr[2m | tests/routes/careerGoals.vitest.js[2m > [22m[2mCareer 
Goals Routes - Full Coverage[2m > [22m[2mGET /api/career-goals/:id[2m > 
[22m[2mshould return 500 on database error
[22m[39mError fetching goal details: Error: Database error
    at C:/Users/Zaid Hasan/OneDrive/Desktop/New 
ATS/Aandsz-Forces-ATS-CS490/backend/tests/routes/careerGoals.vitest.js:181:37
    at [90mfile:///C:/Users/Zaid%20Hasan/OneDrive/Desktop/New%20ATS/Aandsz-For
ces-ATS-CS490/backend/[39mnode_modules/[4m@vitest/runner[24m/dist/index.js:1
45:11
    at [90mfile:///C:/Users/Zaid%20Hasan/OneDrive/Desktop/New%20ATS/Aandsz-For
ces-ATS-CS490/backend/[39mnode_modules/[4m@vitest/runner[24m/dist/index.js:9
15:26
    at [90mfile:///C:/Users/Zaid%20Hasan/OneDrive/Desktop/New%20ATS/Aandsz-For
ces-ATS-CS490/backend/[39mnode_modules/[4m@vitest/runner[24m/dist/index.js:1
240:20
    at new Promise (<anonymous>)
    at runWithTimeout [90m(file:///C:/Users/Zaid%20Hasan/OneDrive/Desktop/New%
20ATS/Aandsz-Forces-ATS-CS490/backend/[39mnode_modules/[4m@vitest/runner[24m
/dist/index.js:1206:10[90m)[39m
    at [90mfile:///C:/Users/Zaid%20Hasan/OneDrive/Desktop/New%20ATS/Aandsz-For
ces-ATS-CS490/backend/[39mnode_modules/[4m@vitest/runner[24m/dist/index.js:1
650:37
    at Traces.$ [90m(file:///C:/Users/Zaid%20Hasan/OneDrive/Desktop/New%20ATS/
Aandsz-Forces-ATS-CS490/backend/[39mnode_modules/[4mvitest[24m/dist/chunks/t
races.U4xDYhzZ.js:115:27[90m)[39m
    at trace [90m(file:///C:/Users/Zaid%20Hasan/OneDrive/Desktop/New%20ATS/Aan
dsz-Forces-ATS-CS490/backend/[39mnode_modules/[4mvitest[24m/dist/chunks/test
.BT8LKgU9.js:239:21[90m)[39m
    at runTest [90m(file:///C:/Users/Zaid%20Hasan/OneDrive/Desktop/New%20ATS/A
andsz-Forces-ATS-CS490/backend/[39mnode_modules/[4m@vitest/runner[24m/dist/i
ndex.js:1650:12[90m)[39m

[90mstderr[2m | tests/routes/company.vitest.js[2m > [22m[2mCompany Routes 
- 90%+ Coverage[2m > [22m[2mPOST /api/companies[2m > [22m[2mshould 
return 500 on database error
[22m[39mΓ¥î Company save error: Error: Database error
    at C:/Users/Zaid Hasan/OneDrive/Desktop/New 
ATS/Aandsz-Forces-ATS-CS490/backend/tests/routes/company.vitest.js:244:39
    at [90mfile:///C:/Users/Zaid%20Hasan/OneDrive/Desktop/New%20ATS/Aandsz-For
ces-ATS-CS490/backend/[39mnode_modules/[4m@vitest/runner[24m/dist/index.js:1
45:11
    at [90mfile:///C:/Users/Zaid%20Hasan/OneDrive/Desktop/New%20ATS/Aandsz-For
ces-ATS-CS490/backend/[39mnode_modules/[4m@vitest/runner[24m/dist/index.js:9
15:26
    at [90mfile:///C:/Users/Zaid%20Hasan/OneDrive/Desktop/New%20ATS/Aandsz-For
ces-ATS-CS490/backend/[39mnode_modules/[4m@vitest/runner[24m/dist/index.js:1
240:20
    at new Promise (<anonymous>)
    at runWithTimeout [90m(file:///C:/Users/Zaid%20Hasan/OneDrive/Desktop/New%
20ATS/Aandsz-Forces-ATS-CS490/backend/[39mnode_modules/[4m@vitest/runner[24m
/dist/index.js:1206:10[90m)[39m
    at [90mfile:///C:/Users/Zaid%20Hasan/OneDrive/Desktop/New%20ATS/Aandsz-For
ces-ATS-CS490/backend/[39mnode_modules/[4m@vitest/runner[24m/dist/index.js:1
650:37
    at Traces.$ [90m(file:///C:/Users/Zaid%20Hasan/OneDrive/Desktop/New%20ATS/
Aandsz-Forces-ATS-CS490/backend/[39mnode_modules/[4mvitest[24m/dist/chunks/t
races.U4xDYhzZ.js:115:27[90m)[39m
    at trace [90m(file:///C:/Users/Zaid%20Hasan/OneDrive/Desktop/New%20ATS/Aan
dsz-Forces-ATS-CS490/backend/[39mnode_modules/[4mvitest[24m/dist/chunks/test
.BT8LKgU9.js:239:21[90m)[39m
    at runTest [90m(file:///C:/Users/Zaid%20Hasan/OneDrive/Desktop/New%20ATS/A
andsz-Forces-ATS-CS490/backend/[39mnode_modules/[4m@vitest/runner[24m/dist/i
ndex.js:1650:12[90m)[39m

[90mstderr[2m | tests/routes/skills.vitest.js[2m > [22m[2mSkills Routes - 
Full Coverage[2m > [22m[2mPOST /api/skills[2m > [22m[2mshould return 500 
on database error
[22m[39mAdd skill error: Error: Database error
    at C:/Users/Zaid Hasan/OneDrive/Desktop/New 
ATS/Aandsz-Forces-ATS-CS490/backend/tests/routes/skills.vitest.js:147:41
    at [90mfile:///C:/Users/Zaid%20Hasan/OneDrive/Desktop/New%20ATS/Aandsz-For
ces-ATS-CS490/backend/[39mnode_modules/[4m@vitest/runner[24m/dist/index.js:1
45:11
    at [90mfile:///C:/Users/Zaid%20Hasan/OneDrive/Desktop/New%20ATS/Aandsz-For
ces-ATS-CS490/backend/[39mnode_modules/[4m@vitest/runner[24m/dist/index.js:9
15:26
    at [90mfile:///C:/Users/Zaid%20Hasan/OneDrive/Desktop/New%20ATS/Aandsz-For
ces-ATS-CS490/backend/[39mnode_modules/[4m@vitest/runner[24m/dist/index.js:1
240:20
    at new Promise (<anonymous>)
    at runWithTimeout [90m(file:///C:/Users/Zaid%20Hasan/OneDrive/Desktop/New%
20ATS/Aandsz-Forces-ATS-CS490/backend/[39mnode_modules/[4m@vitest/runner[24m
/dist/index.js:1206:10[90m)[39m
    at [90mfile:///C:/Users/Zaid%20Hasan/OneDrive/Desktop/New%20ATS/Aandsz-For
ces-ATS-CS490/backend/[39mnode_modules/[4m@vitest/runner[24m/dist/index.js:1
650:37
    at Traces.$ [90m(file:///C:/Users/Zaid%20Hasan/OneDrive/Desktop/New%20ATS/
Aandsz-Forces-ATS-CS490/backend/[39mnode_modules/[4mvitest[24m/dist/chunks/t
races.U4xDYhzZ.js:115:27[90m)[39m
    at trace [90m(file:///C:/Users/Zaid%20Hasan/OneDrive/Desktop/New%20ATS/Aan
dsz-Forces-ATS-CS490/backend/[39mnode_modules/[4mvitest[24m/dist/chunks/test
.BT8LKgU9.js:239:21[90m)[39m
    at runTest [90m(file:///C:/Users/Zaid%20Hasan/OneDrive/Desktop/New%20ATS/A
andsz-Forces-ATS-CS490/backend/[39mnode_modules/[4m@vitest/runner[24m/dist/i
ndex.js:1650:12[90m)[39m

[90mstderr[2m | tests/routes/education.vitest.js[2m > [22m[2mEducation 
Routes - Full Coverage[2m > [22m[2mPOST /api/education[2m > 
[22m[2mshould return 500 on database error
[22m[39mAdd education error: Error: Database error
    at C:/Users/Zaid Hasan/OneDrive/Desktop/New 
ATS/Aandsz-Forces-ATS-CS490/backend/tests/routes/education.vitest.js:163:41
    at [90mfile:///C:/Users/Zaid%20Hasan/OneDrive/Desktop/New%20ATS/Aandsz-For
ces-ATS-CS490/backend/[39mnode_modules/[4m@vitest/runner[24m/dist/index.js:1
45:11
    at [90mfile:///C:/Users/Zaid%20Hasan/OneDrive/Desktop/New%20ATS/Aandsz-For
ces-ATS-CS490/backend/[39mnode_modules/[4m@vitest/runner[24m/dist/index.js:9
15:26
    at [90mfile:///C:/Users/Zaid%20Hasan/OneDrive/Desktop/New%20ATS/Aandsz-For
ces-ATS-CS490/backend/[39mnode_modules/[4m@vitest/runner[24m/dist/index.js:1
240:20
    at new Promise (<anonymous>)
    at runWithTimeout [90m(file:///C:/Users/Zaid%20Hasan/OneDrive/Desktop/New%
20ATS/Aandsz-Forces-ATS-CS490/backend/[39mnode_modules/[4m@vitest/runner[24m
/dist/index.js:1206:10[90m)[39m
    at [90mfile:///C:/Users/Zaid%20Hasan/OneDrive/Desktop/New%20ATS/Aandsz-For
ces-ATS-CS490/backend/[39mnode_modules/[4m@vitest/runner[24m/dist/index.js:1
650:37
    at Traces.$ [90m(file:///C:/Users/Zaid%20Hasan/OneDrive/Desktop/New%20ATS/
Aandsz-Forces-ATS-CS490/backend/[39mnode_modules/[4mvitest[24m/dist/chunks/t
races.U4xDYhzZ.js:115:27[90m)[39m
    at trace [90m(file:///C:/Users/Zaid%20Hasan/OneDrive/Desktop/New%20ATS/Aan
dsz-Forces-ATS-CS490/backend/[39mnode_modules/[4mvitest[24m/dist/chunks/test
.BT8LKgU9.js:239:21[90m)[39m
    at runTest [90m(file:///C:/Users/Zaid%20Hasan/OneDrive/Desktop/New%20ATS/A
andsz-Forces-ATS-CS490/backend/[39mnode_modules/[4m@vitest/runner[24m/dist/i
ndex.js:1650:12[90m)[39m

[90mstderr[2m | tests/routes/certification.vitest.js[2m > 
[22m[2mCertification Routes - Full Coverage[2m > [22m[2mPOST 
/api/certifications[2m > [22m[2mshould return 500 on database error
[22m[39mAdd certification error: Error: Database error
    at C:/Users/Zaid Hasan/OneDrive/Desktop/New 
ATS/Aandsz-Forces-ATS-CS490/backend/tests/routes/certification.vitest.js:185:41
    at [90mfile:///C:/Users/Zaid%20Hasan/OneDrive/Desktop/New%20ATS/Aandsz-For
ces-ATS-CS490/backend/[39mnode_modules/[4m@vitest/runner[24m/dist/index.js:1
45:11
    at [90mfile:///C:/Users/Zaid%20Hasan/OneDrive/Desktop/New%20ATS/Aandsz-For
ces-ATS-CS490/backend/[39mnode_modules/[4m@vitest/runner[24m/dist/index.js:9
15:26
    at [90mfile:///C:/Users/Zaid%20Hasan/OneDrive/Desktop/New%20ATS/Aandsz-For
ces-ATS-CS490/backend/[39mnode_modules/[4m@vitest/runner[24m/dist/index.js:1
240:20
    at new Promise (<anonymous>)
    at runWithTimeout [90m(file:///C:/Users/Zaid%20Hasan/OneDrive/Desktop/New%
20ATS/Aandsz-Forces-ATS-CS490/backend/[39mnode_modules/[4m@vitest/runner[24m
/dist/index.js:1206:10[90m)[39m
    at [90mfile:///C:/Users/Zaid%20Hasan/OneDrive/Desktop/New%20ATS/Aandsz-For
ces-ATS-CS490/backend/[39mnode_modules/[4m@vitest/runner[24m/dist/index.js:1
650:37
    at Traces.$ [90m(file:///C:/Users/Zaid%20Hasan/OneDrive/Desktop/New%20ATS/
Aandsz-Forces-ATS-CS490/backend/[39mnode_modules/[4mvitest[24m/dist/chunks/t
races.U4xDYhzZ.js:115:27[90m)[39m
    at trace [90m(file:///C:/Users/Zaid%20Hasan/OneDrive/Desktop/New%20ATS/Aan
dsz-Forces-ATS-CS490/backend/[39mnode_modules/[4mvitest[24m/dist/chunks/test
.BT8LKgU9.js:239:21[90m)[39m
    at runTest [90m(file:///C:/Users/Zaid%20Hasan/OneDrive/Desktop/New%20ATS/A
andsz-Forces-ATS-CS490/backend/[39mnode_modules/[4m@vitest/runner[24m/dist/i
ndex.js:1650:12[90m)[39m

[90mstdout[2m | tests/routes/compensationHistory.vitest.js[2m > [22m[2mCompensation History Routes - Full Coverage[2m > [22m[2mPOST /api/compensation-history[2m > [22m[2mshould create compensation history entry successfully
[22m[39mΓ£à Compensation history entry created for user 1

[90mstdout[2m | tests/routes/compensationHistory.vitest.js[2m > [22m[2mCompensation History Routes - Full Coverage[2m > [22m[2mPOST /api/compensation-history[2m > [22m[2mshould use base_salary_start for current if not provided
[22m[39mΓ£à Compensation history entry created for user 1

[90mstderr[2m | tests/routes/company.vitest.js[2m > [22m[2mCompany Routes 
- 90%+ Coverage[2m > [22m[2mPUT /api/companies/:name[2m > [22m[2mshould 
return 500 on database error
[22m[39mΓ¥î Company PUT error: Error: Database error
    at C:/Users/Zaid Hasan/OneDrive/Desktop/New 
ATS/Aandsz-Forces-ATS-CS490/backend/tests/routes/company.vitest.js:315:39
    at [90mfile:///C:/Users/Zaid%20Hasan/OneDrive/Desktop/New%20ATS/Aandsz-For
ces-ATS-CS490/backend/[39mnode_modules/[4m@vitest/runner[24m/dist/index.js:1
45:11
    at [90mfile:///C:/Users/Zaid%20Hasan/OneDrive/Desktop/New%20ATS/Aandsz-For
ces-ATS-CS490/backend/[39mnode_modules/[4m@vitest/runner[24m/dist/index.js:9
15:26
    at [90mfile:///C:/Users/Zaid%20Hasan/OneDrive/Desktop/New%20ATS/Aandsz-For
ces-ATS-CS490/backend/[39mnode_modules/[4m@vitest/runner[24m/dist/index.js:1
240:20
    at new Promise (<anonymous>)
    at runWithTimeout [90m(file:///C:/Users/Zaid%20Hasan/OneDrive/Desktop/New%
20ATS/Aandsz-Forces-ATS-CS490/backend/[39mnode_modules/[4m@vitest/runner[24m
/dist/index.js:1206:10[90m)[39m
    at [90mfile:///C:/Users/Zaid%20Hasan/OneDrive/Desktop/New%20ATS/Aandsz-For
ces-ATS-CS490/backend/[39mnode_modules/[4m@vitest/runner[24m/dist/index.js:1
650:37
    at Traces.$ [90m(file:///C:/Users/Zaid%20Hasan/OneDrive/Desktop/New%20ATS/
Aandsz-Forces-ATS-CS490/backend/[39mnode_modules/[4mvitest[24m/dist/chunks/t
races.U4xDYhzZ.js:115:27[90m)[39m
    at trace [90m(file:///C:/Users/Zaid%20Hasan/OneDrive/Desktop/New%20ATS/Aan
dsz-Forces-ATS-CS490/backend/[39mnode_modules/[4mvitest[24m/dist/chunks/test
.BT8LKgU9.js:239:21[90m)[39m
    at runTest [90m(file:///C:/Users/Zaid%20Hasan/OneDrive/Desktop/New%20ATS/A
andsz-Forces-ATS-CS490/backend/[39mnode_modules/[4m@vitest/runner[24m/dist/i
ndex.js:1650:12[90m)[39m

[90mstderr[2m | tests/routes/skills.vitest.js[2m > [22m[2mSkills Routes - 
Full Coverage[2m > [22m[2mGET /api/skills[2m > [22m[2mshould return 500 
on database error
[22m[39mGet skills error: Error: Database error
    at C:/Users/Zaid Hasan/OneDrive/Desktop/New 
ATS/Aandsz-Forces-ATS-CS490/backend/tests/routes/skills.vitest.js:190:41
    at [90mfile:///C:/Users/Zaid%20Hasan/OneDrive/Desktop/New%20ATS/Aandsz-For
ces-ATS-CS490/backend/[39mnode_modules/[4m@vitest/runner[24m/dist/index.js:1
45:11
    at [90mfile:///C:/Users/Zaid%20Hasan/OneDrive/Desktop/New%20ATS/Aandsz-For
ces-ATS-CS490/backend/[39mnode_modules/[4m@vitest/runner[24m/dist/index.js:9
15:26
    at [90mfile:///C:/Users/Zaid%20Hasan/OneDrive/Desktop/New%20ATS/Aandsz-For
ces-ATS-CS490/backend/[39mnode_modules/[4m@vitest/runner[24m/dist/index.js:1
240:20
    at new Promise (<anonymous>)
    at runWithTimeout [90m(file:///C:/Users/Zaid%20Hasan/OneDrive/Desktop/New%
20ATS/Aandsz-Forces-ATS-CS490/backend/[39mnode_modules/[4m@vitest/runner[24m
/dist/index.js:1206:10[90m)[39m
    at [90mfile:///C:/Users/Zaid%20Hasan/OneDrive/Desktop/New%20ATS/Aandsz-For
ces-ATS-CS490/backend/[39mnode_modules/[4m@vitest/runner[24m/dist/index.js:1
650:37
    at Traces.$ [90m(file:///C:/Users/Zaid%20Hasan/OneDrive/Desktop/New%20ATS/
Aandsz-Forces-ATS-CS490/backend/[39mnode_modules/[4mvitest[24m/dist/chunks/t
races.U4xDYhzZ.js:115:27[90m)[39m
    at trace [90m(file:///C:/Users/Zaid%20Hasan/OneDrive/Desktop/New%20ATS/Aan
dsz-Forces-ATS-CS490/backend/[39mnode_modules/[4mvitest[24m/dist/chunks/test
.BT8LKgU9.js:239:21[90m)[39m
    at runTest [90m(file:///C:/Users/Zaid%20Hasan/OneDrive/Desktop/New%20ATS/A
andsz-Forces-ATS-CS490/backend/[39mnode_modules/[4m@vitest/runner[24m/dist/i
ndex.js:1650:12[90m)[39m

[90mstderr[2m | tests/routes/education.vitest.js[2m > [22m[2mEducation 
Routes - Full Coverage[2m > [22m[2mGET /api/education[2m > [22m[2mshould 
return 500 on database error
[22m[39mFetch education error: Error: Database error
    at C:/Users/Zaid Hasan/OneDrive/Desktop/New 
ATS/Aandsz-Forces-ATS-CS490/backend/tests/routes/education.vitest.js:208:41
    at [90mfile:///C:/Users/Zaid%20Hasan/OneDrive/Desktop/New%20ATS/Aandsz-For
ces-ATS-CS490/backend/[39mnode_modules/[4m@vitest/runner[24m/dist/index.js:1
45:11
    at [90mfile:///C:/Users/Zaid%20Hasan/OneDrive/Desktop/New%20ATS/Aandsz-For
ces-ATS-CS490/backend/[39mnode_modules/[4m@vitest/runner[24m/dist/index.js:9
15:26
    at [90mfile:///C:/Users/Zaid%20Hasan/OneDrive/Desktop/New%20ATS/Aandsz-For
ces-ATS-CS490/backend/[39mnode_modules/[4m@vitest/runner[24m/dist/index.js:1
240:20
    at new Promise (<anonymous>)
    at runWithTimeout [90m(file:///C:/Users/Zaid%20Hasan/OneDrive/Desktop/New%
20ATS/Aandsz-Forces-ATS-CS490/backend/[39mnode_modules/[4m@vitest/runner[24m
/dist/index.js:1206:10[90m)[39m
    at [90mfile:///C:/Users/Zaid%20Hasan/OneDrive/Desktop/New%20ATS/Aandsz-For
ces-ATS-CS490/backend/[39mnode_modules/[4m@vitest/runner[24m/dist/index.js:1
650:37
    at Traces.$ [90m(file:///C:/Users/Zaid%20Hasan/OneDrive/Desktop/New%20ATS/
Aandsz-Forces-ATS-CS490/backend/[39mnode_modules/[4mvitest[24m/dist/chunks/t
races.U4xDYhzZ.js:115:27[90m)[39m
    at trace [90m(file:///C:/Users/Zaid%20Hasan/OneDrive/Desktop/New%20ATS/Aan
dsz-Forces-ATS-CS490/backend/[39mnode_modules/[4mvitest[24m/dist/chunks/test
.BT8LKgU9.js:239:21[90m)[39m
    at runTest [90m(file:///C:/Users/Zaid%20Hasan/OneDrive/Desktop/New%20ATS/A
andsz-Forces-ATS-CS490/backend/[39mnode_modules/[4m@vitest/runner[24m/dist/i
ndex.js:1650:12[90m)[39m

[90mstderr[2m | tests/routes/certification.vitest.js[2m > 
[22m[2mCertification Routes - Full Coverage[2m > [22m[2mGET 
/api/certifications[2m > [22m[2mshould return 500 on database error
[22m[39mError loading certifications: Error: Database error
    at C:/Users/Zaid Hasan/OneDrive/Desktop/New 
ATS/Aandsz-Forces-ATS-CS490/backend/tests/routes/certification.vitest.js:229:41
    at [90mfile:///C:/Users/Zaid%20Hasan/OneDrive/Desktop/New%20ATS/Aandsz-For
ces-ATS-CS490/backend/[39mnode_modules/[4m@vitest/runner[24m/dist/index.js:1
45:11
    at [90mfile:///C:/Users/Zaid%20Hasan/OneDrive/Desktop/New%20ATS/Aandsz-For
ces-ATS-CS490/backend/[39mnode_modules/[4m@vitest/runner[24m/dist/index.js:9
15:26
    at [90mfile:///C:/Users/Zaid%20Hasan/OneDrive/Desktop/New%20ATS/Aandsz-For
ces-ATS-CS490/backend/[39mnode_modules/[4m@vitest/runner[24m/dist/index.js:1
240:20
    at new Promise (<anonymous>)
    at runWithTimeout [90m(file:///C:/Users/Zaid%20Hasan/OneDrive/Desktop/New%
20ATS/Aandsz-Forces-ATS-CS490/backend/[39mnode_modules/[4m@vitest/runner[24m
/dist/index.js:1206:10[90m)[39m
    at [90mfile:///C:/Users/Zaid%20Hasan/OneDrive/Desktop/New%20ATS/Aandsz-For
ces-ATS-CS490/backend/[39mnode_modules/[4m@vitest/runner[24m/dist/index.js:1
650:37
    at Traces.$ [90m(file:///C:/Users/Zaid%20Hasan/OneDrive/Desktop/New%20ATS/
Aandsz-Forces-ATS-CS490/backend/[39mnode_modules/[4mvitest[24m/dist/chunks/t
races.U4xDYhzZ.js:115:27[90m)[39m
    at trace [90m(file:///C:/Users/Zaid%20Hasan/OneDrive/Desktop/New%20ATS/Aan
dsz-Forces-ATS-CS490/backend/[39mnode_modules/[4mvitest[24m/dist/chunks/test
.BT8LKgU9.js:239:21[90m)[39m
    at runTest [90m(file:///C:/Users/Zaid%20Hasan/OneDrive/Desktop/New%20ATS/A
andsz-Forces-ATS-CS490/backend/[39mnode_modules/[4m@vitest/runner[24m/dist/i
ndex.js:1650:12[90m)[39m
[90mstdout[2m | tests/routes/compensationHistory.vitest.js[2m > [22m[2mCompensation History Routes - Full Coverage[2m > [22m[2mPOST /api/compensation-history[2m > [22m[2mshould handle all optional fields
[22m[39mΓ£à Compensation history entry created for user 1


[90mstderr[2m | tests/routes/careerGoals.vitest.js[2m > [22m[2mCareer 
Goals Routes - Full Coverage[2m > [22m[2mPOST /api/career-goals[2m > 
[22m[2mshould return 500 on database error
[22m[39mError creating career goal: Error: Database error
    at C:/Users/Zaid Hasan/OneDrive/Desktop/New 
ATS/Aandsz-Forces-ATS-CS490/backend/tests/routes/careerGoals.vitest.js:281:37
    at [90mfile:///C:/Users/Zaid%20Hasan/OneDrive/Desktop/New%20ATS/Aandsz-For
ces-ATS-CS490/backend/[39mnode_modules/[4m@vitest/runner[24m/dist/index.js:1
45:11
    at [90mfile:///C:/Users/Zaid%20Hasan/OneDrive/Desktop/New%20ATS/Aandsz-For
ces-ATS-CS490/backend/[39mnode_modules/[4m@vitest/runner[24m/dist/index.js:9
15:26
    at [90mfile:///C:/Users/Zaid%20Hasan/OneDrive/Desktop/New%20ATS/Aandsz-For
ces-ATS-CS490/backend/[39mnode_modules/[4m@vitest/runner[24m/dist/index.js:1
240:20
    at new Promise (<anonymous>)
    at runWithTimeout [90m(file:///C:/Users/Zaid%20Hasan/OneDrive/Desktop/New%
20ATS/Aandsz-Forces-ATS-CS490/backend/[39mnode_modules/[4m@vitest/runner[24m
/dist/index.js:1206:10[90m)[39m
    at [90mfile:///C:/Users/Zaid%20Hasan/OneDrive/Desktop/New%20ATS/Aandsz-For
ces-ATS-CS490/backend/[39mnode_modules/[4m@vitest/runner[24m/dist/index.js:1
650:37
    at Traces.$ [90m(file:///C:/Users/Zaid%20Hasan/OneDrive/Desktop/New%20ATS/
Aandsz-Forces-ATS-CS490/backend/[39mnode_modules/[4mvitest[24m/dist/chunks/t
races.U4xDYhzZ.js:115:27[90m)[39m
    at trace [90m(file:///C:/Users/Zaid%20Hasan/OneDrive/Desktop/New%20ATS/Aan
dsz-Forces-ATS-CS490/backend/[39mnode_modules/[4mvitest[24m/dist/chunks/test
.BT8LKgU9.js:239:21[90m)[39m
    at runTest [90m(file:///C:/Users/Zaid%20Hasan/OneDrive/Desktop/New%20ATS/A
andsz-Forces-ATS-CS490/backend/[39mnode_modules/[4m@vitest/runner[24m/dist/i
ndex.js:1650:12[90m)[39m

[90mstderr[2m | tests/routes/company.vitest.js[2m > [22m[2mCompany Routes 
- 90%+ Coverage[2m > [22m[2mPOST /api/companies/:name/logo[2m > 
[22m[2mshould return 500 on database error
[22m[39mΓ¥î Logo upload error: Error: Database error
    at C:/Users/Zaid Hasan/OneDrive/Desktop/New 
ATS/Aandsz-Forces-ATS-CS490/backend/tests/routes/company.vitest.js:378:39
    at [90mfile:///C:/Users/Zaid%20Hasan/OneDrive/Desktop/New%20ATS/Aandsz-For
ces-ATS-CS490/backend/[39mnode_modules/[4m@vitest/runner[24m/dist/index.js:1
45:11
    at [90mfile:///C:/Users/Zaid%20Hasan/OneDrive/Desktop/New%20ATS/Aandsz-For
ces-ATS-CS490/backend/[39mnode_modules/[4m@vitest/runner[24m/dist/index.js:9
15:26
    at [90mfile:///C:/Users/Zaid%20Hasan/OneDrive/Desktop/New%20ATS/Aandsz-For
ces-ATS-CS490/backend/[39mnode_modules/[4m@vitest/runner[24m/dist/index.js:1
240:20
    at new Promise (<anonymous>)
    at runWithTimeout [90m(file:///C:/Users/Zaid%20Hasan/OneDrive/Desktop/New%
20ATS/Aandsz-Forces-ATS-CS490/backend/[39mnode_modules/[4m@vitest/runner[24m
/dist/index.js:1206:10[90m)[39m
    at [90mfile:///C:/Users/Zaid%20Hasan/OneDrive/Desktop/New%20ATS/Aandsz-For
ces-ATS-CS490/backend/[39mnode_modules/[4m@vitest/runner[24m/dist/index.js:1
650:37
    at Traces.$ [90m(file:///C:/Users/Zaid%20Hasan/OneDrive/Desktop/New%20ATS/
Aandsz-Forces-ATS-CS490/backend/[39mnode_modules/[4mvitest[24m/dist/chunks/t
races.U4xDYhzZ.js:115:27[90m)[39m
    at trace [90m(file:///C:/Users/Zaid%20Hasan/OneDrive/Desktop/New%20ATS/Aan
dsz-Forces-ATS-CS490/backend/[39mnode_modules/[4mvitest[24m/dist/chunks/test
.BT8LKgU9.js:239:21[90m)[39m
    at runTest [90m(file:///C:/Users/Zaid%20Hasan/OneDrive/Desktop/New%20ATS/A
andsz-Forces-ATS-CS490/backend/[39mnode_modules/[4m@vitest/runner[24m/dist/i
ndex.js:1650:12[90m)[39m

[90mstderr[2m | tests/routes/skills.vitest.js[2m > [22m[2mSkills Routes - 
Full Coverage[2m > [22m[2mPUT /api/skills/:id[2m > [22m[2mshould return 
500 on database error
[22m[39mUpdate skill error: Error: Database error
    at C:/Users/Zaid Hasan/OneDrive/Desktop/New 
ATS/Aandsz-Forces-ATS-CS490/backend/tests/routes/skills.vitest.js:234:41
    at [90mfile:///C:/Users/Zaid%20Hasan/OneDrive/Desktop/New%20ATS/Aandsz-For
ces-ATS-CS490/backend/[39mnode_modules/[4m@vitest/runner[24m/dist/index.js:1
45:11
    at [90mfile:///C:/Users/Zaid%20Hasan/OneDrive/Desktop/New%20ATS/Aandsz-For
ces-ATS-CS490/backend/[39mnode_modules/[4m@vitest/runner[24m/dist/index.js:9
15:26
    at [90mfile:///C:/Users/Zaid%20Hasan/OneDrive/Desktop/New%20ATS/Aandsz-For
ces-ATS-CS490/backend/[39mnode_modules/[4m@vitest/runner[24m/dist/index.js:1
240:20
    at new Promise (<anonymous>)
    at runWithTimeout [90m(file:///C:/Users/Zaid%20Hasan/OneDrive/Desktop/New%
20ATS/Aandsz-Forces-ATS-CS490/backend/[39mnode_modules/[4m@vitest/runner[24m
/dist/index.js:1206:10[90m)[39m
    at [90mfile:///C:/Users/Zaid%20Hasan/OneDrive/Desktop/New%20ATS/Aandsz-For
ces-ATS-CS490/backend/[39mnode_modules/[4m@vitest/runner[24m/dist/index.js:1
650:37
    at Traces.$ [90m(file:///C:/Users/Zaid%20Hasan/OneDrive/Desktop/New%20ATS/
Aandsz-Forces-ATS-CS490/backend/[39mnode_modules/[4mvitest[24m/dist/chunks/t
races.U4xDYhzZ.js:115:27[90m)[39m
    at trace [90m(file:///C:/Users/Zaid%20Hasan/OneDrive/Desktop/New%20ATS/Aan
dsz-Forces-ATS-CS490/backend/[39mnode_modules/[4mvitest[24m/dist/chunks/test
.BT8LKgU9.js:239:21[90m)[39m
    at runTest [90m(file:///C:/Users/Zaid%20Hasan/OneDrive/Desktop/New%20ATS/A
andsz-Forces-ATS-CS490/backend/[39mnode_modules/[4m@vitest/runner[24m/dist/i
ndex.js:1650:12[90m)[39m

[90mstderr[2m | tests/routes/education.vitest.js[2m > [22m[2mEducation 
Routes - Full Coverage[2m > [22m[2mPUT /api/education/:id[2m > 
[22m[2mshould return 500 on database error
[22m[39mUpdate education error: Error: Database error
    at C:/Users/Zaid Hasan/OneDrive/Desktop/New 
ATS/Aandsz-Forces-ATS-CS490/backend/tests/routes/education.vitest.js:257:41
    at [90mfile:///C:/Users/Zaid%20Hasan/OneDrive/Desktop/New%20ATS/Aandsz-For
ces-ATS-CS490/backend/[39mnode_modules/[4m@vitest/runner[24m/dist/index.js:1
45:11
    at [90mfile:///C:/Users/Zaid%20Hasan/OneDrive/Desktop/New%20ATS/Aandsz-For
ces-ATS-CS490/backend/[39mnode_modules/[4m@vitest/runner[24m/dist/index.js:9
15:26
    at [90mfile:///C:/Users/Zaid%20Hasan/OneDrive/Desktop/New%20ATS/Aandsz-For
ces-ATS-CS490/backend/[39mnode_modules/[4m@vitest/runner[24m/dist/index.js:1
240:20
    at new Promise (<anonymous>)
    at runWithTimeout [90m(file:///C:/Users/Zaid%20Hasan/OneDrive/Desktop/New%
20ATS/Aandsz-Forces-ATS-CS490/backend/[39mnode_modules/[4m@vitest/runner[24m
/dist/index.js:1206:10[90m)[39m
    at [90mfile:///C:/Users/Zaid%20Hasan/OneDrive/Desktop/New%20ATS/Aandsz-For
ces-ATS-CS490/backend/[39mnode_modules/[4m@vitest/runner[24m/dist/index.js:1
650:37
    at Traces.$ [90m(file:///C:/Users/Zaid%20Hasan/OneDrive/Desktop/New%20ATS/
Aandsz-Forces-ATS-CS490/backend/[39mnode_modules/[4mvitest[24m/dist/chunks/t
races.U4xDYhzZ.js:115:27[90m)[39m
    at trace [90m(file:///C:/Users/Zaid%20Hasan/OneDrive/Desktop/New%20ATS/Aan
dsz-Forces-ATS-CS490/backend/[39mnode_modules/[4mvitest[24m/dist/chunks/test
.BT8LKgU9.js:239:21[90m)[39m
    at runTest [90m(file:///C:/Users/Zaid%20Hasan/OneDrive/Desktop/New%20ATS/A
andsz-Forces-ATS-CS490/backend/[39mnode_modules/[4m@vitest/runner[24m/dist/i
ndex.js:1650:12[90m)[39m

[90mstderr[2m | tests/routes/certification.vitest.js[2m > 
[22m[2mCertification Routes - Full Coverage[2m > [22m[2mPUT 
/api/certifications/:id[2m > [22m[2mshould return 500 on database error
[22m[39mError updating certification: Error: Database error
    at C:/Users/Zaid Hasan/OneDrive/Desktop/New 
ATS/Aandsz-Forces-ATS-CS490/backend/tests/routes/certification.vitest.js:276:41
    at [90mfile:///C:/Users/Zaid%20Hasan/OneDrive/Desktop/New%20ATS/Aandsz-For
ces-ATS-CS490/backend/[39mnode_modules/[4m@vitest/runner[24m/dist/index.js:1
45:11
    at [90mfile:///C:/Users/Zaid%20Hasan/OneDrive/Desktop/New%20ATS/Aandsz-For
ces-ATS-CS490/backend/[39mnode_modules/[4m@vitest/runner[24m/dist/index.js:9
15:26
    at [90mfile:///C:/Users/Zaid%20Hasan/OneDrive/Desktop/New%20ATS/Aandsz-For
ces-ATS-CS490/backend/[39mnode_modules/[4m@vitest/runner[24m/dist/index.js:1
240:20
    at new Promise (<anonymous>)
    at runWithTimeout [90m(file:///C:/Users/Zaid%20Hasan/OneDrive/Desktop/New%
20ATS/Aandsz-Forces-ATS-CS490/backend/[39mnode_modules/[4m@vitest/runner[24m
/dist/index.js:1206:10[90m)[39m
    at [90mfile:///C:/Users/Zaid%20Hasan/OneDrive/Desktop/New%20ATS/Aandsz-For
ces-ATS-CS490/backend/[39mnode_modules/[4m@vitest/runner[24m/dist/index.js:1
650:37
    at Traces.$ [90m(file:///C:/Users/Zaid%20Hasan/OneDrive/Desktop/New%20ATS/
Aandsz-Forces-ATS-CS490/backend/[39mnode_modules/[4mvitest[24m/dist/chunks/t
races.U4xDYhzZ.js:115:27[90m)[39m
    at trace [90m(file:///C:/Users/Zaid%20Hasan/OneDrive/Desktop/New%20ATS/Aan
dsz-Forces-ATS-CS490/backend/[39mnode_modules/[4mvitest[24m/dist/chunks/test
.BT8LKgU9.js:239:21[90m)[39m
    at runTest [90m(file:///C:/Users/Zaid%20Hasan/OneDrive/Desktop/New%20ATS/A
andsz-Forces-ATS-CS490/backend/[39mnode_modules/[4m@vitest/runner[24m/dist/i
ndex.js:1650:12[90m)[39m

[90mstderr[2m | tests/routes/compensationHistory.vitest.js[2m > 
[22m[2mCompensation History Routes - Full Coverage[2m > [22m[2mPOST 
/api/compensation-history[2m > [22m[2mshould return 500 on database error
[22m[39mError creating compensation history: Error: Database error
    at C:/Users/Zaid Hasan/OneDrive/Desktop/New ATS/Aandsz-Forces-ATS-CS490/bac
kend/tests/routes/compensationHistory.vitest.js:219:37
    at [90mfile:///C:/Users/Zaid%20Hasan/OneDrive/Desktop/New%20ATS/Aandsz-For
ces-ATS-CS490/backend/[39mnode_modules/[4m@vitest/runner[24m/dist/index.js:1
45:11
    at [90mfile:///C:/Users/Zaid%20Hasan/OneDrive/Desktop/New%20ATS/Aandsz-For
ces-ATS-CS490/backend/[39mnode_modules/[4m@vitest/runner[24m/dist/index.js:9
15:26
    at [90mfile:///C:/Users/Zaid%20Hasan/OneDrive/Desktop/New%20ATS/Aandsz-For
ces-ATS-CS490/backend/[39mnode_modules/[4m@vitest/runner[24m/dist/index.js:1
240:20
    at new Promise (<anonymous>)
    at runWithTimeout [90m(file:///C:/Users/Zaid%20Hasan/OneDrive/Desktop/New%
20ATS/Aandsz-Forces-ATS-CS490/backend/[39mnode_modules/[4m@vitest/runner[24m
/dist/index.js:1206:10[90m)[39m
    at [90mfile:///C:/Users/Zaid%20Hasan/OneDrive/Desktop/New%20ATS/Aandsz-For
ces-ATS-CS490/backend/[39mnode_modules/[4m@vitest/runner[24m/dist/index.js:1
650:37
    at Traces.$ [90m(file:///C:/Users/Zaid%20Hasan/OneDrive/Desktop/New%20ATS/
Aandsz-Forces-ATS-CS490/backend/[39mnode_modules/[4mvitest[24m/dist/chunks/t
races.U4xDYhzZ.js:115:27[90m)[39m
    at trace [90m(file:///C:/Users/Zaid%20Hasan/OneDrive/Desktop/New%20ATS/Aan
dsz-Forces-ATS-CS490/backend/[39mnode_modules/[4mvitest[24m/dist/chunks/test
.BT8LKgU9.js:239:21[90m)[39m
    at runTest [90m(file:///C:/Users/Zaid%20Hasan/OneDrive/Desktop/New%20ATS/A
andsz-Forces-ATS-CS490/backend/[39mnode_modules/[4m@vitest/runner[24m/dist/i
ndex.js:1650:12[90m)[39m

[90mstderr[2m | tests/routes/careerGoals.vitest.js[2m > [22m[2mCareer 
Goals Routes - Full Coverage[2m > [22m[2mPUT /api/career-goals/:id[2m > 
[22m[2mshould return 500 on database error
[22m[39mError updating goal: Error: Database error
    at C:/Users/Zaid Hasan/OneDrive/Desktop/New 
ATS/Aandsz-Forces-ATS-CS490/backend/tests/routes/careerGoals.vitest.js:373:37
    at [90mfile:///C:/Users/Zaid%20Hasan/OneDrive/Desktop/New%20ATS/Aandsz-For
ces-ATS-CS490/backend/[39mnode_modules/[4m@vitest/runner[24m/dist/index.js:1
45:11
    at [90mfile:///C:/Users/Zaid%20Hasan/OneDrive/Desktop/New%20ATS/Aandsz-For
ces-ATS-CS490/backend/[39mnode_modules/[4m@vitest/runner[24m/dist/index.js:9
15:26
    at [90mfile:///C:/Users/Zaid%20Hasan/OneDrive/Desktop/New%20ATS/Aandsz-For
ces-ATS-CS490/backend/[39mnode_modules/[4m@vitest/runner[24m/dist/index.js:1
240:20
    at new Promise (<anonymous>)
    at runWithTimeout [90m(file:///C:/Users/Zaid%20Hasan/OneDrive/Desktop/New%
20ATS/Aandsz-Forces-ATS-CS490/backend/[39mnode_modules/[4m@vitest/runner[24m
/dist/index.js:1206:10[90m)[39m
    at [90mfile:///C:/Users/Zaid%20Hasan/OneDrive/Desktop/New%20ATS/Aandsz-For
ces-ATS-CS490/backend/[39mnode_modules/[4m@vitest/runner[24m/dist/index.js:1
650:37
    at Traces.$ [90m(file:///C:/Users/Zaid%20Hasan/OneDrive/Desktop/New%20ATS/
Aandsz-Forces-ATS-CS490/backend/[39mnode_modules/[4mvitest[24m/dist/chunks/t
races.U4xDYhzZ.js:115:27[90m)[39m
    at trace [90m(file:///C:/Users/Zaid%20Hasan/OneDrive/Desktop/New%20ATS/Aan
dsz-Forces-ATS-CS490/backend/[39mnode_modules/[4mvitest[24m/dist/chunks/test
.BT8LKgU9.js:239:21[90m)[39m
    at runTest [90m(file:///C:/Users/Zaid%20Hasan/OneDrive/Desktop/New%20ATS/A
andsz-Forces-ATS-CS490/backend/[39mnode_modules/[4m@vitest/runner[24m/dist/i
ndex.js:1650:12[90m)[39m

[90mstderr[2m | tests/routes/skills.vitest.js[2m > [22m[2mSkills Routes - 
Full Coverage[2m > [22m[2mDELETE /api/skills/:id[2m > [22m[2mshould 
return 500 on database error
[22m[39mDelete skill error: Error: Database error
    at C:/Users/Zaid Hasan/OneDrive/Desktop/New 
ATS/Aandsz-Forces-ATS-CS490/backend/tests/routes/skills.vitest.js:272:41
    at [90mfile:///C:/Users/Zaid%20Hasan/OneDrive/Desktop/New%20ATS/Aandsz-For
ces-ATS-CS490/backend/[39mnode_modules/[4m@vitest/runner[24m/dist/index.js:1
45:11
    at [90mfile:///C:/Users/Zaid%20Hasan/OneDrive/Desktop/New%20ATS/Aandsz-For
ces-ATS-CS490/backend/[39mnode_modules/[4m@vitest/runner[24m/dist/index.js:9
15:26
    at [90mfile:///C:/Users/Zaid%20Hasan/OneDrive/Desktop/New%20ATS/Aandsz-For
ces-ATS-CS490/backend/[39mnode_modules/[4m@vitest/runner[24m/dist/index.js:1
240:20
    at new Promise (<anonymous>)
    at runWithTimeout [90m(file:///C:/Users/Zaid%20Hasan/OneDrive/Desktop/New%
20ATS/Aandsz-Forces-ATS-CS490/backend/[39mnode_modules/[4m@vitest/runner[24m
/dist/index.js:1206:10[90m)[39m
    at [90mfile:///C:/Users/Zaid%20Hasan/OneDrive/Desktop/New%20ATS/Aandsz-For
ces-ATS-CS490/backend/[39mnode_modules/[4m@vitest/runner[24m/dist/index.js:1
650:37
    at Traces.$ [90m(file:///C:/Users/Zaid%20Hasan/OneDrive/Desktop/New%20ATS/
Aandsz-Forces-ATS-CS490/backend/[39mnode_modules/[4mvitest[24m/dist/chunks/t
races.U4xDYhzZ.js:115:27[90m)[39m
    at trace [90m(file:///C:/Users/Zaid%20Hasan/OneDrive/Desktop/New%20ATS/Aan
dsz-Forces-ATS-CS490/backend/[39mnode_modules/[4mvitest[24m/dist/chunks/test
.BT8LKgU9.js:239:21[90m)[39m
    at runTest [90m(file:///C:/Users/Zaid%20Hasan/OneDrive/Desktop/New%20ATS/A
andsz-Forces-ATS-CS490/backend/[39mnode_modules/[4m@vitest/runner[24m/dist/i
ndex.js:1650:12[90m)[39m

[90mstderr[2m | tests/routes/education.vitest.js[2m > [22m[2mEducation 
Routes - Full Coverage[2m > [22m[2mDELETE /api/education/:id[2m > 
[22m[2mshould return 500 on database error
[22m[39mDelete education error: Error: Database error
    at C:/Users/Zaid Hasan/OneDrive/Desktop/New 
ATS/Aandsz-Forces-ATS-CS490/backend/tests/routes/education.vitest.js:295:41
    at [90mfile:///C:/Users/Zaid%20Hasan/OneDrive/Desktop/New%20ATS/Aandsz-For
ces-ATS-CS490/backend/[39mnode_modules/[4m@vitest/runner[24m/dist/index.js:1
45:11
    at [90mfile:///C:/Users/Zaid%20Hasan/OneDrive/Desktop/New%20ATS/Aandsz-For
ces-ATS-CS490/backend/[39mnode_modules/[4m@vitest/runner[24m/dist/index.js:9
15:26
    at [90mfile:///C:/Users/Zaid%20Hasan/OneDrive/Desktop/New%20ATS/Aandsz-For
ces-ATS-CS490/backend/[39mnode_modules/[4m@vitest/runner[24m/dist/index.js:1
240:20
    at new Promise (<anonymous>)
    at runWithTimeout [90m(file:///C:/Users/Zaid%20Hasan/OneDrive/Desktop/New%
20ATS/Aandsz-Forces-ATS-CS490/backend/[39mnode_modules/[4m@vitest/runner[24m
/dist/index.js:1206:10[90m)[39m
    at [90mfile:///C:/Users/Zaid%20Hasan/OneDrive/Desktop/New%20ATS/Aandsz-For
ces-ATS-CS490/backend/[39mnode_modules/[4m@vitest/runner[24m/dist/index.js:1
650:37
    at Traces.$ [90m(file:///C:/Users/Zaid%20Hasan/OneDrive/Desktop/New%20ATS/
Aandsz-Forces-ATS-CS490/backend/[39mnode_modules/[4mvitest[24m/dist/chunks/t
races.U4xDYhzZ.js:115:27[90m)[39m
    at trace [90m(file:///C:/Users/Zaid%20Hasan/OneDrive/Desktop/New%20ATS/Aan
dsz-Forces-ATS-CS490/backend/[39mnode_modules/[4mvitest[24m/dist/chunks/test
.BT8LKgU9.js:239:21[90m)[39m
    at runTest [90m(file:///C:/Users/Zaid%20Hasan/OneDrive/Desktop/New%20ATS/A
andsz-Forces-ATS-CS490/backend/[39mnode_modules/[4m@vitest/runner[24m/dist/i
ndex.js:1650:12[90m)[39m

[90mstderr[2m | tests/routes/certification.vitest.js[2m > 
[22m[2mCertification Routes - Full Coverage[2m > [22m[2mDELETE 
/api/certifications/:id[2m > [22m[2mshould return 500 on database error
[22m[39mError deleting certification: Error: Database error
    at C:/Users/Zaid Hasan/OneDrive/Desktop/New 
ATS/Aandsz-Forces-ATS-CS490/backend/tests/routes/certification.vitest.js:314:41
    at [90mfile:///C:/Users/Zaid%20Hasan/OneDrive/Desktop/New%20ATS/Aandsz-For
ces-ATS-CS490/backend/[39mnode_modules/[4m@vitest/runner[24m/dist/index.js:1
45:11
    at [90mfile:///C:/Users/Zaid%20Hasan/OneDrive/Desktop/New%20ATS/Aandsz-For
ces-ATS-CS490/backend/[39mnode_modules/[4m@vitest/runner[24m/dist/index.js:9
15:26
    at [90mfile:///C:/Users/Zaid%20Hasan/OneDrive/Desktop/New%20ATS/Aandsz-For
ces-ATS-CS490/backend/[39mnode_modules/[4m@vitest/runner[24m/dist/index.js:1
240:20
    at new Promise (<anonymous>)
    at runWithTimeout [90m(file:///C:/Users/Zaid%20Hasan/OneDrive/Desktop/New%
20ATS/Aandsz-Forces-ATS-CS490/backend/[39mnode_modules/[4m@vitest/runner[24m
/dist/index.js:1206:10[90m)[39m
    at [90mfile:///C:/Users/Zaid%20Hasan/OneDrive/Desktop/New%20ATS/Aandsz-For
ces-ATS-CS490/backend/[39mnode_modules/[4m@vitest/runner[24m/dist/index.js:1
650:37
    at Traces.$ [90m(file:///C:/Users/Zaid%20Hasan/OneDrive/Desktop/New%20ATS/
Aandsz-Forces-ATS-CS490/backend/[39mnode_modules/[4mvitest[24m/dist/chunks/t
races.U4xDYhzZ.js:115:27[90m)[39m
    at trace [90m(file:///C:/Users/Zaid%20Hasan/OneDrive/Desktop/New%20ATS/Aan
dsz-Forces-ATS-CS490/backend/[39mnode_modules/[4mvitest[24m/dist/chunks/test
.BT8LKgU9.js:239:21[90m)[39m
    at runTest [90m(file:///C:/Users/Zaid%20Hasan/OneDrive/Desktop/New%20ATS/A
andsz-Forces-ATS-CS490/backend/[39mnode_modules/[4m@vitest/runner[24m/dist/i
ndex.js:1650:12[90m)[39m

[90mstderr[2m | tests/routes/careerGoals.vitest.js[2m > [22m[2mCareer 
Goals Routes - Full Coverage[2m > [22m[2mDELETE /api/career-goals/:id[2m > 
[22m[2mshould return 500 on database error
[22m[39mError deleting goal: Error: Database error
    at C:/Users/Zaid Hasan/OneDrive/Desktop/New 
ATS/Aandsz-Forces-ATS-CS490/backend/tests/routes/careerGoals.vitest.js:409:37
    at [90mfile:///C:/Users/Zaid%20Hasan/OneDrive/Desktop/New%20ATS/Aandsz-For
ces-ATS-CS490/backend/[39mnode_modules/[4m@vitest/runner[24m/dist/index.js:1
45:11
    at [90mfile:///C:/Users/Zaid%20Hasan/OneDrive/Desktop/New%20ATS/Aandsz-For
ces-ATS-CS490/backend/[39mnode_modules/[4m@vitest/runner[24m/dist/index.js:9
15:26
    at [90mfile:///C:/Users/Zaid%20Hasan/OneDrive/Desktop/New%20ATS/Aandsz-For
ces-ATS-CS490/backend/[39mnode_modules/[4m@vitest/runner[24m/dist/index.js:1
240:20
    at new Promise (<anonymous>)
    at runWithTimeout [90m(file:///C:/Users/Zaid%20Hasan/OneDrive/Desktop/New%
20ATS/Aandsz-Forces-ATS-CS490/backend/[39mnode_modules/[4m@vitest/runner[24m
/dist/index.js:1206:10[90m)[39m
    at [90mfile:///C:/Users/Zaid%20Hasan/OneDrive/Desktop/New%20ATS/Aandsz-For
ces-ATS-CS490/backend/[39mnode_modules/[4m@vitest/runner[24m/dist/index.js:1
650:37
    at Traces.$ [90m(file:///C:/Users/Zaid%20Hasan/OneDrive/Desktop/New%20ATS/
Aandsz-Forces-ATS-CS490/backend/[39mnode_modules/[4mvitest[24m/dist/chunks/t
races.U4xDYhzZ.js:115:27[90m)[39m
    at trace [90m(file:///C:/Users/Zaid%20Hasan/OneDrive/Desktop/New%20ATS/Aan
dsz-Forces-ATS-CS490/backend/[39mnode_modules/[4mvitest[24m/dist/chunks/test
.BT8LKgU9.js:239:21[90m)[39m
    at runTest [90m(file:///C:/Users/Zaid%20Hasan/OneDrive/Desktop/New%20ATS/A
andsz-Forces-ATS-CS490/backend/[39mnode_modules/[4m@vitest/runner[24m/dist/i
ndex.js:1650:12[90m)[39m

[90mstderr[2m | tests/routes/compensationHistory.vitest.js[2m > 
[22m[2mCompensation History Routes - Full Coverage[2m > [22m[2mPUT 
/api/compensation-history/:id[2m > [22m[2mshould return 500 on database 
error
[22m[39mError updating compensation history: Error: Database error
    at C:/Users/Zaid Hasan/OneDrive/Desktop/New ATS/Aandsz-Forces-ATS-CS490/bac
kend/tests/routes/compensationHistory.vitest.js:301:37
    at [90mfile:///C:/Users/Zaid%20Hasan/OneDrive/Desktop/New%20ATS/Aandsz-For
ces-ATS-CS490/backend/[39mnode_modules/[4m@vitest/runner[24m/dist/index.js:1
45:11
    at [90mfile:///C:/Users/Zaid%20Hasan/OneDrive/Desktop/New%20ATS/Aandsz-For
ces-ATS-CS490/backend/[39mnode_modules/[4m@vitest/runner[24m/dist/index.js:9
15:26
    at [90mfile:///C:/Users/Zaid%20Hasan/OneDrive/Desktop/New%20ATS/Aandsz-For
ces-ATS-CS490/backend/[39mnode_modules/[4m@vitest/runner[24m/dist/index.js:1
240:20
    at new Promise (<anonymous>)
    at runWithTimeout [90m(file:///C:/Users/Zaid%20Hasan/OneDrive/Desktop/New%
20ATS/Aandsz-Forces-ATS-CS490/backend/[39mnode_modules/[4m@vitest/runner[24m
/dist/index.js:1206:10[90m)[39m
    at [90mfile:///C:/Users/Zaid%20Hasan/OneDrive/Desktop/New%20ATS/Aandsz-For
ces-ATS-CS490/backend/[39mnode_modules/[4m@vitest/runner[24m/dist/index.js:1
650:37
    at Traces.$ [90m(file:///C:/Users/Zaid%20Hasan/OneDrive/Desktop/New%20ATS/
Aandsz-Forces-ATS-CS490/backend/[39mnode_modules/[4mvitest[24m/dist/chunks/t
races.U4xDYhzZ.js:115:27[90m)[39m
    at trace [90m(file:///C:/Users/Zaid%20Hasan/OneDrive/Desktop/New%20ATS/Aan
dsz-Forces-ATS-CS490/backend/[39mnode_modules/[4mvitest[24m/dist/chunks/test
.BT8LKgU9.js:239:21[90m)[39m
    at runTest [90m(file:///C:/Users/Zaid%20Hasan/OneDrive/Desktop/New%20ATS/A
andsz-Forces-ATS-CS490/backend/[39mnode_modules/[4m@vitest/runner[24m/dist/i
ndex.js:1650:12[90m)[39m

[90mstderr[2m | tests/routes/careerGoals.vitest.js[2m > [22m[2mCareer 
Goals Routes - Full Coverage[2m > [22m[2mGET 
/api/career-goals/analytics/insights[2m > [22m[2mshould return 500 on 
database error
[22m[39mError fetching goal analytics: Error: Database error
    at C:/Users/Zaid Hasan/OneDrive/Desktop/New 
ATS/Aandsz-Forces-ATS-CS490/backend/tests/routes/careerGoals.vitest.js:497:37
    at [90mfile:///C:/Users/Zaid%20Hasan/OneDrive/Desktop/New%20ATS/Aandsz-For
ces-ATS-CS490/backend/[39mnode_modules/[4m@vitest/runner[24m/dist/index.js:1
45:11
    at [90mfile:///C:/Users/Zaid%20Hasan/OneDrive/Desktop/New%20ATS/Aandsz-For
ces-ATS-CS490/backend/[39mnode_modules/[4m@vitest/runner[24m/dist/index.js:9
15:26
    at [90mfile:///C:/Users/Zaid%20Hasan/OneDrive/Desktop/New%20ATS/Aandsz-For
ces-ATS-CS490/backend/[39mnode_modules/[4m@vitest/runner[24m/dist/index.js:1
240:20
    at new Promise (<anonymous>)
    at runWithTimeout [90m(file:///C:/Users/Zaid%20Hasan/OneDrive/Desktop/New%
20ATS/Aandsz-Forces-ATS-CS490/backend/[39mnode_modules/[4m@vitest/runner[24m
/dist/index.js:1206:10[90m)[39m
    at [90mfile:///C:/Users/Zaid%20Hasan/OneDrive/Desktop/New%20ATS/Aandsz-For
ces-ATS-CS490/backend/[39mnode_modules/[4m@vitest/runner[24m/dist/index.js:1
650:37
    at Traces.$ [90m(file:///C:/Users/Zaid%20Hasan/OneDrive/Desktop/New%20ATS/
Aandsz-Forces-ATS-CS490/backend/[39mnode_modules/[4mvitest[24m/dist/chunks/t
races.U4xDYhzZ.js:115:27[90m)[39m
    at trace [90m(file:///C:/Users/Zaid%20Hasan/OneDrive/Desktop/New%20ATS/Aan
dsz-Forces-ATS-CS490/backend/[39mnode_modules/[4mvitest[24m/dist/chunks/test
.BT8LKgU9.js:239:21[90m)[39m
    at runTest [90m(file:///C:/Users/Zaid%20Hasan/OneDrive/Desktop/New%20ATS/A
andsz-Forces-ATS-CS490/backend/[39mnode_modules/[4m@vitest/runner[24m/dist/i
ndex.js:1650:12[90m)[39m

[90mstderr[2m | tests/routes/compensationHistory.vitest.js[2m > 
[22m[2mCompensation History Routes - Full Coverage[2m > [22m[2mDELETE 
/api/compensation-history/:id[2m > [22m[2mshould return 500 on database 
error
[22m[39mError deleting compensation history: Error: Database error
    at C:/Users/Zaid Hasan/OneDrive/Desktop/New ATS/Aandsz-Forces-ATS-CS490/bac
kend/tests/routes/compensationHistory.vitest.js:337:37
    at [90mfile:///C:/Users/Zaid%20Hasan/OneDrive/Desktop/New%20ATS/Aandsz-For
ces-ATS-CS490/backend/[39mnode_modules/[4m@vitest/runner[24m/dist/index.js:1
45:11
    at [90mfile:///C:/Users/Zaid%20Hasan/OneDrive/Desktop/New%20ATS/Aandsz-For
ces-ATS-CS490/backend/[39mnode_modules/[4m@vitest/runner[24m/dist/index.js:9
15:26
    at [90mfile:///C:/Users/Zaid%20Hasan/OneDrive/Desktop/New%20ATS/Aandsz-For
ces-ATS-CS490/backend/[39mnode_modules/[4m@vitest/runner[24m/dist/index.js:1
240:20
    at new Promise (<anonymous>)
    at runWithTimeout [90m(file:///C:/Users/Zaid%20Hasan/OneDrive/Desktop/New%
20ATS/Aandsz-Forces-ATS-CS490/backend/[39mnode_modules/[4m@vitest/runner[24m
/dist/index.js:1206:10[90m)[39m
    at [90mfile:///C:/Users/Zaid%20Hasan/OneDrive/Desktop/New%20ATS/Aandsz-For
ces-ATS-CS490/backend/[39mnode_modules/[4m@vitest/runner[24m/dist/index.js:1
650:37
    at Traces.$ [90m(file:///C:/Users/Zaid%20Hasan/OneDrive/Desktop/New%20ATS/
Aandsz-Forces-ATS-CS490/backend/[39mnode_modules/[4mvitest[24m/dist/chunks/t
races.U4xDYhzZ.js:115:27[90m)[39m
    at trace [90m(file:///C:/Users/Zaid%20Hasan/OneDrive/Desktop/New%20ATS/Aan
dsz-Forces-ATS-CS490/backend/[39mnode_modules/[4mvitest[24m/dist/chunks/test
.BT8LKgU9.js:239:21[90m)[39m
    at runTest [90m(file:///C:/Users/Zaid%20Hasan/OneDrive/Desktop/New%20ATS/A
andsz-Forces-ATS-CS490/backend/[39mnode_modules/[4m@vitest/runner[24m/dist/i
ndex.js:1650:12[90m)[39m

 [32mΓ£ô[39m tests/routes/skills.vitest.js [2m([22m[2m14 tests[22m[2m)[22m[32m 201[2mms[22m[39m
 [32mΓ£ô[39m tests/routes/company.vitest.js [2m([22m[2m23 tests[22m[2m)[22m[33m 303[2mms[22m[39m
 [32mΓ£ô[39m tests/routes/compensationHistory.vitest.js [2m([22m[2m16 tests[22m[2m)[22m[32m 256[2mms[22m[39m
 [32mΓ£ô[39m tests/routes/education.vitest.js [2m([22m[2m13 tests[22m[2m)[22m[32m 187[2mms[22m[39m
 [32mΓ£ô[39m tests/routes/certification.vitest.js [2m([22m[2m14 tests[22m[2m)[22m[32m 201[2mms[22m[39m
[90mstdout[2m | tests/server.full.vitest.js
[22m[39m[dotenv@17.2.3] injecting env (8) from .env -- tip: Γ£à audit secrets and track compliance: https://dotenvx.com/ops

 [32mΓ£ô[39m tests/routes/careerGoals.vitest.js [2m([22m[2m34 tests[22m[2m)[22m[33m 373[2mms[22m[39m
[90mstdout[2m | tests/server.full.vitest.js
[22m[39m[dotenv@17.2.3] injecting env (0) from .env -- tip: ΓÜÖ∩╕Å  suppress all logs with { quiet: true }

[90mstdout[2m | tests/server.full.vitest.js
[22m[39m[dotenv@17.2.3] injecting env (0) from .env -- tip: ≡ƒöÉ encrypt with Dotenvx: https://dotenvx.com

[90mstdout[2m | tests/server.full.vitest.js
[22m[39m[dotenv@17.2.3] injecting env (0) from .env -- tip: ΓÜÖ∩╕Å  suppress all logs with { quiet: true }

[90mstdout[2m | tests/server.full.vitest.js
[22m[39m[dotenv@17.2.3] injecting env (0) from .env -- tip: ≡ƒôí add observability to secrets: https://dotenvx.com/ops

[90mstdout[2m | tests/routes/dashboard.vitest.js[2m > [22m[2mDashboard Routes - Full Coverage[2m > [22m[2mGET /api/dashboard/stats[2m > [22m[2mshould return dashboard stats
[22m[39m========================================
≡ƒöì Dashboard Stats Request
========================================
   User ID: [33m1[39m
   Start Date: 2000-01-01 00:00:00
   End Date: 2100-12-31 23:59:59

[90mstdout[2m | tests/routes/dashboard.vitest.js[2m > [22m[2mDashboard Routes - Full Coverage[2m > [22m[2mGET /api/dashboard/stats[2m > [22m[2mshould return dashboard stats
[22m[39m≡ƒº¬ Total jobs for user: [33m10[39m

[90mstdout[2m | tests/routes/dashboard.vitest.js[2m > [22m[2mDashboard Routes - Full Coverage[2m > [22m[2mGET /api/dashboard/stats[2m > [22m[2mshould return dashboard stats
[22m[39m≡ƒº¬ Jobs in date range: { total: [33m10[39m, earliest_date: [32m'2024-01-01'[39m, latest_date: [32m'2024-01-31'[39m }

[90mstdout[2m | tests/routes/dashboard.vitest.js[2m > [22m[2mDashboard Routes - Full Coverage[2m > [22m[2mGET /api/dashboard/stats[2m > [22m[2mshould return dashboard stats
[22m[39m≡ƒº¬ Archive status: { total: [33m10[39m, archived: [33m0[39m, not_archived: [33m10[39m }

[90mstdout[2m | tests/routes/dashboard.vitest.js[2m > [22m[2mDashboard Routes - Full Coverage[2m > [22m[2mGET /api/dashboard/stats[2m > [22m[2mshould return dashboard stats
[22m[39m≡ƒôè Key Metrics Result: { total_applications: [33m10[39m, total_interviews: [33m3[39m, total_offers: [33m1[39m }

[90mstdout[2m | tests/routes/dashboard.vitest.js[2m > [22m[2mDashboard Routes - Full Coverage[2m > [22m[2mGET /api/dashboard/stats[2m > [22m[2mshould return dashboard stats
[22m[39m≡ƒôê Trends Result: [33m1[39m weeks found

[90mstdout[2m | tests/routes/dashboard.vitest.js[2m > [22m[2mDashboard Routes - Full Coverage[2m > [22m[2mGET /api/dashboard/stats[2m > [22m[2mshould return dashboard stats
[22m[39m≡ƒôë Funnel Result: { applied: [33m10[39m, interview: [33m3[39m, offer: [33m1[39m }

[90mstdout[2m | tests/routes/dashboard.vitest.js[2m > [22m[2mDashboard Routes - Full Coverage[2m > [22m[2mGET /api/dashboard/stats[2m > [22m[2mshould return dashboard stats
[22m[39mΓÅ▒ Stage Times Result: [ { status: [32m'Applied'[39m, avg_days: [33m5[39m } ]

[90mstdout[2m | tests/routes/dashboard.vitest.js[2m > [22m[2mDashboard Routes - Full Coverage[2m > [22m[2mGET /api/dashboard/stats[2m > [22m[2mshould return dashboard stats
[22m[39mΓ£à Sending response with: { total_applications: [33m10[39m, total_interviews: [33m3[39m, total_offers: [33m1[39m }
========================================

[90mstdout[2m | tests/server.full.vitest.js
[22m[39m[dotenv@17.2.3] injecting env (0) from .env -- tip: ≡ƒ¢á∩╕Å  run anywhere with `dotenvx run -- yourcommand`

[90mstdout[2m | tests/routes/dashboard.vitest.js[2m > [22m[2mDashboard Routes - Full Coverage[2m > [22m[2mGET /api/dashboard/stats[2m > [22m[2mshould handle date filters
[22m[39m========================================
≡ƒöì Dashboard Stats Request
========================================
   User ID: [33m1[39m
   Start Date: 2024-01-15 00:00:00
   End Date: 2024-01-20 23:59:59

[90mstdout[2m | tests/routes/dashboard.vitest.js[2m > [22m[2mDashboard Routes - Full Coverage[2m > [22m[2mGET /api/dashboard/stats[2m > [22m[2mshould handle date filters
[22m[39m≡ƒº¬ Total jobs for user: [33m5[39m

[90mstdout[2m | tests/routes/dashboard.vitest.js[2m > [22m[2mDashboard Routes - Full Coverage[2m > [22m[2mGET /api/dashboard/stats[2m > [22m[2mshould handle date filters
[22m[39m≡ƒº¬ Jobs in date range: { total: [33m5[39m, earliest_date: [32m'2024-01-15'[39m, latest_date: [32m'2024-01-20'[39m }

[90mstdout[2m | tests/routes/dashboard.vitest.js[2m > [22m[2mDashboard Routes - Full Coverage[2m > [22m[2mGET /api/dashboard/stats[2m > [22m[2mshould handle date filters
[22m[39m≡ƒº¬ Archive status: { total: [33m5[39m, archived: [33m0[39m, not_archived: [33m5[39m }

[90mstdout[2m | tests/routes/dashboard.vitest.js[2m > [22m[2mDashboard Routes - Full Coverage[2m > [22m[2mGET /api/dashboard/stats[2m > [22m[2mshould handle date filters
[22m[39m≡ƒôè Key Metrics Result: { total_applications: [33m5[39m, total_interviews: [33m1[39m, total_offers: [33m0[39m }

[90mstdout[2m | tests/routes/dashboard.vitest.js[2m > [22m[2mDashboard Routes - Full Coverage[2m > [22m[2mGET /api/dashboard/stats[2m > [22m[2mshould handle date filters
[22m[39m≡ƒôê Trends Result: [33m0[39m weeks found

[90mstdout[2m | tests/routes/dashboard.vitest.js[2m > [22m[2mDashboard Routes - Full Coverage[2m > [22m[2mGET /api/dashboard/stats[2m > [22m[2mshould handle date filters
[22m[39m≡ƒôë Funnel Result: { applied: [33m5[39m, interview: [33m1[39m, offer: [33m0[39m }

[90mstdout[2m | tests/routes/dashboard.vitest.js[2m > [22m[2mDashboard Routes - Full Coverage[2m > [22m[2mGET /api/dashboard/stats[2m > [22m[2mshould handle date filters
[22m[39mΓÅ▒ Stage Times Result: []

[90mstdout[2m | tests/server.full.vitest.js
[22m[39m[dotenv@17.2.3] injecting env (0) from .env -- tip: ≡ƒùé∩╕Å backup and recover secrets: https://dotenvx.com/ops
≡ƒöÆ SSL enabled for Supabase connection (shared pool)
≡ƒôè Database pool initialized (max: 2, Supabase: true)

[90mstdout[2m | tests/routes/dashboard.vitest.js[2m > [22m[2mDashboard Routes - Full Coverage[2m > [22m[2mGET /api/dashboard/stats[2m > [22m[2mshould handle date filters
[22m[39mΓ£à Sending response with: { total_applications: [33m5[39m, total_interviews: [33m1[39m, total_offers: [33m0[39m }
========================================

[90mstdout[2m | tests/routes/dashboard.vitest.js[2m > [22m[2mDashboard Routes - Full Coverage[2m > [22m[2mGET /api/dashboard/stats[2m > [22m[2mshould handle custom goals
[22m[39m========================================
≡ƒöì Dashboard Stats Request
========================================
   User ID: [33m1[39m
   Start Date: 2000-01-01 00:00:00
   End Date: 2100-12-31 23:59:59

[90mstdout[2m | tests/routes/dashboard.vitest.js[2m > [22m[2mDashboard Routes - Full Coverage[2m > [22m[2mGET /api/dashboard/stats[2m > [22m[2mshould handle custom goals
[22m[39m≡ƒº¬ Total jobs for user: [33m10[39m

[90mstdout[2m | tests/routes/dashboard.vitest.js[2m > [22m[2mDashboard Routes - Full Coverage[2m > [22m[2mGET /api/dashboard/stats[2m > [22m[2mshould handle custom goals
[22m[39m≡ƒº¬ Jobs in date range: { total: [33m10[39m, earliest_date: [32m'2024-01-01'[39m, latest_date: [32m'2024-01-31'[39m }

[90mstdout[2m | tests/routes/dashboard.vitest.js[2m > [22m[2mDashboard Routes - Full Coverage[2m > [22m[2mGET /api/dashboard/stats[2m > [22m[2mshould handle custom goals
[22m[39m≡ƒº¬ Archive status: { total: [33m10[39m, archived: [33m0[39m, not_archived: [33m10[39m }

[90mstdout[2m | tests/routes/dashboard.vitest.js[2m > [22m[2mDashboard Routes - Full Coverage[2m > [22m[2mGET /api/dashboard/stats[2m > [22m[2mshould handle custom goals
[22m[39m≡ƒôè Key Metrics Result: { total_applications: [33m10[39m, total_interviews: [33m3[39m, total_offers: [33m1[39m }

[90mstdout[2m | tests/server.full.vitest.js
[22m[39m[dotenv@17.2.3] injecting env (0) from .env -- tip: Γ£à audit secrets and track compliance: https://dotenvx.com/ops

[90mstdout[2m | tests/routes/dashboard.vitest.js[2m > [22m[2mDashboard Routes - Full Coverage[2m > [22m[2mGET /api/dashboard/stats[2m > [22m[2mshould handle custom goals
[22m[39m≡ƒôê Trends Result: [33m0[39m weeks found

[90mstdout[2m | tests/routes/dashboard.vitest.js[2m > [22m[2mDashboard Routes - Full Coverage[2m > [22m[2mGET /api/dashboard/stats[2m > [22m[2mshould handle custom goals
[22m[39m≡ƒôë Funnel Result: { applied: [33m10[39m, interview: [33m3[39m, offer: [33m1[39m }

[90mstdout[2m | tests/routes/dashboard.vitest.js[2m > [22m[2mDashboard Routes - Full Coverage[2m > [22m[2mGET /api/dashboard/stats[2m > [22m[2mshould handle custom goals
[22m[39mΓÅ▒ Stage Times Result: []

[90mstdout[2m | tests/routes/dashboard.vitest.js[2m > [22m[2mDashboard Routes - Full Coverage[2m > [22m[2mGET /api/dashboard/stats[2m > [22m[2mshould handle custom goals
[22m[39mΓ£à Sending response with: { total_applications: [33m10[39m, total_interviews: [33m3[39m, total_offers: [33m1[39m }
========================================

[90mstdout[2m | tests/server.full.vitest.js
[22m[39m[dotenv@17.2.3] injecting env (0) from .env -- tip: ≡ƒôí add observability to secrets: https://dotenvx.com/ops

[90mstdout[2m | tests/routes/dashboard.vitest.js[2m > [22m[2mDashboard Routes - Full Coverage[2m > [22m[2mGET /api/dashboard/stats[2m > [22m[2mshould handle goals query error gracefully
[22m[39m========================================
≡ƒöì Dashboard Stats Request
========================================
   User ID: [33m1[39m
   Start Date: 2000-01-01 00:00:00
   End Date: 2100-12-31 23:59:59

[90mstdout[2m | tests/routes/dashboard.vitest.js[2m > [22m[2mDashboard Routes - Full Coverage[2m > [22m[2mGET /api/dashboard/stats[2m > [22m[2mshould handle goals query error gracefully
[22m[39m≡ƒº¬ Total jobs for user: [33m10[39m

[90mstdout[2m | tests/routes/dashboard.vitest.js[2m > [22m[2mDashboard Routes - Full Coverage[2m > [22m[2mGET /api/dashboard/stats[2m > [22m[2mshould handle goals query error gracefully
[22m[39m≡ƒº¬ Jobs in date range: { total: [33m10[39m, earliest_date: [32m'2024-01-01'[39m, latest_date: [32m'2024-01-31'[39m }

[90mstdout[2m | tests/routes/dashboard.vitest.js[2m > [22m[2mDashboard Routes - Full Coverage[2m > [22m[2mGET /api/dashboard/stats[2m > [22m[2mshould handle goals query error gracefully
[22m[39m≡ƒº¬ Archive status: { total: [33m10[39m, archived: [33m0[39m, not_archived: [33m10[39m }

[90mstdout[2m | tests/routes/dashboard.vitest.js[2m > [22m[2mDashboard Routes - Full Coverage[2m > [22m[2mGET /api/dashboard/stats[2m > [22m[2mshould handle goals query error gracefully
[22m[39m≡ƒôè Key Metrics Result: { total_applications: [33m10[39m, total_interviews: [33m3[39m, total_offers: [33m1[39m }

[90mstdout[2m | tests/routes/dashboard.vitest.js[2m > [22m[2mDashboard Routes - Full Coverage[2m > [22m[2mGET /api/dashboard/stats[2m > [22m[2mshould handle goals query error gracefully
[22m[39m≡ƒôê Trends Result: [33m0[39m weeks found

[90mstdout[2m | tests/routes/dashboard.vitest.js[2m > [22m[2mDashboard Routes - Full Coverage[2m > [22m[2mGET /api/dashboard/stats[2m > [22m[2mshould handle goals query error gracefully
[22m[39m≡ƒôë Funnel Result: { applied: [33m10[39m, interview: [33m3[39m, offer: [33m1[39m }

[90mstdout[2m | tests/routes/dashboard.vitest.js[2m > [22m[2mDashboard Routes - Full Coverage[2m > [22m[2mGET /api/dashboard/stats[2m > [22m[2mshould handle goals query error gracefully
[22m[39mΓÅ▒ Stage Times Result: []

[90mstderr[2m | tests/routes/dashboard.vitest.js[2m > [22m[2mDashboard 
Routes - Full Coverage[2m > [22m[2mGET /api/dashboard/stats[2m > 
[22m[2mshould handle goals query error gracefully
[22m[39mCould not fetch user goals, using defaults: Table does not exist

[90mstdout[2m | tests/routes/dashboard.vitest.js[2m > [22m[2mDashboard Routes - Full Coverage[2m > [22m[2mGET /api/dashboard/stats[2m > [22m[2mshould handle goals query error gracefully
[22m[39mΓ£à Sending response with: { total_applications: [33m10[39m, total_interviews: [33m3[39m, total_offers: [33m1[39m }
========================================

[90mstdout[2m | tests/routes/dashboard.vitest.js[2m > [22m[2mDashboard Routes - Full Coverage[2m > [22m[2mGET /api/dashboard/stats[2m > [22m[2mshould handle industry comparison calculations
[22m[39m========================================
≡ƒöì Dashboard Stats Request
========================================
   User ID: [33m1[39m
   Start Date: 2000-01-01 00:00:00
   End Date: 2100-12-31 23:59:59

[90mstdout[2m | tests/routes/dashboard.vitest.js[2m > [22m[2mDashboard Routes - Full Coverage[2m > [22m[2mGET /api/dashboard/stats[2m > [22m[2mshould handle industry comparison calculations
[22m[39m≡ƒº¬ Total jobs for user: [33m10[39m

[90mstdout[2m | tests/routes/dashboard.vitest.js[2m > [22m[2mDashboard Routes - Full Coverage[2m > [22m[2mGET /api/dashboard/stats[2m > [22m[2mshould handle industry comparison calculations
[22m[39m≡ƒº¬ Jobs in date range: { total: [33m10[39m, earliest_date: [32m'2024-01-01'[39m, latest_date: [32m'2024-01-31'[39m }

[90mstdout[2m | tests/routes/dashboard.vitest.js[2m > [22m[2mDashboard Routes - Full Coverage[2m > [22m[2mGET /api/dashboard/stats[2m > [22m[2mshould handle industry comparison calculations
[22m[39m≡ƒº¬ Archive status: { total: [33m10[39m, archived: [33m0[39m, not_archived: [33m10[39m }

[90mstdout[2m | tests/routes/dashboard.vitest.js[2m > [22m[2mDashboard Routes - Full Coverage[2m > [22m[2mGET /api/dashboard/stats[2m > [22m[2mshould handle industry comparison calculations
[22m[39m≡ƒôè Key Metrics Result: { total_applications: [33m10[39m, total_interviews: [33m3[39m, total_offers: [33m1[39m }

[90mstdout[2m | tests/routes/dashboard.vitest.js[2m > [22m[2mDashboard Routes - Full Coverage[2m > [22m[2mGET /api/dashboard/stats[2m > [22m[2mshould handle industry comparison calculations
[22m[39m≡ƒôê Trends Result: [33m0[39m weeks found

[90mstdout[2m | tests/routes/dashboard.vitest.js[2m > [22m[2mDashboard Routes - Full Coverage[2m > [22m[2mGET /api/dashboard/stats[2m > [22m[2mshould handle industry comparison calculations
[22m[39m≡ƒôë Funnel Result: { applied: [33m10[39m, interview: [33m3[39m, offer: [33m1[39m }

[90mstdout[2m | tests/routes/dashboard.vitest.js[2m > [22m[2mDashboard Routes - Full Coverage[2m > [22m[2mGET /api/dashboard/stats[2m > [22m[2mshould handle industry comparison calculations
[22m[39mΓÅ▒ Stage Times Result: []

[90mstdout[2m | tests/routes/dashboard.vitest.js[2m > [22m[2mDashboard Routes - Full Coverage[2m > [22m[2mGET /api/dashboard/stats[2m > [22m[2mshould handle industry comparison calculations
[22m[39mΓ£à Sending response with: { total_applications: [33m10[39m, total_interviews: [33m3[39m, total_offers: [33m1[39m }
========================================

[90mstdout[2m | tests/routes/dashboard.vitest.js[2m > [22m[2mDashboard Routes - Full Coverage[2m > [22m[2mGET /api/dashboard/stats[2m > [22m[2mshould generate actionable insights
[22m[39m========================================
≡ƒöì Dashboard Stats Request
========================================
   User ID: [33m1[39m
   Start Date: 2000-01-01 00:00:00
   End Date: 2100-12-31 23:59:59

[90mstdout[2m | tests/routes/dashboard.vitest.js[2m > [22m[2mDashboard Routes - Full Coverage[2m > [22m[2mGET /api/dashboard/stats[2m > [22m[2mshould generate actionable insights
[22m[39m≡ƒº¬ Total jobs for user: [33m5[39m

[90mstdout[2m | tests/routes/dashboard.vitest.js[2m > [22m[2mDashboard Routes - Full Coverage[2m > [22m[2mGET /api/dashboard/stats[2m > [22m[2mshould generate actionable insights
[22m[39m≡ƒº¬ Jobs in date range: { total: [33m5[39m, earliest_date: [32m'2024-01-01'[39m, latest_date: [32m'2024-01-31'[39m }

[90mstdout[2m | tests/routes/dashboard.vitest.js[2m > [22m[2mDashboard Routes - Full Coverage[2m > [22m[2mGET /api/dashboard/stats[2m > [22m[2mshould generate actionable insights
[22m[39m≡ƒº¬ Archive status: { total: [33m5[39m, archived: [33m0[39m, not_archived: [33m5[39m }

[90mstdout[2m | tests/routes/dashboard.vitest.js[2m > [22m[2mDashboard Routes - Full Coverage[2m > [22m[2mGET /api/dashboard/stats[2m > [22m[2mshould generate actionable insights
[22m[39m≡ƒôè Key Metrics Result: { total_applications: [33m5[39m, total_interviews: [33m0[39m, total_offers: [33m0[39m }

[90mstdout[2m | tests/routes/dashboard.vitest.js[2m > [22m[2mDashboard Routes - Full Coverage[2m > [22m[2mGET /api/dashboard/stats[2m > [22m[2mshould generate actionable insights
[22m[39m≡ƒôê Trends Result: [33m0[39m weeks found

[90mstdout[2m | tests/routes/dashboard.vitest.js[2m > [22m[2mDashboard Routes - Full Coverage[2m > [22m[2mGET /api/dashboard/stats[2m > [22m[2mshould generate actionable insights
[22m[39m≡ƒôë Funnel Result: { applied: [33m5[39m, interview: [33m0[39m, offer: [33m0[39m }

[90mstdout[2m | tests/routes/dashboard.vitest.js[2m > [22m[2mDashboard Routes - Full Coverage[2m > [22m[2mGET /api/dashboard/stats[2m > [22m[2mshould generate actionable insights
[22m[39mΓÅ▒ Stage Times Result: []

[90mstdout[2m | tests/routes/dashboard.vitest.js[2m > [22m[2mDashboard Routes - Full Coverage[2m > [22m[2mGET /api/dashboard/stats[2m > [22m[2mshould generate actionable insights
[22m[39mΓ£à Sending response with: { total_applications: [33m5[39m, total_interviews: [33m0[39m, total_offers: [33m0[39m }
========================================

[90mstdout[2m | tests/routes/dashboard.vitest.js[2m > [22m[2mDashboard Routes - Full Coverage[2m > [22m[2mGET /api/dashboard/stats[2m > [22m[2mshould handle null response hours
[22m[39m========================================
≡ƒöì Dashboard Stats Request
========================================
   User ID: [33m1[39m
   Start Date: 2000-01-01 00:00:00
   End Date: 2100-12-31 23:59:59

[90mstdout[2m | tests/routes/dashboard.vitest.js[2m > [22m[2mDashboard Routes - Full Coverage[2m > [22m[2mGET /api/dashboard/stats[2m > [22m[2mshould handle null response hours
[22m[39m≡ƒº¬ Total jobs for user: [33m10[39m

[90mstdout[2m | tests/routes/dashboard.vitest.js[2m > [22m[2mDashboard Routes - Full Coverage[2m > [22m[2mGET /api/dashboard/stats[2m > [22m[2mshould handle null response hours
[22m[39m≡ƒº¬ Jobs in date range: { total: [33m10[39m, earliest_date: [32m'2024-01-01'[39m, latest_date: [32m'2024-01-31'[39m }

[90mstdout[2m | tests/routes/dashboard.vitest.js[2m > [22m[2mDashboard Routes - Full Coverage[2m > [22m[2mGET /api/dashboard/stats[2m > [22m[2mshould handle null response hours
[22m[39m≡ƒº¬ Archive status: { total: [33m10[39m, archived: [33m0[39m, not_archived: [33m10[39m }

[90mstdout[2m | tests/routes/dashboard.vitest.js[2m > [22m[2mDashboard Routes - Full Coverage[2m > [22m[2mGET /api/dashboard/stats[2m > [22m[2mshould handle null response hours
[22m[39m≡ƒôè Key Metrics Result: { total_applications: [33m10[39m, total_interviews: [33m3[39m, total_offers: [33m1[39m }

[90mstdout[2m | tests/routes/dashboard.vitest.js[2m > [22m[2mDashboard Routes - Full Coverage[2m > [22m[2mGET /api/dashboard/stats[2m > [22m[2mshould handle null response hours
[22m[39m≡ƒôê Trends Result: [33m0[39m weeks found

[90mstdout[2m | tests/routes/dashboard.vitest.js[2m > [22m[2mDashboard Routes - Full Coverage[2m > [22m[2mGET /api/dashboard/stats[2m > [22m[2mshould handle null response hours
[22m[39m≡ƒôë Funnel Result: { applied: [33m10[39m, interview: [33m3[39m, offer: [33m1[39m }

[90mstdout[2m | tests/routes/dashboard.vitest.js[2m > [22m[2mDashboard Routes - Full Coverage[2m > [22m[2mGET /api/dashboard/stats[2m > [22m[2mshould handle null response hours
[22m[39mΓÅ▒ Stage Times Result: []

[90mstdout[2m | tests/routes/dashboard.vitest.js[2m > [22m[2mDashboard Routes - Full Coverage[2m > [22m[2mGET /api/dashboard/stats[2m > [22m[2mshould handle null response hours
[22m[39mΓ£à Sending response with: { total_applications: [33m10[39m, total_interviews: [33m3[39m, total_offers: [33m1[39m }
========================================

[90mstdout[2m | tests/routes/dashboard.vitest.js[2m > [22m[2mDashboard Routes - Full Coverage[2m > [22m[2mGET /api/dashboard/stats[2m > [22m[2mshould handle trends with multiple weeks
[22m[39m========================================
≡ƒöì Dashboard Stats Request
========================================
   User ID: [33m1[39m
   Start Date: 2000-01-01 00:00:00
   End Date: 2100-12-31 23:59:59

[90mstdout[2m | tests/routes/dashboard.vitest.js[2m > [22m[2mDashboard Routes - Full Coverage[2m > [22m[2mGET /api/dashboard/stats[2m > [22m[2mshould handle trends with multiple weeks
[22m[39m≡ƒº¬ Total jobs for user: [33m10[39m

[90mstdout[2m | tests/routes/dashboard.vitest.js[2m > [22m[2mDashboard Routes - Full Coverage[2m > [22m[2mGET /api/dashboard/stats[2m > [22m[2mshould handle trends with multiple weeks
[22m[39m≡ƒº¬ Jobs in date range: { total: [33m10[39m, earliest_date: [32m'2024-01-01'[39m, latest_date: [32m'2024-01-31'[39m }

[90mstdout[2m | tests/routes/dashboard.vitest.js[2m > [22m[2mDashboard Routes - Full Coverage[2m > [22m[2mGET /api/dashboard/stats[2m > [22m[2mshould handle trends with multiple weeks
[22m[39m≡ƒº¬ Archive status: { total: [33m10[39m, archived: [33m0[39m, not_archived: [33m10[39m }

[90mstdout[2m | tests/routes/dashboard.vitest.js[2m > [22m[2mDashboard Routes - Full Coverage[2m > [22m[2mGET /api/dashboard/stats[2m > [22m[2mshould handle trends with multiple weeks
[22m[39m≡ƒôè Key Metrics Result: { total_applications: [33m10[39m, total_interviews: [33m3[39m, total_offers: [33m1[39m }

[90mstdout[2m | tests/routes/dashboard.vitest.js[2m > [22m[2mDashboard Routes - Full Coverage[2m > [22m[2mGET /api/dashboard/stats[2m > [22m[2mshould handle trends with multiple weeks
[22m[39m≡ƒôê Trends Result: [33m3[39m weeks found

[90mstdout[2m | tests/routes/dashboard.vitest.js[2m > [22m[2mDashboard Routes - Full Coverage[2m > [22m[2mGET /api/dashboard/stats[2m > [22m[2mshould handle trends with multiple weeks
[22m[39m≡ƒôë Funnel Result: { applied: [33m10[39m, interview: [33m3[39m, offer: [33m1[39m }

[90mstdout[2m | tests/routes/dashboard.vitest.js[2m > [22m[2mDashboard Routes - Full Coverage[2m > [22m[2mGET /api/dashboard/stats[2m > [22m[2mshould handle trends with multiple weeks
[22m[39mΓÅ▒ Stage Times Result: []

[90mstdout[2m | tests/routes/dashboard.vitest.js[2m > [22m[2mDashboard Routes - Full Coverage[2m > [22m[2mGET /api/dashboard/stats[2m > [22m[2mshould handle trends with multiple weeks
[22m[39mΓ£à Sending response with: { total_applications: [33m10[39m, total_interviews: [33m3[39m, total_offers: [33m1[39m }
========================================

[90mstdout[2m | tests/routes/dashboard.vitest.js[2m > [22m[2mDashboard Routes - Full Coverage[2m > [22m[2mGET /api/dashboard/stats[2m > [22m[2mshould handle stage times with multiple statuses
[22m[39m========================================
≡ƒöì Dashboard Stats Request
========================================
   User ID: [33m1[39m
   Start Date: 2000-01-01 00:00:00
   End Date: 2100-12-31 23:59:59

[90mstdout[2m | tests/routes/dashboard.vitest.js[2m > [22m[2mDashboard Routes - Full Coverage[2m > [22m[2mGET /api/dashboard/stats[2m > [22m[2mshould handle stage times with multiple statuses
[22m[39m≡ƒº¬ Total jobs for user: [33m10[39m

[90mstdout[2m | tests/routes/dashboard.vitest.js[2m > [22m[2mDashboard Routes - Full Coverage[2m > [22m[2mGET /api/dashboard/stats[2m > [22m[2mshould handle stage times with multiple statuses
[22m[39m≡ƒº¬ Jobs in date range: { total: [33m10[39m, earliest_date: [32m'2024-01-01'[39m, latest_date: [32m'2024-01-31'[39m }

[90mstdout[2m | tests/routes/dashboard.vitest.js[2m > [22m[2mDashboard Routes - Full Coverage[2m > [22m[2mGET /api/dashboard/stats[2m > [22m[2mshould handle stage times with multiple statuses
[22m[39m≡ƒº¬ Archive status: { total: [33m10[39m, archived: [33m0[39m, not_archived: [33m10[39m }

[90mstdout[2m | tests/routes/dashboard.vitest.js[2m > [22m[2mDashboard Routes - Full Coverage[2m > [22m[2mGET /api/dashboard/stats[2m > [22m[2mshould handle stage times with multiple statuses
[22m[39m≡ƒôè Key Metrics Result: { total_applications: [33m10[39m, total_interviews: [33m3[39m, total_offers: [33m1[39m }

[90mstdout[2m | tests/routes/dashboard.vitest.js[2m > [22m[2mDashboard Routes - Full Coverage[2m > [22m[2mGET /api/dashboard/stats[2m > [22m[2mshould handle stage times with multiple statuses
[22m[39m≡ƒôê Trends Result: [33m0[39m weeks found

[90mstdout[2m | tests/routes/dashboard.vitest.js[2m > [22m[2mDashboard Routes - Full Coverage[2m > [22m[2mGET /api/dashboard/stats[2m > [22m[2mshould handle stage times with multiple statuses
[22m[39m≡ƒôë Funnel Result: { applied: [33m10[39m, interview: [33m3[39m, offer: [33m1[39m }

[90mstdout[2m | tests/routes/dashboard.vitest.js[2m > [22m[2mDashboard Routes - Full Coverage[2m > [22m[2mGET /api/dashboard/stats[2m > [22m[2mshould handle stage times with multiple statuses
[22m[39mΓÅ▒ Stage Times Result: [
  { status: [32m'Applied'[39m, avg_days: [33m5[39m },
  { status: [32m'Interview'[39m, avg_days: [33m10[39m },
  { status: [32m'Offer'[39m, avg_days: [33m15[39m },
  { status: [32m'Rejected'[39m, avg_days: [33m3[39m }
]

[90mstdout[2m | tests/routes/dashboard.vitest.js[2m > [22m[2mDashboard Routes - Full Coverage[2m > [22m[2mGET /api/dashboard/stats[2m > [22m[2mshould handle stage times with multiple statuses
[22m[39mΓ£à Sending response with: { total_applications: [33m10[39m, total_interviews: [33m3[39m, total_offers: [33m1[39m }
========================================

[90mstdout[2m | tests/routes/dashboard.vitest.js[2m > [22m[2mDashboard Routes - Full Coverage[2m > [22m[2mGET /api/dashboard/stats[2m > [22m[2mshould handle industry comparison with below benchmarks
[22m[39m========================================
≡ƒöì Dashboard Stats Request
========================================
   User ID: [33m1[39m
   Start Date: 2000-01-01 00:00:00
   End Date: 2100-12-31 23:59:59

[90mstdout[2m | tests/routes/dashboard.vitest.js[2m > [22m[2mDashboard Routes - Full Coverage[2m > [22m[2mGET /api/dashboard/stats[2m > [22m[2mshould handle industry comparison with below benchmarks
[22m[39m≡ƒº¬ Total jobs for user: [33m10[39m

[90mstdout[2m | tests/routes/dashboard.vitest.js[2m > [22m[2mDashboard Routes - Full Coverage[2m > [22m[2mGET /api/dashboard/stats[2m > [22m[2mshould handle industry comparison with below benchmarks
[22m[39m≡ƒº¬ Jobs in date range: { total: [33m10[39m, earliest_date: [32m'2024-01-01'[39m, latest_date: [32m'2024-01-31'[39m }

[90mstdout[2m | tests/routes/dashboard.vitest.js[2m > [22m[2mDashboard Routes - Full Coverage[2m > [22m[2mGET /api/dashboard/stats[2m > [22m[2mshould handle industry comparison with below benchmarks
[22m[39m≡ƒº¬ Archive status: { total: [33m10[39m, archived: [33m0[39m, not_archived: [33m10[39m }

[90mstdout[2m | tests/routes/dashboard.vitest.js[2m > [22m[2mDashboard Routes - Full Coverage[2m > [22m[2mGET /api/dashboard/stats[2m > [22m[2mshould handle industry comparison with below benchmarks
[22m[39m≡ƒôè Key Metrics Result: { total_applications: [33m10[39m, total_interviews: [33m1[39m, total_offers: [33m0[39m }

[90mstdout[2m | tests/routes/dashboard.vitest.js[2m > [22m[2mDashboard Routes - Full Coverage[2m > [22m[2mGET /api/dashboard/stats[2m > [22m[2mshould handle industry comparison with below benchmarks
[22m[39m≡ƒôê Trends Result: [33m0[39m weeks found

[90mstdout[2m | tests/routes/dashboard.vitest.js[2m > [22m[2mDashboard Routes - Full Coverage[2m > [22m[2mGET /api/dashboard/stats[2m > [22m[2mshould handle industry comparison with below benchmarks
[22m[39m≡ƒôë Funnel Result: { applied: [33m10[39m, interview: [33m1[39m, offer: [33m0[39m }

[90mstdout[2m | tests/routes/dashboard.vitest.js[2m > [22m[2mDashboard Routes - Full Coverage[2m > [22m[2mGET /api/dashboard/stats[2m > [22m[2mshould handle industry comparison with below benchmarks
[22m[39mΓÅ▒ Stage Times Result: []

[90mstdout[2m | tests/routes/dashboard.vitest.js[2m > [22m[2mDashboard Routes - Full Coverage[2m > [22m[2mGET /api/dashboard/stats[2m > [22m[2mshould handle industry comparison with below benchmarks
[22m[39mΓ£à Sending response with: { total_applications: [33m10[39m, total_interviews: [33m1[39m, total_offers: [33m0[39m }
========================================

[90mstdout[2m | tests/routes/dashboard.vitest.js[2m > [22m[2mDashboard Routes - Full Coverage[2m > [22m[2mGET /api/dashboard/stats[2m > [22m[2mshould handle zero division in industry comparison
[22m[39m========================================
≡ƒöì Dashboard Stats Request
========================================
   User ID: [33m1[39m
   Start Date: 2000-01-01 00:00:00
   End Date: 2100-12-31 23:59:59

[90mstdout[2m | tests/routes/dashboard.vitest.js[2m > [22m[2mDashboard Routes - Full Coverage[2m > [22m[2mGET /api/dashboard/stats[2m > [22m[2mshould handle zero division in industry comparison
[22m[39m≡ƒº¬ Total jobs for user: [33m10[39m

[90mstdout[2m | tests/routes/dashboard.vitest.js[2m > [22m[2mDashboard Routes - Full Coverage[2m > [22m[2mGET /api/dashboard/stats[2m > [22m[2mshould handle zero division in industry comparison
[22m[39m≡ƒº¬ Jobs in date range: { total: [33m10[39m, earliest_date: [32m'2024-01-01'[39m, latest_date: [32m'2024-01-31'[39m }

[90mstdout[2m | tests/routes/dashboard.vitest.js[2m > [22m[2mDashboard Routes - Full Coverage[2m > [22m[2mGET /api/dashboard/stats[2m > [22m[2mshould handle zero division in industry comparison
[22m[39m≡ƒº¬ Archive status: { total: [33m10[39m, archived: [33m0[39m, not_archived: [33m10[39m }

[90mstdout[2m | tests/routes/dashboard.vitest.js[2m > [22m[2mDashboard Routes - Full Coverage[2m > [22m[2mGET /api/dashboard/stats[2m > [22m[2mshould handle zero division in industry comparison
[22m[39m≡ƒôè Key Metrics Result: { total_applications: [33m10[39m, total_interviews: [33m3[39m, total_offers: [33m1[39m }

[90mstdout[2m | tests/routes/dashboard.vitest.js[2m > [22m[2mDashboard Routes - Full Coverage[2m > [22m[2mGET /api/dashboard/stats[2m > [22m[2mshould handle zero division in industry comparison
[22m[39m≡ƒôê Trends Result: [33m0[39m weeks found

[90mstdout[2m | tests/routes/dashboard.vitest.js[2m > [22m[2mDashboard Routes - Full Coverage[2m > [22m[2mGET /api/dashboard/stats[2m > [22m[2mshould handle zero division in industry comparison
[22m[39m≡ƒôë Funnel Result: { applied: [33m10[39m, interview: [33m3[39m, offer: [33m1[39m }

[90mstdout[2m | tests/routes/dashboard.vitest.js[2m > [22m[2mDashboard Routes - Full Coverage[2m > [22m[2mGET /api/dashboard/stats[2m > [22m[2mshould handle zero division in industry comparison
[22m[39mΓÅ▒ Stage Times Result: []

[90mstdout[2m | tests/routes/dashboard.vitest.js[2m > [22m[2mDashboard Routes - Full Coverage[2m > [22m[2mGET /api/dashboard/stats[2m > [22m[2mshould handle zero division in industry comparison
[22m[39mΓ£à Sending response with: { total_applications: [33m10[39m, total_interviews: [33m3[39m, total_offers: [33m1[39m }
========================================

[90mstdout[2m | tests/routes/dashboard.vitest.js[2m > [22m[2mDashboard Routes - Full Coverage[2m > [22m[2mGET /api/dashboard/stats[2m > [22m[2mshould generate insight for low application volume
[22m[39m========================================
≡ƒöì Dashboard Stats Request
========================================
   User ID: [33m1[39m
   Start Date: 2000-01-01 00:00:00
   End Date: 2100-12-31 23:59:59

[90mstdout[2m | tests/routes/dashboard.vitest.js[2m > [22m[2mDashboard Routes - Full Coverage[2m > [22m[2mGET /api/dashboard/stats[2m > [22m[2mshould generate insight for low application volume
[22m[39m≡ƒº¬ Total jobs for user: [33m5[39m

[90mstdout[2m | tests/routes/dashboard.vitest.js[2m > [22m[2mDashboard Routes - Full Coverage[2m > [22m[2mGET /api/dashboard/stats[2m > [22m[2mshould generate insight for low application volume
[22m[39m≡ƒº¬ Jobs in date range: { total: [33m5[39m, earliest_date: [32m'2024-01-01'[39m, latest_date: [32m'2024-01-31'[39m }

[90mstdout[2m | tests/routes/dashboard.vitest.js[2m > [22m[2mDashboard Routes - Full Coverage[2m > [22m[2mGET /api/dashboard/stats[2m > [22m[2mshould generate insight for low application volume
[22m[39m≡ƒº¬ Archive status: { total: [33m5[39m, archived: [33m0[39m, not_archived: [33m5[39m }

[90mstdout[2m | tests/routes/dashboard.vitest.js[2m > [22m[2mDashboard Routes - Full Coverage[2m > [22m[2mGET /api/dashboard/stats[2m > [22m[2mshould generate insight for low application volume
[22m[39m≡ƒôè Key Metrics Result: { total_applications: [33m5[39m, total_interviews: [33m2[39m, total_offers: [33m0[39m }

[90mstdout[2m | tests/routes/dashboard.vitest.js[2m > [22m[2mDashboard Routes - Full Coverage[2m > [22m[2mGET /api/dashboard/stats[2m > [22m[2mshould generate insight for low application volume
[22m[39m≡ƒôê Trends Result: [33m0[39m weeks found

[90mstdout[2m | tests/routes/dashboard.vitest.js[2m > [22m[2mDashboard Routes - Full Coverage[2m > [22m[2mGET /api/dashboard/stats[2m > [22m[2mshould generate insight for low application volume
[22m[39m≡ƒôë Funnel Result: { applied: [33m5[39m, interview: [33m2[39m, offer: [33m0[39m }

[90mstdout[2m | tests/routes/dashboard.vitest.js[2m > [22m[2mDashboard Routes - Full Coverage[2m > [22m[2mGET /api/dashboard/stats[2m > [22m[2mshould generate insight for low application volume
[22m[39mΓÅ▒ Stage Times Result: []

[90mstdout[2m | tests/routes/dashboard.vitest.js[2m > [22m[2mDashboard Routes - Full Coverage[2m > [22m[2mGET /api/dashboard/stats[2m > [22m[2mshould generate insight for low application volume
[22m[39mΓ£à Sending response with: { total_applications: [33m5[39m, total_interviews: [33m2[39m, total_offers: [33m0[39m }
========================================

[90mstdout[2m | tests/routes/dashboard.vitest.js[2m > [22m[2mDashboard Routes - Full Coverage[2m > [22m[2mGET /api/dashboard/stats[2m > [22m[2mshould generate insight for low interview rate
[22m[39m========================================
≡ƒöì Dashboard Stats Request
========================================
   User ID: [33m1[39m
   Start Date: 2000-01-01 00:00:00
   End Date: 2100-12-31 23:59:59

[90mstdout[2m | tests/routes/dashboard.vitest.js[2m > [22m[2mDashboard Routes - Full Coverage[2m > [22m[2mGET /api/dashboard/stats[2m > [22m[2mshould generate insight for low interview rate
[22m[39m≡ƒº¬ Total jobs for user: [33m10[39m

[90mstdout[2m | tests/routes/dashboard.vitest.js[2m > [22m[2mDashboard Routes - Full Coverage[2m > [22m[2mGET /api/dashboard/stats[2m > [22m[2mshould generate insight for low interview rate
[22m[39m≡ƒº¬ Jobs in date range: { total: [33m10[39m, earliest_date: [32m'2024-01-01'[39m, latest_date: [32m'2024-01-31'[39m }

[90mstdout[2m | tests/routes/dashboard.vitest.js[2m > [22m[2mDashboard Routes - Full Coverage[2m > [22m[2mGET /api/dashboard/stats[2m > [22m[2mshould generate insight for low interview rate
[22m[39m≡ƒº¬ Archive status: { total: [33m10[39m, archived: [33m0[39m, not_archived: [33m10[39m }

[90mstdout[2m | tests/routes/dashboard.vitest.js[2m > [22m[2mDashboard Routes - Full Coverage[2m > [22m[2mGET /api/dashboard/stats[2m > [22m[2mshould generate insight for low interview rate
[22m[39m≡ƒôè Key Metrics Result: { total_applications: [33m10[39m, total_interviews: [33m1[39m, total_offers: [33m0[39m }

[90mstdout[2m | tests/routes/dashboard.vitest.js[2m > [22m[2mDashboard Routes - Full Coverage[2m > [22m[2mGET /api/dashboard/stats[2m > [22m[2mshould generate insight for low interview rate
[22m[39m≡ƒôê Trends Result: [33m0[39m weeks found

[90mstdout[2m | tests/routes/dashboard.vitest.js[2m > [22m[2mDashboard Routes - Full Coverage[2m > [22m[2mGET /api/dashboard/stats[2m > [22m[2mshould generate insight for low interview rate
[22m[39m≡ƒôë Funnel Result: { applied: [33m10[39m, interview: [33m1[39m, offer: [33m0[39m }

[90mstdout[2m | tests/routes/dashboard.vitest.js[2m > [22m[2mDashboard Routes - Full Coverage[2m > [22m[2mGET /api/dashboard/stats[2m > [22m[2mshould generate insight for low interview rate
[22m[39mΓÅ▒ Stage Times Result: []

[90mstdout[2m | tests/routes/dashboard.vitest.js[2m > [22m[2mDashboard Routes - Full Coverage[2m > [22m[2mGET /api/dashboard/stats[2m > [22m[2mshould generate insight for low interview rate
[22m[39mΓ£à Sending response with: { total_applications: [33m10[39m, total_interviews: [33m1[39m, total_offers: [33m0[39m }
========================================

[90mstdout[2m | tests/routes/dashboard.vitest.js[2m > [22m[2mDashboard Routes - Full Coverage[2m > [22m[2mGET /api/dashboard/stats[2m > [22m[2mshould generate insight for low offer rate
[22m[39m========================================
≡ƒöì Dashboard Stats Request
========================================
   User ID: [33m1[39m
   Start Date: 2000-01-01 00:00:00
   End Date: 2100-12-31 23:59:59

[90mstdout[2m | tests/routes/dashboard.vitest.js[2m > [22m[2mDashboard Routes - Full Coverage[2m > [22m[2mGET /api/dashboard/stats[2m > [22m[2mshould generate insight for low offer rate
[22m[39m≡ƒº¬ Total jobs for user: [33m10[39m

[90mstdout[2m | tests/routes/dashboard.vitest.js[2m > [22m[2mDashboard Routes - Full Coverage[2m > [22m[2mGET /api/dashboard/stats[2m > [22m[2mshould generate insight for low offer rate
[22m[39m≡ƒº¬ Jobs in date range: { total: [33m10[39m, earliest_date: [32m'2024-01-01'[39m, latest_date: [32m'2024-01-31'[39m }

[90mstdout[2m | tests/routes/dashboard.vitest.js[2m > [22m[2mDashboard Routes - Full Coverage[2m > [22m[2mGET /api/dashboard/stats[2m > [22m[2mshould generate insight for low offer rate
[22m[39m≡ƒº¬ Archive status: { total: [33m10[39m, archived: [33m0[39m, not_archived: [33m10[39m }

[90mstdout[2m | tests/routes/dashboard.vitest.js[2m > [22m[2mDashboard Routes - Full Coverage[2m > [22m[2mGET /api/dashboard/stats[2m > [22m[2mshould generate insight for low offer rate
[22m[39m≡ƒôè Key Metrics Result: { total_applications: [33m10[39m, total_interviews: [33m5[39m, total_offers: [33m0[39m }

[90mstdout[2m | tests/routes/dashboard.vitest.js[2m > [22m[2mDashboard Routes - Full Coverage[2m > [22m[2mGET /api/dashboard/stats[2m > [22m[2mshould generate insight for low offer rate
[22m[39m≡ƒôê Trends Result: [33m0[39m weeks found

[90mstdout[2m | tests/routes/dashboard.vitest.js[2m > [22m[2mDashboard Routes - Full Coverage[2m > [22m[2mGET /api/dashboard/stats[2m > [22m[2mshould generate insight for low offer rate
[22m[39m≡ƒôë Funnel Result: { applied: [33m10[39m, interview: [33m5[39m, offer: [33m0[39m }

[90mstdout[2m | tests/routes/dashboard.vitest.js[2m > [22m[2mDashboard Routes - Full Coverage[2m > [22m[2mGET /api/dashboard/stats[2m > [22m[2mshould generate insight for low offer rate
[22m[39mΓÅ▒ Stage Times Result: []

[90mstdout[2m | tests/routes/dashboard.vitest.js[2m > [22m[2mDashboard Routes - Full Coverage[2m > [22m[2mGET /api/dashboard/stats[2m > [22m[2mshould generate insight for low offer rate
[22m[39mΓ£à Sending response with: { total_applications: [33m10[39m, total_interviews: [33m5[39m, total_offers: [33m0[39m }
========================================

[90mstdout[2m | tests/routes/dashboard.vitest.js[2m > [22m[2mDashboard Routes - Full Coverage[2m > [22m[2mGET /api/dashboard/stats[2m > [22m[2mshould generate positive insight when on track
[22m[39m========================================
≡ƒöì Dashboard Stats Request
========================================
   User ID: [33m1[39m
   Start Date: 2000-01-01 00:00:00
   End Date: 2100-12-31 23:59:59

[90mstdout[2m | tests/routes/dashboard.vitest.js[2m > [22m[2mDashboard Routes - Full Coverage[2m > [22m[2mGET /api/dashboard/stats[2m > [22m[2mshould generate positive insight when on track
[22m[39m≡ƒº¬ Total jobs for user: [33m50[39m

[90mstdout[2m | tests/routes/dashboard.vitest.js[2m > [22m[2mDashboard Routes - Full Coverage[2m > [22m[2mGET /api/dashboard/stats[2m > [22m[2mshould generate positive insight when on track
[22m[39m≡ƒº¬ Jobs in date range: { total: [33m50[39m, earliest_date: [32m'2024-01-01'[39m, latest_date: [32m'2024-01-31'[39m }

[90mstdout[2m | tests/routes/dashboard.vitest.js[2m > [22m[2mDashboard Routes - Full Coverage[2m > [22m[2mGET /api/dashboard/stats[2m > [22m[2mshould generate positive insight when on track
[22m[39m≡ƒº¬ Archive status: { total: [33m50[39m, archived: [33m0[39m, not_archived: [33m50[39m }

[90mstdout[2m | tests/routes/dashboard.vitest.js[2m > [22m[2mDashboard Routes - Full Coverage[2m > [22m[2mGET /api/dashboard/stats[2m > [22m[2mshould generate positive insight when on track
[22m[39m≡ƒôè Key Metrics Result: { total_applications: [33m50[39m, total_interviews: [33m15[39m, total_offers: [33m3[39m }

[90mstdout[2m | tests/routes/dashboard.vitest.js[2m > [22m[2mDashboard Routes - Full Coverage[2m > [22m[2mGET /api/dashboard/stats[2m > [22m[2mshould generate positive insight when on track
[22m[39m≡ƒôê Trends Result: [33m0[39m weeks found

[90mstdout[2m | tests/routes/dashboard.vitest.js[2m > [22m[2mDashboard Routes - Full Coverage[2m > [22m[2mGET /api/dashboard/stats[2m > [22m[2mshould generate positive insight when on track
[22m[39m≡ƒôë Funnel Result: { applied: [33m50[39m, interview: [33m15[39m, offer: [33m3[39m }

[90mstdout[2m | tests/routes/dashboard.vitest.js[2m > [22m[2mDashboard Routes - Full Coverage[2m > [22m[2mGET /api/dashboard/stats[2m > [22m[2mshould generate positive insight when on track
[22m[39mΓÅ▒ Stage Times Result: []

[90mstdout[2m | tests/routes/dashboard.vitest.js[2m > [22m[2mDashboard Routes - Full Coverage[2m > [22m[2mGET /api/dashboard/stats[2m > [22m[2mshould generate positive insight when on track
[22m[39mΓ£à Sending response with: { total_applications: [33m50[39m, total_interviews: [33m15[39m, total_offers: [33m3[39m }
========================================

[90mstdout[2m | tests/routes/dashboard.vitest.js[2m > [22m[2mDashboard Routes - Full Coverage[2m > [22m[2mGET /api/dashboard/stats[2m > [22m[2mshould handle archived jobs correctly
[22m[39m========================================
≡ƒöì Dashboard Stats Request
========================================
   User ID: [33m1[39m
   Start Date: 2000-01-01 00:00:00
   End Date: 2100-12-31 23:59:59

[90mstdout[2m | tests/routes/dashboard.vitest.js[2m > [22m[2mDashboard Routes - Full Coverage[2m > [22m[2mGET /api/dashboard/stats[2m > [22m[2mshould handle archived jobs correctly
[22m[39m≡ƒº¬ Total jobs for user: [33m20[39m

[90mstdout[2m | tests/routes/dashboard.vitest.js[2m > [22m[2mDashboard Routes - Full Coverage[2m > [22m[2mGET /api/dashboard/stats[2m > [22m[2mshould handle archived jobs correctly
[22m[39m≡ƒº¬ Jobs in date range: { total: [33m20[39m, earliest_date: [32m'2024-01-01'[39m, latest_date: [32m'2024-01-31'[39m }

[90mstdout[2m | tests/routes/dashboard.vitest.js[2m > [22m[2mDashboard Routes - Full Coverage[2m > [22m[2mGET /api/dashboard/stats[2m > [22m[2mshould handle archived jobs correctly
[22m[39m≡ƒº¬ Archive status: { total: [33m20[39m, archived: [33m10[39m, not_archived: [33m10[39m }

[90mstdout[2m | tests/routes/dashboard.vitest.js[2m > [22m[2mDashboard Routes - Full Coverage[2m > [22m[2mGET /api/dashboard/stats[2m > [22m[2mshould handle archived jobs correctly
[22m[39m≡ƒôè Key Metrics Result: { total_applications: [33m10[39m, total_interviews: [33m3[39m, total_offers: [33m1[39m }

[90mstdout[2m | tests/routes/dashboard.vitest.js[2m > [22m[2mDashboard Routes - Full Coverage[2m > [22m[2mGET /api/dashboard/stats[2m > [22m[2mshould handle archived jobs correctly
[22m[39m≡ƒôê Trends Result: [33m0[39m weeks found

[90mstdout[2m | tests/routes/dashboard.vitest.js[2m > [22m[2mDashboard Routes - Full Coverage[2m > [22m[2mGET /api/dashboard/stats[2m > [22m[2mshould handle archived jobs correctly
[22m[39m≡ƒôë Funnel Result: { applied: [33m10[39m, interview: [33m3[39m, offer: [33m1[39m }

[90mstdout[2m | tests/routes/dashboard.vitest.js[2m > [22m[2mDashboard Routes - Full Coverage[2m > [22m[2mGET /api/dashboard/stats[2m > [22m[2mshould handle archived jobs correctly
[22m[39mΓÅ▒ Stage Times Result: []

[90mstdout[2m | tests/routes/dashboard.vitest.js[2m > [22m[2mDashboard Routes - Full Coverage[2m > [22m[2mGET /api/dashboard/stats[2m > [22m[2mshould handle archived jobs correctly
[22m[39mΓ£à Sending response with: { total_applications: [33m10[39m, total_interviews: [33m3[39m, total_offers: [33m1[39m }
========================================

[90mstdout[2m | tests/routes/dashboard.vitest.js[2m > [22m[2mDashboard Routes - Full Coverage[2m > [22m[2mGET /api/dashboard/stats[2m > [22m[2mshould handle empty date range
[22m[39m========================================
≡ƒöì Dashboard Stats Request
========================================
   User ID: [33m1[39m
   Start Date: 2024-12-01 00:00:00
   End Date: 2024-12-31 23:59:59

[90mstdout[2m | tests/routes/dashboard.vitest.js[2m > [22m[2mDashboard Routes - Full Coverage[2m > [22m[2mGET /api/dashboard/stats[2m > [22m[2mshould handle empty date range
[22m[39m≡ƒº¬ Total jobs for user: [33m0[39m

[90mstdout[2m | tests/routes/dashboard.vitest.js[2m > [22m[2mDashboard Routes - Full Coverage[2m > [22m[2mGET /api/dashboard/stats[2m > [22m[2mshould handle empty date range
[22m[39m≡ƒº¬ Jobs in date range: { total: [33m0[39m, earliest_date: [1mnull[22m, latest_date: [1mnull[22m }

[90mstdout[2m | tests/routes/dashboard.vitest.js[2m > [22m[2mDashboard Routes - Full Coverage[2m > [22m[2mGET /api/dashboard/stats[2m > [22m[2mshould handle empty date range
[22m[39m≡ƒº¬ Archive status: { total: [33m0[39m, archived: [33m0[39m, not_archived: [33m0[39m }

[90mstdout[2m | tests/routes/dashboard.vitest.js[2m > [22m[2mDashboard Routes - Full Coverage[2m > [22m[2mGET /api/dashboard/stats[2m > [22m[2mshould handle empty date range
[22m[39m≡ƒôè Key Metrics Result: { total_applications: [33m0[39m, total_interviews: [33m0[39m, total_offers: [33m0[39m }

[90mstdout[2m | tests/routes/dashboard.vitest.js[2m > [22m[2mDashboard Routes - Full Coverage[2m > [22m[2mGET /api/dashboard/stats[2m > [22m[2mshould handle empty date range
[22m[39m≡ƒôê Trends Result: [33m0[39m weeks found

[90mstdout[2m | tests/routes/dashboard.vitest.js[2m > [22m[2mDashboard Routes - Full Coverage[2m > [22m[2mGET /api/dashboard/stats[2m > [22m[2mshould handle empty date range
[22m[39m≡ƒôë Funnel Result: { applied: [33m0[39m, interview: [33m0[39m, offer: [33m0[39m }

[90mstdout[2m | tests/routes/dashboard.vitest.js[2m > [22m[2mDashboard Routes - Full Coverage[2m > [22m[2mGET /api/dashboard/stats[2m > [22m[2mshould handle empty date range
[22m[39mΓÅ▒ Stage Times Result: []

[90mstdout[2m | tests/routes/dashboard.vitest.js[2m > [22m[2mDashboard Routes - Full Coverage[2m > [22m[2mGET /api/dashboard/stats[2m > [22m[2mshould handle empty date range
[22m[39mΓ£à Sending response with: { total_applications: [33m0[39m, total_interviews: [33m0[39m, total_offers: [33m0[39m }
========================================

[90mstdout[2m | tests/routes/dashboard.vitest.js[2m > [22m[2mDashboard Routes - Full Coverage[2m > [22m[2mGET /api/dashboard/stats[2m > [22m[2mshould handle goals with null values
[22m[39m========================================
≡ƒöì Dashboard Stats Request
========================================
   User ID: [33m1[39m
   Start Date: 2000-01-01 00:00:00
   End Date: 2100-12-31 23:59:59

[90mstdout[2m | tests/routes/dashboard.vitest.js[2m > [22m[2mDashboard Routes - Full Coverage[2m > [22m[2mGET /api/dashboard/stats[2m > [22m[2mshould handle goals with null values
[22m[39m≡ƒº¬ Total jobs for user: [33m10[39m

[90mstdout[2m | tests/routes/dashboard.vitest.js[2m > [22m[2mDashboard Routes - Full Coverage[2m > [22m[2mGET /api/dashboard/stats[2m > [22m[2mshould handle goals with null values
[22m[39m≡ƒº¬ Jobs in date range: { total: [33m10[39m, earliest_date: [32m'2024-01-01'[39m, latest_date: [32m'2024-01-31'[39m }

[90mstdout[2m | tests/routes/dashboard.vitest.js[2m > [22m[2mDashboard Routes - Full Coverage[2m > [22m[2mGET /api/dashboard/stats[2m > [22m[2mshould handle goals with null values
[22m[39m≡ƒº¬ Archive status: { total: [33m10[39m, archived: [33m0[39m, not_archived: [33m10[39m }

[90mstdout[2m | tests/routes/dashboard.vitest.js[2m > [22m[2mDashboard Routes - Full Coverage[2m > [22m[2mGET /api/dashboard/stats[2m > [22m[2mshould handle goals with null values
[22m[39m≡ƒôè Key Metrics Result: { total_applications: [33m10[39m, total_interviews: [33m3[39m, total_offers: [33m1[39m }

[90mstdout[2m | tests/routes/dashboard.vitest.js[2m > [22m[2mDashboard Routes - Full Coverage[2m > [22m[2mGET /api/dashboard/stats[2m > [22m[2mshould handle goals with null values
[22m[39m≡ƒôê Trends Result: [33m0[39m weeks found

[90mstdout[2m | tests/routes/dashboard.vitest.js[2m > [22m[2mDashboard Routes - Full Coverage[2m > [22m[2mGET /api/dashboard/stats[2m > [22m[2mshould handle goals with null values
[22m[39m≡ƒôë Funnel Result: { applied: [33m10[39m, interview: [33m3[39m, offer: [33m1[39m }

[90mstdout[2m | tests/routes/dashboard.vitest.js[2m > [22m[2mDashboard Routes - Full Coverage[2m > [22m[2mGET /api/dashboard/stats[2m > [22m[2mshould handle goals with null values
[22m[39mΓÅ▒ Stage Times Result: []

[90mstdout[2m | tests/routes/dashboard.vitest.js[2m > [22m[2mDashboard Routes - Full Coverage[2m > [22m[2mGET /api/dashboard/stats[2m > [22m[2mshould handle goals with null values
[22m[39mΓ£à Sending response with: { total_applications: [33m10[39m, total_interviews: [33m3[39m, total_offers: [33m1[39m }
========================================

[90mstdout[2m | tests/routes/dashboard.vitest.js[2m > [22m[2mDashboard Routes - Full Coverage[2m > [22m[2mGET /api/dashboard/stats[2m > [22m[2mshould return 500 on database error
[22m[39m========================================
≡ƒöì Dashboard Stats Request
========================================
   User ID: [33m1[39m
   Start Date: 2000-01-01 00:00:00
   End Date: 2100-12-31 23:59:59

[90mstderr[2m | tests/routes/dashboard.vitest.js[2m > [22m[2mDashboard 
Routes - Full Coverage[2m > [22m[2mGET /api/dashboard/stats[2m > 
[22m[2mshould return 500 on database error
[22m[39mΓ¥î Dashboard Error: Error: Database error
    at C:/Users/Zaid Hasan/OneDrive/Desktop/New 
ATS/Aandsz-Forces-ATS-CS490/backend/tests/routes/dashboard.vitest.js:473:41
    at [90mfile:///C:/Users/Zaid%20Hasan/OneDrive/Desktop/New%20ATS/Aandsz-For
ces-ATS-CS490/backend/[39mnode_modules/[4m@vitest/runner[24m/dist/index.js:1
45:11
    at [90mfile:///C:/Users/Zaid%20Hasan/OneDrive/Desktop/New%20ATS/Aandsz-For
ces-ATS-CS490/backend/[39mnode_modules/[4m@vitest/runner[24m/dist/index.js:9
15:26
    at [90mfile:///C:/Users/Zaid%20Hasan/OneDrive/Desktop/New%20ATS/Aandsz-For
ces-ATS-CS490/backend/[39mnode_modules/[4m@vitest/runner[24m/dist/index.js:1
240:20
    at new Promise (<anonymous>)
    at runWithTimeout [90m(file:///C:/Users/Zaid%20Hasan/OneDrive/Desktop/New%
20ATS/Aandsz-Forces-ATS-CS490/backend/[39mnode_modules/[4m@vitest/runner[24m
/dist/index.js:1206:10[90m)[39m
    at [90mfile:///C:/Users/Zaid%20Hasan/OneDrive/Desktop/New%20ATS/Aandsz-For
ces-ATS-CS490/backend/[39mnode_modules/[4m@vitest/runner[24m/dist/index.js:1
650:37
    at Traces.$ [90m(file:///C:/Users/Zaid%20Hasan/OneDrive/Desktop/New%20ATS/
Aandsz-Forces-ATS-CS490/backend/[39mnode_modules/[4mvitest[24m/dist/chunks/t
races.U4xDYhzZ.js:115:27[90m)[39m
    at trace [90m(file:///C:/Users/Zaid%20Hasan/OneDrive/Desktop/New%20ATS/Aan
dsz-Forces-ATS-CS490/backend/[39mnode_modules/[4mvitest[24m/dist/chunks/test
.BT8LKgU9.js:239:21[90m)[39m
    at runTest [90m(file:///C:/Users/Zaid%20Hasan/OneDrive/Desktop/New%20ATS/A
andsz-Forces-ATS-CS490/backend/[39mnode_modules/[4m@vitest/runner[24m/dist/i
ndex.js:1650:12[90m)[39m

 [32mΓ£ô[39m tests/routes/dashboard.vitest.js [2m([22m[2m19 tests[22m[2m)[22m[32m 276[2mms[22m[39m
[90mstdout[2m | tests/routes/projects.vitest.js
[22m[39m[dotenv@17.2.3] injecting env (13) from .env -- tip: ΓÜÖ∩╕Å  override existing env vars with { override: true }

[90mstdout[2m | tests/routes/profile.vitest.js
[22m[39m[dotenv@17.2.3] injecting env (13) from .env -- tip: ≡ƒæÑ sync secrets across teammates & machines: https://dotenvx.com/ops

[90mstdout[2m | tests/routes/skillProgress.vitest.js
[22m[39m[dotenv@17.2.3] injecting env (13) from .env -- tip: ≡ƒ¢á∩╕Å  run anywhere with `dotenvx run -- yourcommand`

[90mstdout[2m | tests/routes/sectionPresets.vitest.js
[22m[39m[dotenv@17.2.3] injecting env (13) from .env -- tip: ≡ƒôí add observability to secrets: https://dotenvx.com/ops

[90mstdout[2m | tests/routes/jobDescriptions.vitest.js
[22m[39m[dotenv@17.2.3] injecting env (13) from .env -- tip: ≡ƒôí add observability to secrets: https://dotenvx.com/ops

[90mstdout[2m | tests/routes/resumePresets.vitest.js
[22m[39m[dotenv@17.2.3] injecting env (13) from .env -- tip: Γ£à audit secrets and track compliance: https://dotenvx.com/ops

[90mstderr[2m | tests/routes/skillProgress.vitest.js[2m > [22m[2mSkill 
Progress Routes - Full Coverage[2m > [22m[2mGET /api/skill-progress[2m > 
[22m[2mshould return 500 on database error
[22m[39mProgress fetch error: Error: Database error
    at C:/Users/Zaid Hasan/OneDrive/Desktop/New 
ATS/Aandsz-Forces-ATS-CS490/backend/tests/routes/skillProgress.vitest.js:111:41
    at [90mfile:///C:/Users/Zaid%20Hasan/OneDrive/Desktop/New%20ATS/Aandsz-For
ces-ATS-CS490/backend/[39mnode_modules/[4m@vitest/runner[24m/dist/index.js:1
45:11
    at [90mfile:///C:/Users/Zaid%20Hasan/OneDrive/Desktop/New%20ATS/Aandsz-For
ces-ATS-CS490/backend/[39mnode_modules/[4m@vitest/runner[24m/dist/index.js:9
15:26
    at [90mfile:///C:/Users/Zaid%20Hasan/OneDrive/Desktop/New%20ATS/Aandsz-For
ces-ATS-CS490/backend/[39mnode_modules/[4m@vitest/runner[24m/dist/index.js:1
240:20
    at new Promise (<anonymous>)
    at runWithTimeout [90m(file:///C:/Users/Zaid%20Hasan/OneDrive/Desktop/New%
20ATS/Aandsz-Forces-ATS-CS490/backend/[39mnode_modules/[4m@vitest/runner[24m
/dist/index.js:1206:10[90m)[39m
    at [90mfile:///C:/Users/Zaid%20Hasan/OneDrive/Desktop/New%20ATS/Aandsz-For
ces-ATS-CS490/backend/[39mnode_modules/[4m@vitest/runner[24m/dist/index.js:1
650:37
    at Traces.$ [90m(file:///C:/Users/Zaid%20Hasan/OneDrive/Desktop/New%20ATS/
Aandsz-Forces-ATS-CS490/backend/[39mnode_modules/[4mvitest[24m/dist/chunks/t
races.U4xDYhzZ.js:115:27[90m)[39m
    at trace [90m(file:///C:/Users/Zaid%20Hasan/OneDrive/Desktop/New%20ATS/Aan
dsz-Forces-ATS-CS490/backend/[39mnode_modules/[4mvitest[24m/dist/chunks/test
.BT8LKgU9.js:239:21[90m)[39m
    at runTest [90m(file:///C:/Users/Zaid%20Hasan/OneDrive/Desktop/New%20ATS/A
andsz-Forces-ATS-CS490/backend/[39mnode_modules/[4m@vitest/runner[24m/dist/i
ndex.js:1650:12[90m)[39m

[90mstderr[2m | tests/routes/jobDescriptions.vitest.js[2m > [22m[2mJob 
Descriptions Routes - Full Coverage[2m > [22m[2mPOST 
/api/job-descriptions[2m > [22m[2mshould return 500 on database error
[22m[39mΓ¥î Save job description error: Error: Database error
    at C:/Users/Zaid Hasan/OneDrive/Desktop/New ATS/Aandsz-Forces-ATS-CS490/bac
kend/tests/routes/jobDescriptions.vitest.js:130:41
    at [90mfile:///C:/Users/Zaid%20Hasan/OneDrive/Desktop/New%20ATS/Aandsz-For
ces-ATS-CS490/backend/[39mnode_modules/[4m@vitest/runner[24m/dist/index.js:1
45:11
    at [90mfile:///C:/Users/Zaid%20Hasan/OneDrive/Desktop/New%20ATS/Aandsz-For
ces-ATS-CS490/backend/[39mnode_modules/[4m@vitest/runner[24m/dist/index.js:9
15:26
    at [90mfile:///C:/Users/Zaid%20Hasan/OneDrive/Desktop/New%20ATS/Aandsz-For
ces-ATS-CS490/backend/[39mnode_modules/[4m@vitest/runner[24m/dist/index.js:1
240:20
    at new Promise (<anonymous>)
    at runWithTimeout [90m(file:///C:/Users/Zaid%20Hasan/OneDrive/Desktop/New%
20ATS/Aandsz-Forces-ATS-CS490/backend/[39mnode_modules/[4m@vitest/runner[24m
/dist/index.js:1206:10[90m)[39m
    at [90mfile:///C:/Users/Zaid%20Hasan/OneDrive/Desktop/New%20ATS/Aandsz-For
ces-ATS-CS490/backend/[39mnode_modules/[4m@vitest/runner[24m/dist/index.js:1
650:37
    at Traces.$ [90m(file:///C:/Users/Zaid%20Hasan/OneDrive/Desktop/New%20ATS/
Aandsz-Forces-ATS-CS490/backend/[39mnode_modules/[4mvitest[24m/dist/chunks/t
races.U4xDYhzZ.js:115:27[90m)[39m
    at trace [90m(file:///C:/Users/Zaid%20Hasan/OneDrive/Desktop/New%20ATS/Aan
dsz-Forces-ATS-CS490/backend/[39mnode_modules/[4mvitest[24m/dist/chunks/test
.BT8LKgU9.js:239:21[90m)[39m
    at runTest [90m(file:///C:/Users/Zaid%20Hasan/OneDrive/Desktop/New%20ATS/A
andsz-Forces-ATS-CS490/backend/[39mnode_modules/[4m@vitest/runner[24m/dist/i
ndex.js:1650:12[90m)[39m

[90mstderr[2m | tests/routes/profile.vitest.js[2m > [22m[2mProfile Routes 
- Full Coverage[2m > [22m[2mPOST /api/profile[2m > [22m[2mshould return 
500 on database error
[22m[39mΓ¥î Profile save error: Error: Database error
    at C:/Users/Zaid Hasan/OneDrive/Desktop/New 
ATS/Aandsz-Forces-ATS-CS490/backend/tests/routes/profile.vitest.js:124:41
    at [90mfile:///C:/Users/Zaid%20Hasan/OneDrive/Desktop/New%20ATS/Aandsz-For
ces-ATS-CS490/backend/[39mnode_modules/[4m@vitest/runner[24m/dist/index.js:1
45:11
    at [90mfile:///C:/Users/Zaid%20Hasan/OneDrive/Desktop/New%20ATS/Aandsz-For
ces-ATS-CS490/backend/[39mnode_modules/[4m@vitest/runner[24m/dist/index.js:9
15:26
    at [90mfile:///C:/Users/Zaid%20Hasan/OneDrive/Desktop/New%20ATS/Aandsz-For
ces-ATS-CS490/backend/[39mnode_modules/[4m@vitest/runner[24m/dist/index.js:1
240:20
    at new Promise (<anonymous>)
    at runWithTimeout [90m(file:///C:/Users/Zaid%20Hasan/OneDrive/Desktop/New%
20ATS/Aandsz-Forces-ATS-CS490/backend/[39mnode_modules/[4m@vitest/runner[24m
/dist/index.js:1206:10[90m)[39m
    at [90mfile:///C:/Users/Zaid%20Hasan/OneDrive/Desktop/New%20ATS/Aandsz-For
ces-ATS-CS490/backend/[39mnode_modules/[4m@vitest/runner[24m/dist/index.js:1
650:37
    at Traces.$ [90m(file:///C:/Users/Zaid%20Hasan/OneDrive/Desktop/New%20ATS/
Aandsz-Forces-ATS-CS490/backend/[39mnode_modules/[4mvitest[24m/dist/chunks/t
races.U4xDYhzZ.js:115:27[90m)[39m
    at trace [90m(file:///C:/Users/Zaid%20Hasan/OneDrive/Desktop/New%20ATS/Aan
dsz-Forces-ATS-CS490/backend/[39mnode_modules/[4mvitest[24m/dist/chunks/test
.BT8LKgU9.js:239:21[90m)[39m
    at runTest [90m(file:///C:/Users/Zaid%20Hasan/OneDrive/Desktop/New%20ATS/A
andsz-Forces-ATS-CS490/backend/[39mnode_modules/[4m@vitest/runner[24m/dist/i
ndex.js:1650:12[90m)[39m

[90mstderr[2m | tests/routes/sectionPresets.vitest.js[2m > [22m[2mSection 
Presets Routes - Full Coverage[2m > [22m[2mPOST /api/section-presets[2m > 
[22m[2mshould return 500 on database error
[22m[39mΓ¥î Save preset error: Error: Database error
    at C:/Users/Zaid Hasan/OneDrive/Desktop/New ATS/Aandsz-Forces-ATS-CS490/bac
kend/tests/routes/sectionPresets.vitest.js:148:41
    at [90mfile:///C:/Users/Zaid%20Hasan/OneDrive/Desktop/New%20ATS/Aandsz-For
ces-ATS-CS490/backend/[39mnode_modules/[4m@vitest/runner[24m/dist/index.js:1
45:11
    at [90mfile:///C:/Users/Zaid%20Hasan/OneDrive/Desktop/New%20ATS/Aandsz-For
ces-ATS-CS490/backend/[39mnode_modules/[4m@vitest/runner[24m/dist/index.js:9
15:26
    at [90mfile:///C:/Users/Zaid%20Hasan/OneDrive/Desktop/New%20ATS/Aandsz-For
ces-ATS-CS490/backend/[39mnode_modules/[4m@vitest/runner[24m/dist/index.js:1
240:20
    at new Promise (<anonymous>)
    at runWithTimeout [90m(file:///C:/Users/Zaid%20Hasan/OneDrive/Desktop/New%
20ATS/Aandsz-Forces-ATS-CS490/backend/[39mnode_modules/[4m@vitest/runner[24m
/dist/index.js:1206:10[90m)[39m
    at [90mfile:///C:/Users/Zaid%20Hasan/OneDrive/Desktop/New%20ATS/Aandsz-For
ces-ATS-CS490/backend/[39mnode_modules/[4m@vitest/runner[24m/dist/index.js:1
650:37
    at Traces.$ [90m(file:///C:/Users/Zaid%20Hasan/OneDrive/Desktop/New%20ATS/
Aandsz-Forces-ATS-CS490/backend/[39mnode_modules/[4mvitest[24m/dist/chunks/t
races.U4xDYhzZ.js:115:27[90m)[39m
    at trace [90m(file:///C:/Users/Zaid%20Hasan/OneDrive/Desktop/New%20ATS/Aan
dsz-Forces-ATS-CS490/backend/[39mnode_modules/[4mvitest[24m/dist/chunks/test
.BT8LKgU9.js:239:21[90m)[39m
    at runTest [90m(file:///C:/Users/Zaid%20Hasan/OneDrive/Desktop/New%20ATS/A
andsz-Forces-ATS-CS490/backend/[39mnode_modules/[4m@vitest/runner[24m/dist/i
ndex.js:1650:12[90m)[39m

[90mstderr[2m | tests/routes/goals.vitest.js[2m > [22m[2mGoals Routes - 
Full Coverage[2m > [22m[2mGET /api/goals[2m > [22m[2mshould return 500 
on database error
[22m[39mGoals fetch error: Error: Database error
    at C:/Users/Zaid Hasan/OneDrive/Desktop/New 
ATS/Aandsz-Forces-ATS-CS490/backend/tests/routes/goals.vitest.js:112:41
    at [90mfile:///C:/Users/Zaid%20Hasan/OneDrive/Desktop/New%20ATS/Aandsz-For
ces-ATS-CS490/backend/[39mnode_modules/[4m@vitest/runner[24m/dist/index.js:1
45:11
    at [90mfile:///C:/Users/Zaid%20Hasan/OneDrive/Desktop/New%20ATS/Aandsz-For
ces-ATS-CS490/backend/[39mnode_modules/[4m@vitest/runner[24m/dist/index.js:9
15:26
    at [90mfile:///C:/Users/Zaid%20Hasan/OneDrive/Desktop/New%20ATS/Aandsz-For
ces-ATS-CS490/backend/[39mnode_modules/[4m@vitest/runner[24m/dist/index.js:1
240:20
    at new Promise (<anonymous>)
    at runWithTimeout [90m(file:///C:/Users/Zaid%20Hasan/OneDrive/Desktop/New%
20ATS/Aandsz-Forces-ATS-CS490/backend/[39mnode_modules/[4m@vitest/runner[24m
/dist/index.js:1206:10[90m)[39m
    at [90mfile:///C:/Users/Zaid%20Hasan/OneDrive/Desktop/New%20ATS/Aandsz-For
ces-ATS-CS490/backend/[39mnode_modules/[4m@vitest/runner[24m/dist/index.js:1
650:37
    at Traces.$ [90m(file:///C:/Users/Zaid%20Hasan/OneDrive/Desktop/New%20ATS/
Aandsz-Forces-ATS-CS490/backend/[39mnode_modules/[4mvitest[24m/dist/chunks/t
races.U4xDYhzZ.js:115:27[90m)[39m
    at trace [90m(file:///C:/Users/Zaid%20Hasan/OneDrive/Desktop/New%20ATS/Aan
dsz-Forces-ATS-CS490/backend/[39mnode_modules/[4mvitest[24m/dist/chunks/test
.BT8LKgU9.js:239:21[90m)[39m
    at runTest [90m(file:///C:/Users/Zaid%20Hasan/OneDrive/Desktop/New%20ATS/A
andsz-Forces-ATS-CS490/backend/[39mnode_modules/[4m@vitest/runner[24m/dist/i
ndex.js:1650:12[90m)[39m

[90mstderr[2m | tests/routes/jobDescriptions.vitest.js[2m > [22m[2mJob 
Descriptions Routes - Full Coverage[2m > [22m[2mGET 
/api/job-descriptions[2m > [22m[2mshould return 500 on database error
[22m[39mΓ¥î Fetch job descriptions error: Error: Database error
    at C:/Users/Zaid Hasan/OneDrive/Desktop/New ATS/Aandsz-Forces-ATS-CS490/bac
kend/tests/routes/jobDescriptions.vitest.js:173:41
    at [90mfile:///C:/Users/Zaid%20Hasan/OneDrive/Desktop/New%20ATS/Aandsz-For
ces-ATS-CS490/backend/[39mnode_modules/[4m@vitest/runner[24m/dist/index.js:1
45:11
    at [90mfile:///C:/Users/Zaid%20Hasan/OneDrive/Desktop/New%20ATS/Aandsz-For
ces-ATS-CS490/backend/[39mnode_modules/[4m@vitest/runner[24m/dist/index.js:9
15:26
    at [90mfile:///C:/Users/Zaid%20Hasan/OneDrive/Desktop/New%20ATS/Aandsz-For
ces-ATS-CS490/backend/[39mnode_modules/[4m@vitest/runner[24m/dist/index.js:1
240:20
    at new Promise (<anonymous>)
    at runWithTimeout [90m(file:///C:/Users/Zaid%20Hasan/OneDrive/Desktop/New%
20ATS/Aandsz-Forces-ATS-CS490/backend/[39mnode_modules/[4m@vitest/runner[24m
/dist/index.js:1206:10[90m)[39m
    at [90mfile:///C:/Users/Zaid%20Hasan/OneDrive/Desktop/New%20ATS/Aandsz-For
ces-ATS-CS490/backend/[39mnode_modules/[4m@vitest/runner[24m/dist/index.js:1
650:37
    at Traces.$ [90m(file:///C:/Users/Zaid%20Hasan/OneDrive/Desktop/New%20ATS/
Aandsz-Forces-ATS-CS490/backend/[39mnode_modules/[4mvitest[24m/dist/chunks/t
races.U4xDYhzZ.js:115:27[90m)[39m
    at trace [90m(file:///C:/Users/Zaid%20Hasan/OneDrive/Desktop/New%20ATS/Aan
dsz-Forces-ATS-CS490/backend/[39mnode_modules/[4mvitest[24m/dist/chunks/test
.BT8LKgU9.js:239:21[90m)[39m
    at runTest [90m(file:///C:/Users/Zaid%20Hasan/OneDrive/Desktop/New%20ATS/A
andsz-Forces-ATS-CS490/backend/[39mnode_modules/[4m@vitest/runner[24m/dist/i
ndex.js:1650:12[90m)[39m

[90mstderr[2m | tests/routes/resumePresets.vitest.js[2m > [22m[2mResume 
Presets Routes - Full Coverage[2m > [22m[2mPOST /api/resume-presets[2m > 
[22m[2mshould return 500 on database error
[22m[39mΓ¥î Preset save error: Error: Database error
    at C:/Users/Zaid Hasan/OneDrive/Desktop/New 
ATS/Aandsz-Forces-ATS-CS490/backend/tests/routes/resumePresets.vitest.js:135:41
    at [90mfile:///C:/Users/Zaid%20Hasan/OneDrive/Desktop/New%20ATS/Aandsz-For
ces-ATS-CS490/backend/[39mnode_modules/[4m@vitest/runner[24m/dist/index.js:1
45:11
    at [90mfile:///C:/Users/Zaid%20Hasan/OneDrive/Desktop/New%20ATS/Aandsz-For
ces-ATS-CS490/backend/[39mnode_modules/[4m@vitest/runner[24m/dist/index.js:9
15:26
    at [90mfile:///C:/Users/Zaid%20Hasan/OneDrive/Desktop/New%20ATS/Aandsz-For
ces-ATS-CS490/backend/[39mnode_modules/[4m@vitest/runner[24m/dist/index.js:1
240:20
    at new Promise (<anonymous>)
    at runWithTimeout [90m(file:///C:/Users/Zaid%20Hasan/OneDrive/Desktop/New%
20ATS/Aandsz-Forces-ATS-CS490/backend/[39mnode_modules/[4m@vitest/runner[24m
/dist/index.js:1206:10[90m)[39m
    at [90mfile:///C:/Users/Zaid%20Hasan/OneDrive/Desktop/New%20ATS/Aandsz-For
ces-ATS-CS490/backend/[39mnode_modules/[4m@vitest/runner[24m/dist/index.js:1
650:37
    at Traces.$ [90m(file:///C:/Users/Zaid%20Hasan/OneDrive/Desktop/New%20ATS/
Aandsz-Forces-ATS-CS490/backend/[39mnode_modules/[4mvitest[24m/dist/chunks/t
races.U4xDYhzZ.js:115:27[90m)[39m
    at trace [90m(file:///C:/Users/Zaid%20Hasan/OneDrive/Desktop/New%20ATS/Aan
dsz-Forces-ATS-CS490/backend/[39mnode_modules/[4mvitest[24m/dist/chunks/test
.BT8LKgU9.js:239:21[90m)[39m
    at runTest [90m(file:///C:/Users/Zaid%20Hasan/OneDrive/Desktop/New%20ATS/A
andsz-Forces-ATS-CS490/backend/[39mnode_modules/[4m@vitest/runner[24m/dist/i
ndex.js:1650:12[90m)[39m

[90mstderr[2m | tests/routes/projects.vitest.js[2m > [22m[2mProjects 
Routes - Full Coverage[2m > [22m[2mPOST /api/projects[2m > [22m[2mshould 
return 500 on database error
[22m[39mΓ¥î Project insert error: Error: Database error
    at C:/Users/Zaid Hasan/OneDrive/Desktop/New 
ATS/Aandsz-Forces-ATS-CS490/backend/tests/routes/projects.vitest.js:243:41
    at [90mfile:///C:/Users/Zaid%20Hasan/OneDrive/Desktop/New%20ATS/Aandsz-For
ces-ATS-CS490/backend/[39mnode_modules/[4m@vitest/runner[24m/dist/index.js:1
45:11
    at [90mfile:///C:/Users/Zaid%20Hasan/OneDrive/Desktop/New%20ATS/Aandsz-For
ces-ATS-CS490/backend/[39mnode_modules/[4m@vitest/runner[24m/dist/index.js:9
15:26
    at [90mfile:///C:/Users/Zaid%20Hasan/OneDrive/Desktop/New%20ATS/Aandsz-For
ces-ATS-CS490/backend/[39mnode_modules/[4m@vitest/runner[24m/dist/index.js:1
240:20
    at new Promise (<anonymous>)
    at runWithTimeout [90m(file:///C:/Users/Zaid%20Hasan/OneDrive/Desktop/New%
20ATS/Aandsz-Forces-ATS-CS490/backend/[39mnode_modules/[4m@vitest/runner[24m
/dist/index.js:1206:10[90m)[39m
    at [90mfile:///C:/Users/Zaid%20Hasan/OneDrive/Desktop/New%20ATS/Aandsz-For
ces-ATS-CS490/backend/[39mnode_modules/[4m@vitest/runner[24m/dist/index.js:1
650:37
    at Traces.$ [90m(file:///C:/Users/Zaid%20Hasan/OneDrive/Desktop/New%20ATS/
Aandsz-Forces-ATS-CS490/backend/[39mnode_modules/[4mvitest[24m/dist/chunks/t
races.U4xDYhzZ.js:115:27[90m)[39m
    at trace [90m(file:///C:/Users/Zaid%20Hasan/OneDrive/Desktop/New%20ATS/Aan
dsz-Forces-ATS-CS490/backend/[39mnode_modules/[4mvitest[24m/dist/chunks/test
.BT8LKgU9.js:239:21[90m)[39m
    at runTest [90m(file:///C:/Users/Zaid%20Hasan/OneDrive/Desktop/New%20ATS/A
andsz-Forces-ATS-CS490/backend/[39mnode_modules/[4m@vitest/runner[24m/dist/i
ndex.js:1650:12[90m)[39m

[90mstderr[2m | tests/routes/profile.vitest.js[2m > [22m[2mProfile Routes 
- Full Coverage[2m > [22m[2mGET /api/profile[2m > [22m[2mshould return 
500 on database error
[22m[39mΓ¥î Profile fetch error: Error: Database error
    at C:/Users/Zaid Hasan/OneDrive/Desktop/New 
ATS/Aandsz-Forces-ATS-CS490/backend/tests/routes/profile.vitest.js:174:41
    at [90mfile:///C:/Users/Zaid%20Hasan/OneDrive/Desktop/New%20ATS/Aandsz-For
ces-ATS-CS490/backend/[39mnode_modules/[4m@vitest/runner[24m/dist/index.js:1
45:11
    at [90mfile:///C:/Users/Zaid%20Hasan/OneDrive/Desktop/New%20ATS/Aandsz-For
ces-ATS-CS490/backend/[39mnode_modules/[4m@vitest/runner[24m/dist/index.js:9
15:26
    at [90mfile:///C:/Users/Zaid%20Hasan/OneDrive/Desktop/New%20ATS/Aandsz-For
ces-ATS-CS490/backend/[39mnode_modules/[4m@vitest/runner[24m/dist/index.js:1
240:20
    at new Promise (<anonymous>)
    at runWithTimeout [90m(file:///C:/Users/Zaid%20Hasan/OneDrive/Desktop/New%
20ATS/Aandsz-Forces-ATS-CS490/backend/[39mnode_modules/[4m@vitest/runner[24m
/dist/index.js:1206:10[90m)[39m
    at [90mfile:///C:/Users/Zaid%20Hasan/OneDrive/Desktop/New%20ATS/Aandsz-For
ces-ATS-CS490/backend/[39mnode_modules/[4m@vitest/runner[24m/dist/index.js:1
650:37
    at Traces.$ [90m(file:///C:/Users/Zaid%20Hasan/OneDrive/Desktop/New%20ATS/
Aandsz-Forces-ATS-CS490/backend/[39mnode_modules/[4mvitest[24m/dist/chunks/t
races.U4xDYhzZ.js:115:27[90m)[39m
    at trace [90m(file:///C:/Users/Zaid%20Hasan/OneDrive/Desktop/New%20ATS/Aan
dsz-Forces-ATS-CS490/backend/[39mnode_modules/[4mvitest[24m/dist/chunks/test
.BT8LKgU9.js:239:21[90m)[39m
    at runTest [90m(file:///C:/Users/Zaid%20Hasan/OneDrive/Desktop/New%20ATS/A
andsz-Forces-ATS-CS490/backend/[39mnode_modules/[4m@vitest/runner[24m/dist/i
ndex.js:1650:12[90m)[39m

[90mstderr[2m | tests/routes/skillProgress.vitest.js[2m > [22m[2mSkill 
Progress Routes - Full Coverage[2m > [22m[2mPUT 
/api/skill-progress/:skill[2m > [22m[2mshould return 500 on database error
[22m[39mProgress update error: Error: Database error
    at C:/Users/Zaid Hasan/OneDrive/Desktop/New 
ATS/Aandsz-Forces-ATS-CS490/backend/tests/routes/skillProgress.vitest.js:201:41
    at [90mfile:///C:/Users/Zaid%20Hasan/OneDrive/Desktop/New%20ATS/Aandsz-For
ces-ATS-CS490/backend/[39mnode_modules/[4m@vitest/runner[24m/dist/index.js:1
45:11
    at [90mfile:///C:/Users/Zaid%20Hasan/OneDrive/Desktop/New%20ATS/Aandsz-For
ces-ATS-CS490/backend/[39mnode_modules/[4m@vitest/runner[24m/dist/index.js:9
15:26
    at [90mfile:///C:/Users/Zaid%20Hasan/OneDrive/Desktop/New%20ATS/Aandsz-For
ces-ATS-CS490/backend/[39mnode_modules/[4m@vitest/runner[24m/dist/index.js:1
240:20
    at new Promise (<anonymous>)
    at runWithTimeout [90m(file:///C:/Users/Zaid%20Hasan/OneDrive/Desktop/New%
20ATS/Aandsz-Forces-ATS-CS490/backend/[39mnode_modules/[4m@vitest/runner[24m
/dist/index.js:1206:10[90m)[39m
    at [90mfile:///C:/Users/Zaid%20Hasan/OneDrive/Desktop/New%20ATS/Aandsz-For
ces-ATS-CS490/backend/[39mnode_modules/[4m@vitest/runner[24m/dist/index.js:1
650:37
    at Traces.$ [90m(file:///C:/Users/Zaid%20Hasan/OneDrive/Desktop/New%20ATS/
Aandsz-Forces-ATS-CS490/backend/[39mnode_modules/[4mvitest[24m/dist/chunks/t
races.U4xDYhzZ.js:115:27[90m)[39m
    at trace [90m(file:///C:/Users/Zaid%20Hasan/OneDrive/Desktop/New%20ATS/Aan
dsz-Forces-ATS-CS490/backend/[39mnode_modules/[4mvitest[24m/dist/chunks/test
.BT8LKgU9.js:239:21[90m)[39m
    at runTest [90m(file:///C:/Users/Zaid%20Hasan/OneDrive/Desktop/New%20ATS/A
andsz-Forces-ATS-CS490/backend/[39mnode_modules/[4m@vitest/runner[24m/dist/i
ndex.js:1650:12[90m)[39m

[90mstderr[2m | tests/routes/profile.vitest.js[2m > [22m[2mProfile Routes 
- Full Coverage[2m > [22m[2mPOST /api/profile/picture[2m > [22m[2mshould 
return 500 on database error
[22m[39mΓ¥î Error updating profile picture: Error: Database error
    at C:/Users/Zaid Hasan/OneDrive/Desktop/New 
ATS/Aandsz-Forces-ATS-CS490/backend/tests/routes/profile.vitest.js:220:41
    at [90mfile:///C:/Users/Zaid%20Hasan/OneDrive/Desktop/New%20ATS/Aandsz-For
ces-ATS-CS490/backend/[39mnode_modules/[4m@vitest/runner[24m/dist/index.js:1
45:11
    at [90mfile:///C:/Users/Zaid%20Hasan/OneDrive/Desktop/New%20ATS/Aandsz-For
ces-ATS-CS490/backend/[39mnode_modules/[4m@vitest/runner[24m/dist/index.js:9
15:26
    at [90mfile:///C:/Users/Zaid%20Hasan/OneDrive/Desktop/New%20ATS/Aandsz-For
ces-ATS-CS490/backend/[39mnode_modules/[4m@vitest/runner[24m/dist/index.js:1
240:20
    at new Promise (<anonymous>)
    at runWithTimeout [90m(file:///C:/Users/Zaid%20Hasan/OneDrive/Desktop/New%
20ATS/Aandsz-Forces-ATS-CS490/backend/[39mnode_modules/[4m@vitest/runner[24m
/dist/index.js:1206:10[90m)[39m
    at [90mfile:///C:/Users/Zaid%20Hasan/OneDrive/Desktop/New%20ATS/Aandsz-For
ces-ATS-CS490/backend/[39mnode_modules/[4m@vitest/runner[24m/dist/index.js:1
650:37
    at Traces.$ [90m(file:///C:/Users/Zaid%20Hasan/OneDrive/Desktop/New%20ATS/
Aandsz-Forces-ATS-CS490/backend/[39mnode_modules/[4mvitest[24m/dist/chunks/t
races.U4xDYhzZ.js:115:27[90m)[39m
    at trace [90m(file:///C:/Users/Zaid%20Hasan/OneDrive/Desktop/New%20ATS/Aan
dsz-Forces-ATS-CS490/backend/[39mnode_modules/[4mvitest[24m/dist/chunks/test
.BT8LKgU9.js:239:21[90m)[39m
    at runTest [90m(file:///C:/Users/Zaid%20Hasan/OneDrive/Desktop/New%20ATS/A
andsz-Forces-ATS-CS490/backend/[39mnode_modules/[4m@vitest/runner[24m/dist/i
ndex.js:1650:12[90m)[39m

[90mstderr[2m | tests/routes/sectionPresets.vitest.js[2m > [22m[2mSection 
Presets Routes - Full Coverage[2m > [22m[2mGET 
/api/section-presets/:section_name[2m > [22m[2mshould return 500 on 
database error
[22m[39mΓ¥î Fetch section presets error: Error: Database error
    at C:/Users/Zaid Hasan/OneDrive/Desktop/New ATS/Aandsz-Forces-ATS-CS490/bac
kend/tests/routes/sectionPresets.vitest.js:193:41
    at [90mfile:///C:/Users/Zaid%20Hasan/OneDrive/Desktop/New%20ATS/Aandsz-For
ces-ATS-CS490/backend/[39mnode_modules/[4m@vitest/runner[24m/dist/index.js:1
45:11
    at [90mfile:///C:/Users/Zaid%20Hasan/OneDrive/Desktop/New%20ATS/Aandsz-For
ces-ATS-CS490/backend/[39mnode_modules/[4m@vitest/runner[24m/dist/index.js:9
15:26
    at [90mfile:///C:/Users/Zaid%20Hasan/OneDrive/Desktop/New%20ATS/Aandsz-For
ces-ATS-CS490/backend/[39mnode_modules/[4m@vitest/runner[24m/dist/index.js:1
240:20
    at new Promise (<anonymous>)
    at runWithTimeout [90m(file:///C:/Users/Zaid%20Hasan/OneDrive/Desktop/New%
20ATS/Aandsz-Forces-ATS-CS490/backend/[39mnode_modules/[4m@vitest/runner[24m
/dist/index.js:1206:10[90m)[39m
    at [90mfile:///C:/Users/Zaid%20Hasan/OneDrive/Desktop/New%20ATS/Aandsz-For
ces-ATS-CS490/backend/[39mnode_modules/[4m@vitest/runner[24m/dist/index.js:1
650:37
    at Traces.$ [90m(file:///C:/Users/Zaid%20Hasan/OneDrive/Desktop/New%20ATS/
Aandsz-Forces-ATS-CS490/backend/[39mnode_modules/[4mvitest[24m/dist/chunks/t
races.U4xDYhzZ.js:115:27[90m)[39m
    at trace [90m(file:///C:/Users/Zaid%20Hasan/OneDrive/Desktop/New%20ATS/Aan
dsz-Forces-ATS-CS490/backend/[39mnode_modules/[4mvitest[24m/dist/chunks/test
.BT8LKgU9.js:239:21[90m)[39m
    at runTest [90m(file:///C:/Users/Zaid%20Hasan/OneDrive/Desktop/New%20ATS/A
andsz-Forces-ATS-CS490/backend/[39mnode_modules/[4m@vitest/runner[24m/dist/i
ndex.js:1650:12[90m)[39m

[90mstderr[2m | tests/routes/projects.vitest.js[2m > [22m[2mProjects 
Routes - Full Coverage[2m > [22m[2mGET /api/projects[2m > [22m[2mshould 
return 500 on database error
[22m[39mΓ¥î Project fetch error: Error: Database error
    at C:/Users/Zaid Hasan/OneDrive/Desktop/New 
ATS/Aandsz-Forces-ATS-CS490/backend/tests/routes/projects.vitest.js:289:41
    at [90mfile:///C:/Users/Zaid%20Hasan/OneDrive/Desktop/New%20ATS/Aandsz-For
ces-ATS-CS490/backend/[39mnode_modules/[4m@vitest/runner[24m/dist/index.js:1
45:11
    at [90mfile:///C:/Users/Zaid%20Hasan/OneDrive/Desktop/New%20ATS/Aandsz-For
ces-ATS-CS490/backend/[39mnode_modules/[4m@vitest/runner[24m/dist/index.js:9
15:26
    at [90mfile:///C:/Users/Zaid%20Hasan/OneDrive/Desktop/New%20ATS/Aandsz-For
ces-ATS-CS490/backend/[39mnode_modules/[4m@vitest/runner[24m/dist/index.js:1
240:20
    at new Promise (<anonymous>)
    at runWithTimeout [90m(file:///C:/Users/Zaid%20Hasan/OneDrive/Desktop/New%
20ATS/Aandsz-Forces-ATS-CS490/backend/[39mnode_modules/[4m@vitest/runner[24m
/dist/index.js:1206:10[90m)[39m
    at [90mfile:///C:/Users/Zaid%20Hasan/OneDrive/Desktop/New%20ATS/Aandsz-For
ces-ATS-CS490/backend/[39mnode_modules/[4m@vitest/runner[24m/dist/index.js:1
650:37
    at Traces.$ [90m(file:///C:/Users/Zaid%20Hasan/OneDrive/Desktop/New%20ATS/
Aandsz-Forces-ATS-CS490/backend/[39mnode_modules/[4mvitest[24m/dist/chunks/t
races.U4xDYhzZ.js:115:27[90m)[39m
    at trace [90m(file:///C:/Users/Zaid%20Hasan/OneDrive/Desktop/New%20ATS/Aan
dsz-Forces-ATS-CS490/backend/[39mnode_modules/[4mvitest[24m/dist/chunks/test
.BT8LKgU9.js:239:21[90m)[39m
    at runTest [90m(file:///C:/Users/Zaid%20Hasan/OneDrive/Desktop/New%20ATS/A
andsz-Forces-ATS-CS490/backend/[39mnode_modules/[4m@vitest/runner[24m/dist/i
ndex.js:1650:12[90m)[39m

 [32mΓ£ô[39m tests/routes/jobDescriptions.vitest.js [2m([22m[2m7 tests[22m[2m)[22m[32m 142[2mms[22m[39m
[90mstderr[2m | tests/routes/goals.vitest.js[2m > [22m[2mGoals Routes - 
Full Coverage[2m > [22m[2mPUT /api/goals[2m > [22m[2mshould return 500 
on database error
[22m[39mGoals update error: Error: Database error
    at C:/Users/Zaid Hasan/OneDrive/Desktop/New 
ATS/Aandsz-Forces-ATS-CS490/backend/tests/routes/goals.vitest.js:190:41
    at [90mfile:///C:/Users/Zaid%20Hasan/OneDrive/Desktop/New%20ATS/Aandsz-For
ces-ATS-CS490/backend/[39mnode_modules/[4m@vitest/runner[24m/dist/index.js:1
45:11
    at [90mfile:///C:/Users/Zaid%20Hasan/OneDrive/Desktop/New%20ATS/Aandsz-For
ces-ATS-CS490/backend/[39mnode_modules/[4m@vitest/runner[24m/dist/index.js:9
15:26
    at [90mfile:///C:/Users/Zaid%20Hasan/OneDrive/Desktop/New%20ATS/Aandsz-For
ces-ATS-CS490/backend/[39mnode_modules/[4m@vitest/runner[24m/dist/index.js:1
240:20
    at new Promise (<anonymous>)
    at runWithTimeout [90m(file:///C:/Users/Zaid%20Hasan/OneDrive/Desktop/New%
20ATS/Aandsz-Forces-ATS-CS490/backend/[39mnode_modules/[4m@vitest/runner[24m
/dist/index.js:1206:10[90m)[39m
    at [90mfile:///C:/Users/Zaid%20Hasan/OneDrive/Desktop/New%20ATS/Aandsz-For
ces-ATS-CS490/backend/[39mnode_modules/[4m@vitest/runner[24m/dist/index.js:1
650:37
    at Traces.$ [90m(file:///C:/Users/Zaid%20Hasan/OneDrive/Desktop/New%20ATS/
Aandsz-Forces-ATS-CS490/backend/[39mnode_modules/[4mvitest[24m/dist/chunks/t
races.U4xDYhzZ.js:115:27[90m)[39m
    at trace [90m(file:///C:/Users/Zaid%20Hasan/OneDrive/Desktop/New%20ATS/Aan
dsz-Forces-ATS-CS490/backend/[39mnode_modules/[4mvitest[24m/dist/chunks/test
.BT8LKgU9.js:239:21[90m)[39m
    at runTest [90m(file:///C:/Users/Zaid%20Hasan/OneDrive/Desktop/New%20ATS/A
andsz-Forces-ATS-CS490/backend/[39mnode_modules/[4m@vitest/runner[24m/dist/i
ndex.js:1650:12[90m)[39m

 [32mΓ£ô[39m tests/routes/skillProgress.vitest.js [2m([22m[2m8 tests[22m[2m)[22m[32m 174[2mms[22m[39m
[90mstderr[2m | tests/routes/profile.vitest.js[2m > [22m[2mProfile Routes 
- Full Coverage[2m > [22m[2mGET /api/profile/summary[2m > [22m[2mshould 
return 500 on database error
[22m[39mΓ¥î Profile summary error: Error: Database error
    at C:/Users/Zaid Hasan/OneDrive/Desktop/New 
ATS/Aandsz-Forces-ATS-CS490/backend/tests/routes/profile.vitest.js:295:41
    at [90mfile:///C:/Users/Zaid%20Hasan/OneDrive/Desktop/New%20ATS/Aandsz-For
ces-ATS-CS490/backend/[39mnode_modules/[4m@vitest/runner[24m/dist/index.js:1
45:11
    at [90mfile:///C:/Users/Zaid%20Hasan/OneDrive/Desktop/New%20ATS/Aandsz-For
ces-ATS-CS490/backend/[39mnode_modules/[4m@vitest/runner[24m/dist/index.js:9
15:26
    at [90mfile:///C:/Users/Zaid%20Hasan/OneDrive/Desktop/New%20ATS/Aandsz-For
ces-ATS-CS490/backend/[39mnode_modules/[4m@vitest/runner[24m/dist/index.js:1
240:20
    at new Promise (<anonymous>)
    at runWithTimeout [90m(file:///C:/Users/Zaid%20Hasan/OneDrive/Desktop/New%
20ATS/Aandsz-Forces-ATS-CS490/backend/[39mnode_modules/[4m@vitest/runner[24m
/dist/index.js:1206:10[90m)[39m
    at [90mfile:///C:/Users/Zaid%20Hasan/OneDrive/Desktop/New%20ATS/Aandsz-For
ces-ATS-CS490/backend/[39mnode_modules/[4m@vitest/runner[24m/dist/index.js:1
650:37
    at Traces.$ [90m(file:///C:/Users/Zaid%20Hasan/OneDrive/Desktop/New%20ATS/
Aandsz-Forces-ATS-CS490/backend/[39mnode_modules/[4mvitest[24m/dist/chunks/t
races.U4xDYhzZ.js:115:27[90m)[39m
    at trace [90m(file:///C:/Users/Zaid%20Hasan/OneDrive/Desktop/New%20ATS/Aan
dsz-Forces-ATS-CS490/backend/[39mnode_modules/[4mvitest[24m/dist/chunks/test
.BT8LKgU9.js:239:21[90m)[39m
    at runTest [90m(file:///C:/Users/Zaid%20Hasan/OneDrive/Desktop/New%20ATS/A
andsz-Forces-ATS-CS490/backend/[39mnode_modules/[4m@vitest/runner[24m/dist/i
ndex.js:1650:12[90m)[39m

[90mstderr[2m | tests/routes/resumePresets.vitest.js[2m > [22m[2mResume 
Presets Routes - Full Coverage[2m > [22m[2mGET /api/resume-presets[2m > 
[22m[2mshould return 500 on database error
[22m[39mΓ¥î Fetch presets error: Error: Database error
    at C:/Users/Zaid Hasan/OneDrive/Desktop/New 
ATS/Aandsz-Forces-ATS-CS490/backend/tests/routes/resumePresets.vitest.js:179:41
    at [90mfile:///C:/Users/Zaid%20Hasan/OneDrive/Desktop/New%20ATS/Aandsz-For
ces-ATS-CS490/backend/[39mnode_modules/[4m@vitest/runner[24m/dist/index.js:1
45:11
    at [90mfile:///C:/Users/Zaid%20Hasan/OneDrive/Desktop/New%20ATS/Aandsz-For
ces-ATS-CS490/backend/[39mnode_modules/[4m@vitest/runner[24m/dist/index.js:9
15:26
    at [90mfile:///C:/Users/Zaid%20Hasan/OneDrive/Desktop/New%20ATS/Aandsz-For
ces-ATS-CS490/backend/[39mnode_modules/[4m@vitest/runner[24m/dist/index.js:1
240:20
    at new Promise (<anonymous>)
    at runWithTimeout [90m(file:///C:/Users/Zaid%20Hasan/OneDrive/Desktop/New%
20ATS/Aandsz-Forces-ATS-CS490/backend/[39mnode_modules/[4m@vitest/runner[24m
/dist/index.js:1206:10[90m)[39m
    at [90mfile:///C:/Users/Zaid%20Hasan/OneDrive/Desktop/New%20ATS/Aandsz-For
ces-ATS-CS490/backend/[39mnode_modules/[4m@vitest/runner[24m/dist/index.js:1
650:37
    at Traces.$ [90m(file:///C:/Users/Zaid%20Hasan/OneDrive/Desktop/New%20ATS/
Aandsz-Forces-ATS-CS490/backend/[39mnode_modules/[4mvitest[24m/dist/chunks/t
races.U4xDYhzZ.js:115:27[90m)[39m
    at trace [90m(file:///C:/Users/Zaid%20Hasan/OneDrive/Desktop/New%20ATS/Aan
dsz-Forces-ATS-CS490/backend/[39mnode_modules/[4mvitest[24m/dist/chunks/test
.BT8LKgU9.js:239:21[90m)[39m
    at runTest [90m(file:///C:/Users/Zaid%20Hasan/OneDrive/Desktop/New%20ATS/A
andsz-Forces-ATS-CS490/backend/[39mnode_modules/[4m@vitest/runner[24m/dist/i
ndex.js:1650:12[90m)[39m

[90mstderr[2m | tests/routes/projects.vitest.js[2m > [22m[2mProjects 
Routes - Full Coverage[2m > [22m[2mPUT /api/projects/:id[2m > 
[22m[2mshould return 500 on database error
[22m[39mΓ¥î Project update error: Error: Database error
    at C:/Users/Zaid Hasan/OneDrive/Desktop/New 
ATS/Aandsz-Forces-ATS-CS490/backend/tests/routes/projects.vitest.js:355:41
    at [90mfile:///C:/Users/Zaid%20Hasan/OneDrive/Desktop/New%20ATS/Aandsz-For
ces-ATS-CS490/backend/[39mnode_modules/[4m@vitest/runner[24m/dist/index.js:1
45:11
    at [90mfile:///C:/Users/Zaid%20Hasan/OneDrive/Desktop/New%20ATS/Aandsz-For
ces-ATS-CS490/backend/[39mnode_modules/[4m@vitest/runner[24m/dist/index.js:9
15:26
    at [90mfile:///C:/Users/Zaid%20Hasan/OneDrive/Desktop/New%20ATS/Aandsz-For
ces-ATS-CS490/backend/[39mnode_modules/[4m@vitest/runner[24m/dist/index.js:1
240:20
    at new Promise (<anonymous>)
    at runWithTimeout [90m(file:///C:/Users/Zaid%20Hasan/OneDrive/Desktop/New%
20ATS/Aandsz-Forces-ATS-CS490/backend/[39mnode_modules/[4m@vitest/runner[24m
/dist/index.js:1206:10[90m)[39m
    at [90mfile:///C:/Users/Zaid%20Hasan/OneDrive/Desktop/New%20ATS/Aandsz-For
ces-ATS-CS490/backend/[39mnode_modules/[4m@vitest/runner[24m/dist/index.js:1
650:37
    at Traces.$ [90m(file:///C:/Users/Zaid%20Hasan/OneDrive/Desktop/New%20ATS/
Aandsz-Forces-ATS-CS490/backend/[39mnode_modules/[4mvitest[24m/dist/chunks/t
races.U4xDYhzZ.js:115:27[90m)[39m
    at trace [90m(file:///C:/Users/Zaid%20Hasan/OneDrive/Desktop/New%20ATS/Aan
dsz-Forces-ATS-CS490/backend/[39mnode_modules/[4mvitest[24m/dist/chunks/test
.BT8LKgU9.js:239:21[90m)[39m
    at runTest [90m(file:///C:/Users/Zaid%20Hasan/OneDrive/Desktop/New%20ATS/A
andsz-Forces-ATS-CS490/backend/[39mnode_modules/[4m@vitest/runner[24m/dist/i
ndex.js:1650:12[90m)[39m

[90mstderr[2m | tests/routes/goals.vitest.js[2m > [22m[2mGoals Routes - 
Full Coverage[2m > [22m[2mDELETE /api/goals[2m > [22m[2mshould return 
500 on database error
[22m[39mGoals reset error: Error: Database error
    at C:/Users/Zaid Hasan/OneDrive/Desktop/New 
ATS/Aandsz-Forces-ATS-CS490/backend/tests/routes/goals.vitest.js:217:41
    at [90mfile:///C:/Users/Zaid%20Hasan/OneDrive/Desktop/New%20ATS/Aandsz-For
ces-ATS-CS490/backend/[39mnode_modules/[4m@vitest/runner[24m/dist/index.js:1
45:11
    at [90mfile:///C:/Users/Zaid%20Hasan/OneDrive/Desktop/New%20ATS/Aandsz-For
ces-ATS-CS490/backend/[39mnode_modules/[4m@vitest/runner[24m/dist/index.js:9
15:26
    at [90mfile:///C:/Users/Zaid%20Hasan/OneDrive/Desktop/New%20ATS/Aandsz-For
ces-ATS-CS490/backend/[39mnode_modules/[4m@vitest/runner[24m/dist/index.js:1
240:20
    at new Promise (<anonymous>)
    at runWithTimeout [90m(file:///C:/Users/Zaid%20Hasan/OneDrive/Desktop/New%
20ATS/Aandsz-Forces-ATS-CS490/backend/[39mnode_modules/[4m@vitest/runner[24m
/dist/index.js:1206:10[90m)[39m
    at [90mfile:///C:/Users/Zaid%20Hasan/OneDrive/Desktop/New%20ATS/Aandsz-For
ces-ATS-CS490/backend/[39mnode_modules/[4m@vitest/runner[24m/dist/index.js:1
650:37
    at Traces.$ [90m(file:///C:/Users/Zaid%20Hasan/OneDrive/Desktop/New%20ATS/
Aandsz-Forces-ATS-CS490/backend/[39mnode_modules/[4mvitest[24m/dist/chunks/t
races.U4xDYhzZ.js:115:27[90m)[39m
    at trace [90m(file:///C:/Users/Zaid%20Hasan/OneDrive/Desktop/New%20ATS/Aan
dsz-Forces-ATS-CS490/backend/[39mnode_modules/[4mvitest[24m/dist/chunks/test
.BT8LKgU9.js:239:21[90m)[39m
    at runTest [90m(file:///C:/Users/Zaid%20Hasan/OneDrive/Desktop/New%20ATS/A
andsz-Forces-ATS-CS490/backend/[39mnode_modules/[4m@vitest/runner[24m/dist/i
ndex.js:1650:12[90m)[39m

 [32mΓ£ô[39m tests/routes/sectionPresets.vitest.js [2m([22m[2m9 tests[22m[2m)[22m[32m 202[2mms[22m[39m
[90mstderr[2m | tests/routes/projects.vitest.js[2m > [22m[2mProjects 
Routes - Full Coverage[2m > [22m[2mDELETE /api/projects/:id[2m > 
[22m[2mshould return 500 on database error
[22m[39mΓ¥î Project delete error: Error: Database error
    at C:/Users/Zaid Hasan/OneDrive/Desktop/New 
ATS/Aandsz-Forces-ATS-CS490/backend/tests/routes/projects.vitest.js:396:41
    at [90mfile:///C:/Users/Zaid%20Hasan/OneDrive/Desktop/New%20ATS/Aandsz-For
ces-ATS-CS490/backend/[39mnode_modules/[4m@vitest/runner[24m/dist/index.js:1
45:11
    at [90mfile:///C:/Users/Zaid%20Hasan/OneDrive/Desktop/New%20ATS/Aandsz-For
ces-ATS-CS490/backend/[39mnode_modules/[4m@vitest/runner[24m/dist/index.js:9
15:26
    at [90mfile:///C:/Users/Zaid%20Hasan/OneDrive/Desktop/New%20ATS/Aandsz-For
ces-ATS-CS490/backend/[39mnode_modules/[4m@vitest/runner[24m/dist/index.js:1
240:20
    at new Promise (<anonymous>)
    at runWithTimeout [90m(file:///C:/Users/Zaid%20Hasan/OneDrive/Desktop/New%
20ATS/Aandsz-Forces-ATS-CS490/backend/[39mnode_modules/[4m@vitest/runner[24m
/dist/index.js:1206:10[90m)[39m
    at [90mfile:///C:/Users/Zaid%20Hasan/OneDrive/Desktop/New%20ATS/Aandsz-For
ces-ATS-CS490/backend/[39mnode_modules/[4m@vitest/runner[24m/dist/index.js:1
650:37
    at Traces.$ [90m(file:///C:/Users/Zaid%20Hasan/OneDrive/Desktop/New%20ATS/
Aandsz-Forces-ATS-CS490/backend/[39mnode_modules/[4mvitest[24m/dist/chunks/t
races.U4xDYhzZ.js:115:27[90m)[39m
    at trace [90m(file:///C:/Users/Zaid%20Hasan/OneDrive/Desktop/New%20ATS/Aan
dsz-Forces-ATS-CS490/backend/[39mnode_modules/[4mvitest[24m/dist/chunks/test
.BT8LKgU9.js:239:21[90m)[39m
    at runTest [90m(file:///C:/Users/Zaid%20Hasan/OneDrive/Desktop/New%20ATS/A
andsz-Forces-ATS-CS490/backend/[39mnode_modules/[4m@vitest/runner[24m/dist/i
ndex.js:1650:12[90m)[39m

 [32mΓ£ô[39m tests/routes/profile.vitest.js [2m([22m[2m12 tests[22m[2m)[22m[32m 234[2mms[22m[39m
 [32mΓ£ô[39m tests/routes/goals.vitest.js [2m([22m[2m9 tests[22m[2m)[22m[32m 178[2mms[22m[39m
 [32mΓ£ô[39m tests/utils/roleTypeMapper.vitest.js [2m([22m[2m26 tests[22m[2m)[22m[32m 19[2mms[22m[39m
 [32mΓ£ô[39m tests/routes/resumePresets.vitest.js [2m([22m[2m9 tests[22m[2m)[22m[32m 234[2mms[22m[39m
 [32mΓ£ô[39m tests/routes/projects.vitest.js [2m([22m[2m17 tests[22m[2m)[22m[32m 267[2mms[22m[39m
[90mstdout[2m | tests/routes/skillsGap.vitest.js
[22m[39m[dotenv@17.2.3] injecting env (13) from .env -- tip: ΓÜÖ∩╕Å  load multiple .env files with { path: ['.env.local', '.env'] }

[90mstderr[2m | tests/routes/skillsGap.vitest.js[2m > [22m[2mSkills Gap 
Routes - Full Coverage[2m > [22m[2mGET /api/skills-gap/:jobId[2m > 
[22m[2mshould return 500 on database error
[22m[39mSkills Gap Error: Error: Database error
    at C:/Users/Zaid Hasan/OneDrive/Desktop/New 
ATS/Aandsz-Forces-ATS-CS490/backend/tests/routes/skillsGap.vitest.js:126:41
    at [90mfile:///C:/Users/Zaid%20Hasan/OneDrive/Desktop/New%20ATS/Aandsz-For
ces-ATS-CS490/backend/[39mnode_modules/[4m@vitest/runner[24m/dist/index.js:1
45:11
    at [90mfile:///C:/Users/Zaid%20Hasan/OneDrive/Desktop/New%20ATS/Aandsz-For
ces-ATS-CS490/backend/[39mnode_modules/[4m@vitest/runner[24m/dist/index.js:9
15:26
    at [90mfile:///C:/Users/Zaid%20Hasan/OneDrive/Desktop/New%20ATS/Aandsz-For
ces-ATS-CS490/backend/[39mnode_modules/[4m@vitest/runner[24m/dist/index.js:1
240:20
    at new Promise (<anonymous>)
    at runWithTimeout [90m(file:///C:/Users/Zaid%20Hasan/OneDrive/Desktop/New%
20ATS/Aandsz-Forces-ATS-CS490/backend/[39mnode_modules/[4m@vitest/runner[24m
/dist/index.js:1206:10[90m)[39m
    at [90mfile:///C:/Users/Zaid%20Hasan/OneDrive/Desktop/New%20ATS/Aandsz-For
ces-ATS-CS490/backend/[39mnode_modules/[4m@vitest/runner[24m/dist/index.js:1
650:37
    at Traces.$ [90m(file:///C:/Users/Zaid%20Hasan/OneDrive/Desktop/New%20ATS/
Aandsz-Forces-ATS-CS490/backend/[39mnode_modules/[4mvitest[24m/dist/chunks/t
races.U4xDYhzZ.js:115:27[90m)[39m
    at trace [90m(file:///C:/Users/Zaid%20Hasan/OneDrive/Desktop/New%20ATS/Aan
dsz-Forces-ATS-CS490/backend/[39mnode_modules/[4mvitest[24m/dist/chunks/test
.BT8LKgU9.js:239:21[90m)[39m
    at runTest [90m(file:///C:/Users/Zaid%20Hasan/OneDrive/Desktop/New%20ATS/A
andsz-Forces-ATS-CS490/backend/[39mnode_modules/[4m@vitest/runner[24m/dist/i
ndex.js:1650:12[90m)[39m

[90mstderr[2m | tests/routes/marketBenchmarks.vitest.js[2m > 
[22m[2mMarket Benchmarks Routes - Full Coverage[2m > [22m[2mPOST 
/api/market-benchmarks/batch-fetch[2m > [22m[2mshould handle partial 
failures
[22m[39mΓ¥î Error fetching benchmark for Product Manager: API error

[90mstderr[2m | tests/routes/marketBenchmarks.vitest.js[2m > 
[22m[2mMarket Benchmarks Routes - Full Coverage[2m > [22m[2mGET 
/api/market-benchmarks[2m > [22m[2mshould return 500 on database error
[22m[39mΓ¥î Error fetching market benchmarks: Error: Database error
    at C:/Users/Zaid Hasan/OneDrive/Desktop/New ATS/Aandsz-Forces-ATS-CS490/bac
kend/tests/routes/marketBenchmarks.vitest.js:464:37
    at [90mfile:///C:/Users/Zaid%20Hasan/OneDrive/Desktop/New%20ATS/Aandsz-For
ces-ATS-CS490/backend/[39mnode_modules/[4m@vitest/runner[24m/dist/index.js:1
45:11
    at [90mfile:///C:/Users/Zaid%20Hasan/OneDrive/Desktop/New%20ATS/Aandsz-For
ces-ATS-CS490/backend/[39mnode_modules/[4m@vitest/runner[24m/dist/index.js:9
15:26
    at [90mfile:///C:/Users/Zaid%20Hasan/OneDrive/Desktop/New%20ATS/Aandsz-For
ces-ATS-CS490/backend/[39mnode_modules/[4m@vitest/runner[24m/dist/index.js:1
240:20
    at new Promise (<anonymous>)
    at runWithTimeout [90m(file:///C:/Users/Zaid%20Hasan/OneDrive/Desktop/New%
20ATS/Aandsz-Forces-ATS-CS490/backend/[39mnode_modules/[4m@vitest/runner[24m
/dist/index.js:1206:10[90m)[39m
    at [90mfile:///C:/Users/Zaid%20Hasan/OneDrive/Desktop/New%20ATS/Aandsz-For
ces-ATS-CS490/backend/[39mnode_modules/[4m@vitest/runner[24m/dist/index.js:1
650:37
    at Traces.$ [90m(file:///C:/Users/Zaid%20Hasan/OneDrive/Desktop/New%20ATS/
Aandsz-Forces-ATS-CS490/backend/[39mnode_modules/[4mvitest[24m/dist/chunks/t
races.U4xDYhzZ.js:115:27[90m)[39m
    at trace [90m(file:///C:/Users/Zaid%20Hasan/OneDrive/Desktop/New%20ATS/Aan
dsz-Forces-ATS-CS490/backend/[39mnode_modules/[4mvitest[24m/dist/chunks/test
.BT8LKgU9.js:239:21[90m)[39m
    at runTest [90m(file:///C:/Users/Zaid%20Hasan/OneDrive/Desktop/New%20ATS/A
andsz-Forces-ATS-CS490/backend/[39mnode_modules/[4m@vitest/runner[24m/dist/i
ndex.js:1650:12[90m)[39m

 [32mΓ£ô[39m tests/routes/skillsGap.vitest.js [2m([22m[2m9 tests[22m[2m)[22m[32m 98[2mms[22m[39m
[90mstderr[2m | tests/routes/marketBenchmarks.vitest.js[2m > 
[22m[2mMarket Benchmarks Routes - Full Coverage[2m > [22m[2mGET 
/api/market-benchmarks/test[2m > [22m[2mshould return 401 if API key invalid
[22m[39mΓ¥î API key test failed: Error: API_KEY_INVALID
    at C:/Users/Zaid Hasan/OneDrive/Desktop/New ATS/Aandsz-Forces-ATS-CS490/bac
kend/tests/routes/marketBenchmarks.vitest.js:602:24
    at [90mfile:///C:/Users/Zaid%20Hasan/OneDrive/Desktop/New%20ATS/Aandsz-For
ces-ATS-CS490/backend/[39mnode_modules/[4m@vitest/runner[24m/dist/index.js:1
45:11
    at [90mfile:///C:/Users/Zaid%20Hasan/OneDrive/Desktop/New%20ATS/Aandsz-For
ces-ATS-CS490/backend/[39mnode_modules/[4m@vitest/runner[24m/dist/index.js:9
15:26
    at [90mfile:///C:/Users/Zaid%20Hasan/OneDrive/Desktop/New%20ATS/Aandsz-For
ces-ATS-CS490/backend/[39mnode_modules/[4m@vitest/runner[24m/dist/index.js:1
240:20
    at new Promise (<anonymous>)
    at runWithTimeout [90m(file:///C:/Users/Zaid%20Hasan/OneDrive/Desktop/New%
20ATS/Aandsz-Forces-ATS-CS490/backend/[39mnode_modules/[4m@vitest/runner[24m
/dist/index.js:1206:10[90m)[39m
    at [90mfile:///C:/Users/Zaid%20Hasan/OneDrive/Desktop/New%20ATS/Aandsz-For
ces-ATS-CS490/backend/[39mnode_modules/[4m@vitest/runner[24m/dist/index.js:1
650:37
    at Traces.$ [90m(file:///C:/Users/Zaid%20Hasan/OneDrive/Desktop/New%20ATS/
Aandsz-Forces-ATS-CS490/backend/[39mnode_modules/[4mvitest[24m/dist/chunks/t
races.U4xDYhzZ.js:115:27[90m)[39m
    at trace [90m(file:///C:/Users/Zaid%20Hasan/OneDrive/Desktop/New%20ATS/Aan
dsz-Forces-ATS-CS490/backend/[39mnode_modules/[4mvitest[24m/dist/chunks/test
.BT8LKgU9.js:239:21[90m)[39m
    at runTest [90m(file:///C:/Users/Zaid%20Hasan/OneDrive/Desktop/New%20ATS/A
andsz-Forces-ATS-CS490/backend/[39mnode_modules/[4m@vitest/runner[24m/dist/i
ndex.js:1650:12[90m)[39m

[90mstderr[2m | tests/routes/marketBenchmarks.vitest.js[2m > 
[22m[2mMarket Benchmarks Routes - Full Coverage[2m > [22m[2mGET 
/api/market-benchmarks/test[2m > [22m[2mshould return 500 on general errors
[22m[39mΓ¥î API key test failed: Error: Network error
    at C:/Users/Zaid Hasan/OneDrive/Desktop/New ATS/Aandsz-Forces-ATS-CS490/bac
kend/tests/routes/marketBenchmarks.vitest.js:614:45
    at [90mfile:///C:/Users/Zaid%20Hasan/OneDrive/Desktop/New%20ATS/Aandsz-For
ces-ATS-CS490/backend/[39mnode_modules/[4m@vitest/runner[24m/dist/index.js:1
45:11
    at [90mfile:///C:/Users/Zaid%20Hasan/OneDrive/Desktop/New%20ATS/Aandsz-For
ces-ATS-CS490/backend/[39mnode_modules/[4m@vitest/runner[24m/dist/index.js:9
15:26
    at [90mfile:///C:/Users/Zaid%20Hasan/OneDrive/Desktop/New%20ATS/Aandsz-For
ces-ATS-CS490/backend/[39mnode_modules/[4m@vitest/runner[24m/dist/index.js:1
240:20
    at new Promise (<anonymous>)
    at runWithTimeout [90m(file:///C:/Users/Zaid%20Hasan/OneDrive/Desktop/New%
20ATS/Aandsz-Forces-ATS-CS490/backend/[39mnode_modules/[4m@vitest/runner[24m
/dist/index.js:1206:10[90m)[39m
    at [90mfile:///C:/Users/Zaid%20Hasan/OneDrive/Desktop/New%20ATS/Aandsz-For
ces-ATS-CS490/backend/[39mnode_modules/[4m@vitest/runner[24m/dist/index.js:1
650:37
    at Traces.$ [90m(file:///C:/Users/Zaid%20Hasan/OneDrive/Desktop/New%20ATS/
Aandsz-Forces-ATS-CS490/backend/[39mnode_modules/[4mvitest[24m/dist/chunks/t
races.U4xDYhzZ.js:115:27[90m)[39m
    at trace [90m(file:///C:/Users/Zaid%20Hasan/OneDrive/Desktop/New%20ATS/Aan
dsz-Forces-ATS-CS490/backend/[39mnode_modules/[4mvitest[24m/dist/chunks/test
.BT8LKgU9.js:239:21[90m)[39m
    at runTest [90m(file:///C:/Users/Zaid%20Hasan/OneDrive/Desktop/New%20ATS/A
andsz-Forces-ATS-CS490/backend/[39mnode_modules/[4m@vitest/runner[24m/dist/i
ndex.js:1650:12[90m)[39m

 [32mΓ£ô[39m tests/routes/marketBenchmarks.vitest.js [2m([22m[2m28 tests[22m[2m)[22m[33m 3456[2mms[22m[39m
       [33m[2mΓ£ô[22m[39m should fetch multiple benchmarks successfully [33m 2021[2mms[22m[39m
       [33m[2mΓ£ô[22m[39m should handle partial failures [33m 1024[2mms[22m[39m
[90mstdout[2m | tests/server.full.vitest.js
[22m[39m[dotenv@17.2.3] injecting env (0) from .env -- tip: ≡ƒôí add observability to secrets: https://dotenvx.com/ops

[90mstderr[2m | tests/server.full.vitest.js
[22m[39mΓÜá∩╕Å DOCX parsing disabled (mammoth not available)

[90mstdout[2m | tests/server.full.vitest.js
[22m[39m[dotenv@17.2.3] injecting env (0) from .env -- tip: Γ£à audit secrets and track compliance: https://dotenvx.com/ops

[90mstdout[2m | tests/server.full.vitest.js
[22m[39m[dotenv@17.2.3] injecting env (0) from .env -- tip: ≡ƒöæ add access controls to secrets: https://dotenvx.com/ops

[90mstdout[2m | tests/server.full.vitest.js
[22m[39m[dotenv@17.2.3] injecting env (0) from .env -- tip: ≡ƒ¢á∩╕Å  run anywhere with `dotenvx run -- yourcommand`

[90mstdout[2m | tests/server.full.vitest.js
[22m[39m[dotenv@17.2.3] injecting env (0) from .env -- tip: ΓÜÖ∩╕Å  specify custom .env file path with { path: '/custom/path/.env' }

[90mstdout[2m | tests/server.full.vitest.js
[22m[39m[dotenv@17.2.3] injecting env (0) from .env -- tip: ≡ƒ¢á∩╕Å  run anywhere with `dotenvx run -- yourcommand`

[90mstdout[2m | tests/server.full.vitest.js
[22m[39m[dotenv@17.2.3] injecting env (0) from .env -- tip: ≡ƒöÉ prevent committing .env to code: https://dotenvx.com/precommit

[90mstdout[2m | tests/server.full.vitest.js
[22m[39m[dotenv@17.2.3] injecting env (0) from .env -- tip: ≡ƒ¢á∩╕Å  run anywhere with `dotenvx run -- yourcommand`

[90mstdout[2m | tests/server.full.vitest.js
[22m[39m[dotenv@17.2.3] injecting env (0) from .env -- tip: ≡ƒôí add observability to secrets: https://dotenvx.com/ops

[90mstdout[2m | tests/server.full.vitest.js
[22m[39m[dotenv@17.2.3] injecting env (0) from .env -- tip: ΓÜÖ∩╕Å  specify custom .env file path with { path: '/custom/path/.env' }

[90mstdout[2m | tests/server.full.vitest.js
[22m[39m[dotenv@17.2.3] injecting env (0) from .env -- tip: ≡ƒöæ add access controls to secrets: https://dotenvx.com/ops

[90mstdout[2m | tests/server.full.vitest.js
[22m[39m[dotenv@17.2.3] injecting env (0) from .env -- tip: ≡ƒöæ add access controls to secrets: https://dotenvx.com/ops

[90mstdout[2m | tests/server.full.vitest.js
[22m[39m[dotenv@17.2.3] injecting env (0) from .env -- tip: ≡ƒöÉ encrypt with Dotenvx: https://dotenvx.com

[90mstdout[2m | tests/server.full.vitest.js
[22m[39m[dotenv@17.2.3] injecting env (0) from .env -- tip: ΓÜÖ∩╕Å  load multiple .env files with { path: ['.env.local', '.env'] }

[90mstderr[2m | tests/server.full.vitest.js
[22m[39mΓÜá∩╕Å mammoth not available - DOCX to PDF conversion disabled

[90mstdout[2m | tests/server.full.vitest.js
[22m[39m[dotenv@17.2.3] injecting env (0) from .env -- tip: ≡ƒöÉ encrypt with Dotenvx: https://dotenvx.com

[90mstderr[2m | tests/server.full.vitest.js
[22m[39mΓÜá∩╕Å mammoth not available - DOCX parsing disabled

[90mstdout[2m | tests/server.full.vitest.js
[22m[39m[dotenv@17.2.3] injecting env (0) from .env -- tip: ≡ƒöä add secrets lifecycle management: https://dotenvx.com/ops

[90mstdout[2m | tests/server.full.vitest.js
[22m[39mΓ£à Industry Contacts routes initialized
Supabase URL: Γ£à set
Supabase Key: Γ£à set

[90mstdout[2m | tests/server.full.vitest.js
[22m[39m[dotenv@17.2.3] injecting env (0) from .env -- tip: ≡ƒôí add observability to secrets: https://dotenvx.com/ops

[90mstdout[2m | tests/server.full.vitest.js
[22m[39m[dotenv@17.2.3] injecting env (0) from .env -- tip: ≡ƒôí add observability to secrets: https://dotenvx.com/ops

[90mstdout[2m | tests/server.full.vitest.js
[22m[39m[dotenv@17.2.3] injecting env (0) from .env -- tip: ≡ƒöæ add access controls to secrets: https://dotenvx.com/ops
Γ£à GOOGLE_API_KEY loaded: test-googl...-key (15 chars)

[90mstdout[2m | tests/server.full.vitest.js
[22m[39m[dotenv@17.2.3] injecting env (0) from .env -- tip: ΓÜÖ∩╕Å  enable debug logging with { debug: true }

Sourcemap for "C:/Users/Zaid Hasan/OneDrive/Desktop/New ATS/Aandsz-Forces-ATS-C
S490/backend/node_modules/node-cron/dist/esm/node-cron.js" points to missing 
source files
[90mstdout[2m | tests/server.full.vitest.js
[22m[39m[dotenv@17.2.3] injecting env (0) from .env -- tip: ≡ƒ¢á∩╕Å  run anywhere with `dotenvx run -- yourcommand`
≡ƒöæ GOOGLE_API_KEY loaded: Γ£à yes

[90mstderr[2m | tests/server.full.vitest.js[2m > [22m[2mServer.js - Full 
Coverage[2m > [22m[2mPOST /register[2m > [22m[2mshould reject duplicate 
email
[22m[39mTypeError: Cannot read properties of undefined (reading 'rows')
    at C:/Users/Zaid Hasan/OneDrive/Desktop/New 
ATS/Aandsz-Forces-ATS-CS490/backend/server.js:196:20
[90m    at processTicksAndRejections 
(node:internal/process/task_queues:105:5)[39m

[90mstderr[2m | tests/server.full.vitest.js[2m > [22m[2mServer.js - Full 
Coverage[2m > [22m[2mPOST /register[2m > [22m[2mshould handle connection 
error
[22m[39mError: Connection failed
    at C:/Users/Zaid Hasan/OneDrive/Desktop/New 
ATS/Aandsz-Forces-ATS-CS490/backend/tests/server.full.vitest.js:223:48
    at [90mfile:///C:/Users/Zaid%20Hasan/OneDrive/Desktop/New%20ATS/Aandsz-For
ces-ATS-CS490/backend/[39mnode_modules/[4m@vitest/runner[24m/dist/index.js:1
45:11
    at [90mfile:///C:/Users/Zaid%20Hasan/OneDrive/Desktop/New%20ATS/Aandsz-For
ces-ATS-CS490/backend/[39mnode_modules/[4m@vitest/runner[24m/dist/index.js:9
15:26
    at [90mfile:///C:/Users/Zaid%20Hasan/OneDrive/Desktop/New%20ATS/Aandsz-For
ces-ATS-CS490/backend/[39mnode_modules/[4m@vitest/runner[24m/dist/index.js:1
240:20
    at new Promise (<anonymous>)
    at runWithTimeout [90m(file:///C:/Users/Zaid%20Hasan/OneDrive/Desktop/New%
20ATS/Aandsz-Forces-ATS-CS490/backend/[39mnode_modules/[4m@vitest/runner[24m
/dist/index.js:1206:10[90m)[39m
    at [90mfile:///C:/Users/Zaid%20Hasan/OneDrive/Desktop/New%20ATS/Aandsz-For
ces-ATS-CS490/backend/[39mnode_modules/[4m@vitest/runner[24m/dist/index.js:1
650:37
    at Traces.$ [90m(file:///C:/Users/Zaid%20Hasan/OneDrive/Desktop/New%20ATS/
Aandsz-Forces-ATS-CS490/backend/[39mnode_modules/[4mvitest[24m/dist/chunks/t
races.U4xDYhzZ.js:115:27[90m)[39m
    at trace [90m(file:///C:/Users/Zaid%20Hasan/OneDrive/Desktop/New%20ATS/Aan
dsz-Forces-ATS-CS490/backend/[39mnode_modules/[4mvitest[24m/dist/chunks/test
.BT8LKgU9.js:239:21[90m)[39m
    at runTest [90m(file:///C:/Users/Zaid%20Hasan/OneDrive/Desktop/New%20ATS/A
andsz-Forces-ATS-CS490/backend/[39mnode_modules/[4m@vitest/runner[24m/dist/i
ndex.js:1650:12[90m)[39m

[90mstderr[2m | tests/server.full.vitest.js[2m > [22m[2mServer.js - Full 
Coverage[2m > [22m[2mPOST /register[2m > [22m[2mshould handle database 
error with rollback
[22m[39mError: DB error
    at C:/Users/Zaid Hasan/OneDrive/Desktop/New 
ATS/Aandsz-Forces-ATS-CS490/backend/tests/server.full.vitest.js:258:34
    at [90mfile:///C:/Users/Zaid%20Hasan/OneDrive/Desktop/New%20ATS/Aandsz-For
ces-ATS-CS490/backend/[39mnode_modules/[4m@vitest/runner[24m/dist/index.js:1
45:11
    at [90mfile:///C:/Users/Zaid%20Hasan/OneDrive/Desktop/New%20ATS/Aandsz-For
ces-ATS-CS490/backend/[39mnode_modules/[4m@vitest/runner[24m/dist/index.js:9
15:26
    at [90mfile:///C:/Users/Zaid%20Hasan/OneDrive/Desktop/New%20ATS/Aandsz-For
ces-ATS-CS490/backend/[39mnode_modules/[4m@vitest/runner[24m/dist/index.js:1
240:20
    at new Promise (<anonymous>)
    at runWithTimeout [90m(file:///C:/Users/Zaid%20Hasan/OneDrive/Desktop/New%
20ATS/Aandsz-Forces-ATS-CS490/backend/[39mnode_modules/[4m@vitest/runner[24m
/dist/index.js:1206:10[90m)[39m
    at [90mfile:///C:/Users/Zaid%20Hasan/OneDrive/Desktop/New%20ATS/Aandsz-For
ces-ATS-CS490/backend/[39mnode_modules/[4m@vitest/runner[24m/dist/index.js:1
650:37
    at Traces.$ [90m(file:///C:/Users/Zaid%20Hasan/OneDrive/Desktop/New%20ATS/
Aandsz-Forces-ATS-CS490/backend/[39mnode_modules/[4mvitest[24m/dist/chunks/t
races.U4xDYhzZ.js:115:27[90m)[39m
    at trace [90m(file:///C:/Users/Zaid%20Hasan/OneDrive/Desktop/New%20ATS/Aan
dsz-Forces-ATS-CS490/backend/[39mnode_modules/[4mvitest[24m/dist/chunks/test
.BT8LKgU9.js:239:21[90m)[39m
    at runTest [90m(file:///C:/Users/Zaid%20Hasan/OneDrive/Desktop/New%20ATS/A
andsz-Forces-ATS-CS490/backend/[39mnode_modules/[4m@vitest/runner[24m/dist/i
ndex.js:1650:12[90m)[39m

[90mstderr[2m | tests/server.full.vitest.js[2m > [22m[2mServer.js - Full 
Coverage[2m > [22m[2mPOST /register[2m > [22m[2mshould handle rollback 
failure
[22m[39mRollback failed: Rollback failed
Error: DB error
    at C:/Users/Zaid Hasan/OneDrive/Desktop/New 
ATS/Aandsz-Forces-ATS-CS490/backend/tests/server.full.vitest.js:280:34
    at [90mfile:///C:/Users/Zaid%20Hasan/OneDrive/Desktop/New%20ATS/Aandsz-For
ces-ATS-CS490/backend/[39mnode_modules/[4m@vitest/runner[24m/dist/index.js:1
45:11
    at [90mfile:///C:/Users/Zaid%20Hasan/OneDrive/Desktop/New%20ATS/Aandsz-For
ces-ATS-CS490/backend/[39mnode_modules/[4m@vitest/runner[24m/dist/index.js:9
15:26
    at [90mfile:///C:/Users/Zaid%20Hasan/OneDrive/Desktop/New%20ATS/Aandsz-For
ces-ATS-CS490/backend/[39mnode_modules/[4m@vitest/runner[24m/dist/index.js:1
240:20
    at new Promise (<anonymous>)
    at runWithTimeout [90m(file:///C:/Users/Zaid%20Hasan/OneDrive/Desktop/New%
20ATS/Aandsz-Forces-ATS-CS490/backend/[39mnode_modules/[4m@vitest/runner[24m
/dist/index.js:1206:10[90m)[39m
    at [90mfile:///C:/Users/Zaid%20Hasan/OneDrive/Desktop/New%20ATS/Aandsz-For
ces-ATS-CS490/backend/[39mnode_modules/[4m@vitest/runner[24m/dist/index.js:1
650:37
    at Traces.$ [90m(file:///C:/Users/Zaid%20Hasan/OneDrive/Desktop/New%20ATS/
Aandsz-Forces-ATS-CS490/backend/[39mnode_modules/[4mvitest[24m/dist/chunks/t
races.U4xDYhzZ.js:115:27[90m)[39m
    at trace [90m(file:///C:/Users/Zaid%20Hasan/OneDrive/Desktop/New%20ATS/Aan
dsz-Forces-ATS-CS490/backend/[39mnode_modules/[4mvitest[24m/dist/chunks/test
.BT8LKgU9.js:239:21[90m)[39m
    at runTest [90m(file:///C:/Users/Zaid%20Hasan/OneDrive/Desktop/New%20ATS/A
andsz-Forces-ATS-CS490/backend/[39mnode_modules/[4m@vitest/runner[24m/dist/i
ndex.js:1650:12[90m)[39m

[90mstderr[2m | tests/server.full.vitest.js[2m > [22m[2mServer.js - Full 
Coverage[2m > [22m[2mPOST /login[2m > [22m[2mshould handle database error
[22m[39mError: DB error
    at C:/Users/Zaid Hasan/OneDrive/Desktop/New 
ATS/Aandsz-Forces-ATS-CS490/backend/tests/server.full.vitest.js:355:46
    at [90mfile:///C:/Users/Zaid%20Hasan/OneDrive/Desktop/New%20ATS/Aandsz-For
ces-ATS-CS490/backend/[39mnode_modules/[4m@vitest/runner[24m/dist/index.js:1
45:11
    at [90mfile:///C:/Users/Zaid%20Hasan/OneDrive/Desktop/New%20ATS/Aandsz-For
ces-ATS-CS490/backend/[39mnode_modules/[4m@vitest/runner[24m/dist/index.js:9
15:26
    at [90mfile:///C:/Users/Zaid%20Hasan/OneDrive/Desktop/New%20ATS/Aandsz-For
ces-ATS-CS490/backend/[39mnode_modules/[4m@vitest/runner[24m/dist/index.js:1
240:20
    at new Promise (<anonymous>)
    at runWithTimeout [90m(file:///C:/Users/Zaid%20Hasan/OneDrive/Desktop/New%
20ATS/Aandsz-Forces-ATS-CS490/backend/[39mnode_modules/[4m@vitest/runner[24m
/dist/index.js:1206:10[90m)[39m
    at [90mfile:///C:/Users/Zaid%20Hasan/OneDrive/Desktop/New%20ATS/Aandsz-For
ces-ATS-CS490/backend/[39mnode_modules/[4m@vitest/runner[24m/dist/index.js:1
650:37
    at Traces.$ [90m(file:///C:/Users/Zaid%20Hasan/OneDrive/Desktop/New%20ATS/
Aandsz-Forces-ATS-CS490/backend/[39mnode_modules/[4mvitest[24m/dist/chunks/t
races.U4xDYhzZ.js:115:27[90m)[39m
    at trace [90m(file:///C:/Users/Zaid%20Hasan/OneDrive/Desktop/New%20ATS/Aan
dsz-Forces-ATS-CS490/backend/[39mnode_modules/[4mvitest[24m/dist/chunks/test
.BT8LKgU9.js:239:21[90m)[39m
    at runTest [90m(file:///C:/Users/Zaid%20Hasan/OneDrive/Desktop/New%20ATS/A
andsz-Forces-ATS-CS490/backend/[39mnode_modules/[4m@vitest/runner[24m/dist/i
ndex.js:1650:12[90m)[39m

[90mstdout[2m | tests/server.full.vitest.js[2m > [22m[2mServer.js - Full Coverage[2m > [22m[2mPOST /forgot[2m > [22m[2mshould send reset code for existing user
[22m[39m≡ƒôñ Sent reset code 606130 to test@example.com

[90mstdout[2m | tests/server.full.vitest.js[2m > [22m[2mServer.js - Full Coverage[2m > [22m[2mPOST /forgot[2m > [22m[2mshould handle email send error
[22m[39m≡ƒôñ Sent reset code 535389 to test@example.com

[90mstdout[2m | tests/server.full.vitest.js[2m > [22m[2mServer.js - Full Coverage[2m > [22m[2mPOST /reset[2m > [22m[2mshould reject mismatched passwords
[22m[39mΓ£à Connected to PostgreSQL

[90mstdout[2m | tests/server.full.vitest.js[2m > [22m[2mServer.js - Full Coverage[2m > [22m[2mPOST /reset[2m > [22m[2mshould successfully reset password with valid code
[22m[39m≡ƒôñ Sent reset code 986843 to test@example.com

[90mstderr[2m | tests/server.full.vitest.js[2m > [22m[2mServer.js - Full 
Coverage[2m > [22m[2mPUT /me[2m > [22m[2mshould handle database error
[22m[39mError: DB error
    at C:/Users/Zaid Hasan/OneDrive/Desktop/New 
ATS/Aandsz-Forces-ATS-CS490/backend/tests/server.full.vitest.js:636:46
    at [90mfile:///C:/Users/Zaid%20Hasan/OneDrive/Desktop/New%20ATS/Aandsz-For
ces-ATS-CS490/backend/[39mnode_modules/[4m@vitest/runner[24m/dist/index.js:1
45:11
    at [90mfile:///C:/Users/Zaid%20Hasan/OneDrive/Desktop/New%20ATS/Aandsz-For
ces-ATS-CS490/backend/[39mnode_modules/[4m@vitest/runner[24m/dist/index.js:9
15:26
    at [90mfile:///C:/Users/Zaid%20Hasan/OneDrive/Desktop/New%20ATS/Aandsz-For
ces-ATS-CS490/backend/[39mnode_modules/[4m@vitest/runner[24m/dist/index.js:1
240:20
    at new Promise (<anonymous>)
    at runWithTimeout [90m(file:///C:/Users/Zaid%20Hasan/OneDrive/Desktop/New%
20ATS/Aandsz-Forces-ATS-CS490/backend/[39mnode_modules/[4m@vitest/runner[24m
/dist/index.js:1206:10[90m)[39m
    at [90mfile:///C:/Users/Zaid%20Hasan/OneDrive/Desktop/New%20ATS/Aandsz-For
ces-ATS-CS490/backend/[39mnode_modules/[4m@vitest/runner[24m/dist/index.js:1
650:37
    at Traces.$ [90m(file:///C:/Users/Zaid%20Hasan/OneDrive/Desktop/New%20ATS/
Aandsz-Forces-ATS-CS490/backend/[39mnode_modules/[4mvitest[24m/dist/chunks/t
races.U4xDYhzZ.js:115:27[90m)[39m
    at trace [90m(file:///C:/Users/Zaid%20Hasan/OneDrive/Desktop/New%20ATS/Aan
dsz-Forces-ATS-CS490/backend/[39mnode_modules/[4mvitest[24m/dist/chunks/test
.BT8LKgU9.js:239:21[90m)[39m
    at runTest [90m(file:///C:/Users/Zaid%20Hasan/OneDrive/Desktop/New%20ATS/A
andsz-Forces-ATS-CS490/backend/[39mnode_modules/[4m@vitest/runner[24m/dist/i
ndex.js:1650:12[90m)[39m

[90mstderr[2m | tests/server.full.vitest.js[2m > [22m[2mServer.js - Full 
Coverage[2m > [22m[2mPOST /google[2m > [22m[2mshould handle Google OAuth 
login for existing user
[22m[39mΓ¥î Google login error: TypeError: Cannot read properties of 
undefined (reading 'getPayload')
    at C:/Users/Zaid Hasan/OneDrive/Desktop/New 
ATS/Aandsz-Forces-ATS-CS490/backend/server.js:506:28
[90m    at processTicksAndRejections 
(node:internal/process/task_queues:105:5)[39m

[90mstderr[2m | tests/server.full.vitest.js[2m > [22m[2mServer.js - Full 
Coverage[2m > [22m[2mPOST /google[2m > [22m[2mshould create new user for 
Google OAuth
[22m[39mΓ¥î Google login error: TypeError: Cannot read properties of 
undefined (reading 'getPayload')
    at C:/Users/Zaid Hasan/OneDrive/Desktop/New 
ATS/Aandsz-Forces-ATS-CS490/backend/server.js:506:28
[90m    at processTicksAndRejections 
(node:internal/process/task_queues:105:5)[39m

[90mstderr[2m | tests/server.full.vitest.js[2m > [22m[2mServer.js - Full 
Coverage[2m > [22m[2mPOST /google[2m > [22m[2mshould handle Google token 
verification error
[22m[39mΓ¥î Google login error: TypeError: Cannot read properties of 
undefined (reading 'getPayload')
    at C:/Users/Zaid Hasan/OneDrive/Desktop/New 
ATS/Aandsz-Forces-ATS-CS490/backend/server.js:506:28
[90m    at processTicksAndRejections 
(node:internal/process/task_queues:105:5)[39m

[90mstdout[2m | tests/server.full.vitest.js[2m > [22m[2mServer.js - Full Coverage[2m > [22m[2mGET /api/test-token[2m > [22m[2mshould verify valid token
[22m[39mRaw header: Bearer eyJhbGciOiJIUzI1NiIsInR5cCI6IkpXVCJ9.eyJpZCI6MSwiZW1haWwiOiJ0ZXN0QGV4YW1wbGUuY29tIiwiaWF0IjoxNzY0ODgyOTY2fQ.QoVR3zTKtRPqlPZN4OgjET6wTN6mMX1y5XJ2z0DjK7M
Extracted token: eyJhbGciOiJIUzI1NiIsInR5cCI6IkpXVCJ9.eyJpZCI6MSwiZW1haWwiOiJ0ZXN0QGV4YW1wbGUuY29tIiwiaWF0IjoxNzY0ODgyOTY2fQ.QoVR3zTKtRPqlPZN4OgjET6wTN6mMX1y5XJ2z0DjK7M
JWT_SECRET: test-secret

[90mstdout[2m | tests/server.full.vitest.js[2m > [22m[2mServer.js - Full Coverage[2m > [22m[2mGET /api/test-token[2m > [22m[2mshould reject invalid token
[22m[39mRaw header: Bearer invalid-token
Extracted token: invalid-token
JWT_SECRET: test-secret

[90mstdout[2m | tests/server.full.vitest.js[2m > [22m[2mServer.js - Full Coverage[2m > [22m[2mGET /api/test-token[2m > [22m[2mshould handle missing token
[22m[39mRaw header: 
Extracted token: [1mnull[22m
JWT_SECRET: test-secret

[90mstdout[2m | tests/server.full.vitest.js[2m > [22m[2mServer.js - Full Coverage[2m > [22m[2mPOST /test-reminders[2m > [22m[2mshould execute reminder job with no deadlines
[22m[39m≡ƒô¼ Running job deadline reminder (manual/cron)...

[90mstdout[2m | tests/server.full.vitest.js[2m > [22m[2mServer.js - Full Coverage[2m > [22m[2mPOST /test-reminders[2m > [22m[2mshould execute reminder job with no deadlines
[22m[39mΓ£à No upcoming deadlines.

[90mstdout[2m | tests/server.full.vitest.js[2m > [22m[2mServer.js - Full Coverage[2m > [22m[2mPOST /test-reminders[2m > [22m[2mshould execute reminder job with upcoming deadlines
[22m[39m≡ƒô¼ Running job deadline reminder (manual/cron)...

[90mstderr[2m | tests/server.full.vitest.js[2m > [22m[2mServer.js - Full 
Coverage[2m > [22m[2mPOST /test-reminders[2m > [22m[2mshould execute 
reminder job with upcoming deadlines
[22m[39mΓ¥î Reminder job failed: Cannot destructure property 'data' of 
'(intermediate value)' as it is undefined.

[90mstdout[2m | tests/server.full.vitest.js[2m > [22m[2mServer.js - Full Coverage[2m > [22m[2mPOST /test-reminders[2m > [22m[2mshould handle reminder job with multiple jobs
[22m[39m≡ƒô¼ Running job deadline reminder (manual/cron)...

[90mstderr[2m | tests/server.full.vitest.js[2m > [22m[2mServer.js - Full 
Coverage[2m > [22m[2mPOST /test-reminders[2m > [22m[2mshould handle 
reminder job with multiple jobs
[22m[39mΓ¥î Reminder job failed: Cannot destructure property 'data' of 
'(intermediate value)' as it is undefined.

[90mstdout[2m | tests/server.full.vitest.js[2m > [22m[2mServer.js - Full Coverage[2m > [22m[2mPOST /test-reminders[2m > [22m[2mshould handle reminder job with job having no first_name
[22m[39m≡ƒô¼ Running job deadline reminder (manual/cron)...

[90mstderr[2m | tests/server.full.vitest.js[2m > [22m[2mServer.js - Full 
Coverage[2m > [22m[2mPOST /test-reminders[2m > [22m[2mshould handle 
reminder job with job having no first_name
[22m[39mΓ¥î Reminder job failed: Cannot destructure property 'data' of 
'(intermediate value)' as it is undefined.

[90mstdout[2m | tests/server.full.vitest.js[2m > [22m[2mServer.js - Full Coverage[2m > [22m[2mPOST /test-reminders[2m > [22m[2mshould handle reminder job with email send error
[22m[39m≡ƒô¼ Running job deadline reminder (manual/cron)...

[90mstderr[2m | tests/server.full.vitest.js[2m > [22m[2mServer.js - Full 
Coverage[2m > [22m[2mPOST /test-reminders[2m > [22m[2mshould handle 
reminder job with email send error
[22m[39mΓ¥î Reminder job failed: Cannot destructure property 'data' of 
'(intermediate value)' as it is undefined.

[90mstdout[2m | tests/server.full.vitest.js[2m > [22m[2mServer.js - Full Coverage[2m > [22m[2mPOST /test-reminders[2m > [22m[2mshould handle reminder job with 1 day left
[22m[39m≡ƒô¼ Running job deadline reminder (manual/cron)...

[90mstderr[2m | tests/server.full.vitest.js[2m > [22m[2mServer.js - Full 
Coverage[2m > [22m[2mPOST /test-reminders[2m > [22m[2mshould handle 
reminder job with 1 day left
[22m[39mΓ¥î Reminder job failed: Cannot destructure property 'data' of 
'(intermediate value)' as it is undefined.

[90mstdout[2m | tests/server.full.vitest.js[2m > [22m[2mServer.js - Full Coverage[2m > [22m[2mPOST /test-reminders[2m > [22m[2mshould handle reminder job with custom REMINDER_DAYS env var
[22m[39m≡ƒô¼ Running job deadline reminder (manual/cron)...

[90mstdout[2m | tests/server.full.vitest.js[2m > [22m[2mServer.js - Full Coverage[2m > [22m[2mPOST /test-reminders[2m > [22m[2mshould handle reminder job with custom REMINDER_DAYS env var
[22m[39mΓ£à No upcoming deadlines.

[90mstdout[2m | tests/server.full.vitest.js[2m > [22m[2mServer.js - Full Coverage[2m > [22m[2mPOST /test-reminders[2m > [22m[2mshould handle reminder job error
[22m[39m≡ƒô¼ Running job deadline reminder (manual/cron)...

[90mstderr[2m | tests/server.full.vitest.js[2m > [22m[2mServer.js - Full 
Coverage[2m > [22m[2mPOST /test-reminders[2m > [22m[2mshould handle 
reminder job error
[22m[39mΓ¥î Reminder job failed: DB error

 [32mΓ£ô[39m tests/server.full.vitest.js [2m([22m[2m58 tests[22m[2m)[22m[33m 8257[2mms[22m[39m

[31mΓÄ»ΓÄ»ΓÄ»ΓÄ»ΓÄ»ΓÄ»[39m[1m[41m Failed Suites 13 
[49m[22m[31mΓÄ»ΓÄ»ΓÄ»ΓÄ»ΓÄ»ΓÄ»[39m

[41m[1m FAIL [22m[49m tests/routes/companyResearch.vitest.js[2m [ 
tests/routes/companyResearch.vitest.js ][22m
[31m[1mReferenceError[22m: Cannot access 'mockGet' before 
initialization[39m
[36m [2mΓ¥»[22m Object.<anonymous> 
tests/routes/companyResearch.vitest.js:[2m21:12[22m[39m
    [90m 19| [39m  [35mdefault[39m[33m:[39m {
    [90m 20| [39m    create[33m:[39m vi[33m.[39m[34mfn[39m(() 
[33m=>[39m ({
    [90m 21| [39m      [35mget[39m[33m:[39m mockGet[33m,[39m
    [90m   | [39m           [31m^[39m
    [90m 22| [39m      post[33m:[39m mockPost[33m,[39m
    [90m 23| [39m    }))[33m,[39m
[90m [2mΓ¥»[22m routes/companyResearch.js:[2m7:20[22m[39m
[90m [2mΓ¥»[22m tests/routes/companyResearch.vitest.js:[2m9:1[22m[39m

[31m[2mΓÄ»ΓÄ»ΓÄ»ΓÄ»ΓÄ»ΓÄ»ΓÄ»ΓÄ»ΓÄ»ΓÄ»ΓÄ»ΓÄ»ΓÄ»ΓÄ»ΓÄ»ΓÄ»ΓÄ»ΓÄ»ΓÄ»ΓÄ»ΓÄ»ΓÄ»ΓÄ»[
1/62]ΓÄ»[22m[39m

[41m[1m FAIL [22m[49m tests/routes/coverLetterAI.vitest.js[2m [ 
tests/routes/coverLetterAI.vitest.js ][22m
[31m[1mError[22m: [vitest] No "default" export is defined on the "pg" mock. 
Did you forget to return it from "vi.mock"?
If you need to partially mock a module, you can use "importOriginal" helper 
inside:
[39m
vi.mock(import("pg"), async (importOriginal) => {
  const actual = await importOriginal()
  return {
    ...actual,
    // your mocked methods
  }
})

[36m [2mΓ¥»[22m routes/coverLetterAI.js:[2m7:18[22m[39m
    [90m  5| [39m[35mimport[39m pkg [35mfrom[39m 
[32m"pg"[39m[33m;[39m
    [90m  6| [39m
    [90m  7| [39m[35mconst[39m { [33mPool[39m } [33m=[39m 
pkg[33m;[39m
    [90m   | [39m                 [31m^[39m
    [90m  8| [39m
    [90m  9| [39m[90m// Factory function for dependency injection (for 
testing)[39m
[90m [2mΓ¥»[22m tests/routes/coverLetterAI.vitest.js:[2m9:1[22m[39m

[31m[2mΓÄ»ΓÄ»ΓÄ»ΓÄ»ΓÄ»ΓÄ»ΓÄ»ΓÄ»ΓÄ»ΓÄ»ΓÄ»ΓÄ»ΓÄ»ΓÄ»ΓÄ»ΓÄ»ΓÄ»ΓÄ»ΓÄ»ΓÄ»ΓÄ»ΓÄ»ΓÄ»[
2/62]ΓÄ»[22m[39m

[41m[1m FAIL [22m[49m tests/routes/coverLetterExport.vitest.js[2m [ 
tests/routes/coverLetterExport.vitest.js ][22m
[31m[1mError[22m: [vitest] There was an error when mocking a module. If you 
are using "vi.mock" factory, make sure there are no top level variables 
inside, since this call is hoisted to top of the file. Read more: 
https://vitest.dev/api/vi.html#vi-mock[39m
[36m [2mΓ¥»[22m routes/coverLetterExport.js:[2m3:1[22m[39m
    [90m  1| [39m[90m// backend/routes/coverLetterExport.js[39m
    [90m  2| [39m[35mimport[39m express [35mfrom[39m 
[32m"express"[39m[33m;[39m
    [90m  3| [39m[35mimport[39m [33mPDFDocument[39m [35mfrom[39m 
[32m"pdfkit"[39m[33m;[39m
    [90m   | [39m[31m^[39m
    [90m  4| [39m[35mimport[39m { [33mDocument[39m[33m,[39m 
[33mPacker[39m[33m,[39m [33mParagraph[39m[33m,[39m [33mTextRun[39m } 
[35mfrom[39m [32m"docx"[39m[33m;[39m
    [90m  5| [39m

[31m[1mCaused by: ReferenceError[22m: Cannot access 'mockPDFDoc' before 
initialization[39m
[36m [2mΓ¥»[22m tests/routes/coverLetterExport.vitest.js:[2m34:12[22m[39m

[31m[2mΓÄ»ΓÄ»ΓÄ»ΓÄ»ΓÄ»ΓÄ»ΓÄ»ΓÄ»ΓÄ»ΓÄ»ΓÄ»ΓÄ»ΓÄ»ΓÄ»ΓÄ»ΓÄ»ΓÄ»ΓÄ»ΓÄ»ΓÄ»ΓÄ»ΓÄ»ΓÄ»[
3/62]ΓÄ»[22m[39m

[41m[1m FAIL [22m[49m tests/routes/coverLetterTemplates.vitest.js[2m [ 
tests/routes/coverLetterTemplates.vitest.js ][22m
[31m[1mReferenceError[22m: Cannot access 'mockPool' before 
initialization[39m
[36m [2mΓ¥»[22m new MockPool 
tests/routes/coverLetterTemplates.vitest.js:[2m28:5[22m[39m
    [90m 26| [39mvi[33m.[39m[34mmock[39m([32m'pg'[39m[33m,[39m () 
[33m=>[39m {
    [90m 27| [39m  [35mfunction[39m [33mMockPool[39m() {
    [90m 28| [39m    [35mreturn[39m mockPool[33m;[39m
    [90m   | [39m    [31m^[39m
    [90m 29| [39m  }
    [90m 30| [39m  [35mreturn[39m {
[90m [2mΓ¥»[22m createCoverLetterTemplatesRoutes 
routes/coverLetterTemplates.js:[2m11:26[22m[39m
[90m [2mΓ¥»[22m routes/coverLetterTemplates.js:[2m347:16[22m[39m
[90m [2mΓ¥»[22m 
tests/routes/coverLetterTemplates.vitest.js:[2m9:1[22m[39m

[31m[2mΓÄ»ΓÄ»ΓÄ»ΓÄ»ΓÄ»ΓÄ»ΓÄ»ΓÄ»ΓÄ»ΓÄ»ΓÄ»ΓÄ»ΓÄ»ΓÄ»ΓÄ»ΓÄ»ΓÄ»ΓÄ»ΓÄ»ΓÄ»ΓÄ»ΓÄ»ΓÄ»[
4/62]ΓÄ»[22m[39m

[41m[1m FAIL [22m[49m tests/routes/mentors.vitest.js[2m [ 
tests/routes/mentors.vitest.js ][22m
[31m[1mReferenceError[22m: Cannot access 'mockSupabase' before 
initialization[39m
[36m [2mΓ¥»[22m tests/routes/mentors.vitest.js:[2m45:29[22m[39m
    [90m 43| [39m
    [90m 44| 
[39mvi[33m.[39m[34mmock[39m([32m'@supabase/supabase-js'[39m[33m,[39m 
() [33m=>[39m ({
    [90m 45| [39m  createClient[33m:[39m vi[33m.[39m[34mfn[39m(() 
[33m=>[39m mockSupabase)[33m,[39m
    [90m   | [39m                            [31m^[39m
    [90m 46| [39m}))[33m;[39m
    [90m 47| [39m
[90m [2mΓ¥»[22m routes/mentors.js:[2m12:30[22m[39m
[90m [2mΓ¥»[22m tests/routes/mentors.vitest.js:[2m9:1[22m[39m

[31m[2mΓÄ»ΓÄ»ΓÄ»ΓÄ»ΓÄ»ΓÄ»ΓÄ»ΓÄ»ΓÄ»ΓÄ»ΓÄ»ΓÄ»ΓÄ»ΓÄ»ΓÄ»ΓÄ»ΓÄ»ΓÄ»ΓÄ»ΓÄ»ΓÄ»ΓÄ»ΓÄ»[
5/62]ΓÄ»[22m[39m

[41m[1m FAIL [22m[49m tests/routes/networking.vitest.js[2m [ 
tests/routes/networking.vitest.js ][22m
[31m[1mReferenceError[22m: Cannot access 'mockSupabase' before 
initialization[39m
[36m [2mΓ¥»[22m tests/routes/networking.vitest.js:[2m36:29[22m[39m
    [90m 34| [39m
    [90m 35| 
[39mvi[33m.[39m[34mmock[39m([32m'@supabase/supabase-js'[39m[33m,[39m 
() [33m=>[39m ({
    [90m 36| [39m  createClient[33m:[39m vi[33m.[39m[34mfn[39m(() 
[33m=>[39m mockSupabase)[33m,[39m
    [90m   | [39m                            [31m^[39m
    [90m 37| [39m}))[33m;[39m
    [90m 38| [39m
[90m [2mΓ¥»[22m routes/networking.js:[2m11:30[22m[39m
[90m [2mΓ¥»[22m tests/routes/networking.vitest.js:[2m9:1[22m[39m

[31m[2mΓÄ»ΓÄ»ΓÄ»ΓÄ»ΓÄ»ΓÄ»ΓÄ»ΓÄ»ΓÄ»ΓÄ»ΓÄ»ΓÄ»ΓÄ»ΓÄ»ΓÄ»ΓÄ»ΓÄ»ΓÄ»ΓÄ»ΓÄ»ΓÄ»ΓÄ»ΓÄ»[
6/62]ΓÄ»[22m[39m

[41m[1m FAIL [22m[49m tests/routes/referrals.vitest.js[2m [ 
tests/routes/referrals.vitest.js ][22m
[31m[1mReferenceError[22m: Cannot access 'mockSupabase' before 
initialization[39m
[36m [2mΓ¥»[22m tests/routes/referrals.vitest.js:[2m53:29[22m[39m
    [90m 51| [39m
    [90m 52| 
[39mvi[33m.[39m[34mmock[39m([32m'@supabase/supabase-js'[39m[33m,[39m 
() [33m=>[39m ({
    [90m 53| [39m  createClient[33m:[39m vi[33m.[39m[34mfn[39m(() 
[33m=>[39m mockSupabase)[33m,[39m
    [90m   | [39m                            [31m^[39m
    [90m 54| [39m}))[33m;[39m
    [90m 55| [39m
[90m [2mΓ¥»[22m routes/referrals.js:[2m11:30[22m[39m
[90m [2mΓ¥»[22m tests/routes/referrals.vitest.js:[2m9:1[22m[39m

[31m[2mΓÄ»ΓÄ»ΓÄ»ΓÄ»ΓÄ»ΓÄ»ΓÄ»ΓÄ»ΓÄ»ΓÄ»ΓÄ»ΓÄ»ΓÄ»ΓÄ»ΓÄ»ΓÄ»ΓÄ»ΓÄ»ΓÄ»ΓÄ»ΓÄ»ΓÄ»ΓÄ»[
7/62]ΓÄ»[22m[39m

[41m[1m FAIL [22m[49m tests/routes/resumes.vitest.js[2m [ 
tests/routes/resumes.vitest.js ][22m
[31m[1mTypeError[22m: () => mockPool is not a constructor[39m
[36m [2mΓ¥»[22m createResumesRoutes routes/resumes.js:[2m137:26[22m[39m
    [90m135| [39m  [35mconst[39m router [33m=[39m 
express[33m.[39m[33mRouter[39m()[33m;[39m
    [90m136| [39m  [90m// Use injected dependencies or create defaults[39m
    [90m137| [39m  const pool = dbPool || new Pool({ connectionString: 
process.env.DATAΓÇª
    [90m   | [39m                         [31m^[39m
    [90m138| [39m  [35mconst[39m upload [33m=[39m multerUpload 
[33m||[39m [34mmulter[39m({ dest[33m:[39m [32m"uploads/"[39m 
})[33m;[39m
    [90m139| [39m  const genAI = genAIClient || new 
GoogleGenerativeAI(process.env.GOOGΓÇª
[90m [2mΓ¥»[22m routes/resumes.js:[2m1055:16[22m[39m
[90m [2mΓ¥»[22m tests/routes/resumes.vitest.js:[2m9:1[22m[39m

[31m[2mΓÄ»ΓÄ»ΓÄ»ΓÄ»ΓÄ»ΓÄ»ΓÄ»ΓÄ»ΓÄ»ΓÄ»ΓÄ»ΓÄ»ΓÄ»ΓÄ»ΓÄ»ΓÄ»ΓÄ»ΓÄ»ΓÄ»ΓÄ»ΓÄ»ΓÄ»ΓÄ»[
8/62]ΓÄ»[22m[39m

[41m[1m FAIL [22m[49m tests/routes/salaryResearch.vitest.js[2m [ 
tests/routes/salaryResearch.vitest.js ][22m
[31m[1mTypeError[22m: () => ({
      chat: {
        completions: {
          create: __vite_ssr_import_0__.vi.fn(),
        },
      },
    }) is not a constructor[39m
[36m [2mΓ¥»[22m routes/salaryResearch.js:[2m13:16[22m[39m
    [90m 11| [39m
    [90m 12| [39m[35mconst[39m router [33m=[39m 
express[33m.[39m[33mRouter[39m()[33m;[39m
    [90m 13| [39m[35mconst[39m openai [33m=[39m [35mnew[39m 
[33mOpenAI[39m({ apiKey[33m:[39m 
process[33m.[39menv[33m.[39m[33mOPENAI_API_KEY[39m })[33m;[39m
    [90m   | [39m               [31m^[39m
    [90m 14| [39m
    [90m 15| [39m[90m/* ---------- Helpers ---------- */[39m
[90m [2mΓ¥»[22m tests/routes/salaryResearch.vitest.js:[2m9:1[22m[39m

[31m[2mΓÄ»ΓÄ»ΓÄ»ΓÄ»ΓÄ»ΓÄ»ΓÄ»ΓÄ»ΓÄ»ΓÄ»ΓÄ»ΓÄ»ΓÄ»ΓÄ»ΓÄ»ΓÄ»ΓÄ»ΓÄ»ΓÄ»ΓÄ»ΓÄ»ΓÄ»ΓÄ»[
9/62]ΓÄ»[22m[39m

[41m[1m FAIL [22m[49m tests/routes/technicalPrep.vitest.js[2m [ 
tests/routes/technicalPrep.vitest.js ][22m
[31m[1mError[22m: [vitest] There was an error when mocking a module. If you 
are using "vi.mock" factory, make sure there are no top level variables 
inside, since this call is hoisted to top of the file. Read more: 
https://vitest.dev/api/vi.html#vi-mock[39m
[36m [2mΓ¥»[22m routes/technicalPrep.js:[2m2:1[22m[39m
    [90m  1| [39m[35mimport[39m express [35mfrom[39m 
[32m"express"[39m[33m;[39m
    [90m  2| [39m[35mimport[39m axios [35mfrom[39m 
[32m"axios"[39m[33m;[39m
    [90m   | [39m[31m^[39m
    [90m  3| [39m[35mimport[39m dotenv [35mfrom[39m 
[32m"dotenv"[39m[33m;[39m
    [90m  4| [39m[35mimport[39m { createClient } [35mfrom[39m 
[32m"@supabase/supabase-js"[39m[33m;[39m

[31m[1mCaused by: ReferenceError[22m: Cannot access 'mockPost' before 
initialization[39m
[36m [2mΓ¥»[22m tests/routes/technicalPrep.vitest.js:[2m20:11[22m[39m

[31m[2mΓÄ»ΓÄ»ΓÄ»ΓÄ»ΓÄ»ΓÄ»ΓÄ»ΓÄ»ΓÄ»ΓÄ»ΓÄ»ΓÄ»ΓÄ»ΓÄ»ΓÄ»ΓÄ»ΓÄ»ΓÄ»ΓÄ»ΓÄ»ΓÄ»ΓÄ»[10/
62]ΓÄ»[22m[39m

[41m[1m FAIL [22m[49m tests/routes/upload.vitest.js[2m [ 
tests/routes/upload.vitest.js ][22m
[31m[1mError[22m: [vitest] There was an error when mocking a module. If you 
are using "vi.mock" factory, make sure there are no top level variables 
inside, since this call is hoisted to top of the file. Read more: 
https://vitest.dev/api/vi.html#vi-mock[39m
[36m [2mΓ¥»[22m routes/upload.js:[2m2:1[22m[39m
    [90m  1| [39m[35mimport[39m express [35mfrom[39m 
[32m"express"[39m[33m;[39m
    [90m  2| [39m[35mimport[39m multer [35mfrom[39m 
[32m"multer"[39m[33m;[39m
    [90m   | [39m[31m^[39m
    [90m  3| [39m[35mimport[39m path [35mfrom[39m 
[32m"path"[39m[33m;[39m
    [90m  4| [39m[35mimport[39m { fileURLToPath } [35mfrom[39m 
[32m"url"[39m[33m;[39m

[31m[1mCaused by: ReferenceError[22m: Cannot access 'mockDiskStorage' 
before initialization[39m
[36m [2mΓ¥»[22m tests/routes/upload.vitest.js:[2m23:18[22m[39m

[31m[2mΓÄ»ΓÄ»ΓÄ»ΓÄ»ΓÄ»ΓÄ»ΓÄ»ΓÄ»ΓÄ»ΓÄ»ΓÄ»ΓÄ»ΓÄ»ΓÄ»ΓÄ»ΓÄ»ΓÄ»ΓÄ»ΓÄ»ΓÄ»ΓÄ»ΓÄ»[11/
62]ΓÄ»[22m[39m

[41m[1m FAIL [22m[49m tests/utils/reminderScheduler.vitest.js[2m [ 
tests/utils/reminderScheduler.vitest.js ][22m
[31m[1mReferenceError[22m: Cannot access 'mockSupabase' before 
initialization[39m
[36m [2mΓ¥»[22m tests/utils/reminderScheduler.vitest.js:[2m35:29[22m[39m
    [90m 33| [39m
    [90m 34| 
[39mvi[33m.[39m[34mmock[39m([32m'@supabase/supabase-js'[39m[33m,[39m 
() [33m=>[39m ({
    [90m 35| [39m  createClient[33m:[39m vi[33m.[39m[34mfn[39m(() 
[33m=>[39m mockSupabase)[33m,[39m
    [90m   | [39m                            [31m^[39m
    [90m 36| [39m}))[33m;[39m
    [90m 37| [39m
[90m [2mΓ¥»[22m utils/reminderScheduler.js:[2m11:30[22m[39m
[90m [2mΓ¥»[22m tests/utils/reminderScheduler.vitest.js:[2m7:1[22m[39m

[31m[2mΓÄ»ΓÄ»ΓÄ»ΓÄ»ΓÄ»ΓÄ»ΓÄ»ΓÄ»ΓÄ»ΓÄ»ΓÄ»ΓÄ»ΓÄ»ΓÄ»ΓÄ»ΓÄ»ΓÄ»ΓÄ»ΓÄ»ΓÄ»ΓÄ»ΓÄ»[12/
62]ΓÄ»[22m[39m

[41m[1m FAIL [22m[49m tests/utils/renderTemplate.vitest.js[2m [ 
tests/utils/renderTemplate.vitest.js ][22m
[31m[1mError[22m: [vitest] There was an error when mocking a module. If you 
are using "vi.mock" factory, make sure there are no top level variables 
inside, since this call is hoisted to top of the file. Read more: 
https://vitest.dev/api/vi.html#vi-mock[39m
[36m [2mΓ¥»[22m utils/renderTemplate.js:[2m1:1[22m[39m
    [90m  1| [39m[35mimport[39m fs [35mfrom[39m [32m"fs"[39m[33m;[39m
    [90m   | [39m[31m^[39m
    [90m  2| [39m[35mimport[39m path [35mfrom[39m 
[32m"path"[39m[33m;[39m
    [90m  3| [39m[35mimport[39m [33mHandlebars[39m [35mfrom[39m 
[32m"handlebars"[39m[33m;[39m

[31m[1mCaused by: ReferenceError[22m: Cannot access 'mockReadFileSync' 
before initialization[39m
[36m [2mΓ¥»[22m tests/utils/renderTemplate.vitest.js:[2m33:19[22m[39m

[31m[2mΓÄ»ΓÄ»ΓÄ»ΓÄ»ΓÄ»ΓÄ»ΓÄ»ΓÄ»ΓÄ»ΓÄ»ΓÄ»ΓÄ»ΓÄ»ΓÄ»ΓÄ»ΓÄ»ΓÄ»ΓÄ»ΓÄ»ΓÄ»ΓÄ»ΓÄ»[13/
62]ΓÄ»[22m[39m


[31mΓÄ»ΓÄ»ΓÄ»ΓÄ»ΓÄ»ΓÄ»[39m[1m[41m Failed Tests 49 
[49m[22m[31mΓÄ»ΓÄ»ΓÄ»ΓÄ»ΓÄ»ΓÄ»ΓÄ»[39m

[41m[1m FAIL [22m[49m tests/auth.vitest.js[2m > [22mAuth Middleware - 
Full Coverage[2m > [22mauth middleware[2m > [22mshould handle token with 
extra spaces
[31m[1mAssertionError[22m: expected 401 to be 200 // Object.is equality[39m

[32m- Expected[39m
[31m+ Received[39m

[32m- 200[39m
[31m+ 401[39m

[36m [2mΓ¥»[22m tests/auth.vitest.js:[2m132:26[22m[39m
    [90m130| [39m        
[33m.[39m[35mset[39m([32m'Authorization'[39m[33m,[39m [32m'Bearer  
valid-token-with-spaces'[39m)[33m;[39m
    [90m131| [39m
    [90m132| [39m      [34mexpect[39m(res[33m.[39mstatus)[33m.[39m[34m
toBe[39m([34m200[39m)[33m;[39m
    [90m   | [39m                         [31m^[39m
    [90m133| [39m      [34mexpect[39m(res[33m.[39mbody[33m.[39muser)[3
3m.[39m[34mtoBeDefined[39m()[33m;[39m
    [90m134| [39m    })[33m;[39m

[31m[2mΓÄ»ΓÄ»ΓÄ»ΓÄ»ΓÄ»ΓÄ»ΓÄ»ΓÄ»ΓÄ»ΓÄ»ΓÄ»ΓÄ»ΓÄ»ΓÄ»ΓÄ»ΓÄ»ΓÄ»ΓÄ»ΓÄ»ΓÄ»ΓÄ»ΓÄ»[14/
62]ΓÄ»[22m[39m

[41m[1m FAIL [22m[49m tests/routes/contacts.vitest.js[2m > [22mContacts 
Routes - Full Coverage[2m > [22mPUT /api/contacts/:id[2m > [22mshould 
return 404 if contact not found
[31m[1mAssertionError[22m: expected 403 to be 404 // Object.is equality[39m

[32m- Expected[39m
[31m+ Received[39m

[32m- 404[39m
[31m+ 403[39m

[36m [2mΓ¥»[22m tests/routes/contacts.vitest.js:[2m294:26[22m[39m
    [90m292| [39m        })[33m;[39m
    [90m293| [39m
    [90m294| [39m      [34mexpect[39m(res[33m.[39mstatus)[33m.[39m[34m
toBe[39m([34m404[39m)[33m;[39m
    [90m   | [39m                         [31m^[39m
    [90m295| [39m    })[33m;[39m
    [90m296| [39m

[31m[2mΓÄ»ΓÄ»ΓÄ»ΓÄ»ΓÄ»ΓÄ»ΓÄ»ΓÄ»ΓÄ»ΓÄ»ΓÄ»ΓÄ»ΓÄ»ΓÄ»ΓÄ»ΓÄ»ΓÄ»ΓÄ»ΓÄ»ΓÄ»ΓÄ»ΓÄ»[15/
62]ΓÄ»[22m[39m

[41m[1m FAIL [22m[49m tests/routes/contacts.vitest.js[2m > [22mContacts 
Routes - Full Coverage[2m > [22mDELETE /api/contacts/:id[2m > [22mshould 
return 404 if contact not found
[31m[1mAssertionError[22m: expected 403 to be 404 // Object.is equality[39m

[32m- Expected[39m
[31m+ Received[39m

[32m- 404[39m
[31m+ 403[39m

[36m [2mΓ¥»[22m tests/routes/contacts.vitest.js:[2m345:26[22m[39m
    [90m343| [39m        
[33m.[39m[35mset[39m([32m'Authorization'[39m[33m,[39m [32m'Bearer 
valid-token'[39m)[33m;[39m
    [90m344| [39m
    [90m345| [39m      [34mexpect[39m(res[33m.[39mstatus)[33m.[39m[34m
toBe[39m([34m404[39m)[33m;[39m
    [90m   | [39m                         [31m^[39m
    [90m346| [39m    })[33m;[39m
    [90m347| [39m

[31m[2mΓÄ»ΓÄ»ΓÄ»ΓÄ»ΓÄ»ΓÄ»ΓÄ»ΓÄ»ΓÄ»ΓÄ»ΓÄ»ΓÄ»ΓÄ»ΓÄ»ΓÄ»ΓÄ»ΓÄ»ΓÄ»ΓÄ»ΓÄ»ΓÄ»ΓÄ»[16/
62]ΓÄ»[22m[39m

[41m[1m FAIL [22m[49m tests/routes/cover_letter.vitest.js[2m > [22mCover 
Letter Routes - Full Coverage[2m > [22mGET /api/cover-letters[2m > 
[22mshould handle table not existing (42P01)
[31m[1mAssertionError[22m: expected 500 to be 200 // Object.is equality[39m

[32m- Expected[39m
[31m+ Received[39m

[32m- 200[39m
[31m+ 500[39m

[36m [2mΓ¥»[22m tests/routes/cover_letter.vitest.js:[2m125:26[22m[39m
    [90m123| [39m        
[33m.[39m[35mset[39m([32m'Authorization'[39m[33m,[39m [32m'Bearer 
valid-token'[39m)[33m;[39m
    [90m124| [39m
    [90m125| [39m      [34mexpect[39m(res[33m.[39mstatus)[33m.[39m[34m
toBe[39m([34m200[39m)[33m;[39m
    [90m   | [39m                         [31m^[39m
    [90m126| [39m      [34mexpect[39m(res[33m.[39mbody[33m.[39mcover_le
tters)[33m.[39m[34mtoEqual[39m([])[33m;[39m
    [90m127| [39m    })[33m;[39m

[31m[2mΓÄ»ΓÄ»ΓÄ»ΓÄ»ΓÄ»ΓÄ»ΓÄ»ΓÄ»ΓÄ»ΓÄ»ΓÄ»ΓÄ»ΓÄ»ΓÄ»ΓÄ»ΓÄ»ΓÄ»ΓÄ»ΓÄ»ΓÄ»ΓÄ»ΓÄ»[17/
62]ΓÄ»[22m[39m

[41m[1m FAIL [22m[49m tests/routes/cover_letter.vitest.js[2m > [22mCover 
Letter Routes - Full Coverage[2m > [22mGET /api/cover-letters[2m > 
[22mshould handle table not existing (message includes does not exist)
[31m[1mAssertionError[22m: expected 500 to be 200 // Object.is equality[39m

[32m- Expected[39m
[31m+ Received[39m

[32m- 200[39m
[31m+ 500[39m

[36m [2mΓ¥»[22m tests/routes/cover_letter.vitest.js:[2m138:26[22m[39m
    [90m136| [39m        
[33m.[39m[35mset[39m([32m'Authorization'[39m[33m,[39m [32m'Bearer 
valid-token'[39m)[33m;[39m
    [90m137| [39m
    [90m138| [39m      [34mexpect[39m(res[33m.[39mstatus)[33m.[39m[34m
toBe[39m([34m200[39m)[33m;[39m
    [90m   | [39m                         [31m^[39m
    [90m139| [39m      [34mexpect[39m(res[33m.[39mbody[33m.[39mcover_le
tters)[33m.[39m[34mtoEqual[39m([])[33m;[39m
    [90m140| [39m    })[33m;[39m

[31m[2mΓÄ»ΓÄ»ΓÄ»ΓÄ»ΓÄ»ΓÄ»ΓÄ»ΓÄ»ΓÄ»ΓÄ»ΓÄ»ΓÄ»ΓÄ»ΓÄ»ΓÄ»ΓÄ»ΓÄ»ΓÄ»ΓÄ»ΓÄ»ΓÄ»ΓÄ»[18/
62]ΓÄ»[22m[39m

[41m[1m FAIL [22m[49m tests/routes/employment.vitest.js[2m > 
[22mEmployment Routes - Full Coverage[2m > [22mPUT /api/employment/:id[2m 
> [22mshould update employment entry
[31m[1mAssertionError[22m: expected 400 to be 200 // Object.is equality[39m

[32m- Expected[39m
[31m+ Received[39m

[32m- 200[39m
[31m+ 400[39m

[36m [2mΓ¥»[22m tests/routes/employment.vitest.js:[2m297:26[22m[39m
    [90m295| [39m        })[33m;[39m
    [90m296| [39m
    [90m297| [39m      [34mexpect[39m(res[33m.[39mstatus)[33m.[39m[34m
toBe[39m([34m200[39m)[33m;[39m
    [90m   | [39m                         [31m^[39m
    [90m298| [39m      expect(res.body.message).toBe('Employment entry 
updated successfΓÇª
    [90m299| [39m    })[33m;[39m

[31m[2mΓÄ»ΓÄ»ΓÄ»ΓÄ»ΓÄ»ΓÄ»ΓÄ»ΓÄ»ΓÄ»ΓÄ»ΓÄ»ΓÄ»ΓÄ»ΓÄ»ΓÄ»ΓÄ»ΓÄ»ΓÄ»ΓÄ»ΓÄ»ΓÄ»ΓÄ»[19/
62]ΓÄ»[22m[39m

[41m[1m FAIL [22m[49m tests/routes/employment.vitest.js[2m > 
[22mEmployment Routes - Full Coverage[2m > [22mPUT /api/employment/:id[2m 
> [22mshould return 500 on database error
[31m[1mAssertionError[22m: expected 400 to be 500 // Object.is equality[39m

[32m- Expected[39m
[31m+ Received[39m

[32m- 500[39m
[31m+ 400[39m

[36m [2mΓ¥»[22m tests/routes/employment.vitest.js:[2m340:26[22m[39m
    [90m338| [39m        })[33m;[39m
    [90m339| [39m
    [90m340| [39m      [34mexpect[39m(res[33m.[39mstatus)[33m.[39m[34m
toBe[39m([34m500[39m)[33m;[39m
    [90m   | [39m                         [31m^[39m
    [90m341| [39m      expect(res.body.error).toBe('Database error while 
updating emploΓÇª
    [90m342| [39m    })[33m;[39m

[31m[2mΓÄ»ΓÄ»ΓÄ»ΓÄ»ΓÄ»ΓÄ»ΓÄ»ΓÄ»ΓÄ»ΓÄ»ΓÄ»ΓÄ»ΓÄ»ΓÄ»ΓÄ»ΓÄ»ΓÄ»ΓÄ»ΓÄ»ΓÄ»ΓÄ»ΓÄ»[20/
62]ΓÄ»[22m[39m

[41m[1m FAIL [22m[49m tests/routes/employment.vitest.js[2m > 
[22mEmployment Routes - Full Coverage[2m > [22mDELETE 
/api/employment/:id[2m > [22mshould return 404 if employment not found
[31m[1mAssertionError[22m: expected 'Employment not found' to be 
'Employment entry not found' // Object.is equality[39m

Expected: [32m"Employment [7mentry [27mnot found"[39m
Received: [31m"Employment not found"[39m

[36m [2mΓ¥»[22m tests/routes/employment.vitest.js:[2m365:30[22m[39m
    [90m363| [39m
    [90m364| [39m      [34mexpect[39m(res[33m.[39mstatus)[33m.[39m[34m
toBe[39m([34m404[39m)[33m;[39m
    [90m365| [39m      [34mexpect[39m(res[33m.[39mbody[33m.[39merror)[
33m.[39m[34mtoBe[39m([32m'Employment entry not found'[39m)[33m;[39m
    [90m   | [39m                             [31m^[39m
    [90m366| [39m    })[33m;[39m
    [90m367| [39m

[31m[2mΓÄ»ΓÄ»ΓÄ»ΓÄ»ΓÄ»ΓÄ»ΓÄ»ΓÄ»ΓÄ»ΓÄ»ΓÄ»ΓÄ»ΓÄ»ΓÄ»ΓÄ»ΓÄ»ΓÄ»ΓÄ»ΓÄ»ΓÄ»ΓÄ»ΓÄ»[21/
62]ΓÄ»[22m[39m

[41m[1m FAIL [22m[49m tests/routes/industryContacts.vitest.js[2m > 
[22mIndustry Contacts Routes - Full Coverage[2m > [22mGET 
/api/industry-contacts/companies[2m > [22mshould return companies
[31m[1mAssertionError[22m: expected false to be true // Object.is 
equality[39m

[32m- Expected[39m
[31m+ Received[39m

[32m- true[39m
[31m+ false[39m

[36m [2mΓ¥»[22m tests/routes/industryContacts.vitest.js:[2m222:39[22m[39m
    [90m220| [39m
    [90m221| [39m      [34mexpect[39m(res[33m.[39mstatus)[33m.[39m[34m
toBe[39m([34m200[39m)[33m;[39m
    [90m222| [39m      [34mexpect[39m([33mArray[39m[33m.[39m[34misArra
y[39m(res[33m.[39mbody))[33m.[39m[34mtoBe[39m([35mtrue[39m)[33m;[39m
    [90m   | [39m                                      [31m^[39m
    [90m223| [39m    })[33m;[39m
    [90m224| [39m  })[33m;[39m

[31m[2mΓÄ»ΓÄ»ΓÄ»ΓÄ»ΓÄ»ΓÄ»ΓÄ»ΓÄ»ΓÄ»ΓÄ»ΓÄ»ΓÄ»ΓÄ»ΓÄ»ΓÄ»ΓÄ»ΓÄ»ΓÄ»ΓÄ»ΓÄ»ΓÄ»ΓÄ»[22/
62]ΓÄ»[22m[39m

[41m[1m FAIL [22m[49m tests/routes/industryContacts.vitest.js[2m > 
[22mIndustry Contacts Routes - Full Coverage[2m > [22mPUT 
/api/industry-contacts/connection-paths/:id[2m > [22mshould update 
connection path
[31m[1mAssertionError[22m: expected 500 to be 200 // Object.is equality[39m

[32m- Expected[39m
[31m+ Received[39m

[32m- 200[39m
[31m+ 500[39m

[36m [2mΓ¥»[22m tests/routes/industryContacts.vitest.js:[2m303:26[22m[39m
    [90m301| [39m        })[33m;[39m
    [90m302| [39m
    [90m303| [39m      [34mexpect[39m(res[33m.[39mstatus)[33m.[39m[34m
toBe[39m([34m200[39m)[33m;[39m
    [90m   | [39m                         [31m^[39m
    [90m304| [39m    })[33m;[39m
    [90m305| [39m  })[33m;[39m

[31m[2mΓÄ»ΓÄ»ΓÄ»ΓÄ»ΓÄ»ΓÄ»ΓÄ»ΓÄ»ΓÄ»ΓÄ»ΓÄ»ΓÄ»ΓÄ»ΓÄ»ΓÄ»ΓÄ»ΓÄ»ΓÄ»ΓÄ»ΓÄ»ΓÄ»ΓÄ»[23/
62]ΓÄ»[22m[39m

[41m[1m FAIL [22m[49m tests/routes/industryContacts.vitest.js[2m > 
[22mIndustry Contacts Routes - Full Coverage[2m > [22mDELETE 
/api/industry-contacts/suggestions/:id[2m > [22mshould delete suggestion
[31m[1mAssertionError[22m: expected 500 to be 200 // Object.is equality[39m

[32m- Expected[39m
[31m+ Received[39m

[32m- 200[39m
[31m+ 500[39m

[36m [2mΓ¥»[22m tests/routes/industryContacts.vitest.js:[2m460:26[22m[39m
    [90m458| [39m        
[33m.[39m[35mset[39m([32m'Authorization'[39m[33m,[39m [32m'Bearer 
valid-token'[39m)[33m;[39m
    [90m459| [39m
    [90m460| [39m      [34mexpect[39m(res[33m.[39mstatus)[33m.[39m[34m
toBe[39m([34m200[39m)[33m;[39m
    [90m   | [39m                         [31m^[39m
    [90m461| [39m    })[33m;[39m
    [90m462| [39m  })[33m;[39m

[31m[2mΓÄ»ΓÄ»ΓÄ»ΓÄ»ΓÄ»ΓÄ»ΓÄ»ΓÄ»ΓÄ»ΓÄ»ΓÄ»ΓÄ»ΓÄ»ΓÄ»ΓÄ»ΓÄ»ΓÄ»ΓÄ»ΓÄ»ΓÄ»ΓÄ»ΓÄ»[24/
62]ΓÄ»[22m[39m

[41m[1m FAIL [22m[49m tests/routes/industryContacts.vitest.js[2m > 
[22mIndustry Contacts Routes - Full Coverage[2m > [22mDELETE 
/api/industry-contacts/alumni/:id[2m > [22mshould delete alumni
[31m[1mAssertionError[22m: expected 500 to be 200 // Object.is equality[39m

[32m- Expected[39m
[31m+ Received[39m

[32m- 200[39m
[31m+ 500[39m

[36m [2mΓ¥»[22m tests/routes/industryContacts.vitest.js:[2m481:26[22m[39m
    [90m479| [39m        
[33m.[39m[35mset[39m([32m'Authorization'[39m[33m,[39m [32m'Bearer 
valid-token'[39m)[33m;[39m
    [90m480| [39m
    [90m481| [39m      [34mexpect[39m(res[33m.[39mstatus)[33m.[39m[34m
toBe[39m([34m200[39m)[33m;[39m
    [90m   | [39m                         [31m^[39m
    [90m482| [39m    })[33m;[39m
    [90m483| [39m  })[33m;[39m

[31m[2mΓÄ»ΓÄ»ΓÄ»ΓÄ»ΓÄ»ΓÄ»ΓÄ»ΓÄ»ΓÄ»ΓÄ»ΓÄ»ΓÄ»ΓÄ»ΓÄ»ΓÄ»ΓÄ»ΓÄ»ΓÄ»ΓÄ»ΓÄ»ΓÄ»ΓÄ»[25/
62]ΓÄ»[22m[39m

[41m[1m FAIL [22m[49m tests/routes/industryContacts.vitest.js[2m > 
[22mIndustry Contacts Routes - Full Coverage[2m > [22mDELETE 
/api/industry-contacts/event-participants/:id[2m > [22mshould delete event 
participant
[31m[1mAssertionError[22m: expected 500 to be 200 // Object.is equality[39m

[32m- Expected[39m
[31m+ Received[39m

[32m- 200[39m
[31m+ 500[39m

[36m [2mΓ¥»[22m tests/routes/industryContacts.vitest.js:[2m502:26[22m[39m
    [90m500| [39m        
[33m.[39m[35mset[39m([32m'Authorization'[39m[33m,[39m [32m'Bearer 
valid-token'[39m)[33m;[39m
    [90m501| [39m
    [90m502| [39m      [34mexpect[39m(res[33m.[39mstatus)[33m.[39m[34m
toBe[39m([34m200[39m)[33m;[39m
    [90m   | [39m                         [31m^[39m
    [90m503| [39m    })[33m;[39m
    [90m504| [39m  })[33m;[39m

[31m[2mΓÄ»ΓÄ»ΓÄ»ΓÄ»ΓÄ»ΓÄ»ΓÄ»ΓÄ»ΓÄ»ΓÄ»ΓÄ»ΓÄ»ΓÄ»ΓÄ»ΓÄ»ΓÄ»ΓÄ»ΓÄ»ΓÄ»ΓÄ»ΓÄ»ΓÄ»[26/
62]ΓÄ»[22m[39m

[41m[1m FAIL [22m[49m tests/routes/industryContacts.vitest.js[2m > 
[22mIndustry Contacts Routes - Full Coverage[2m > [22mPUT 
/api/industry-contacts/discovery-outreach/:type/:id[2m > [22mshould update 
outreach for event participant
[31m[1mAssertionError[22m: expected 400 to be 200 // Object.is equality[39m

[32m- Expected[39m
[31m+ Received[39m

[32m- 200[39m
[31m+ 400[39m

[36m [2mΓ¥»[22m tests/routes/industryContacts.vitest.js:[2m531:26[22m[39m
    [90m529| [39m        [33m.[39m[34msend[39m({ 
outreach_date[33m:[39m [32m'2024-01-01'[39m })[33m;[39m
    [90m530| [39m
    [90m531| [39m      [34mexpect[39m(res[33m.[39mstatus)[33m.[39m[34m
toBe[39m([34m200[39m)[33m;[39m
    [90m   | [39m                         [31m^[39m
    [90m532| [39m    })[33m;[39m
    [90m533| [39m

[31m[2mΓÄ»ΓÄ»ΓÄ»ΓÄ»ΓÄ»ΓÄ»ΓÄ»ΓÄ»ΓÄ»ΓÄ»ΓÄ»ΓÄ»ΓÄ»ΓÄ»ΓÄ»ΓÄ»ΓÄ»ΓÄ»ΓÄ»ΓÄ»ΓÄ»ΓÄ»[27/
62]ΓÄ»[22m[39m

[41m[1m FAIL [22m[49m tests/routes/industryContacts.vitest.js[2m > 
[22mIndustry Contacts Routes - Full Coverage[2m > [22mPOST 
/api/industry-contacts/reminders[2m > [22mshould create reminder
[31m[1mAssertionError[22m: expected 400 to be 201 // Object.is equality[39m

[32m- Expected[39m
[31m+ Received[39m

[32m- 201[39m
[31m+ 400[39m

[36m [2mΓ¥»[22m tests/routes/industryContacts.vitest.js:[2m555:26[22m[39m
    [90m553| [39m        })[33m;[39m
    [90m554| [39m
    [90m555| [39m      [34mexpect[39m(res[33m.[39mstatus)[33m.[39m[34m
toBe[39m([34m201[39m)[33m;[39m
    [90m   | [39m                         [31m^[39m
    [90m556| [39m    })[33m;[39m
    [90m557| [39m

[31m[2mΓÄ»ΓÄ»ΓÄ»ΓÄ»ΓÄ»ΓÄ»ΓÄ»ΓÄ»ΓÄ»ΓÄ»ΓÄ»ΓÄ»ΓÄ»ΓÄ»ΓÄ»ΓÄ»ΓÄ»ΓÄ»ΓÄ»ΓÄ»ΓÄ»ΓÄ»[28/
62]ΓÄ»[22m[39m

[41m[1m FAIL [22m[49m tests/routes/industryContacts.vitest.js[2m > 
[22mIndustry Contacts Routes - Full Coverage[2m > [22mPOST 
/api/industry-contacts/recurring-check-ins[2m > [22mshould create recurring 
check-in
[31m[1mAssertionError[22m: expected 400 to be 201 // Object.is equality[39m

[32m- Expected[39m
[31m+ Received[39m

[32m- 201[39m
[31m+ 400[39m

[36m [2mΓ¥»[22m tests/routes/industryContacts.vitest.js:[2m600:26[22m[39m
    [90m598| [39m        })[33m;[39m
    [90m599| [39m
    [90m600| [39m      [34mexpect[39m(res[33m.[39mstatus)[33m.[39m[34m
toBe[39m([34m201[39m)[33m;[39m
    [90m   | [39m                         [31m^[39m
    [90m601| [39m    })[33m;[39m
    [90m602| [39m

[31m[2mΓÄ»ΓÄ»ΓÄ»ΓÄ»ΓÄ»ΓÄ»ΓÄ»ΓÄ»ΓÄ»ΓÄ»ΓÄ»ΓÄ»ΓÄ»ΓÄ»ΓÄ»ΓÄ»ΓÄ»ΓÄ»ΓÄ»ΓÄ»ΓÄ»ΓÄ»[29/
62]ΓÄ»[22m[39m

[41m[1m FAIL [22m[49m tests/routes/industryContacts.vitest.js[2m > 
[22mIndustry Contacts Routes - Full Coverage[2m > [22mPOST 
/api/industry-contacts/generate-periodic-reminders[2m > [22mshould generate 
periodic reminders
[31m[1mAssertionError[22m: expected 500 to be 200 // Object.is equality[39m

[32m- Expected[39m
[31m+ Received[39m

[32m- 200[39m
[31m+ 500[39m

[36m [2mΓ¥»[22m tests/routes/industryContacts.vitest.js:[2m631:26[22m[39m
    [90m629| [39m        
[33m.[39m[35mset[39m([32m'Authorization'[39m[33m,[39m [32m'Bearer 
valid-token'[39m)[33m;[39m
    [90m630| [39m
    [90m631| [39m      [34mexpect[39m(res[33m.[39mstatus)[33m.[39m[34m
toBe[39m([34m200[39m)[33m;[39m
    [90m   | [39m                         [31m^[39m
    [90m632| [39m    })[33m;[39m
    [90m633| [39m  })[33m;[39m

[31m[2mΓÄ»ΓÄ»ΓÄ»ΓÄ»ΓÄ»ΓÄ»ΓÄ»ΓÄ»ΓÄ»ΓÄ»ΓÄ»ΓÄ»ΓÄ»ΓÄ»ΓÄ»ΓÄ»ΓÄ»ΓÄ»ΓÄ»ΓÄ»ΓÄ»ΓÄ»[30/
62]ΓÄ»[22m[39m

[41m[1m FAIL [22m[49m tests/routes/industryContacts.vitest.js[2m > 
[22mIndustry Contacts Routes - Full Coverage[2m > [22mGET 
/api/industry-contacts/all-outreach[2m > [22mshould return all outreach
[31m[1mAssertionError[22m: expected 500 to be 200 // Object.is equality[39m

[32m- Expected[39m
[31m+ Received[39m

[32m- 200[39m
[31m+ 500[39m

[36m [2mΓ¥»[22m tests/routes/industryContacts.vitest.js:[2m661:26[22m[39m
    [90m659| [39m        
[33m.[39m[35mset[39m([32m'Authorization'[39m[33m,[39m [32m'Bearer 
valid-token'[39m)[33m;[39m
    [90m660| [39m
    [90m661| [39m      [34mexpect[39m(res[33m.[39mstatus)[33m.[39m[34m
toBe[39m([34m200[39m)[33m;[39m
    [90m   | [39m                         [31m^[39m
    [90m662| [39m    })[33m;[39m
    [90m663| [39m  })[33m;[39m

[31m[2mΓÄ»ΓÄ»ΓÄ»ΓÄ»ΓÄ»ΓÄ»ΓÄ»ΓÄ»ΓÄ»ΓÄ»ΓÄ»ΓÄ»ΓÄ»ΓÄ»ΓÄ»ΓÄ»ΓÄ»ΓÄ»ΓÄ»ΓÄ»ΓÄ»ΓÄ»[31/
62]ΓÄ»[22m[39m

[41m[1m FAIL [22m[49m tests/routes/informationalInterviews.vitest.js[2m > 
[22mInformational Interviews Routes - Full Coverage[2m > [22mPUT 
/api/informational-interviews/candidates/:id[2m > [22mshould return 500 if 
candidate not found (empty data array)
[31m[1mAssertionError[22m: expected 200 to be 500 // Object.is equality[39m

[32m- Expected[39m
[31m+ Received[39m

[32m- 500[39m
[31m+ 200[39m

[36m [2mΓ¥»[22m 
tests/routes/informationalInterviews.vitest.js:[2m300:26[22m[39m
    [90m298| [39m
    [90m299| [39m      [90m// The route returns 500 when data[0] is 
undefined[39m
    [90m300| [39m      [34mexpect[39m(res[33m.[39mstatus)[33m.[39m[34m
toBe[39m([34m500[39m)[33m;[39m
    [90m   | [39m                         [31m^[39m
    [90m301| [39m    })[33m;[39m
    [90m302| [39m  })[33m;[39m

[31m[2mΓÄ»ΓÄ»ΓÄ»ΓÄ»ΓÄ»ΓÄ»ΓÄ»ΓÄ»ΓÄ»ΓÄ»ΓÄ»ΓÄ»ΓÄ»ΓÄ»ΓÄ»ΓÄ»ΓÄ»ΓÄ»ΓÄ»ΓÄ»ΓÄ»ΓÄ»[32/
62]ΓÄ»[22m[39m

[41m[1m FAIL [22m[49m tests/routes/informationalInterviews.vitest.js[2m > 
[22mInformational Interviews Routes - Full Coverage[2m > [22mGET 
/api/informational-interviews/interviews/:id[2m > [22mshould return single 
interview
[31m[1mAssertionError[22m: expected 500 to be 200 // Object.is equality[39m

[32m- Expected[39m
[31m+ Received[39m

[32m- 200[39m
[31m+ 500[39m

[36m [2mΓ¥»[22m 
tests/routes/informationalInterviews.vitest.js:[2m367:26[22m[39m
    [90m365| [39m        
[33m.[39m[35mset[39m([32m'Authorization'[39m[33m,[39m [32m'Bearer 
valid-token'[39m)[33m;[39m
    [90m366| [39m
    [90m367| [39m      [34mexpect[39m(res[33m.[39mstatus)[33m.[39m[34m
toBe[39m([34m200[39m)[33m;[39m
    [90m   | [39m                         [31m^[39m
    [90m368| [39m      [34mexpect[39m(res[33m.[39mbody[33m.[39mdata)[3
3m.[39m[34mtoEqual[39m(mockInterview)[33m;[39m
    [90m369| [39m    })[33m;[39m

[31m[2mΓÄ»ΓÄ»ΓÄ»ΓÄ»ΓÄ»ΓÄ»ΓÄ»ΓÄ»ΓÄ»ΓÄ»ΓÄ»ΓÄ»ΓÄ»ΓÄ»ΓÄ»ΓÄ»ΓÄ»ΓÄ»ΓÄ»ΓÄ»ΓÄ»ΓÄ»[33/
62]ΓÄ»[22m[39m

[41m[1m FAIL [22m[49m tests/routes/informationalInterviews.vitest.js[2m > 
[22mInformational Interviews Routes - Full Coverage[2m > [22mGET 
/api/informational-interviews/preparation/:interviewId[2m > [22mshould 
return preparation for interview
[31m[1mAssertionError[22m: expected 500 to be 200 // Object.is equality[39m

[32m- Expected[39m
[31m+ Received[39m

[32m- 200[39m
[31m+ 500[39m

[36m [2mΓ¥»[22m 
tests/routes/informationalInterviews.vitest.js:[2m410:26[22m[39m
    [90m408| [39m        
[33m.[39m[35mset[39m([32m'Authorization'[39m[33m,[39m [32m'Bearer 
valid-token'[39m)[33m;[39m
    [90m409| [39m
    [90m410| [39m      [34mexpect[39m(res[33m.[39mstatus)[33m.[39m[34m
toBe[39m([34m200[39m)[33m;[39m
    [90m   | [39m                         [31m^[39m
    [90m411| [39m    })[33m;[39m
    [90m412| [39m  })[33m;[39m

[31m[2mΓÄ»ΓÄ»ΓÄ»ΓÄ»ΓÄ»ΓÄ»ΓÄ»ΓÄ»ΓÄ»ΓÄ»ΓÄ»ΓÄ»ΓÄ»ΓÄ»ΓÄ»ΓÄ»ΓÄ»ΓÄ»ΓÄ»ΓÄ»ΓÄ»ΓÄ»[34/
62]ΓÄ»[22m[39m

[41m[1m FAIL [22m[49m tests/routes/informationalInterviews.vitest.js[2m > 
[22mInformational Interviews Routes - Full Coverage[2m > [22mGET 
/api/informational-interviews/insights/:interviewId[2m > [22mshould return 
insights for interview
[31m[1mAssertionError[22m: expected 500 to be 200 // Object.is equality[39m

[32m- Expected[39m
[31m+ Received[39m

[32m- 200[39m
[31m+ 500[39m

[36m [2mΓ¥»[22m 
tests/routes/informationalInterviews.vitest.js:[2m558:26[22m[39m
    [90m556| [39m        
[33m.[39m[35mset[39m([32m'Authorization'[39m[33m,[39m [32m'Bearer 
valid-token'[39m)[33m;[39m
    [90m557| [39m
    [90m558| [39m      [34mexpect[39m(res[33m.[39mstatus)[33m.[39m[34m
toBe[39m([34m200[39m)[33m;[39m
    [90m   | [39m                         [31m^[39m
    [90m559| [39m    })[33m;[39m
    [90m560| [39m  })[33m;[39m

[31m[2mΓÄ»ΓÄ»ΓÄ»ΓÄ»ΓÄ»ΓÄ»ΓÄ»ΓÄ»ΓÄ»ΓÄ»ΓÄ»ΓÄ»ΓÄ»ΓÄ»ΓÄ»ΓÄ»ΓÄ»ΓÄ»ΓÄ»ΓÄ»ΓÄ»ΓÄ»[35/
62]ΓÄ»[22m[39m

[41m[1m FAIL [22m[49m tests/routes/informationalInterviews.vitest.js[2m > 
[22mInformational Interviews Routes - Full Coverage[2m > [22mDELETE 
/api/informational-interviews/insights/:id[2m > [22mshould delete insight
[31m[1mAssertionError[22m: expected 500 to be 200 // Object.is equality[39m

[32m- Expected[39m
[31m+ Received[39m

[32m- 200[39m
[31m+ 500[39m

[36m [2mΓ¥»[22m 
tests/routes/informationalInterviews.vitest.js:[2m627:26[22m[39m
    [90m625| [39m        
[33m.[39m[35mset[39m([32m'Authorization'[39m[33m,[39m [32m'Bearer 
valid-token'[39m)[33m;[39m
    [90m626| [39m
    [90m627| [39m      [34mexpect[39m(res[33m.[39mstatus)[33m.[39m[34m
toBe[39m([34m200[39m)[33m;[39m
    [90m   | [39m                         [31m^[39m
    [90m628| [39m    })[33m;[39m
    [90m629| [39m  })[33m;[39m

[31m[2mΓÄ»ΓÄ»ΓÄ»ΓÄ»ΓÄ»ΓÄ»ΓÄ»ΓÄ»ΓÄ»ΓÄ»ΓÄ»ΓÄ»ΓÄ»ΓÄ»ΓÄ»ΓÄ»ΓÄ»ΓÄ»ΓÄ»ΓÄ»ΓÄ»ΓÄ»[36/
62]ΓÄ»[22m[39m

[41m[1m FAIL [22m[49m tests/routes/job.vitest.js[2m > [22mJob Routes - 
Full Coverage[2m > [22mPOST /api/jobs[2m > [22mshould handle template 
conversion error
[31m[1mAssertionError[22m: expected 500 to be 201 // Object.is equality[39m

[32m- Expected[39m
[31m+ Received[39m

[32m- 201[39m
[31m+ 500[39m

[36m [2mΓ¥»[22m tests/routes/job.vitest.js:[2m272:26[22m[39m
    [90m270| [39m        })[33m;[39m
    [90m271| [39m
    [90m272| [39m      [34mexpect[39m(res[33m.[39mstatus)[33m.[39m[34m
toBe[39m([34m201[39m)[33m;[39m
    [90m   | [39m                         [31m^[39m
    [90m273| [39m    })[33m;[39m
    [90m274| [39m

[31m[2mΓÄ»ΓÄ»ΓÄ»ΓÄ»ΓÄ»ΓÄ»ΓÄ»ΓÄ»ΓÄ»ΓÄ»ΓÄ»ΓÄ»ΓÄ»ΓÄ»ΓÄ»ΓÄ»ΓÄ»ΓÄ»ΓÄ»ΓÄ»ΓÄ»ΓÄ»[37/
62]ΓÄ»[22m[39m

[41m[1m FAIL [22m[49m tests/routes/job.vitest.js[2m > [22mJob Routes - 
Full Coverage[2m > [22mPUT /api/jobs/:id[2m > [22mshould handle status 
update without offerDate
[31m[1mAssertionError[22m: expected 404 to be 200 // Object.is equality[39m

[32m- Expected[39m
[31m+ Received[39m

[32m- 200[39m
[31m+ 404[39m

[36m [2mΓ¥»[22m tests/routes/job.vitest.js:[2m861:26[22m[39m
    [90m859| [39m        })[33m;[39m
    [90m860| [39m
    [90m861| [39m      [34mexpect[39m(res[33m.[39mstatus)[33m.[39m[34m
toBe[39m([34m200[39m)[33m;[39m
    [90m   | [39m                         [31m^[39m
    [90m862| [39m    })[33m;[39m
    [90m863| [39m

[31m[2mΓÄ»ΓÄ»ΓÄ»ΓÄ»ΓÄ»ΓÄ»ΓÄ»ΓÄ»ΓÄ»ΓÄ»ΓÄ»ΓÄ»ΓÄ»ΓÄ»ΓÄ»ΓÄ»ΓÄ»ΓÄ»ΓÄ»ΓÄ»ΓÄ»ΓÄ»[38/
62]ΓÄ»[22m[39m

[41m[1m FAIL [22m[49m tests/routes/job.vitest.js[2m > [22mJob Routes - 
Full Coverage[2m > [22mPUT /api/jobs/:id[2m > [22mshould handle status 
update with existing offerDate
[31m[1mAssertionError[22m: expected 404 to be 200 // Object.is equality[39m

[32m- Expected[39m
[31m+ Received[39m

[32m- 200[39m
[31m+ 404[39m

[36m [2mΓ¥»[22m tests/routes/job.vitest.js:[2m878:26[22m[39m
    [90m876| [39m        })[33m;[39m
    [90m877| [39m
    [90m878| [39m      [34mexpect[39m(res[33m.[39mstatus)[33m.[39m[34m
toBe[39m([34m200[39m)[33m;[39m
    [90m   | [39m                         [31m^[39m
    [90m879| [39m    })[33m;[39m
    [90m880| [39m

[31m[2mΓÄ»ΓÄ»ΓÄ»ΓÄ»ΓÄ»ΓÄ»ΓÄ»ΓÄ»ΓÄ»ΓÄ»ΓÄ»ΓÄ»ΓÄ»ΓÄ»ΓÄ»ΓÄ»ΓÄ»ΓÄ»ΓÄ»ΓÄ»ΓÄ»ΓÄ»[39/
62]ΓÄ»[22m[39m

[41m[1m FAIL [22m[49m tests/routes/job.vitest.js[2m > [22mJob Routes - 
Full Coverage[2m > [22mPUT /api/jobs/:id[2m > [22mshould handle materials 
history when only resume_id updated
[31m[1mAssertionError[22m: expected 400 to be 200 // Object.is equality[39m

[32m- Expected[39m
[31m+ Received[39m

[32m- 200[39m
[31m+ 400[39m

[36m [2mΓ¥»[22m tests/routes/job.vitest.js:[2m894:26[22m[39m
    [90m892| [39m        })[33m;[39m
    [90m893| [39m
    [90m894| [39m      [34mexpect[39m(res[33m.[39mstatus)[33m.[39m[34m
toBe[39m([34m200[39m)[33m;[39m
    [90m   | [39m                         [31m^[39m
    [90m895| [39m    })[33m;[39m
    [90m896| [39m

[31m[2mΓÄ»ΓÄ»ΓÄ»ΓÄ»ΓÄ»ΓÄ»ΓÄ»ΓÄ»ΓÄ»ΓÄ»ΓÄ»ΓÄ»ΓÄ»ΓÄ»ΓÄ»ΓÄ»ΓÄ»ΓÄ»ΓÄ»ΓÄ»ΓÄ»ΓÄ»[40/
62]ΓÄ»[22m[39m

[41m[1m FAIL [22m[49m tests/routes/job.vitest.js[2m > [22mJob Routes - 
Full Coverage[2m > [22mPUT /api/jobs/:id[2m > [22mshould handle materials 
history when only cover_letter_id updated
[31m[1mAssertionError[22m: expected 400 to be 200 // Object.is equality[39m

[32m- Expected[39m
[31m+ Received[39m

[32m- 200[39m
[31m+ 400[39m

[36m [2mΓ¥»[22m tests/routes/job.vitest.js:[2m910:26[22m[39m
    [90m908| [39m        })[33m;[39m
    [90m909| [39m
    [90m910| [39m      [34mexpect[39m(res[33m.[39mstatus)[33m.[39m[34m
toBe[39m([34m200[39m)[33m;[39m
    [90m   | [39m                         [31m^[39m
    [90m911| [39m    })[33m;[39m
    [90m912| [39m

[31m[2mΓÄ»ΓÄ»ΓÄ»ΓÄ»ΓÄ»ΓÄ»ΓÄ»ΓÄ»ΓÄ»ΓÄ»ΓÄ»ΓÄ»ΓÄ»ΓÄ»ΓÄ»ΓÄ»ΓÄ»ΓÄ»ΓÄ»ΓÄ»ΓÄ»ΓÄ»[41/
62]ΓÄ»[22m[39m

[41m[1m FAIL [22m[49m tests/routes/job.vitest.js[2m > [22mJob Routes - 
Full Coverage[2m > [22mPUT /api/jobs/:id[2m > [22mshould record materials 
history when resume or cover letter updated
[31m[1mAssertionError[22m: expected 400 to be 200 // Object.is equality[39m

[32m- Expected[39m
[31m+ Received[39m

[32m- 200[39m
[31m+ 400[39m

[36m [2mΓ¥»[22m tests/routes/job.vitest.js:[2m927:26[22m[39m
    [90m925| [39m        })[33m;[39m
    [90m926| [39m
    [90m927| [39m      [34mexpect[39m(res[33m.[39mstatus)[33m.[39m[34m
toBe[39m([34m200[39m)[33m;[39m
    [90m   | [39m                         [31m^[39m
    [90m928| [39m    })[33m;[39m
    [90m929| [39m

[31m[2mΓÄ»ΓÄ»ΓÄ»ΓÄ»ΓÄ»ΓÄ»ΓÄ»ΓÄ»ΓÄ»ΓÄ»ΓÄ»ΓÄ»ΓÄ»ΓÄ»ΓÄ»ΓÄ»ΓÄ»ΓÄ»ΓÄ»ΓÄ»ΓÄ»ΓÄ»[42/
62]ΓÄ»[22m[39m

[41m[1m FAIL [22m[49m tests/routes/job.vitest.js[2m > [22mJob Routes - 
Full Coverage[2m > [22mPUT /api/jobs/:id[2m > [22mshould set offerDate 
when status becomes Offer
[31m[1mAssertionError[22m: expected 404 to be 200 // Object.is equality[39m

[32m- Expected[39m
[31m+ Received[39m

[32m- 200[39m
[31m+ 404[39m

[36m [2mΓ¥»[22m tests/routes/job.vitest.js:[2m943:26[22m[39m
    [90m941| [39m        })[33m;[39m
    [90m942| [39m
    [90m943| [39m      [34mexpect[39m(res[33m.[39mstatus)[33m.[39m[34m
toBe[39m([34m200[39m)[33m;[39m
    [90m   | [39m                         [31m^[39m
    [90m944| [39m    })[33m;[39m
    [90m945| [39m

[31m[2mΓÄ»ΓÄ»ΓÄ»ΓÄ»ΓÄ»ΓÄ»ΓÄ»ΓÄ»ΓÄ»ΓÄ»ΓÄ»ΓÄ»ΓÄ»ΓÄ»ΓÄ»ΓÄ»ΓÄ»ΓÄ»ΓÄ»ΓÄ»ΓÄ»ΓÄ»[43/
62]ΓÄ»[22m[39m

[41m[1m FAIL [22m[49m tests/routes/job.vitest.js[2m > [22mJob Routes - 
Full Coverage[2m > [22mPUT /api/jobs/:id/status[2m > [22mshould update 
status to Interview
[31m[1mAssertionError[22m: expected 404 to be 200 // Object.is equality[39m

[32m- Expected[39m
[31m+ Received[39m

[32m- 200[39m
[31m+ 404[39m

[36m [2mΓ¥»[22m tests/routes/job.vitest.js:[2m999:26[22m[39m
    [90m997| [39m        })[33m;[39m
    [90m998| [39m
    [90m999| [39m      [34mexpect[39m(res[33m.[39mstatus)[33m.[39m[34m
toBe[39m([34m200[39m)[33m;[39m
    [90m   | [39m                         [31m^[39m
    [90m1000| [39m      [34mexpect[39m(res[33m.[39mbody[33m.[39mjob[33
m.[39mstatus)[33m.[39m[34mtoBe[39m([32m'Interview'[39m)[33m;[39m
    [90m1001| [39m    })[33m;[39m

[31m[2mΓÄ»ΓÄ»ΓÄ»ΓÄ»ΓÄ»ΓÄ»ΓÄ»ΓÄ»ΓÄ»ΓÄ»ΓÄ»ΓÄ»ΓÄ»ΓÄ»ΓÄ»ΓÄ»ΓÄ»ΓÄ»ΓÄ»ΓÄ»ΓÄ»ΓÄ»[44/
62]ΓÄ»[22m[39m

[41m[1m FAIL [22m[49m tests/routes/job.vitest.js[2m > [22mJob Routes - 
Full Coverage[2m > [22mPUT /api/jobs/:id/status[2m > [22mshould update 
status to other statuses
[31m[1mAssertionError[22m: expected 404 to be 200 // Object.is equality[39m

[32m- Expected[39m
[31m+ Received[39m

[32m- 200[39m
[31m+ 404[39m

[36m [2mΓ¥»[22m tests/routes/job.vitest.js:[2m1016:26[22m[39m
    [90m1014| [39m        })[33m;[39m
    [90m1015| [39m
    [90m1016| [39m      [34mexpect[39m(res[33m.[39mstatus)[33m.[39m[34
mtoBe[39m([34m200[39m)[33m;[39m
    [90m   | [39m                         [31m^[39m
    [90m1017| [39m    })[33m;[39m
    [90m1018| [39m

[31m[2mΓÄ»ΓÄ»ΓÄ»ΓÄ»ΓÄ»ΓÄ»ΓÄ»ΓÄ»ΓÄ»ΓÄ»ΓÄ»ΓÄ»ΓÄ»ΓÄ»ΓÄ»ΓÄ»ΓÄ»ΓÄ»ΓÄ»ΓÄ»ΓÄ»ΓÄ»[45/
62]ΓÄ»[22m[39m

[41m[1m FAIL [22m[49m tests/routes/job.vitest.js[2m > [22mJob Routes - 
Full Coverage[2m > [22mPUT /api/jobs/:id/status[2m > [22mshould update 
status to Offer
[31m[1mAssertionError[22m: expected 404 to be 200 // Object.is equality[39m

[32m- Expected[39m
[31m+ Received[39m

[32m- 200[39m
[31m+ 404[39m

[36m [2mΓ¥»[22m tests/routes/job.vitest.js:[2m1032:26[22m[39m
    [90m1030| [39m        })[33m;[39m
    [90m1031| [39m
    [90m1032| [39m      [34mexpect[39m(res[33m.[39mstatus)[33m.[39m[34
mtoBe[39m([34m200[39m)[33m;[39m
    [90m   | [39m                         [31m^[39m
    [90m1033| [39m      [34mexpect[39m(res[33m.[39mbody[33m.[39mjob[33
m.[39mstatus)[33m.[39m[34mtoBe[39m([32m'Offer'[39m)[33m;[39m
    [90m1034| [39m    })[33m;[39m

[31m[2mΓÄ»ΓÄ»ΓÄ»ΓÄ»ΓÄ»ΓÄ»ΓÄ»ΓÄ»ΓÄ»ΓÄ»ΓÄ»ΓÄ»ΓÄ»ΓÄ»ΓÄ»ΓÄ»ΓÄ»ΓÄ»ΓÄ»ΓÄ»ΓÄ»ΓÄ»[46/
62]ΓÄ»[22m[39m

[41m[1m FAIL [22m[49m tests/routes/job.vitest.js[2m > [22mJob Routes - 
Full Coverage[2m > [22mGET /api/jobs/:id/materials-history[2m > [22mshould 
return materials history
[31m[1mAssertionError[22m: expected [] to deeply equal [ { id: 1, ΓÇª(3) } 
][39m

[32m- Expected[39m
[31m+ Received[39m

[32m- [[39m
[32m-   {[39m
[32m-     "action": "initial_set",[39m
[32m-     "cover_letter_id": 1,[39m
[32m-     "id": 1,[39m
[32m-     "resume_id": 1,[39m
[32m-   },[39m
[32m- ][39m
[31m+ [][39m

[36m [2mΓ¥»[22m tests/routes/job.vitest.js:[2m1395:32[22m[39m
    [90m1393| [39m
    [90m1394| [39m      [34mexpect[39m(res[33m.[39mstatus)[33m.[39m[34
mtoBe[39m([34m200[39m)[33m;[39m
    [90m1395| [39m      [34mexpect[39m(res[33m.[39mbody[33m.[39mhistory
)[33m.[39m[34mtoEqual[39m(mockHistory)[33m;[39m
    [90m   | [39m                               [31m^[39m
    [90m1396| [39m    })[33m;[39m
    [90m1397| [39m

[31m[2mΓÄ»ΓÄ»ΓÄ»ΓÄ»ΓÄ»ΓÄ»ΓÄ»ΓÄ»ΓÄ»ΓÄ»ΓÄ»ΓÄ»ΓÄ»ΓÄ»ΓÄ»ΓÄ»ΓÄ»ΓÄ»ΓÄ»ΓÄ»ΓÄ»ΓÄ»[47/
62]ΓÄ»[22m[39m

[41m[1m FAIL [22m[49m tests/routes/job.vitest.js[2m > [22mJob Routes - 
Full Coverage[2m > [22mGET /api/jobs/:id/materials-history[2m > [22mshould 
handle column missing error (42703) with simplified query
[31m[1mAssertionError[22m: expected [] to deeply equal [ { id: 1, action: 
'initial_set' } ][39m

[32m- Expected[39m
[31m+ Received[39m

[32m- [[39m
[32m-   {[39m
[32m-     "action": "initial_set",[39m
[32m-     "id": 1,[39m
[32m-   },[39m
[32m- ][39m
[31m+ [][39m

[36m [2mΓ¥»[22m tests/routes/job.vitest.js:[2m1467:32[22m[39m
    [90m1465| [39m
    [90m1466| [39m      [34mexpect[39m(res[33m.[39mstatus)[33m.[39m[34
mtoBe[39m([34m200[39m)[33m;[39m
    [90m1467| [39m      [34mexpect[39m(res[33m.[39mbody[33m.[39mhistory
)[33m.[39m[34mtoEqual[39m(mockHistory)[33m;[39m
    [90m   | [39m                               [31m^[39m
    [90m1468| [39m    })[33m;[39m
    [90m1469| [39m

[31m[2mΓÄ»ΓÄ»ΓÄ»ΓÄ»ΓÄ»ΓÄ»ΓÄ»ΓÄ»ΓÄ»ΓÄ»ΓÄ»ΓÄ»ΓÄ»ΓÄ»ΓÄ»ΓÄ»ΓÄ»ΓÄ»ΓÄ»ΓÄ»ΓÄ»ΓÄ»[48/
62]ΓÄ»[22m[39m

[41m[1m FAIL [22m[49m tests/routes/job.vitest.js[2m > [22mJob Routes - 
Full Coverage[2m > [22mGET /api/jobs/:id/materials-history[2m > [22mshould 
return 500 on general database error
[31m[1mAssertionError[22m: expected 200 to be 500 // Object.is equality[39m

[32m- Expected[39m
[31m+ Received[39m

[32m- 500[39m
[31m+ 200[39m

[36m [2mΓ¥»[22m tests/routes/job.vitest.js:[2m1479:26[22m[39m
    [90m1477| [39m        
[33m.[39m[35mset[39m([32m'Authorization'[39m[33m,[39m [32m'Bearer 
valid-token'[39m)[33m;[39m
    [90m1478| [39m
    [90m1479| [39m      [34mexpect[39m(res[33m.[39mstatus)[33m.[39m[34
mtoBe[39m([34m500[39m)[33m;[39m
    [90m   | [39m                         [31m^[39m
    [90m1480| [39m    })[33m;[39m
    [90m1481| [39m  })[33m;[39m

[31m[2mΓÄ»ΓÄ»ΓÄ»ΓÄ»ΓÄ»ΓÄ»ΓÄ»ΓÄ»ΓÄ»ΓÄ»ΓÄ»ΓÄ»ΓÄ»ΓÄ»ΓÄ»ΓÄ»ΓÄ»ΓÄ»ΓÄ»ΓÄ»ΓÄ»ΓÄ»[49/
62]ΓÄ»[22m[39m

[41m[1m FAIL [22m[49m tests/routes/job.vitest.js[2m > [22mJob Routes - 
Full Coverage[2m > [22mPUT /api/jobs/:id/materials[2m > [22mshould update 
materials with customization levels
[31m[1mAssertionError[22m: expected 500 to be 200 // Object.is equality[39m

[32m- Expected[39m
[31m+ Received[39m

[32m- 200[39m
[31m+ 500[39m

[36m [2mΓ¥»[22m tests/routes/job.vitest.js:[2m1500:26[22m[39m
    [90m1498| [39m        })[33m;[39m
    [90m1499| [39m
    [90m1500| [39m      [34mexpect[39m(res[33m.[39mstatus)[33m.[39m[34
mtoBe[39m([34m200[39m)[33m;[39m
    [90m   | [39m                         [31m^[39m
    [90m1501| [39m      [34mexpect[39m(res[33m.[39mbody[33m.[39mjob)[3
3m.[39m[34mtoEqual[39m(updatedJob)[33m;[39m
    [90m1502| [39m    })[33m;[39m

[31m[2mΓÄ»ΓÄ»ΓÄ»ΓÄ»ΓÄ»ΓÄ»ΓÄ»ΓÄ»ΓÄ»ΓÄ»ΓÄ»ΓÄ»ΓÄ»ΓÄ»ΓÄ»ΓÄ»ΓÄ»ΓÄ»ΓÄ»ΓÄ»ΓÄ»ΓÄ»[50/
62]ΓÄ»[22m[39m

[41m[1m FAIL [22m[49m tests/routes/job.vitest.js[2m > [22mJob Routes - 
Full Coverage[2m > [22mPUT /api/jobs/:id/materials[2m > [22mshould 
fallback to basic update if customization columns missing
[31m[1mAssertionError[22m: expected 500 to be 200 // Object.is equality[39m

[32m- Expected[39m
[31m+ Received[39m

[32m- 200[39m
[31m+ 500[39m

[36m [2mΓ¥»[22m tests/routes/job.vitest.js:[2m1545:26[22m[39m
    [90m1543| [39m        })[33m;[39m
    [90m1544| [39m
    [90m1545| [39m      [34mexpect[39m(res[33m.[39mstatus)[33m.[39m[34
mtoBe[39m([34m200[39m)[33m;[39m
    [90m   | [39m                         [31m^[39m
    [90m1546| [39m    })[33m;[39m
    [90m1547| [39m

[31m[2mΓÄ»ΓÄ»ΓÄ»ΓÄ»ΓÄ»ΓÄ»ΓÄ»ΓÄ»ΓÄ»ΓÄ»ΓÄ»ΓÄ»ΓÄ»ΓÄ»ΓÄ»ΓÄ»ΓÄ»ΓÄ»ΓÄ»ΓÄ»ΓÄ»ΓÄ»[51/
62]ΓÄ»[22m[39m

[41m[1m FAIL [22m[49m tests/routes/job.vitest.js[2m > [22mJob Routes - 
Full Coverage[2m > [22mPUT /api/jobs/:id/materials[2m > [22mshould 
validate customization levels
[31m[1mAssertionError[22m: expected 500 to be 200 // Object.is equality[39m

[32m- Expected[39m
[31m+ Received[39m

[32m- 200[39m
[31m+ 500[39m

[36m [2mΓ¥»[22m tests/routes/job.vitest.js:[2m1562:26[22m[39m
    [90m1560| [39m        })[33m;[39m
    [90m1561| [39m
    [90m1562| [39m      [34mexpect[39m(res[33m.[39mstatus)[33m.[39m[34
mtoBe[39m([34m200[39m)[33m;[39m
    [90m   | [39m                         [31m^[39m
    [90m1563| [39m    })[33m;[39m
    [90m1564| [39m

[31m[2mΓÄ»ΓÄ»ΓÄ»ΓÄ»ΓÄ»ΓÄ»ΓÄ»ΓÄ»ΓÄ»ΓÄ»ΓÄ»ΓÄ»ΓÄ»ΓÄ»ΓÄ»ΓÄ»ΓÄ»ΓÄ»ΓÄ»ΓÄ»ΓÄ»ΓÄ»[52/
62]ΓÄ»[22m[39m

[41m[1m FAIL [22m[49m tests/routes/job.vitest.js[2m > [22mJob Routes - 
Full Coverage[2m > [22mPUT /api/jobs/:id/materials[2m > [22mshould handle 
materials history table missing
[31m[1mAssertionError[22m: expected 500 to be 200 // Object.is equality[39m

[32m- Expected[39m
[31m+ Received[39m

[32m- 200[39m
[31m+ 500[39m

[36m [2mΓ¥»[22m tests/routes/job.vitest.js:[2m1581:26[22m[39m
    [90m1579| [39m        })[33m;[39m
    [90m1580| [39m
    [90m1581| [39m      [34mexpect[39m(res[33m.[39mstatus)[33m.[39m[34
mtoBe[39m([34m200[39m)[33m;[39m [90m// Should still succeed[39m
    [90m   | [39m                         [31m^[39m
    [90m1582| [39m    })[33m;[39m
    [90m1583| [39m

[31m[2mΓÄ»ΓÄ»ΓÄ»ΓÄ»ΓÄ»ΓÄ»ΓÄ»ΓÄ»ΓÄ»ΓÄ»ΓÄ»ΓÄ»ΓÄ»ΓÄ»ΓÄ»ΓÄ»ΓÄ»ΓÄ»ΓÄ»ΓÄ»ΓÄ»ΓÄ»[53/
62]ΓÄ»[22m[39m

[41m[1m FAIL [22m[49m tests/routes/job.vitest.js[2m > [22mJob Routes - 
Full Coverage[2m > [22mPUT /api/jobs/:id/materials[2m > [22mshould handle 
template conversion with name column fallback in materials update
[31m[1mAssertionError[22m: expected 500 to be 200 // Object.is equality[39m

[32m- Expected[39m
[31m+ Received[39m

[32m- 200[39m
[31m+ 500[39m

[36m [2mΓ¥»[22m tests/routes/job.vitest.js:[2m1606:26[22m[39m
    [90m1604| [39m        })[33m;[39m
    [90m1605| [39m
    [90m1606| [39m      [34mexpect[39m(res[33m.[39mstatus)[33m.[39m[34
mtoBe[39m([34m200[39m)[33m;[39m
    [90m   | [39m                         [31m^[39m
    [90m1607| [39m    })[33m;[39m
    [90m1608| [39m

[31m[2mΓÄ»ΓÄ»ΓÄ»ΓÄ»ΓÄ»ΓÄ»ΓÄ»ΓÄ»ΓÄ»ΓÄ»ΓÄ»ΓÄ»ΓÄ»ΓÄ»ΓÄ»ΓÄ»ΓÄ»ΓÄ»ΓÄ»ΓÄ»ΓÄ»ΓÄ»[54/
62]ΓÄ»[22m[39m

[41m[1m FAIL [22m[49m tests/routes/job.vitest.js[2m > [22mJob Routes - 
Full Coverage[2m > [22mPUT /api/jobs/:id/materials[2m > [22mshould handle 
template conversion error in materials update
[31m[1mAssertionError[22m: expected 500 to be 200 // Object.is equality[39m

[32m- Expected[39m
[31m+ Received[39m

[32m- 200[39m
[31m+ 500[39m

[36m [2mΓ¥»[22m tests/routes/job.vitest.js:[2m1625:26[22m[39m
    [90m1623| [39m        })[33m;[39m
    [90m1624| [39m
    [90m1625| [39m      [34mexpect[39m(res[33m.[39mstatus)[33m.[39m[34
mtoBe[39m([34m200[39m)[33m;[39m
    [90m   | [39m                         [31m^[39m
    [90m1626| [39m    })[33m;[39m
    [90m1627| [39m

[31m[2mΓÄ»ΓÄ»ΓÄ»ΓÄ»ΓÄ»ΓÄ»ΓÄ»ΓÄ»ΓÄ»ΓÄ»ΓÄ»ΓÄ»ΓÄ»ΓÄ»ΓÄ»ΓÄ»ΓÄ»ΓÄ»ΓÄ»ΓÄ»ΓÄ»ΓÄ»[55/
62]ΓÄ»[22m[39m

[41m[1m FAIL [22m[49m tests/routes/job.vitest.js[2m > [22mJob Routes - 
Full Coverage[2m > [22mPUT /api/jobs/:id/materials[2m > [22mshould handle 
invalid cover letter ID in materials update
[31m[1mAssertionError[22m: expected 500 to be 200 // Object.is equality[39m

[32m- Expected[39m
[31m+ Received[39m

[32m- 200[39m
[31m+ 500[39m

[36m [2mΓ¥»[22m tests/routes/job.vitest.js:[2m1643:26[22m[39m
    [90m1641| [39m        })[33m;[39m
    [90m1642| [39m
    [90m1643| [39m      [34mexpect[39m(res[33m.[39mstatus)[33m.[39m[34
mtoBe[39m([34m200[39m)[33m;[39m
    [90m   | [39m                         [31m^[39m
    [90m1644| [39m    })[33m;[39m
    [90m1645| [39m

[31m[2mΓÄ»ΓÄ»ΓÄ»ΓÄ»ΓÄ»ΓÄ»ΓÄ»ΓÄ»ΓÄ»ΓÄ»ΓÄ»ΓÄ»ΓÄ»ΓÄ»ΓÄ»ΓÄ»ΓÄ»ΓÄ»ΓÄ»ΓÄ»ΓÄ»ΓÄ»[56/
62]ΓÄ»[22m[39m

[41m[1m FAIL [22m[49m tests/routes/job.vitest.js[2m > [22mJob Routes - 
Full Coverage[2m > [22mPUT /api/jobs/:id/materials[2m > [22mshould return 
404 if job not found
[31m[1mAssertionError[22m: expected 500 to be 404 // Object.is equality[39m

[32m- Expected[39m
[31m+ Received[39m

[32m- 404[39m
[31m+ 500[39m

[36m [2mΓ¥»[22m tests/routes/job.vitest.js:[2m1691:26[22m[39m
    [90m1689| [39m        })[33m;[39m
    [90m1690| [39m
    [90m1691| [39m      [34mexpect[39m(res[33m.[39mstatus)[33m.[39m[34
mtoBe[39m([34m404[39m)[33m;[39m
    [90m   | [39m                         [31m^[39m
    [90m1692| [39m      [34mexpect[39m(res[33m.[39mbody[33m.[39merror)
[33m.[39m[34mtoBe[39m([32m'Job not found or unauthorized'[39m)[33m;[39m
    [90m1693| [39m    })[33m;[39m

[31m[2mΓÄ»ΓÄ»ΓÄ»ΓÄ»ΓÄ»ΓÄ»ΓÄ»ΓÄ»ΓÄ»ΓÄ»ΓÄ»ΓÄ»ΓÄ»ΓÄ»ΓÄ»ΓÄ»ΓÄ»ΓÄ»ΓÄ»ΓÄ»ΓÄ»ΓÄ»[57/
62]ΓÄ»[22m[39m

[41m[1m FAIL [22m[49m tests/routes/match.vitest.js[2m > [22mMatch Routes 
- Full Coverage[2m > [22mPOST /api/match/analyze/:jobId[2m > [22mshould 
return 404 if job not found
[31m[1mAssertionError[22m: expected 500 to be 404 // Object.is equality[39m

[32m- Expected[39m
[31m+ Received[39m

[32m- 404[39m
[31m+ 500[39m

[36m [2mΓ¥»[22m tests/routes/match.vitest.js:[2m155:26[22m[39m
    [90m153| [39m
    [90m154| [39m      [90m// Route returns 404 if job not found[39m
    [90m155| [39m      [34mexpect[39m(res[33m.[39mstatus)[33m.[39m[34m
toBe[39m([34m404[39m)[33m;[39m
    [90m   | [39m                         [31m^[39m
    [90m156| [39m
    [90m157| [39m      [90m// Check for 404 or handle appropriately[39m

[31m[2mΓÄ»ΓÄ»ΓÄ»ΓÄ»ΓÄ»ΓÄ»ΓÄ»ΓÄ»ΓÄ»ΓÄ»ΓÄ»ΓÄ»ΓÄ»ΓÄ»ΓÄ»ΓÄ»ΓÄ»ΓÄ»ΓÄ»ΓÄ»ΓÄ»ΓÄ»[58/
62]ΓÄ»[22m[39m

[41m[1m FAIL [22m[49m tests/routes/offers.vitest.js[2m > [22mOffers 
Routes - 90%+ Coverage[2m > [22mPOST /api/offers/:id/accept[2m > 
[22mshould accept offer and create compensation history
[31m[1mAssertionError[22m: expected undefined to be defined[39m
[36m [2mΓ¥»[22m tests/routes/offers.vitest.js:[2m602:44[22m[39m
    [90m600| [39m      [34mexpect[39m(res[33m.[39mstatus)[33m.[39m[34m
toBe[39m([34m200[39m)[33m;[39m
    [90m601| [39m      [34mexpect[39m(res[33m.[39mbody[33m.[39moffer[3
3m.[39moffer_status)[33m.[39m[34mtoBe[39m([32m'accepted'[39m)[33m;[39m
    [90m602| [39m      [34mexpect[39m(res[33m.[39mbody[33m.[39mcompensa
tionHistory)[33m.[39m[34mtoBeDefined[39m()[33m;[39m
    [90m   | [39m                                           [31m^[39m
    [90m603| [39m    })[33m;[39m
    [90m604| [39m

[31m[2mΓÄ»ΓÄ»ΓÄ»ΓÄ»ΓÄ»ΓÄ»ΓÄ»ΓÄ»ΓÄ»ΓÄ»ΓÄ»ΓÄ»ΓÄ»ΓÄ»ΓÄ»ΓÄ»ΓÄ»ΓÄ»ΓÄ»ΓÄ»ΓÄ»ΓÄ»[59/
62]ΓÄ»[22m[39m

[41m[1m FAIL [22m[49m tests/routes/offers.vitest.js[2m > [22mOffers 
Routes - 90%+ Coverage[2m > [22mPOST /api/offers/:id/accept[2m > 
[22mshould warn about multiple active offers
[31m[1mAssertionError[22m: expected undefined to be defined[39m
[36m [2mΓ¥»[22m tests/routes/offers.vitest.js:[2m638:32[22m[39m

[2m Test Files [22m [1m[31m22 failed[39m[22m[2m | [22m[1m[32m20 passed[39m[22m[90m (42)[39m
    [90m636| [39m
    [90m637| [39m      [34mexpect[39m(res[33m.[39mstatus)[33m.[39m[34m
toBe[39m([34m200[39m)[33m;[39m
    [90m638| [39m      [34mexpect[39m(res[33m.[39mbody[33m.[39mwarning)
[33m.[39m[34mtoBeDefined[39m()[33m;[39m
    [90m   | [39m                               [31m^[39m
    [90m639| [39m    })[33m;[39m
    [90m640| [39m

[31m[2mΓÄ»ΓÄ»ΓÄ»ΓÄ»ΓÄ»ΓÄ»ΓÄ»ΓÄ»ΓÄ»ΓÄ»ΓÄ»ΓÄ»ΓÄ»ΓÄ»ΓÄ»ΓÄ»ΓÄ»ΓÄ»ΓÄ»ΓÄ»ΓÄ»ΓÄ»[60/
62]ΓÄ»[22m[39m

[41m[1m FAIL [22m[49m tests/routes/offers.vitest.js[2m > [22mOffers 
Routes - 90%+ Coverage[2m > [22mPOST /api/offers/:id/accept[2m > 
[22mshould handle compensation history table missing
[31m[1mAssertionError[22m: the given combination of arguments (undefined 
and string) is invalid for this assertion. You can use an array, a map, an 
object, a set, a string, or a weakset instead of a string[39m
[36m [2mΓ¥»[22m tests/routes/offers.vitest.js:[2m677:32[22m[39m
    [90m675| [39m
    [90m676| [39m      [34mexpect[39m(res[33m.[39mstatus)[33m.[39m[34m
toBe[39m([34m200[39m)[33m;[39m
    [90m677| [39m      expect(res.body.warning).toContain('Compensation 
history table nΓÇª
    [90m   | [39m                               [31m^[39m
    [90m678| [39m    })[33m;[39m
    [90m679| [39m

[31m[2mΓÄ»ΓÄ»ΓÄ»ΓÄ»ΓÄ»ΓÄ»ΓÄ»ΓÄ»ΓÄ»ΓÄ»ΓÄ»ΓÄ»ΓÄ»ΓÄ»ΓÄ»ΓÄ»ΓÄ»ΓÄ»ΓÄ»ΓÄ»ΓÄ»ΓÄ»[61/
62]ΓÄ»[22m[39m

[41m[1m FAIL [22m[49m tests/routes/offers.vitest.js[2m > [22mOffers 
Routes - 90%+ Coverage[2m > [22mEdge Cases[2m > [22mshould handle 
competing offers with existing ids array
[31m[1mAssertionError[22m: expected 500 to be 200 // Object.is equality[39m

[32m- Expected[39m
[31m+ Received[39m

[32m- 200[39m
[31m+ 500[39m

[36m [2mΓ¥»[22m tests/routes/offers.vitest.js:[2m921:26[22m[39m
    [90m919| [39m        })[33m;[39m
    [90m920| [39m
    [90m921| [39m      [34mexpect[39m(res[33m.[39mstatus)[33m.[39m[34m
toBe[39m([34m200[39m)[33m;[39m
    [90m   | [39m                         [31m^[39m
    [90m922| [39m    })[33m;[39m
    [90m923| [39m

[31m[2mΓÄ»ΓÄ»ΓÄ»ΓÄ»ΓÄ»ΓÄ»ΓÄ»ΓÄ»ΓÄ»ΓÄ»ΓÄ»ΓÄ»ΓÄ»ΓÄ»ΓÄ»ΓÄ»ΓÄ»ΓÄ»ΓÄ»ΓÄ»ΓÄ»ΓÄ»[62/
62]ΓÄ»[22m[39m

[2m      Tests [22m [1m[31m49 failed[39m[22m[2m | [22m[1m[32m632 passed[39m[22m[90m (681)[39m
[2m   Start at [22m 16:15:49
[2m   Duration [22m 18.27s[2m (transform 12.15s, setup 0ms, import 31.66s, tests 19.41s, environment 9ms)[22m

[34m % [39m[2mCoverage report from [22m[33mv8[39m
-------------------|---------|----------|---------|---------|-------------------
File               | % Stmts | % Branch | % Funcs | % Lines | Uncovered Line #s 
-------------------|---------|----------|---------|---------|-------------------
All files          |   33.23 |    31.04 |   19.21 |   34.61 |                   
 backend           |     100 |      100 |     100 |     100 |                   
  auth.js          |     100 |      100 |     100 |     100 |                   
 backend/routes    |   30.36 |    24.75 |   17.83 |   31.74 |                   
  calendar.js      |     100 |      100 |     100 |     100 |                   
  company.js       |    94.8 |    83.33 |      75 |   95.89 | 22-25             
  ...ionHistory.js |     100 |    88.05 |     100 |     100 | ...51-152,158-162 
  ...veAnalysis.js |    1.05 |        0 |       0 |    1.29 | 53-519,530-852    
  contacts.js      |   85.25 |     82.4 |     100 |   85.14 | ...33-837,855-856 
  cover_letter.js  |    46.1 |    32.35 |   66.66 |   46.93 | ...35-148,195-352 
  customReports.js |    0.79 |        0 |       0 |    0.83 | ...1263,1271-1350 
  dashboard.js     |     100 |    93.47 |     100 |     100 | 282,291,338       
  education.js     |   95.65 |    94.59 |     100 |   97.72 | 23                
  employment.js    |   88.67 |    91.42 |     100 |   90.38 | 26-27,152-158     
  fileUpload.js    |   15.64 |     3.12 |    12.5 |   15.97 | ...77-299,304-326 
  goals.js         |     100 |      100 |     100 |     100 |                   
  job.js           |   80.42 |    68.99 |   95.23 |   80.43 | ...,973,1057-1165 
  marketIntel.js   |    1.52 |        0 |       0 |    1.76 | 19-397,404-756    
  ...Prediction.js |     0.9 |        0 |       0 |    0.96 | 15-577,584-700    
  profile.js       |   97.61 |    90.74 |     100 |   98.68 | 28                
  projects.js      |   92.59 |       95 |   85.71 |   94.33 | 26-27,161         
  skills.js        |   95.91 |    83.33 |     100 |   97.82 | 22                
  ...ssPatterns.js |     0.4 |        0 |       0 |    0.44 | 15-891,902-1172   
  ...Investment.js |     1.3 |        0 |       0 |     1.4 | ...1254,1262-1281 
  ...ionControl.js |     9.9 |        0 |       0 |     9.9 | ...48-277,282-311 
 backend/utils     |    98.8 |    98.13 |     100 |   98.75 |                   
  ...TypeMapper.js |     100 |      100 |     100 |     100 |                   
  ...ingHelpers.js |   97.01 |    92.53 |     100 |   96.92 | 277-278           
-------------------|---------|----------|---------|---------|-------------------

=============================== Coverage summary ===============================
Statements   : 33.23% ( 1421/4276 )
Branches     : 31.04% ( 1000/3221 )
Functions    : 19.21% ( 103/536 )
Lines        : 34.61% ( 1391/4018 )
================================================================================
