
> backend@1.0.0 test
> cross-env NODE_OPTIONS=--max-old-space-size=4096 vitest run --coverage


 RUN  v4.0.15 C:/Users/aditn/OneDrive/Desktop/Cursor/Aandsz-Forces-ATS-CS490/backend
      Coverage enabled with v8

stdout | tests/routes/performancePrediction.test.js
[dotenv@17.2.3] injecting env (17) from .env.test -- tip: ≡ƒöÉ encrypt with Dotenvx: https://dotenvx.com

stdout | tests/routes/dashboard.test.js
[dotenv@17.2.3] injecting env (17) from .env.test -- tip: ≡ƒæÑ sync secrets across teammates & machines: https://dotenvx.com/ops

stdout | tests/routes/certification.test.js
[dotenv@17.2.3] injecting env (17) from .env.test -- tip: ≡ƒöÉ prevent building .env in docker: https://dotenvx.com/prebuild

stdout | tests/routes/offers.test.js
[dotenv@17.2.3] injecting env (17) from .env.test -- tip: ≡ƒôí add observability to secrets: https://dotenvx.com/ops

stdout | tests/routes/customReports.test.js
[dotenv@17.2.3] injecting env (17) from .env.test -- tip: ΓÜÖ∩╕Å  specify custom .env file path with { path: '/custom/path/.env' }

stdout | tests/routes/networkingAnalysis.test.js
[dotenv@17.2.3] injecting env (17) from .env.test -- tip: ≡ƒöÉ prevent committing .env to code: https://dotenvx.com/precommit

stdout | tests/routes/jobRoutes.test.js
[dotenv@17.2.3] injecting env (17) from .env.test -- tip: Γ£à audit secrets and track compliance: https://dotenvx.com/ops

stdout | tests/routes/technicalPrep.test.js
[dotenv@17.2.3] injecting env (17) from .env.test -- tip: ΓÜÖ∩╕Å  specify custom .env file path with { path: '/custom/path/.env' }

stdout | tests/routes/careerGoals.test.js
[dotenv@17.2.3] injecting env (17) from .env.test -- tip: ≡ƒôí add observability to secrets: https://dotenvx.com/ops

stdout | tests/routes/successPatterns.test.js
[dotenv@17.2.3] injecting env (17) from .env.test -- tip: ≡ƒöÉ prevent committing .env to code: https://dotenvx.com/precommit

stdout | tests/routes/projects.test.js
[dotenv@17.2.3] injecting env (17) from .env.test -- tip: ΓÜÖ∩╕Å  write to custom object with { processEnv: myObject }

stdout | tests/routes/compensationAnalytics.test.js
[dotenv@17.2.3] injecting env (17) from .env.test -- tip: ≡ƒöä add secrets lifecycle management: https://dotenvx.com/ops

stdout | tests/routes/employment.test.js
[dotenv@17.2.3] injecting env (17) from .env.test -- tip: ΓÜÖ∩╕Å  suppress all logs with { quiet: true }

stdout | tests/routes/upload.test.js
[dotenv@17.2.3] injecting env (17) from .env.test -- tip: ≡ƒ¢á∩╕Å  run anywhere with `dotenvx run -- yourcommand`

stdout | tests/routes/mockInterviews.test.js
[dotenv@17.2.3] injecting env (17) from .env.test -- tip: ≡ƒùé∩╕Å backup and recover secrets: https://dotenvx.com/ops

stdout | tests/routes/offers.test.js
[dotenv@17.2.3] injecting env (0) from .env -- tip: ΓÜÖ∩╕Å  specify custom .env file path with { path: '/custom/path/.env' }
≡ƒöÆ SSL enabled for Supabase connection (shared pool)
≡ƒôè Database pool initialized (max: 2, Supabase: true)

stdout | tests/routes/projects.test.js
[dotenv@17.2.3] injecting env (0) from .env -- tip: ≡ƒöä add secrets lifecycle management: https://dotenvx.com/ops
≡ƒöÆ SSL enabled for Supabase connection (shared pool)
≡ƒôè Database pool initialized (max: 2, Supabase: true)

stdout | tests/routes/performancePrediction.test.js
[dotenv@17.2.3] injecting env (0) from .env -- tip: ΓÜÖ∩╕Å  load multiple .env files with { path: ['.env.local', '.env'] }
≡ƒöÆ SSL enabled for Supabase connection (shared pool)
≡ƒôè Database pool initialized (max: 2, Supabase: true)

stdout | tests/routes/upload.test.js
[dotenv@17.2.3] injecting env (0) from .env -- tip: Γ£à audit secrets and track compliance: https://dotenvx.com/ops
≡ƒöÆ SSL enabled for Supabase connection (shared pool)
≡ƒôè Database pool initialized (max: 2, Supabase: true)

stdout | tests/routes/mockInterviews.test.js
[dotenv@17.2.3] injecting env (0) from .env -- tip: ΓÜÖ∩╕Å  override existing env vars with { override: true }
≡ƒöÆ SSL enabled for Supabase connection (shared pool)
≡ƒôè Database pool initialized (max: 2, Supabase: true)

stdout | tests/routes/dashboard.test.js
[dotenv@17.2.3] injecting env (0) from .env -- tip: ≡ƒùé∩╕Å backup and recover secrets: https://dotenvx.com/ops
≡ƒöÆ SSL enabled for Supabase connection (shared pool)
≡ƒôè Database pool initialized (max: 2, Supabase: true)

stdout | tests/routes/technicalPrep.test.js
[dotenv@17.2.3] injecting env (0) from .env -- tip: ≡ƒæÑ sync secrets across teammates & machines: https://dotenvx.com/ops
≡ƒöÆ SSL enabled for Supabase connection (shared pool)
≡ƒôè Database pool initialized (max: 2, Supabase: true)

stdout | tests/routes/compensationAnalytics.test.js
[dotenv@17.2.3] injecting env (0) from .env -- tip: ΓÜÖ∩╕Å  suppress all logs with { quiet: true }
≡ƒöÆ SSL enabled for Supabase connection (shared pool)
≡ƒôè Database pool initialized (max: 2, Supabase: true)

stdout | tests/routes/customReports.test.js
[dotenv@17.2.3] injecting env (0) from .env -- tip: ΓÜÖ∩╕Å  enable debug logging with { debug: true }
≡ƒöÆ SSL enabled for Supabase connection (shared pool)
≡ƒôè Database pool initialized (max: 2, Supabase: true)

stdout | tests/routes/employment.test.js
[dotenv@17.2.3] injecting env (0) from .env -- tip: ≡ƒ¢á∩╕Å  run anywhere with `dotenvx run -- yourcommand`
≡ƒöÆ SSL enabled for Supabase connection (shared pool)
≡ƒôè Database pool initialized (max: 2, Supabase: true)

stdout | tests/routes/careerGoals.test.js
[dotenv@17.2.3] injecting env (0) from .env -- tip: Γ£à audit secrets and track compliance: https://dotenvx.com/ops
≡ƒöÆ SSL enabled for Supabase connection (shared pool)
≡ƒôè Database pool initialized (max: 2, Supabase: true)

stdout | tests/routes/offers.test.js
[dotenv@17.2.3] injecting env (0) from .env.test -- tip: ΓÜÖ∩╕Å  override existing env vars with { override: true }

stdout | tests/routes/projects.test.js
[dotenv@17.2.3] injecting env (0) from .env.test -- tip: ΓÜÖ∩╕Å  suppress all logs with { quiet: true }

stdout | tests/routes/successPatterns.test.js
[dotenv@17.2.3] injecting env (0) from .env -- tip: Γ£à audit secrets and track compliance: https://dotenvx.com/ops
≡ƒöÆ SSL enabled for Supabase connection (shared pool)
≡ƒôè Database pool initialized (max: 2, Supabase: true)

stdout | tests/routes/jobRoutes.test.js
[dotenv@17.2.3] injecting env (0) from .env -- tip: ΓÜÖ∩╕Å  suppress all logs with { quiet: true }
≡ƒöÆ SSL enabled for Supabase connection (shared pool)
≡ƒôè Database pool initialized (max: 2, Supabase: true)

stdout | tests/routes/certification.test.js
[dotenv@17.2.3] injecting env (0) from .env -- tip: ≡ƒôí add observability to secrets: https://dotenvx.com/ops
≡ƒöÆ SSL enabled for Supabase connection (shared pool)
≡ƒôè Database pool initialized (max: 2, Supabase: true)

stdout | tests/routes/upload.test.js
[dotenv@17.2.3] injecting env (0) from .env.test -- tip: ≡ƒöÉ prevent building .env in docker: https://dotenvx.com/prebuild

stdout | tests/routes/mockInterviews.test.js
[dotenv@17.2.3] injecting env (0) from .env.test -- tip: ≡ƒùé∩╕Å backup and recover secrets: https://dotenvx.com/ops

stdout | tests/routes/dashboard.test.js
[dotenv@17.2.3] injecting env (0) from .env.test -- tip: ΓÜÖ∩╕Å  enable debug logging with { debug: true }

stdout | tests/routes/performancePrediction.test.js
[dotenv@17.2.3] injecting env (0) from .env.test -- tip: ≡ƒùé∩╕Å backup and recover secrets: https://dotenvx.com/ops

stdout | tests/routes/employment.test.js
[dotenv@17.2.3] injecting env (0) from .env.test -- tip: ≡ƒôí add observability to secrets: https://dotenvx.com/ops

stdout | tests/routes/customReports.test.js
[dotenv@17.2.3] injecting env (0) from .env.test -- tip: ≡ƒöÉ encrypt with Dotenvx: https://dotenvx.com

stdout | tests/routes/compensationAnalytics.test.js
[dotenv@17.2.3] injecting env (0) from .env.test -- tip: ≡ƒ¢á∩╕Å  run anywhere with `dotenvx run -- yourcommand`

stdout | tests/routes/technicalPrep.test.js
[dotenv@17.2.3] injecting env (0) from .env.test -- tip: ΓÜÖ∩╕Å  override existing env vars with { override: true }

stdout | tests/routes/networkingAnalysis.test.js
[dotenv@17.2.3] injecting env (0) from .env -- tip: ≡ƒöÉ prevent building .env in docker: https://dotenvx.com/prebuild
≡ƒöÆ SSL enabled for Supabase connection (shared pool)
≡ƒôè Database pool initialized (max: 2, Supabase: true)

stdout | tests/routes/successPatterns.test.js
[dotenv@17.2.3] injecting env (0) from .env.test -- tip: ≡ƒöä add secrets lifecycle management: https://dotenvx.com/ops

stdout | tests/routes/certification.test.js
[dotenv@17.2.3] injecting env (0) from .env.test -- tip: ΓÜÖ∩╕Å  specify custom .env file path with { path: '/custom/path/.env' }

stdout | tests/routes/careerGoals.test.js
[dotenv@17.2.3] injecting env (0) from .env.test -- tip: ≡ƒöä add secrets lifecycle management: https://dotenvx.com/ops

stdout | tests/routes/jobRoutes.test.js
[dotenv@17.2.3] injecting env (0) from .env.test -- tip: ΓÜÖ∩╕Å  write to custom object with { processEnv: myObject }

stdout | tests/routes/networkingAnalysis.test.js
[dotenv@17.2.3] injecting env (0) from .env.test -- tip: ≡ƒæÑ sync secrets across teammates & machines: https://dotenvx.com/ops

stdout | tests/routes/mockInterviews.test.js
[dotenv@17.2.3] injecting env (0) from .env -- tip: ΓÜÖ∩╕Å  specify custom .env file path with { path: '/custom/path/.env' }

stdout | tests/routes/technicalPrep.test.js
[dotenv@17.2.3] injecting env (0) from .env -- tip: ≡ƒôí add observability to secrets: https://dotenvx.com/ops

stdout | tests/routes/projects.test.js
[dotenv@17.2.3] injecting env (0) from .env -- tip: ΓÜÖ∩╕Å  suppress all logs with { quiet: true }

stdout | tests/routes/certification.test.js
[dotenv@17.2.3] injecting env (0) from .env -- tip: ΓÜÖ∩╕Å  specify custom .env file path with { path: '/custom/path/.env' }

stdout | tests/routes/upload.test.js
Γ£à Test database pool connected

stdout | tests/routes/jobRoutes.test.js
Γ£à Test database pool connected

stdout | tests/routes/jobRoutes.test.js
Γ£à Test environment initialized (transaction-based isolation)

stdout | tests/routes/upload.test.js
Γ£à Test environment initialized (transaction-based isolation)

stdout | tests/routes/mockInterviews.test.js
Γ£à Test database pool connected

stdout | tests/routes/offers.test.js
Γ£à Test database pool connected

stdout | tests/routes/mockInterviews.test.js
Γ£à Test environment initialized (transaction-based isolation)

stdout | tests/routes/compensationAnalytics.test.js
Γ£à Test database pool connected

stdout | tests/routes/offers.test.js
Γ£à Test environment initialized (transaction-based isolation)

stdout | tests/routes/careerGoals.test.js
Γ£à Test database pool connected

stdout | tests/routes/successPatterns.test.js
Γ£à Test database pool connected

stdout | tests/routes/compensationAnalytics.test.js
Γ£à Test environment initialized (transaction-based isolation)

stdout | tests/routes/networkingAnalysis.test.js
Γ£à Test database pool connected

stdout | tests/routes/successPatterns.test.js
Γ£à Test environment initialized (transaction-based isolation)

stdout | tests/routes/careerGoals.test.js
Γ£à Test environment initialized (transaction-based isolation)

stdout | tests/routes/performancePrediction.test.js
Γ£à Test database pool connected

stdout | tests/routes/networkingAnalysis.test.js
Γ£à Test environment initialized (transaction-based isolation)

stdout | tests/routes/customReports.test.js
Γ£à Test database pool connected

stdout | tests/routes/employment.test.js
Γ£à Test database pool connected

stdout | tests/routes/technicalPrep.test.js
Γ£à Test database pool connected

stdout | tests/routes/projects.test.js
Γ£à Test database pool connected

stdout | tests/routes/certification.test.js
Γ£à Test database pool connected

stdout | tests/routes/performancePrediction.test.js
Γ£à Test environment initialized (transaction-based isolation)

stdout | tests/routes/customReports.test.js
Γ£à Test environment initialized (transaction-based isolation)

stdout | tests/routes/employment.test.js
Γ£à Test environment initialized (transaction-based isolation)

stdout | tests/routes/projects.test.js
Γ£à Test environment initialized (transaction-based isolation)

stdout | tests/routes/certification.test.js
Γ£à Test environment initialized (transaction-based isolation)

stdout | tests/routes/technicalPrep.test.js
Γ£à Test environment initialized (transaction-based isolation)

stdout | tests/routes/dashboard.test.js
Γ£à Test database pool connected

stdout | tests/routes/mockInterviews.test.js > Mock Interviews Routes > POST /api/mock-interviews/start > should start a new mock interview session
≡ƒÄ¡ Starting mock interview: Google - Software Engineer (technical)

stdout | tests/routes/dashboard.test.js
Γ£à Test environment initialized (transaction-based isolation)

stdout | tests/routes/employment.test.js > Employment Routes
[dotenv@17.2.3] injecting env (0) from .env -- tip: Γ£à audit secrets and track compliance: https://dotenvx.com/ops

stdout | tests/routes/mockInterviews.test.js > Mock Interviews Routes > POST /api/mock-interviews/start > should start a new mock interview session
≡ƒôè logApiUsage: Inserting log for openai - userId: 72490, endpoint: /v1/chat/completions

stdout | tests/routes/successPatterns.test.js > Success Patterns Routes > GET /api/success-patterns > should get success patterns analysis
≡ƒôè Success Patterns Debug - Jobs with industry: 1 of 1
≡ƒôè Industries found: Technology

stdout | tests/routes/successPatterns.test.js > Success Patterns Routes > GET /api/success-patterns > should get success patterns analysis
≡ƒôè Industry Success Rates calculated: [ { industry: 'Technology', successRate: 100, success: 1, total: 1 } ]
≡ƒôè Success Patterns for user 72493:
  - Total Applications: 1 (excluding 'Interested' status)
  - Successful: 1 (100.0%)
  - Offers: 0
  - Industry Patterns: 1 industries
  - Top Industries: Technology (100%)
  - Preparation Strategies: 1 strategies
  - Best Strategy: with Networking (100.0%)
  - Pattern Evolution: 1 time periods
  - Strategy Effectiveness: { customization: 1, networking: 1, preparation: 1 }

stdout | tests/routes/employment.test.js > Employment Routes
[dotenv@17.2.3] injecting env (0) from .env -- tip: ≡ƒ¢á∩╕Å  run anywhere with `dotenvx run -- yourcommand`

stdout | tests/routes/employment.test.js > Employment Routes
[dotenv@17.2.3] injecting env (0) from .env -- tip: ≡ƒæÑ sync secrets across teammates & machines: https://dotenvx.com/ops

stdout | tests/routes/networkingAnalysis.test.js > Networking Analysis Routes > GET /api/networking-analysis/full > should return networking analysis with empty data
========================================
Networking Analysis for user: 72495
========================================

stdout | tests/routes/employment.test.js > Employment Routes
[dotenv@17.2.3] injecting env (0) from .env -- tip: ≡ƒöÉ prevent committing .env to code: https://dotenvx.com/precommit

node.exe : stderr | tests/routes/mockInterviews.test.js > Mock Interviews Routes > POST /api/mock-interviews/start > 
should start a new mock interview session
At C:\Program Files\nodejs\npm.ps1:29 char:3
+   & $NODE_EXE $NPM_CLI_JS $args
+   ~~~~~~~~~~~~~~~~~~~~~~~~~~~~~
    + CategoryInfo          : NotSpecified: (stderr | tests/...terview session:String) [], RemoteException
    + FullyQualifiedErrorId : NativeCommandError
 
Γ¥î Error logging API usage: error: insert or update on table "api_usage_logs" violates foreign key constraint 
"api_usage_logs_user_id_fkey"
    at C:\Users\aditn\OneDrive\Desktop\Cursor\Aandsz-Forces-ATS-CS490\backend\node_modules\pg\lib\client.js:545:17
    at processTicksAndRejections (node:internal/process/task_queues:105:5)
    at logApiUsage 
(C:/Users/aditn/OneDrive/Desktop/Cursor/Aandsz-Forces-ATS-CS490/backend/utils/apiTrackingService.js:68:20)
    at trackApiCall 
(C:/Users/aditn/OneDrive/Desktop/Cursor/Aandsz-Forces-ATS-CS490/backend/utils/apiTrackingService.js:281:7)
    at generateInterviewScenario 
(C:/Users/aditn/OneDrive/Desktop/Cursor/Aandsz-Forces-ATS-CS490/backend/routes/mockInterviews.js:113:22)
    at C:/Users/aditn/OneDrive/Desktop/Cursor/Aandsz-Forces-ATS-CS490/backend/routes/mockInterviews.js:596:22 {
  length: 282,
  severity: 'ERROR',
  code: '23503',
  detail: 'Key (user_id)=(72490) is not present in table "users".',
  hint: undefined,
  position: undefined,
  internalPosition: undefined,
  internalQuery: undefined,
  where: undefined,
  schema: 'public',
  table: 'api_usage_logs',
  column: undefined,
  dataType: undefined,
  constraint: 'api_usage_logs_user_id_fkey',
  file: 'ri_triggers.c',
  line: '2599',
  routine: 'ri_ReportViolation'
}
   Service: openai Endpoint: /v1/chat/completions User: 72490
   Full error: insert or update on table "api_usage_logs" violates foreign key constraint 
"api_usage_logs_user_id_fkey" error: insert or update on table "api_usage_logs" violates foreign key constraint 
"api_usage_logs_user_id_fkey"
    at C:\Users\aditn\OneDrive\Desktop\Cursor\Aandsz-Forces-ATS-CS490\backend\node_modules\pg\lib\client.js:545:17
    at processTicksAndRejections (node:internal/process/task_queues:105:5)
    at logApiUsage 
(C:/Users/aditn/OneDrive/Desktop/Cursor/Aandsz-Forces-ATS-CS490/backend/utils/apiTrackingService.js:68:20)
    at trackApiCall 
(C:/Users/aditn/OneDrive/Desktop/Cursor/Aandsz-Forces-ATS-CS490/backend/utils/apiTrackingService.js:281:7)
    at generateInterviewScenario 
(C:/Users/aditn/OneDrive/Desktop/Cursor/Aandsz-Forces-ATS-CS490/backend/routes/mockInterviews.js:113:22)
    at C:/Users/aditn/OneDrive/Desktop/Cursor/Aandsz-Forces-ATS-CS490/backend/routes/mockInterviews.js:596:22

stdout | tests/routes/mockInterviews.test.js > Mock Interviews Routes > POST /api/mock-interviews/start > should start a new mock interview session
Γ£à Tracked API call: openai POST /v1/chat/completions (success: true, user: 72490)

stdout | tests/routes/employment.test.js > Employment Routes
[dotenv@17.2.3] injecting env (0) from .env -- tip: ΓÜÖ∩╕Å  write to custom object with { processEnv: myObject }

stdout | tests/routes/employment.test.js > Employment Routes
[dotenv@17.2.3] injecting env (0) from .env -- tip: ΓÜÖ∩╕Å  enable debug logging with { debug: true }

stdout | tests/routes/mockInterviews.test.js > Mock Interviews Routes > POST /api/mock-interviews/start > should start a new mock interview session
Γ£à Mock interview session created (ID: 1)

stdout | tests/routes/networkingAnalysis.test.js > Networking Analysis Routes > GET /api/networking-analysis/full > should return networking analysis with empty data
Γ£ô Activities: 0 activity groups found

stdout | tests/routes/technicalPrep.test.js > Technical Prep Routes > POST /api/technical-prep/start-session > should start a new technical prep session
≡ƒÆ╗ Starting technical prep session: coding for Software Engineer

stdout | tests/routes/technicalPrep.test.js > Technical Prep Routes > POST /api/technical-prep/start-session > should start a new technical prep session
Γ£à Technical prep session created (ID: 1)

stdout | tests/routes/employment.test.js > Employment Routes
[dotenv@17.2.3] injecting env (0) from .env -- tip: Γ£à audit secrets and track compliance: https://dotenvx.com/ops

stdout | tests/routes/employment.test.js > Employment Routes
[dotenv@17.2.3] injecting env (0) from .env -- tip: ≡ƒöÉ encrypt with Dotenvx: https://dotenvx.com

stdout | tests/routes/dashboard.test.js > Dashboard Routes > GET /api/dashboard/stats > should return dashboard statistics with empty data
========================================
≡ƒöì Dashboard Stats Request
========================================
   User ID: 72501
   Start Date: 2000-01-01 00:00:00
   End Date: 2100-12-31 23:59:59

stdout | tests/routes/jobRoutes.test.js > Job Routes > POST /api/job/import-job > should successfully import job from valid URL
≡ƒîÉ Fetching job page: http://example.com/job

stdout | tests/routes/jobRoutes.test.js > Job Routes > POST /api/job/import-job > should successfully import job from valid URL
≡ƒº╛ Extracted text length: 270
≡ƒñû Sending extracted text to Gemini...

stdout | tests/routes/dashboard.test.js > Dashboard Routes > GET /api/dashboard/stats > should return dashboard statistics with empty data
≡ƒº¬ Total jobs for user: 0

stdout | tests/routes/successPatterns.test.js > Success Patterns Routes > GET /api/success-patterns > should handle missing customization columns
≡ƒôè Success Patterns Debug - Jobs with industry: 1 of 1
≡ƒôè Industries found: Technology

stdout | tests/routes/successPatterns.test.js > Success Patterns Routes > GET /api/success-patterns > should handle missing customization columns
≡ƒôè Industry Success Rates calculated: [ { industry: 'Technology', successRate: 100, success: 1, total: 1 } ]
≡ƒôè Success Patterns for user 72505:
  - Total Applications: 1 (excluding 'Interested' status)
  - Successful: 1 (100.0%)
  - Offers: 0
  - Industry Patterns: 1 industries
  - Top Industries: Technology (100%)
  - Preparation Strategies: 1 strategies
  - Best Strategy: with Neither (100.0%)
  - Pattern Evolution: 1 time periods
  - Strategy Effectiveness: { customization: 1, networking: 1, preparation: 1 }

stdout | tests/routes/jobRoutes.test.js > Job Routes > POST /api/job/import-job > should successfully import job from valid URL
≡ƒôè logApiUsage: Inserting log for google_gemini - userId: null, endpoint: /v1/models/gemini-2.0-flash:generateContent

stdout | tests/routes/networkingAnalysis.test.js > Networking Analysis Routes > GET /api/networking-analysis/full > should return networking analysis with empty data
≡ƒôè Total contacts in networking_contacts for user 72495: 0

stdout | tests/routes/dashboard.test.js > Dashboard Routes > GET /api/dashboard/stats > should return dashboard statistics with empty data
≡ƒº¬ Jobs in date range: { total: '0', earliest_date: null, latest_date: null }

stdout | tests/routes/jobRoutes.test.js > Job Routes > POST /api/job/import-job > should successfully import job from valid URL
Γ£à logApiUsage: Successfully logged API usage with ID 1862 for google_gemini

stdout | tests/routes/networkingAnalysis.test.js > Networking Analysis Routes > GET /api/networking-analysis/full > should return networking analysis with empty data
Γ£ô Contacts: 0 contacts found

stdout | tests/routes/dashboard.test.js > Dashboard Routes > GET /api/dashboard/stats > should return dashboard statistics with empty data
≡ƒº¬ Archive status: { total: '0', archived: '0', not_archived: '0' }

stdout | tests/routes/networkingAnalysis.test.js > Networking Analysis Routes > GET /api/networking-analysis/full > should return networking analysis with empty data
≡ƒôè Total contacts in professional_contacts for user 72495: 0
≡ƒôè Final total contacts after merging: 0

stdout | tests/routes/dashboard.test.js > Dashboard Routes > GET /api/dashboard/stats > should return dashboard statistics with empty data
≡ƒôè Key Metrics Result: { total_applications: '0', total_interviews: '0', total_offers: '0' }

stdout | tests/routes/networkingAnalysis.test.js > Networking Analysis Routes > GET /api/networking-analysis/full > should return networking analysis with empty data
Γ£ô Referrals: 0 referrals found

stdout | tests/routes/jobRoutes.test.js > Job Routes > POST /api/job/import-job > should successfully import job from valid URL
Γ£à Gemini extracted structured job data: {
  title: 'Software Engineer',
  company: 'Tech Corp',
  location: 'San Francisco, CA',
  salary_min: '100000',
  salary_max: '150000',
  description: 'Job description here',
  url: 'http://example.com/job'
}

stdout | tests/routes/successPatterns.test.js > Success Patterns Routes > GET /api/success-patterns > should handle missing tables gracefully
≡ƒôè Success Patterns Debug - Jobs with industry: 1 of 1
≡ƒôè Industries found: Technology

stdout | tests/routes/successPatterns.test.js > Success Patterns Routes > GET /api/success-patterns > should handle missing tables gracefully
≡ƒôè Industry Success Rates calculated: [ { industry: 'Technology', successRate: 100, success: 1, total: 1 } ]
≡ƒôè Success Patterns for user 72513:
  - Total Applications: 1 (excluding 'Interested' status)
  - Successful: 1 (100.0%)
  - Offers: 0
  - Industry Patterns: 1 industries
  - Top Industries: Technology (100%)
  - Preparation Strategies: 1 strategies
  - Best Strategy: with Neither (100.0%)
  - Pattern Evolution: 1 time periods
  - Strategy Effectiveness: { customization: 1, networking: 1, preparation: 1 }

stdout | tests/routes/mockInterviews.test.js > Mock Interviews Routes > POST /api/mock-interviews/respond > should submit response to a question
≡ƒôè logApiUsage: Inserting log for openai - userId: null, endpoint: /v1/chat/completions

stdout | tests/routes/dashboard.test.js > Dashboard Routes > GET /api/dashboard/stats > should return dashboard statistics with empty data
≡ƒôê Trends Result: 0 weeks found

stdout | tests/routes/networkingAnalysis.test.js > Networking Analysis Routes > GET /api/networking-analysis/full > should return networking analysis with empty data
Γ£ô Events: 0 events found

stdout | tests/routes/dashboard.test.js > Dashboard Routes > GET /api/dashboard/stats > should return dashboard statistics with empty data
≡ƒôë Funnel Result: { applied: '0', interview: '0', offer: '0' }

stdout | tests/routes/mockInterviews.test.js > Mock Interviews Routes > POST /api/mock-interviews/respond > should submit response to a question
Γ£à logApiUsage: Successfully logged API usage with ID 1863 for openai

stdout | tests/routes/upload.test.js
Γ£à Test database pool closed

stdout | tests/routes/jobRoutes.test.js > Job Routes > POST /api/job/import-job > should accept valid HTTPS URL
≡ƒîÉ Fetching job page: https://example.com/job

stdout | tests/routes/upload.test.js
Γ£à Test environment cleaned up

stdout | tests/routes/networkingAnalysis.test.js > Networking Analysis Routes > GET /api/networking-analysis/full > should return networking analysis with empty data
========================================
Networking Analysis Summary:
  Contacts: 0
  Activities: 0
  Referrals: 0
  Events: 0
  Data Quality: Limited
========================================

stderr | tests/routes/jobRoutes.test.js > Job Routes > POST /api/job/import-job > should accept valid HTTPS URL
Γ¥î Job import error: Cannot destructure property 'data' of '(intermediate value)' as it is undefined.

stdout | tests/routes/technicalPrep.test.js > Technical Prep Routes > POST /api/technical-prep/coding-challenge > should generate a coding challenge
≡ƒô¥ Generating coding challenge: medium - arrays

 Γ£ô tests/routes/upload.test.js (6 tests) 1606ms
stdout | tests/routes/dashboard.test.js > Dashboard Routes > GET /api/dashboard/stats > should return dashboard statistics with empty data
ΓÅ▒ Stage Times Result: []

stdout | tests/routes/technicalPrep.test.js > Technical Prep Routes > POST /api/technical-prep/coding-challenge > should generate a coding challenge
≡ƒôè logApiUsage: Inserting log for openai - userId: 72519, endpoint: /v1/chat/completions

stdout | tests/routes/successPatterns.test.js > Success Patterns Routes > GET /api/success-patterns > should analyze industry success rates
≡ƒôè Success Patterns Debug - Jobs with industry: 2 of 2
≡ƒôè Industries found: Technology

stdout | tests/routes/successPatterns.test.js > Success Patterns Routes > GET /api/success-patterns > should analyze industry success rates
≡ƒôè Industry Success Rates calculated: [ { industry: 'Technology', successRate: 50, success: 1, total: 2 } ]
≡ƒôè Success Patterns for user 72520:
  - Total Applications: 2 (excluding 'Interested' status)
  - Successful: 1 (50.0%)
  - Offers: 0
  - Industry Patterns: 1 industries
  - Top Industries: Technology (50%)
  - Preparation Strategies: 1 strategies
  - Best Strategy: with Neither (50.0%)
  - Pattern Evolution: 1 time periods
  - Strategy Effectiveness: { customization: 1, networking: 1, preparation: 1 }

stdout | tests/routes/mockInterviews.test.js > Mock Interviews Routes > POST /api/mock-interviews/respond > should submit response to a question
Γ£à Tracked API call: openai POST /v1/chat/completions (success: true, user: null)

stdout | tests/routes/mockInterviews.test.js > Mock Interviews Routes > POST /api/mock-interviews/respond > should submit response to a question
Γ£à AI evaluated response: 50/100 - undefined

stdout | tests/routes/mockInterviews.test.js > Mock Interviews Routes > POST /api/mock-interviews/respond > should submit response to a question
Γ£à Response saved for question 1

stdout | tests/routes/dashboard.test.js > Dashboard Routes > GET /api/dashboard/stats > should return dashboard statistics with empty data
Γ£à Sending response with: { total_applications: 0, total_interviews: 0, total_offers: 0 }
========================================

stderr | tests/routes/technicalPrep.test.js > Technical Prep Routes > POST /api/technical-prep/coding-challenge > 
should generate a coding challenge
Γ¥î Error logging API usage: error: insert or update on table "api_usage_logs" violates foreign key constraint 
"api_usage_logs_user_id_fkey"
    at C:\Users\aditn\OneDrive\Desktop\Cursor\Aandsz-Forces-ATS-CS490\backend\node_modules\pg\lib\client.js:545:17
    at processTicksAndRejections (node:internal/process/task_queues:105:5)
    at logApiUsage 
(C:/Users/aditn/OneDrive/Desktop/Cursor/Aandsz-Forces-ATS-CS490/backend/utils/apiTrackingService.js:68:20)
    at trackApiCall 
(C:/Users/aditn/OneDrive/Desktop/Cursor/Aandsz-Forces-ATS-CS490/backend/utils/apiTrackingService.js:281:7)
    at generateCodingChallenge 
(C:/Users/aditn/OneDrive/Desktop/Cursor/Aandsz-Forces-ATS-CS490/backend/routes/technicalPrep.js:91:22)
    at C:/Users/aditn/OneDrive/Desktop/Cursor/Aandsz-Forces-ATS-CS490/backend/routes/technicalPrep.js:930:23 {
  length: 282,
  severity: 'ERROR',
  code: '23503',
  detail: 'Key (user_id)=(72519) is not present in table "users".',
  hint: undefined,
  position: undefined,
  internalPosition: undefined,
  internalQuery: undefined,
  where: undefined,
  schema: 'public',
  table: 'api_usage_logs',
  column: undefined,
  dataType: undefined,
  constraint: 'api_usage_logs_user_id_fkey',
  file: 'ri_triggers.c',
  line: '2599',
  routine: 'ri_ReportViolation'
}
   Service: openai Endpoint: /v1/chat/completions User: 72519
   Full error: insert or update on table "api_usage_logs" violates foreign key constraint 
"api_usage_logs_user_id_fkey" error: insert or update on table "api_usage_logs" violates foreign key constraint 
"api_usage_logs_user_id_fkey"
    at C:\Users\aditn\OneDrive\Desktop\Cursor\Aandsz-Forces-ATS-CS490\backend\node_modules\pg\lib\client.js:545:17
    at processTicksAndRejections (node:internal/process/task_queues:105:5)
    at logApiUsage 
(C:/Users/aditn/OneDrive/Desktop/Cursor/Aandsz-Forces-ATS-CS490/backend/utils/apiTrackingService.js:68:20)
    at trackApiCall 
(C:/Users/aditn/OneDrive/Desktop/Cursor/Aandsz-Forces-ATS-CS490/backend/utils/apiTrackingService.js:281:7)
    at generateCodingChallenge 
(C:/Users/aditn/OneDrive/Desktop/Cursor/Aandsz-Forces-ATS-CS490/backend/routes/technicalPrep.js:91:22)
    at C:/Users/aditn/OneDrive/Desktop/Cursor/Aandsz-Forces-ATS-CS490/backend/routes/technicalPrep.js:930:23

stdout | tests/routes/technicalPrep.test.js > Technical Prep Routes > POST /api/technical-prep/coding-challenge > should generate a coding challenge
Γ£à Tracked API call: openai POST /v1/chat/completions (success: true, user: 72519)

stdout | tests/routes/employment.test.js > Employment Routes
[dotenv@17.2.3] injecting env (0) from .env -- tip: ΓÜÖ∩╕Å  suppress all logs with { quiet: true }
≡ƒöæ [RESUMES] Google API Key loaded: AIzaSyDs09...JTXE (39 chars)
Γ£à [RESUMES] OPENAI_API_KEY loaded (fallback enabled)

stdout | tests/routes/jobRoutes.test.js > Job Routes > POST /api/job/import-job > should handle axios network errors
≡ƒîÉ Fetching job page: http://example.com/job

stderr | tests/routes/jobRoutes.test.js > Job Routes > POST /api/job/import-job > should handle axios network errors
Γ¥î Job import error: Network error

stdout | tests/routes/jobRoutes.test.js > Job Routes > POST /api/job/import-job > should handle insufficient text extraction
≡ƒîÉ Fetching job page: https://example.com/job

stderr | tests/routes/jobRoutes.test.js > Job Routes > POST /api/job/import-job > should handle insufficient text 
extraction
ΓÜá∩╕Å Not enough text extracted for AI processing.

stdout | tests/routes/networkingAnalysis.test.js > Networking Analysis Routes > GET /api/networking-analysis/full > should calculate activity metrics correctly
========================================
Networking Analysis for user: 72525
========================================

stdout | tests/routes/successPatterns.test.js > Success Patterns Routes > GET /api/success-patterns > should calculate preparation correlation
≡ƒôè Success Patterns Debug - Jobs with industry: 1 of 1
≡ƒôè Industries found: Technology

stdout | tests/routes/successPatterns.test.js > Success Patterns Routes > GET /api/success-patterns > should calculate preparation correlation
≡ƒôè Industry Success Rates calculated: [ { industry: 'Technology', successRate: 100, success: 1, total: 1 } ]
≡ƒôè Success Patterns for user 72528:
  - Total Applications: 1 (excluding 'Interested' status)
  - Successful: 1 (100.0%)
  - Offers: 0
  - Industry Patterns: 1 industries
  - Top Industries: Technology (100%)
  - Preparation Strategies: 1 strategies
  - Best Strategy: with Neither (100.0%)
  - Pattern Evolution: 1 time periods
  - Strategy Effectiveness: { customization: 1, networking: 1, preparation: 1 }

stdout | tests/routes/employment.test.js > Employment Routes
[dotenv@17.2.3] injecting env (0) from .env -- tip: ΓÜÖ∩╕Å  specify custom .env file path with { path: '/custom/path/.env' }

stdout | tests/routes/employment.test.js > Employment Routes
[dotenv@17.2.3] injecting env (0) from .env -- tip: ≡ƒöÉ prevent building .env in docker: https://dotenvx.com/prebuild

stdout | tests/routes/customReports.test.js > Custom Reports Routes > GET /api/custom-reports/filter-options > should return filter options with empty data
≡ƒôè Custom Reports Filter Options for user 72524:
  - Companies: 0 found
  - Industries: 0 found
  - Roles: 0 found

stdout | tests/routes/employment.test.js > Employment Routes
[dotenv@17.2.3] injecting env (0) from .env -- tip: Γ£à audit secrets and track compliance: https://dotenvx.com/ops

stdout | tests/routes/networkingAnalysis.test.js > Networking Analysis Routes > GET /api/networking-analysis/full > should calculate activity metrics correctly
Γ£ô Activities: 2 activity groups found

stdout | tests/routes/employment.test.js > Employment Routes
[dotenv@17.2.3] injecting env (0) from .env -- tip: ΓÜÖ∩╕Å  load multiple .env files with { path: ['.env.local', '.env'] }

stdout | tests/routes/employment.test.js > Employment Routes
[dotenv@17.2.3] injecting env (0) from .env -- tip: ≡ƒôí add observability to secrets: https://dotenvx.com/ops

stdout | tests/routes/employment.test.js > Employment Routes
[dotenv@17.2.3] injecting env (0) from .env -- tip: ΓÜÖ∩╕Å  enable debug logging with { debug: true }

stdout | tests/routes/jobRoutes.test.js > Job Routes > POST /api/job/import-job > should handle Gemini API errors
≡ƒîÉ Fetching job page: https://example.com/job

stderr | tests/routes/jobRoutes.test.js > Job Routes > POST /api/job/import-job > should handle Gemini API errors
ΓÜá∩╕Å Not enough text extracted for AI processing.

stdout | tests/routes/offers.test.js > Offers Routes > PUT /api/offers/:id > should update an offer
Γ£à Compensation history created for offer 1 (via status change in form)

stdout | tests/routes/auth.test.js
[dotenv@17.2.3] injecting env (17) from .env.test -- tip: ≡ƒæÑ sync secrets across teammates & machines: https://dotenvx.com/ops

stdout | tests/routes/auth.test.js
[dotenv@17.2.3] injecting env (0) from .env -- tip: ≡ƒ¢á∩╕Å  run anywhere with `dotenvx run -- yourcommand`
≡ƒöÆ SSL enabled for Supabase connection (shared pool)
≡ƒôè Database pool initialized (max: 2, Supabase: true)

stdout | tests/routes/auth.test.js
[dotenv@17.2.3] injecting env (0) from .env.test -- tip: ≡ƒöÉ prevent building .env in docker: https://dotenvx.com/prebuild

stdout | tests/routes/successPatterns.test.js > Success Patterns Routes > GET /api/success-patterns > should analyze timing patterns
≡ƒôè Success Patterns Debug - Jobs with industry: 1 of 1
≡ƒôè Industries found: Technology

stdout | tests/routes/successPatterns.test.js > Success Patterns Routes > GET /api/success-patterns > should analyze timing patterns
≡ƒôè Industry Success Rates calculated: [ { industry: 'Technology', successRate: 100, success: 1, total: 1 } ]
≡ƒôè Success Patterns for user 72538:
  - Total Applications: 1 (excluding 'Interested' status)
  - Successful: 1 (100.0%)
  - Offers: 1
  - Industry Patterns: 1 industries
  - Top Industries: Technology (100%)
  - Preparation Strategies: 1 strategies
  - Best Strategy: with Neither (100.0%)
  - Pattern Evolution: 1 time periods
  - Strategy Effectiveness: { customization: 1, networking: 1, preparation: 1 }

stdout | tests/routes/networkingAnalysis.test.js > Networking Analysis Routes > GET /api/networking-analysis/full > should calculate activity metrics correctly
≡ƒôè Total contacts in networking_contacts for user 72525: 0

stdout | tests/routes/jobRoutes.test.js > Job Routes > POST /api/job/import-job > should handle malformed JSON from Gemini
≡ƒîÉ Fetching job page: https://example.com/job

stderr | tests/routes/jobRoutes.test.js > Job Routes > POST /api/job/import-job > should handle malformed JSON from 
Gemini
ΓÜá∩╕Å Not enough text extracted for AI processing.

stdout | tests/routes/technicalPrep.test.js > Technical Prep Routes > POST /api/technical-prep/submit-solution > should submit and evaluate coding solution
≡ƒôñ Evaluating solution for challenge: Two Sum

stdout | tests/routes/networkingAnalysis.test.js > Networking Analysis Routes > GET /api/networking-analysis/full > should calculate activity metrics correctly
Γ£ô Contacts: 0 contacts found

stdout | tests/routes/technicalPrep.test.js > Technical Prep Routes > POST /api/technical-prep/submit-solution > should submit and evaluate coding solution
≡ƒôè logApiUsage: Inserting log for openai - userId: 1, endpoint: /v1/chat/completions

stdout | tests/routes/networkingAnalysis.test.js > Networking Analysis Routes > GET /api/networking-analysis/full > should calculate activity metrics correctly
≡ƒôè Total contacts in professional_contacts for user 72525: 0
≡ƒôè Final total contacts after merging: 0

stdout | tests/routes/technicalPrep.test.js > Technical Prep Routes > POST /api/technical-prep/submit-solution > should submit and evaluate coding solution
Γ£à logApiUsage: Successfully logged API usage with ID 1865 for openai

stdout | tests/routes/networkingAnalysis.test.js > Networking Analysis Routes > GET /api/networking-analysis/full > should calculate activity metrics correctly
Γ£ô Referrals: 0 referrals found

stdout | tests/routes/successPatterns.test.js > Success Patterns Routes > GET /api/success-patterns > should track pattern evolution
≡ƒôè Success Patterns Debug - Jobs with industry: 2 of 2
≡ƒôè Industries found: Technology

stdout | tests/routes/successPatterns.test.js > Success Patterns Routes > GET /api/success-patterns > should track pattern evolution
≡ƒôè Industry Success Rates calculated: [ { industry: 'Technology', successRate: 100, success: 2, total: 2 } ]
≡ƒôè Success Patterns for user 72549:
  - Total Applications: 2 (excluding 'Interested' status)
  - Successful: 2 (100.0%)
  - Offers: 1
  - Industry Patterns: 1 industries
  - Top Industries: Technology (100%)
  - Preparation Strategies: 1 strategies
  - Best Strategy: with Neither (100.0%)
  - Pattern Evolution: 2 time periods
  - Strategy Effectiveness: { customization: 1, networking: 1, preparation: 1 }

stdout | tests/routes/employment.test.js > Employment Routes
[dotenv@17.2.3] injecting env (0) from .env -- tip: ≡ƒæÑ sync secrets across teammates & machines: https://dotenvx.com/ops

stdout | tests/routes/technicalPrep.test.js > Technical Prep Routes > POST /api/technical-prep/submit-solution > should submit and evaluate coding solution
Γ£à Tracked API call: openai POST /v1/chat/completions (success: true, user: 1)

stdout | tests/routes/employment.test.js
Γ£à Test database pool closed

stdout | tests/routes/employment.test.js
Γ£à Test environment cleaned up

stdout | tests/routes/successPatterns.test.js
Γ£à Test database pool closed

stdout | tests/routes/successPatterns.test.js
Γ£à Test environment cleaned up

stdout | tests/routes/networkingAnalysis.test.js > Networking Analysis Routes > GET /api/networking-analysis/full > should calculate activity metrics correctly
Γ£ô Events: 0 events found

 Γ£ô tests/routes/successPatterns.test.js (7 tests) 1898ms
stdout | tests/routes/mockInterviews.test.js > Mock Interviews Routes > POST /api/mock-interviews/:sessionId/complete > should complete session and generate performance summary
≡ƒÅü Completing mock interview session 1

stdout | tests/routes/networkingAnalysis.test.js > Networking Analysis Routes > GET /api/networking-analysis/full > should calculate activity metrics correctly
========================================
Networking Analysis Summary:
  Contacts: 0
  Activities: 2
  Referrals: 0
  Events: 0
  Data Quality: Limited
========================================

stdout | tests/routes/dashboard.test.js > Dashboard Routes > GET /api/dashboard/stats > should calculate key metrics correctly
========================================
≡ƒöì Dashboard Stats Request
========================================
   User ID: 72530
   Start Date: 2000-01-01 00:00:00
   End Date: 2100-12-31 23:59:59

 Γ¥» tests/routes/employment.test.js (11 tests | 11 skipped) 1834ms
       Γåô should list all employment entries for authenticated user
       Γåô should return 401 when not authenticated
       Γåô should create a new employment entry
       Γåô should reject employment creation without title
       Γåô should reject employment creation without company
       Γåô should validate date overlap
       Γåô should validate end_date is after start_date
       Γåô should update an employment entry
       Γåô should reject update for other user's employment
       Γåô should delete an employment entry
       Γåô should handle current employment (no end_date)
stdout | tests/routes/mockInterviews.test.js > Mock Interviews Routes > POST /api/mock-interviews/:sessionId/complete > should complete session and generate performance summary
≡ƒôè logApiUsage: Inserting log for openai - userId: null, endpoint: /v1/chat/completions

stdout | tests/routes/dashboard.test.js > Dashboard Routes > GET /api/dashboard/stats > should calculate key metrics correctly
≡ƒº¬ Total jobs for user: 11

stdout | tests/routes/mockInterviews.test.js > Mock Interviews Routes > POST /api/mock-interviews/:sessionId/complete > should complete session and generate performance summary
Γ£à logApiUsage: Successfully logged API usage with ID 1866 for openai

stdout | tests/routes/dashboard.test.js > Dashboard Routes > GET /api/dashboard/stats > should calculate key metrics correctly
≡ƒº¬ Jobs in date range: { total: '11', earliest_date: null, latest_date: null }

stdout | tests/routes/dashboard.test.js > Dashboard Routes > GET /api/dashboard/stats > should calculate key metrics correctly
≡ƒº¬ Archive status: { total: '11', archived: '0', not_archived: '11' }

stdout | tests/routes/mockInterviews.test.js > Mock Interviews Routes > POST /api/mock-interviews/:sessionId/complete > should complete session and generate performance summary
Γ£à Tracked API call: openai POST /v1/chat/completions (success: true, user: null)

stdout | tests/routes/mockInterviews.test.js > Mock Interviews Routes > POST /api/mock-interviews/:sessionId/complete > should complete session and generate performance summary
Γ£à Mock interview completed with summary

stdout | tests/routes/dashboard.test.js > Dashboard Routes > GET /api/dashboard/stats > should calculate key metrics correctly
≡ƒôè Key Metrics Result: { total_applications: '11', total_interviews: '3', total_offers: '2' }

stdout | tests/routes/networkingAnalysis.test.js > Networking Analysis Routes > GET /api/networking-analysis/full > should calculate relationship metrics correctly
========================================
Networking Analysis for user: 72556
========================================

stdout | tests/routes/customReports.test.js > Custom Reports Routes > GET /api/custom-reports/filter-options > should return filter options with job data
≡ƒôè Custom Reports Filter Options for user 72539:
  - Companies: 2 found
  - Industries: 2 found
  - Roles: 2 found
  - Sample companies: [ 'Finance Inc', 'Tech Corp' ]
  - Sample industries: [ 'Finance', 'Technology' ]
  - Sample roles: [ 'Data Analyst', 'Software Engineer' ]

stdout | tests/routes/networkingAnalysis.test.js > Networking Analysis Routes > GET /api/networking-analysis/full > should calculate relationship metrics correctly
Γ£ô Activities: 0 activity groups found

stdout | tests/routes/dashboard.test.js > Dashboard Routes > GET /api/dashboard/stats > should calculate key metrics correctly
≡ƒôê Trends Result: 1 weeks found

stdout | tests/routes/mockInterviews.test.js > Mock Interviews Routes > POST /api/mock-interviews/:sessionId/complete > should return 400 if no responses found
≡ƒÅü Completing mock interview session 1

stdout | tests/routes/mockInterviews.test.js > Mock Interviews Routes > POST /api/mock-interviews/:sessionId/complete > should return 400 if no responses found
≡ƒôè logApiUsage: Inserting log for openai - userId: null, endpoint: /v1/chat/completions

stdout | tests/routes/dashboard.test.js > Dashboard Routes > GET /api/dashboard/stats > should calculate key metrics correctly
≡ƒôë Funnel Result: { applied: '11', interview: '3', offer: '2' }

stdout | tests/routes/compensationAnalytics.test.js > Compensation Analytics Routes > GET /api/compensation-analytics/comprehensive > should get comprehensive compensation analytics
≡ƒôè Application History Status Changes to Offer: { totalHistoryEntries: 0, uniqueJobsWithOfferStatus: 0, jobIds: [] }
≡ƒôè Offers Fetched from Database: {
  totalOffers: 1,
  userId: 72564,
  offers: [
    {
      index: 1,
      id: 1,
      company: 'Tech Corp',
      role_title: 'Software Engineer',
      role_level: 'MISSING',
      location: 'MISSING',
      base_salary: 120000,
      offer_status: 'accepted',
      offer_date: 'MISSING',
      job_id: 1
    }
  ]
}
≡ƒôè Compensation History Filtering: {
  totalCompHistory: 1,
  validCompHistory: 1,
  filteredOut: 0,
  filteredEntries: []
}
≡ƒôè Processing jobs with role_level: {
  totalJobs: 1,
  jobsWithRoleLevel: 1,
  jobs: [
    {
      id: 1,
      title: 'Software Engineer',
      company: 'Tech Corp',
      role_level: 'mid',
      salary_min: 100000,
      salary_max: 150000
    }
  ]
}
ΓÅ¡∩╕Å Skipped job 1 (Tech Corp) - already has an offer
≡ƒôè All Offers Processed: {
  totalOffers: 1,
  offers: [
    {
      id: 1,
      company: 'Tech Corp',
      role_title: 'Software Engineer',
      role_level: undefined,
      location: undefined,
      base_salary: 120000,
      offer_status: 'accepted'
    }
  ],
  byLevelCounts: [ { level: 'unknown', count: 1, avgBase: 0 } ]
}
≡ƒôè Offer Tracking Stats: {
  totalOffers: 1,
  actualOffersCount: 1,
  acceptedCount: 1,
  acceptedVsRejected: { accepted: 1, rejected: 0, pending: 0, expired: 0, withdrawn: 0 },
  avgBaseSalary: 120000,
  allSalariesCount: 1,
  allAcceptedOffersCount: 1,
  byLevel: { unknown: { count: 1, avgBase: 120000, salaries: [Array] } },
  roleLevels: [ 'unknown' ],
  offersWithRoleLevel: 0,
  offersWithoutRoleLevel: 1,
  allOfferIds: [ 1 ],
  allOfferCompanies: [ '1: Tech Corp' ]
}

stdout | tests/routes/education.test.js
[dotenv@17.2.3] injecting env (17) from .env.test -- tip: ΓÜÖ∩╕Å  enable debug logging with { debug: true }

stdout | tests/routes/compensationAnalytics.test.js > Compensation Analytics Routes > GET /api/compensation-analytics/comprehensive > should get comprehensive compensation analytics
≡ƒôè Using estimated growth rate: 8% for mid level (single role)
≡ƒÆ░ Current salary from accepted offer in compensation history: $120000 (Role: Tech Corp - Software Engineer, ID: 1)

stdout | tests/routes/education.test.js
[dotenv@17.2.3] injecting env (0) from .env -- tip: ΓÜÖ∩╕Å  override existing env vars with { override: true }
≡ƒöÆ SSL enabled for Supabase connection (shared pool)
≡ƒôè Database pool initialized (max: 2, Supabase: true)

stdout | tests/routes/education.test.js
[dotenv@17.2.3] injecting env (0) from .env.test -- tip: ΓÜÖ∩╕Å  write to custom object with { processEnv: myObject }

stdout | tests/routes/mockInterviews.test.js > Mock Interviews Routes > POST /api/mock-interviews/:sessionId/complete > should return 400 if no responses found
Γ£à logApiUsage: Successfully logged API usage with ID 1867 for openai

stdout | tests/routes/match.test.js
[dotenv@17.2.3] injecting env (17) from .env.test -- tip: ΓÜÖ∩╕Å  write to custom object with { processEnv: myObject }

stdout | tests/routes/dashboard.test.js > Dashboard Routes > GET /api/dashboard/stats > should calculate key metrics correctly
ΓÅ▒ Stage Times Result: [
  { status: 'Applied', avg_days: '0.00000000000000000000' },
  { status: 'Interview', avg_days: '0.00000000000000000000' },
  { status: 'Offer', avg_days: '0.00000000000000000000' },
  { status: 'Rejected', avg_days: '0.00000000000000000000' }
]

stdout | tests/routes/match.test.js
[dotenv@17.2.3] injecting env (0) from .env -- tip: ≡ƒöÉ prevent committing .env to code: https://dotenvx.com/precommit
≡ƒöÆ SSL enabled for Supabase connection (shared pool)
≡ƒôè Database pool initialized (max: 2, Supabase: true)

stdout | tests/routes/match.test.js
[dotenv@17.2.3] injecting env (0) from .env.test -- tip: Γ£à audit secrets and track compliance: https://dotenvx.com/ops

stdout | tests/routes/networkingAnalysis.test.js > Networking Analysis Routes > GET /api/networking-analysis/full > should calculate relationship metrics correctly
≡ƒôè Total contacts in networking_contacts for user 72556: 2

stdout | tests/routes/technicalPrep.test.js > Technical Prep Routes > POST /api/technical-prep/system-design > should generate a system design question
≡ƒÅù∩╕Å Generating system design question for senior Senior Engineer

stdout | tests/routes/dashboard.test.js > Dashboard Routes > GET /api/dashboard/stats > should calculate key metrics correctly
Γ£à Sending response with: { total_applications: 11, total_interviews: 3, total_offers: 2 }
========================================

stdout | tests/routes/mockInterviews.test.js > Mock Interviews Routes > POST /api/mock-interviews/:sessionId/complete > should return 400 if no responses found
Γ£à Tracked API call: openai POST /v1/chat/completions (success: true, user: null)

stdout | tests/routes/mockInterviews.test.js > Mock Interviews Routes > POST /api/mock-interviews/:sessionId/complete > should return 400 if no responses found
Γ£à Mock interview completed with summary

stdout | tests/routes/networkingAnalysis.test.js > Networking Analysis Routes > GET /api/networking-analysis/full > should calculate relationship metrics correctly
Γ£ô Contacts: 2 contacts found
≡ƒôï Sample contact (newest first): {
  id: 243,
  name: 'John Doe',
  strength: 4,
  engagement: '0.8',
  created_at: 2025-12-15T23:49:21.681Z
}

stdout | tests/routes/technicalPrep.test.js > Technical Prep Routes > POST /api/technical-prep/system-design > should generate a system design question
≡ƒôè logApiUsage: Inserting log for openai - userId: 72567, endpoint: /v1/chat/completions

stderr | tests/routes/jobRoutes.test.js > Job Routes > GET /api/job/test-ai > should test Gemini AI connection 
successfully
Gemini test error: Error: API Error
    at C:/Users/aditn/OneDrive/Desktop/Cursor/Aandsz-Forces-ATS-CS490/backend/tests/routes/jobRoutes.test.js:184:55
    at file:///C:/Users/aditn/OneDrive/Desktop/Cursor/Aandsz-Forces-ATS-CS490/backend/node_modules/@vitest/runner/dist/
index.js:145:11
    at file:///C:/Users/aditn/OneDrive/Desktop/Cursor/Aandsz-Forces-ATS-CS490/backend/node_modules/@vitest/runner/dist/
index.js:915:26
    at file:///C:/Users/aditn/OneDrive/Desktop/Cursor/Aandsz-Forces-ATS-CS490/backend/node_modules/@vitest/runner/dist/
index.js:1240:20
    at new Promise (<anonymous>)
    at runWithTimeout (file:///C:/Users/aditn/OneDrive/Desktop/Cursor/Aandsz-Forces-ATS-CS490/backend/node_modules/@vit
est/runner/dist/index.js:1206:10)
    at file:///C:/Users/aditn/OneDrive/Desktop/Cursor/Aandsz-Forces-ATS-CS490/backend/node_modules/@vitest/runner/dist/
index.js:1650:37
    at Traces.$ (file:///C:/Users/aditn/OneDrive/Desktop/Cursor/Aandsz-Forces-ATS-CS490/backend/node_modules/vitest/dis
t/chunks/traces.U4xDYhzZ.js:115:27)
    at trace (file:///C:/Users/aditn/OneDrive/Desktop/Cursor/Aandsz-Forces-ATS-CS490/backend/node_modules/vitest/dist/c
hunks/test.BT8LKgU9.js:239:21)
    at runTest (file:///C:/Users/aditn/OneDrive/Desktop/Cursor/Aandsz-Forces-ATS-CS490/backend/node_modules/@vitest/run
ner/dist/index.js:1650:12)

stdout | tests/routes/networkingAnalysis.test.js > Networking Analysis Routes > GET /api/networking-analysis/full > should calculate relationship metrics correctly
≡ƒôè Total contacts in professional_contacts for user 72556: 0
≡ƒôè Final total contacts after merging: 2
≡ƒôï All contact names: John Doe, Jane Smith

stderr | tests/routes/technicalPrep.test.js > Technical Prep Routes > POST /api/technical-prep/system-design > should 
generate a system design question
Γ¥î Error logging API usage: error: insert or update on table "api_usage_logs" violates foreign key constraint 
"api_usage_logs_user_id_fkey"
    at C:\Users\aditn\OneDrive\Desktop\Cursor\Aandsz-Forces-ATS-CS490\backend\node_modules\pg\lib\client.js:545:17
    at processTicksAndRejections (node:internal/process/task_queues:105:5)
    at logApiUsage 
(C:/Users/aditn/OneDrive/Desktop/Cursor/Aandsz-Forces-ATS-CS490/backend/utils/apiTrackingService.js:68:20)
    at trackApiCall 
(C:/Users/aditn/OneDrive/Desktop/Cursor/Aandsz-Forces-ATS-CS490/backend/utils/apiTrackingService.js:281:7)
    at generateSystemDesignQuestion 
(C:/Users/aditn/OneDrive/Desktop/Cursor/Aandsz-Forces-ATS-CS490/backend/routes/technicalPrep.js:291:22)
    at C:/Users/aditn/OneDrive/Desktop/Cursor/Aandsz-Forces-ATS-CS490/backend/routes/technicalPrep.js:1085:22 {
  length: 282,
  severity: 'ERROR',
  code: '23503',
  detail: 'Key (user_id)=(72567) is not present in table "users".',
  hint: undefined,
  position: undefined,
  internalPosition: undefined,
  internalQuery: undefined,
  where: undefined,
  schema: 'public',
  table: 'api_usage_logs',
  column: undefined,
  dataType: undefined,
  constraint: 'api_usage_logs_user_id_fkey',
  file: 'ri_triggers.c',
  line: '2599',
  routine: 'ri_ReportViolation'
}
   Service: openai Endpoint: /v1/chat/completions User: 72567
   Full error: insert or update on table "api_usage_logs" violates foreign key constraint 
"api_usage_logs_user_id_fkey" error: insert or update on table "api_usage_logs" violates foreign key constraint 
"api_usage_logs_user_id_fkey"
    at C:\Users\aditn\OneDrive\Desktop\Cursor\Aandsz-Forces-ATS-CS490\backend\node_modules\pg\lib\client.js:545:17
    at processTicksAndRejections (node:internal/process/task_queues:105:5)
    at logApiUsage 
(C:/Users/aditn/OneDrive/Desktop/Cursor/Aandsz-Forces-ATS-CS490/backend/utils/apiTrackingService.js:68:20)
    at trackApiCall 
(C:/Users/aditn/OneDrive/Desktop/Cursor/Aandsz-Forces-ATS-CS490/backend/utils/apiTrackingService.js:281:7)
    at generateSystemDesignQuestion 
(C:/Users/aditn/OneDrive/Desktop/Cursor/Aandsz-Forces-ATS-CS490/backend/routes/technicalPrep.js:291:22)
    at C:/Users/aditn/OneDrive/Desktop/Cursor/Aandsz-Forces-ATS-CS490/backend/routes/technicalPrep.js:1085:22

stdout | tests/routes/technicalPrep.test.js > Technical Prep Routes > POST /api/technical-prep/system-design > should generate a system design question
Γ£à Tracked API call: openai POST /v1/chat/completions (success: true, user: 72567)

stdout | tests/routes/compensationAnalytics.test.js > Compensation Analytics Routes > GET /api/compensation-analytics/comprehensive > should handle database errors gracefully
≡ƒôè Application History Status Changes to Offer: { totalHistoryEntries: 0, uniqueJobsWithOfferStatus: 0, jobIds: [] }
≡ƒôè Offers Fetched from Database: { totalOffers: 0, userId: 72571, offers: [] }
≡ƒôè Compensation History Filtering: {
  totalCompHistory: 0,
  validCompHistory: 0,
  filteredOut: 0,
  filteredEntries: []
}
≡ƒôè Processing jobs with role_level: { totalJobs: 0, jobsWithRoleLevel: 0, jobs: [] }
≡ƒôè All Offers Processed: { totalOffers: 0, offers: [], byLevelCounts: [] }
≡ƒôè Offer Tracking Stats: {
  totalOffers: 0,
  actualOffersCount: 0,
  acceptedCount: 0,
  acceptedVsRejected: { accepted: 0, rejected: 0, pending: 0, expired: 0, withdrawn: 0 },
  avgBaseSalary: 0,
  allSalariesCount: 0,
  allAcceptedOffersCount: 0,
  byLevel: {},
  roleLevels: [],
  offersWithRoleLevel: 0,
  offersWithoutRoleLevel: 0,
  allOfferIds: [],
  allOfferCompanies: []
}
≡ƒôè Using estimated growth rate: 8% for mid level (no historical data)

stderr | tests/routes/compensationAnalytics.test.js > Compensation Analytics Routes > GET 
/api/compensation-analytics/comprehensive > should handle database errors gracefully
Query 0 failed: Error: Database error
    at Object.<anonymous> (C:/Users/aditn/OneDrive/Desktop/Cursor/Aandsz-Forces-ATS-CS490/backend/tests/routes/compensa
tionAnalytics.test.js:438:33)
    at Object.Mock [as query] (file:///C:/Users/aditn/OneDrive/Desktop/Cursor/Aandsz-Forces-ATS-CS490/backend/node_modu
les/@vitest/spy/dist/index.js:285:34)
    at C:/Users/aditn/OneDrive/Desktop/Cursor/Aandsz-Forces-ATS-CS490/backend/routes/compensationAnalytics.js:500:14
    at Layer.handle [as handle_request] 
(C:\Users\aditn\OneDrive\Desktop\Cursor\Aandsz-Forces-ATS-CS490\backend\node_modules\express\lib\router\layer.js:95:5)
    at next (C:\Users\aditn\OneDrive\Desktop\Cursor\Aandsz-Forces-ATS-CS490\backend\node_modules\express\lib\router\rou
te.js:149:13)
    at Route.dispatch 
(C:\Users\aditn\OneDrive\Desktop\Cursor\Aandsz-Forces-ATS-CS490\backend\node_modules\express\lib\router\route.js:119:3)
    at Layer.handle [as handle_request] 
(C:\Users\aditn\OneDrive\Desktop\Cursor\Aandsz-Forces-ATS-CS490\backend\node_modules\express\lib\router\layer.js:95:5)
    at 
C:\Users\aditn\OneDrive\Desktop\Cursor\Aandsz-Forces-ATS-CS490\backend\node_modules\express\lib\router\index.js:284:15
    at Function.process_params (C:\Users\aditn\OneDrive\Desktop\Cursor\Aandsz-Forces-ATS-CS490\backend\node_modules\exp
ress\lib\router\index.js:346:12)
    at next (C:\Users\aditn\OneDrive\Desktop\Cursor\Aandsz-Forces-ATS-CS490\backend\node_modules\express\lib\router\ind
ex.js:280:10)
ΓÜá∩╕Å No offers found for user 72571

stdout | tests/routes/offers.test.js > Offers Routes > POST /api/offers/:id/accept > should accept an offer
≡ƒô¥ Accepting offer 1 for user 72572

stdout | tests/routes/offers.test.js > Offers Routes > POST /api/offers/:id/accept > should accept an offer
Γ£à Compensation history created for offer 1

stdout | tests/routes/compensationAnalytics.test.js
Γ£à Test database pool closed

stdout | tests/routes/compensationAnalytics.test.js
Γ£à Test environment cleaned up

 Γ£ô tests/routes/compensationAnalytics.test.js (11 tests) 2422ms
stdout | tests/routes/offers.test.js > Offers Routes > POST /api/offers/:id/accept > should return 404 if offer not found
≡ƒô¥ Accepting offer 999 for user 72580

stderr | tests/routes/offers.test.js > Offers Routes > POST /api/offers/:id/accept > should return 404 if offer not 
found
Γ¥î Offer 999 not found for user 72580

stdout | tests/routes/networkingAnalysis.test.js > Networking Analysis Routes > GET /api/networking-analysis/full > should calculate relationship metrics correctly
Γ£ô Referrals: 0 referrals found

stdout | tests/routes/technicalPrep.test.js > Technical Prep Routes > POST /api/technical-prep/save-system-design > should save system design progress
≡ƒÆ╛ Saving system design progress for question 1

stdout | tests/routes/technicalPrep.test.js > Technical Prep Routes > POST /api/technical-prep/save-system-design > should save system design progress
Γ£à System design progress saved

stdout | tests/routes/networkingAnalysis.test.js > Networking Analysis Routes > GET /api/networking-analysis/full > should calculate relationship metrics correctly
Γ£ô Events: 0 events found

stdout | tests/routes/dashboard.test.js > Dashboard Routes > GET /api/dashboard/stats > should exclude archived jobs from metrics
========================================
≡ƒöì Dashboard Stats Request
========================================
   User ID: 72574
   Start Date: 2000-01-01 00:00:00
   End Date: 2100-12-31 23:59:59

stdout | tests/routes/networkingAnalysis.test.js > Networking Analysis Routes > GET /api/networking-analysis/full > should calculate relationship metrics correctly
========================================
Networking Analysis Summary:
  Contacts: 2
  Activities: 0
  Referrals: 0
  Events: 0
  Data Quality: Limited
========================================

stdout | tests/routes/offers.test.js > Offers Routes > DELETE /api/offers/:id > should delete an offer
Γ£à Offer 1 deleted successfully

stdout | tests/routes/dashboard.test.js > Dashboard Routes > GET /api/dashboard/stats > should exclude archived jobs from metrics
≡ƒº¬ Total jobs for user: 3

stdout | tests/routes/dashboard.test.js > Dashboard Routes > GET /api/dashboard/stats > should exclude archived jobs from metrics
≡ƒº¬ Jobs in date range: { total: '3', earliest_date: null, latest_date: null }

stdout | tests/routes/profile.test.js
[dotenv@17.2.3] injecting env (17) from .env.test -- tip: ≡ƒæÑ sync secrets across teammates & machines: https://dotenvx.com/ops

stdout | tests/routes/profile.test.js
[dotenv@17.2.3] injecting env (0) from .env -- tip: Γ£à audit secrets and track compliance: https://dotenvx.com/ops
≡ƒöÆ SSL enabled for Supabase connection (shared pool)
≡ƒôè Database pool initialized (max: 2, Supabase: true)

stdout | tests/routes/profile.test.js
[dotenv@17.2.3] injecting env (0) from .env.test -- tip: ΓÜÖ∩╕Å  enable debug logging with { debug: true }

stdout | tests/routes/jobRoutes.test.js
Γ£à Test database pool closed

stdout | tests/routes/mockInterviews.test.js
Γ£à Test database pool closed

stdout | tests/routes/customReports.test.js > Custom Reports Routes > GET /api/custom-reports/filter-options > should exclude archived jobs from filter options
≡ƒôè Custom Reports Filter Options for user 72568:
  - Companies: 0 found
  - Industries: 0 found
  - Roles: 0 found

stdout | tests/routes/jobRoutes.test.js
Γ£à Test environment cleaned up

stdout | tests/routes/mockInterviews.test.js
Γ£à Test environment cleaned up

stdout | tests/routes/dashboard.test.js > Dashboard Routes > GET /api/dashboard/stats > should exclude archived jobs from metrics
≡ƒº¬ Archive status: { total: '3', archived: '2', not_archived: '1' }

 Γ£ô tests/routes/jobRoutes.test.js (19 tests) 2995ms
 Γ£ô tests/routes/mockInterviews.test.js (11 tests) 2749ms
stdout | tests/routes/dashboard.test.js > Dashboard Routes > GET /api/dashboard/stats > should exclude archived jobs from metrics
≡ƒôè Key Metrics Result: { total_applications: '1', total_interviews: '0', total_offers: '0' }

stdout | tests/routes/offers.test.js
Γ£à Test database pool closed

stdout | tests/routes/offers.test.js
Γ£à Test environment cleaned up

 Γ£ô tests/routes/offers.test.js (14 tests) 2882ms
stdout | tests/routes/dashboard.test.js > Dashboard Routes > GET /api/dashboard/stats > should exclude archived jobs from metrics
≡ƒôê Trends Result: 1 weeks found

stdout | tests/routes/dashboard.test.js > Dashboard Routes > GET /api/dashboard/stats > should exclude archived jobs from metrics
≡ƒôë Funnel Result: { applied: '1', interview: '0', offer: '0' }

stdout | tests/routes/dashboard.test.js > Dashboard Routes > GET /api/dashboard/stats > should exclude archived jobs from metrics
ΓÅ▒ Stage Times Result: [ { status: 'Applied', avg_days: '0.00000000000000000000' } ]

stdout | tests/routes/dashboard.test.js > Dashboard Routes > GET /api/dashboard/stats > should exclude archived jobs from metrics
Γ£à Sending response with: { total_applications: 1, total_interviews: 0, total_offers: 0 }
========================================

stdout | tests/routes/technicalPrep.test.js > Technical Prep Routes > POST /api/technical-prep/whiteboard > should generate whiteboard practice session
≡ƒôï Generating whiteboard session: algorithms

stdout | tests/routes/technicalPrep.test.js > Technical Prep Routes > POST /api/technical-prep/whiteboard > should generate whiteboard practice session
≡ƒôè logApiUsage: Inserting log for openai - userId: 72600, endpoint: /v1/chat/completions

stdout | tests/routes/cover_letter.test.js
[dotenv@17.2.3] injecting env (17) from .env.test -- tip: ΓÜÖ∩╕Å  load multiple .env files with { path: ['.env.local', '.env'] }

stdout | tests/routes/resume.test.js
[dotenv@17.2.3] injecting env (17) from .env.test -- tip: ΓÜÖ∩╕Å  specify custom .env file path with { path: '/custom/path/.env' }

stdout | tests/routes/networkingAnalysis.test.js > Networking Analysis Routes > GET /api/networking-analysis/full > should calculate referral analytics correctly
========================================
Networking Analysis for user: 72591
========================================

stderr | tests/routes/technicalPrep.test.js > Technical Prep Routes > POST /api/technical-prep/whiteboard > should 
generate whiteboard practice session
Γ¥î Error logging API usage: error: insert or update on table "api_usage_logs" violates foreign key constraint 
"api_usage_logs_user_id_fkey"
    at C:\Users\aditn\OneDrive\Desktop\Cursor\Aandsz-Forces-ATS-CS490\backend\node_modules\pg\lib\client.js:545:17
    at processTicksAndRejections (node:internal/process/task_queues:105:5)
    at logApiUsage 
(C:/Users/aditn/OneDrive/Desktop/Cursor/Aandsz-Forces-ATS-CS490/backend/utils/apiTrackingService.js:68:20)
    at trackApiCall 
(C:/Users/aditn/OneDrive/Desktop/Cursor/Aandsz-Forces-ATS-CS490/backend/utils/apiTrackingService.js:281:7)
    at generateWhiteboardSession 
(C:/Users/aditn/OneDrive/Desktop/Cursor/Aandsz-Forces-ATS-CS490/backend/routes/technicalPrep.js:490:22)
    at C:/Users/aditn/OneDrive/Desktop/Cursor/Aandsz-Forces-ATS-CS490/backend/routes/technicalPrep.js:1244:21 {
  length: 282,
  severity: 'ERROR',
  code: '23503',
  detail: 'Key (user_id)=(72600) is not present in table "users".',
  hint: undefined,
  position: undefined,
  internalPosition: undefined,
  internalQuery: undefined,
  where: undefined,
  schema: 'public',
  table: 'api_usage_logs',
  column: undefined,
  dataType: undefined,
  constraint: 'api_usage_logs_user_id_fkey',
  file: 'ri_triggers.c',
  line: '2599',
  routine: 'ri_ReportViolation'
}
   Service: openai Endpoint: /v1/chat/completions User: 72600
   Full error: insert or update on table "api_usage_logs" violates foreign key constraint 
"api_usage_logs_user_id_fkey" error: insert or update on table "api_usage_logs" violates foreign key constraint 
"api_usage_logs_user_id_fkey"
    at C:\Users\aditn\OneDrive\Desktop\Cursor\Aandsz-Forces-ATS-CS490\backend\node_modules\pg\lib\client.js:545:17
    at processTicksAndRejections (node:internal/process/task_queues:105:5)
    at logApiUsage 
(C:/Users/aditn/OneDrive/Desktop/Cursor/Aandsz-Forces-ATS-CS490/backend/utils/apiTrackingService.js:68:20)
    at trackApiCall 
(C:/Users/aditn/OneDrive/Desktop/Cursor/Aandsz-Forces-ATS-CS490/backend/utils/apiTrackingService.js:281:7)
    at generateWhiteboardSession 
(C:/Users/aditn/OneDrive/Desktop/Cursor/Aandsz-Forces-ATS-CS490/backend/routes/technicalPrep.js:490:22)
    at C:/Users/aditn/OneDrive/Desktop/Cursor/Aandsz-Forces-ATS-CS490/backend/routes/technicalPrep.js:1244:21

stdout | tests/routes/technicalPrep.test.js > Technical Prep Routes > POST /api/technical-prep/whiteboard > should generate whiteboard practice session
Γ£à Tracked API call: openai POST /v1/chat/completions (success: true, user: 72600)

stdout | tests/routes/cover_letter.test.js
[dotenv@17.2.3] injecting env (0) from .env -- tip: ≡ƒôí add observability to secrets: https://dotenvx.com/ops
≡ƒöÆ SSL enabled for Supabase connection (shared pool)
≡ƒôè Database pool initialized (max: 2, Supabase: true)

stdout | tests/routes/cover_letter.test.js
[dotenv@17.2.3] injecting env (0) from .env.test -- tip: ΓÜÖ∩╕Å  write to custom object with { processEnv: myObject }

stdout | tests/routes/resume.test.js
[dotenv@17.2.3] injecting env (0) from .env -- tip: ΓÜÖ∩╕Å  load multiple .env files with { path: ['.env.local', '.env'] }
≡ƒöÆ SSL enabled for Supabase connection (shared pool)
≡ƒôè Database pool initialized (max: 2, Supabase: true)

stdout | tests/routes/resume.test.js
[dotenv@17.2.3] injecting env (0) from .env.test -- tip: Γ£à audit secrets and track compliance: https://dotenvx.com/ops

stdout | tests/routes/networkingAnalysis.test.js > Networking Analysis Routes > GET /api/networking-analysis/full > should calculate referral analytics correctly
Γ£ô Activities: 0 activity groups found

stdout | tests/routes/job.test.js
[dotenv@17.2.3] injecting env (17) from .env.test -- tip: Γ£à audit secrets and track compliance: https://dotenvx.com/ops

stdout | tests/routes/job.test.js
[dotenv@17.2.3] injecting env (0) from .env -- tip: ≡ƒ¢á∩╕Å  run anywhere with `dotenvx run -- yourcommand`
≡ƒöÆ SSL enabled for Supabase connection (shared pool)
≡ƒôè Database pool initialized (max: 2, Supabase: true)

stdout | tests/routes/job.test.js
[dotenv@17.2.3] injecting env (0) from .env.test -- tip: ≡ƒöæ add access controls to secrets: https://dotenvx.com/ops

stdout | tests/routes/networkingAnalysis.test.js > Networking Analysis Routes > GET /api/networking-analysis/full > should calculate referral analytics correctly
≡ƒôè Total contacts in networking_contacts for user 72591: 1

stdout | tests/routes/networkingAnalysis.test.js > Networking Analysis Routes > GET /api/networking-analysis/full > should calculate referral analytics correctly
Γ£ô Contacts: 1 contacts found
≡ƒôï Sample contact (newest first): {
  id: 245,
  name: 'Referrer Contact',
  strength: 1,
  engagement: '0.0',
  created_at: 2025-12-15T23:49:22.396Z
}

stdout | tests/routes/networkingAnalysis.test.js > Networking Analysis Routes > GET /api/networking-analysis/full > should calculate referral analytics correctly
≡ƒôè Total contacts in professional_contacts for user 72591: 0
≡ƒôè Final total contacts after merging: 1
≡ƒôï All contact names: Referrer Contact

stdout | tests/routes/networkingAnalysis.test.js > Networking Analysis Routes > GET /api/networking-analysis/full > should calculate referral analytics correctly
Γ£ô Referrals: 1 referrals found

stdout | tests/routes/technicalPrep.test.js > Technical Prep Routes > POST /api/technical-prep/generate-questions > should generate technical questions based on job
Γ¥ô Generating technical questions for mid level

stdout | tests/routes/networkingAnalysis.test.js > Networking Analysis Routes > GET /api/networking-analysis/full > should calculate referral analytics correctly
Γ£ô Events: 0 events found

stdout | tests/routes/technicalPrep.test.js > Technical Prep Routes > POST /api/technical-prep/generate-questions > should generate technical questions based on job
≡ƒôè logApiUsage: Inserting log for openai - userId: null, endpoint: /v1/chat/completions

stdout | tests/routes/networkingAnalysis.test.js > Networking Analysis Routes > GET /api/networking-analysis/full > should calculate referral analytics correctly
========================================
Networking Analysis Summary:
  Contacts: 1
  Activities: 0
  Referrals: 1
  Events: 0
  Data Quality: Limited
========================================

stdout | tests/routes/technicalPrep.test.js > Technical Prep Routes > POST /api/technical-prep/generate-questions > should generate technical questions based on job
Γ£à logApiUsage: Successfully logged API usage with ID 1870 for openai

stdout | tests/routes/technicalPrep.test.js > Technical Prep Routes > POST /api/technical-prep/generate-questions > should generate technical questions based on job
Γ£à Tracked API call: openai POST /v1/chat/completions (success: true, user: null)

stdout | tests/routes/networkingAnalysis.test.js > Networking Analysis Routes > GET /api/networking-analysis/full > should calculate ROI metrics correctly
========================================
Networking Analysis for user: 72616
========================================

stdout | tests/routes/networkingAnalysis.test.js > Networking Analysis Routes > GET /api/networking-analysis/full > should calculate ROI metrics correctly
Γ£ô Activities: 0 activity groups found

stdout | tests/routes/careerGoals.test.js
Γ£à Test database pool closed

stdout | tests/routes/careerGoals.test.js
Γ£à Test environment cleaned up

stdout | tests/routes/networkingAnalysis.test.js > Networking Analysis Routes > GET /api/networking-analysis/full > should calculate ROI metrics correctly
≡ƒôè Total contacts in networking_contacts for user 72616: 0

 Γ£ô tests/routes/careerGoals.test.js (17 tests) 3747ms
       Γ£ô should return 401 if not authenticated  320ms
       Γ£ô should return 404 if goal not found  317ms
stdout | tests/routes/networkingAnalysis.test.js > Networking Analysis Routes > GET /api/networking-analysis/full > should calculate ROI metrics correctly
Γ£ô Contacts: 0 contacts found

stdout | tests/routes/networkingAnalysis.test.js > Networking Analysis Routes > GET /api/networking-analysis/full > should calculate ROI metrics correctly
≡ƒôè Total contacts in professional_contacts for user 72616: 0
≡ƒôè Final total contacts after merging: 0

stdout | tests/routes/company.test.js
[dotenv@17.2.3] injecting env (17) from .env.test -- tip: ≡ƒöÉ encrypt with Dotenvx: https://dotenvx.com

stdout | tests/routes/company.test.js
[dotenv@17.2.3] injecting env (0) from .env -- tip: ≡ƒöÉ prevent committing .env to code: https://dotenvx.com/precommit
≡ƒöÆ SSL enabled for Supabase connection (shared pool)
≡ƒôè Database pool initialized (max: 2, Supabase: true)

stdout | tests/routes/company.test.js
[dotenv@17.2.3] injecting env (0) from .env.test -- tip: ΓÜÖ∩╕Å  suppress all logs with { quiet: true }

stdout | tests/routes/customReports.test.js > Custom Reports Routes > POST /api/custom-reports/generate > should generate JSON report with default metrics
≡ƒôè Custom Report Generation for user 72601:
  - Comprehensive mode: false
  - Filters received: {}

stdout | tests/routes/customReports.test.js > Custom Reports Routes > POST /api/custom-reports/generate > should generate JSON report with default metrics
  - Filtered: Fetched 17 jobs with filters
  - Total jobs: 17
  - Actual applications (excluding 'Interested'): 17
  - Selected metrics: totalApplications, successRate

stdout | tests/routes/technicalPrep.test.js
Γ£à Test database pool closed

stdout | tests/routes/technicalPrep.test.js
Γ£à Test environment cleaned up

 Γ£ô tests/routes/technicalPrep.test.js (22 tests) 4526ms
stdout | tests/routes/dashboard.test.js > Dashboard Routes > GET /api/dashboard/stats > should filter by date range
========================================
≡ƒöì Dashboard Stats Request
========================================
   User ID: 72604
   Start Date: 2025-12-15 00:00:00
   End Date: 2026-01-01 23:59:59

stdout | tests/routes/dashboard.test.js > Dashboard Routes > GET /api/dashboard/stats > should filter by date range
≡ƒº¬ Total jobs for user: 5

stdout | tests/routes/dashboard.test.js > Dashboard Routes > GET /api/dashboard/stats > should filter by date range
≡ƒº¬ Jobs in date range: {
  total: '3',
  earliest_date: 2025-12-15T05:00:00.000Z,
  latest_date: 2025-12-15T05:00:00.000Z
}

stdout | tests/routes/dashboard.test.js > Dashboard Routes > GET /api/dashboard/stats > should filter by date range
≡ƒº¬ Archive status: { total: '5', archived: '0', not_archived: '5' }

stdout | tests/routes/dashboard.test.js > Dashboard Routes > GET /api/dashboard/stats > should filter by date range
≡ƒôè Key Metrics Result: { total_applications: '3', total_interviews: '0', total_offers: '0' }

stdout | tests/routes/calendar.test.js
[dotenv@17.2.3] injecting env (17) from .env.test -- tip: ≡ƒ¢á∩╕Å  run anywhere with `dotenvx run -- yourcommand`

stdout | tests/routes/calendar.test.js
[dotenv@17.2.3] injecting env (0) from .env -- tip: ≡ƒ¢á∩╕Å  run anywhere with `dotenvx run -- yourcommand`
≡ƒöÆ SSL enabled for Supabase connection (shared pool)
≡ƒôè Database pool initialized (max: 2, Supabase: true)

stdout | tests/routes/calendar.test.js
[dotenv@17.2.3] injecting env (0) from .env.test -- tip: ΓÜÖ∩╕Å  specify custom .env file path with { path: '/custom/path/.env' }

stdout | tests/routes/dashboard.test.js > Dashboard Routes > GET /api/dashboard/stats > should filter by date range
≡ƒôê Trends Result: 1 weeks found

stdout | tests/routes/dashboard.test.js > Dashboard Routes > GET /api/dashboard/stats > should filter by date range
≡ƒôë Funnel Result: { applied: '3', interview: '0', offer: '0' }

stdout | tests/routes/dashboard.test.js > Dashboard Routes > GET /api/dashboard/stats > should filter by date range
ΓÅ▒ Stage Times Result: [ { status: 'Applied', avg_days: '0.00000000000000000000' } ]

stdout | tests/routes/dashboard.test.js > Dashboard Routes > GET /api/dashboard/stats > should filter by date range
Γ£à Sending response with: { total_applications: 3, total_interviews: 0, total_offers: 0 }
========================================

stdout | tests/routes/calendar.test.js
[dotenv@17.2.3] injecting env (0) from .env -- tip: ≡ƒæÑ sync secrets across teammates & machines: https://dotenvx.com/ops

stdout | tests/routes/salaryResearch.test.js
[dotenv@17.2.3] injecting env (17) from .env.test -- tip: ΓÜÖ∩╕Å  specify custom .env file path with { path: '/custom/path/.env' }

stdout | tests/routes/salaryResearch.test.js
[dotenv@17.2.3] injecting env (0) from .env -- tip: ΓÜÖ∩╕Å  specify custom .env file path with { path: '/custom/path/.env' }
≡ƒöÆ SSL enabled for Supabase connection (shared pool)
≡ƒôè Database pool initialized (max: 2, Supabase: true)

stdout | tests/routes/salaryResearch.test.js
[dotenv@17.2.3] injecting env (0) from .env.test -- tip: ΓÜÖ∩╕Å  load multiple .env files with { path: ['.env.local', '.env'] }

stdout | tests/routes/networkingAnalysis.test.js > Networking Analysis Routes > GET /api/networking-analysis/full > should calculate ROI metrics correctly
Γ£ô Referrals: 0 referrals found

stdout | tests/routes/networkingAnalysis.test.js > Networking Analysis Routes > GET /api/networking-analysis/full > should calculate ROI metrics correctly
Γ£ô Events: 1 events found
≡ƒôà Sample event: {
  id: 23,
  name: 'Tech Conference',
  date: 2025-12-15T05:00:00.000Z,
  created: 'N/A'
}

stdout | tests/routes/networkingAnalysis.test.js > Networking Analysis Routes > GET /api/networking-analysis/full > should calculate ROI metrics correctly
========================================
Networking Analysis Summary:
  Contacts: 0
  Activities: 0
  Referrals: 0
  Events: 1
  Data Quality: Limited
========================================

stderr | tests/routes/projects.test.js > Projects Routes > Error Handling > should handle database errors in GET 
/api/projects
Γ¥î Project fetch error: Error: Database connection failed
    at C:/Users/aditn/OneDrive/Desktop/Cursor/Aandsz-Forces-ATS-CS490/backend/tests/routes/projects.test.js:530:38
    at file:///C:/Users/aditn/OneDrive/Desktop/Cursor/Aandsz-Forces-ATS-CS490/backend/node_modules/@vitest/runner/dist/
index.js:145:11
    at file:///C:/Users/aditn/OneDrive/Desktop/Cursor/Aandsz-Forces-ATS-CS490/backend/node_modules/@vitest/runner/dist/
index.js:915:26
    at file:///C:/Users/aditn/OneDrive/Desktop/Cursor/Aandsz-Forces-ATS-CS490/backend/node_modules/@vitest/runner/dist/
index.js:1240:20
    at new Promise (<anonymous>)
    at runWithTimeout (file:///C:/Users/aditn/OneDrive/Desktop/Cursor/Aandsz-Forces-ATS-CS490/backend/node_modules/@vit
est/runner/dist/index.js:1206:10)
    at file:///C:/Users/aditn/OneDrive/Desktop/Cursor/Aandsz-Forces-ATS-CS490/backend/node_modules/@vitest/runner/dist/
index.js:1650:37
    at Traces.$ (file:///C:/Users/aditn/OneDrive/Desktop/Cursor/Aandsz-Forces-ATS-CS490/backend/node_modules/vitest/dis
t/chunks/traces.U4xDYhzZ.js:115:27)
    at trace (file:///C:/Users/aditn/OneDrive/Desktop/Cursor/Aandsz-Forces-ATS-CS490/backend/node_modules/vitest/dist/c
hunks/test.BT8LKgU9.js:239:21)
    at runTest (file:///C:/Users/aditn/OneDrive/Desktop/Cursor/Aandsz-Forces-ATS-CS490/backend/node_modules/@vitest/run
ner/dist/index.js:1650:12)

stderr | tests/routes/projects.test.js > Projects Routes > Error Handling > should handle database errors in POST 
/api/projects
Γ¥î Project insert error: Error: Database connection failed
    at C:/Users/aditn/OneDrive/Desktop/Cursor/Aandsz-Forces-ATS-CS490/backend/tests/routes/projects.test.js:544:38
    at file:///C:/Users/aditn/OneDrive/Desktop/Cursor/Aandsz-Forces-ATS-CS490/backend/node_modules/@vitest/runner/dist/
index.js:145:11
    at file:///C:/Users/aditn/OneDrive/Desktop/Cursor/Aandsz-Forces-ATS-CS490/backend/node_modules/@vitest/runner/dist/
index.js:915:26
    at file:///C:/Users/aditn/OneDrive/Desktop/Cursor/Aandsz-Forces-ATS-CS490/backend/node_modules/@vitest/runner/dist/
index.js:1240:20
    at new Promise (<anonymous>)
    at runWithTimeout (file:///C:/Users/aditn/OneDrive/Desktop/Cursor/Aandsz-Forces-ATS-CS490/backend/node_modules/@vit
est/runner/dist/index.js:1206:10)
    at file:///C:/Users/aditn/OneDrive/Desktop/Cursor/Aandsz-Forces-ATS-CS490/backend/node_modules/@vitest/runner/dist/
index.js:1650:37
    at Traces.$ (file:///C:/Users/aditn/OneDrive/Desktop/Cursor/Aandsz-Forces-ATS-CS490/backend/node_modules/vitest/dis
t/chunks/traces.U4xDYhzZ.js:115:27)
    at trace (file:///C:/Users/aditn/OneDrive/Desktop/Cursor/Aandsz-Forces-ATS-CS490/backend/node_modules/vitest/dist/c
hunks/test.BT8LKgU9.js:239:21)
    at runTest (file:///C:/Users/aditn/OneDrive/Desktop/Cursor/Aandsz-Forces-ATS-CS490/backend/node_modules/@vitest/run
ner/dist/index.js:1650:12)

stdout | tests/routes/networkingAnalysis.test.js > Networking Analysis Routes > GET /api/networking-analysis/full > should calculate monthly activity trends
========================================
Networking Analysis for user: 72656
========================================

stdout | tests/routes/auth.test.js
Γ£à Test database pool connected

stdout | tests/routes/networkingAnalysis.test.js > Networking Analysis Routes > GET /api/networking-analysis/full > should calculate monthly activity trends
Γ£ô Activities: 1 activity groups found

stdout | tests/routes/companyResearch.test.js
[dotenv@17.2.3] injecting env (17) from .env.test -- tip: ≡ƒôí add observability to secrets: https://dotenvx.com/ops

stdout | tests/routes/companyResearch.test.js
[dotenv@17.2.3] injecting env (0) from .env -- tip: ≡ƒôí add observability to secrets: https://dotenvx.com/ops
≡ƒöÆ SSL enabled for Supabase connection (shared pool)
≡ƒôè Database pool initialized (max: 2, Supabase: true)

stdout | tests/routes/companyResearch.test.js
[dotenv@17.2.3] injecting env (0) from .env.test -- tip: ≡ƒôí add observability to secrets: https://dotenvx.com/ops

stdout | tests/routes/auth.test.js
Γ£à Test environment initialized (transaction-based isolation)

stdout | tests/routes/auth.test.js > Authentication Routes
[dotenv@17.2.3] injecting env (0) from .env -- tip: ≡ƒ¢á∩╕Å  run anywhere with `dotenvx run -- yourcommand`

stdout | tests/routes/auth.test.js > Authentication Routes
[dotenv@17.2.3] injecting env (0) from .env -- tip: ΓÜÖ∩╕Å  write to custom object with { processEnv: myObject }

stdout | tests/routes/auth.test.js > Authentication Routes
[dotenv@17.2.3] injecting env (0) from .env -- tip: ΓÜÖ∩╕Å  suppress all logs with { quiet: true }

stdout | tests/routes/auth.test.js > Authentication Routes
[dotenv@17.2.3] injecting env (0) from .env -- tip: Γ£à audit secrets and track compliance: https://dotenvx.com/ops

stdout | tests/routes/auth.test.js > Authentication Routes
[dotenv@17.2.3] injecting env (0) from .env -- tip: ≡ƒöÉ encrypt with Dotenvx: https://dotenvx.com

stdout | tests/routes/auth.test.js > Authentication Routes
[dotenv@17.2.3] injecting env (0) from .env -- tip: ΓÜÖ∩╕Å  load multiple .env files with { path: ['.env.local', '.env'] }

stdout | tests/routes/auth.test.js > Authentication Routes
[dotenv@17.2.3] injecting env (0) from .env -- tip: ΓÜÖ∩╕Å  suppress all logs with { quiet: true }

stdout | tests/routes/auth.test.js > Authentication Routes
[dotenv@17.2.3] injecting env (0) from .env -- tip: ≡ƒôí add observability to secrets: https://dotenvx.com/ops

stderr | tests/routes/projects.test.js > Projects Routes > Error Handling > should handle database errors in PUT 
/api/projects/:id
Γ¥î Project update error: Error: Database connection failed
    at C:/Users/aditn/OneDrive/Desktop/Cursor/Aandsz-Forces-ATS-CS490/backend/tests/routes/projects.test.js:564:38
    at file:///C:/Users/aditn/OneDrive/Desktop/Cursor/Aandsz-Forces-ATS-CS490/backend/node_modules/@vitest/runner/dist/
index.js:145:11
    at file:///C:/Users/aditn/OneDrive/Desktop/Cursor/Aandsz-Forces-ATS-CS490/backend/node_modules/@vitest/runner/dist/
index.js:915:26
    at file:///C:/Users/aditn/OneDrive/Desktop/Cursor/Aandsz-Forces-ATS-CS490/backend/node_modules/@vitest/runner/dist/
index.js:1240:20
    at new Promise (<anonymous>)
    at runWithTimeout (file:///C:/Users/aditn/OneDrive/Desktop/Cursor/Aandsz-Forces-ATS-CS490/backend/node_modules/@vit
est/runner/dist/index.js:1206:10)
    at file:///C:/Users/aditn/OneDrive/Desktop/Cursor/Aandsz-Forces-ATS-CS490/backend/node_modules/@vitest/runner/dist/
index.js:1650:37
    at Traces.$ (file:///C:/Users/aditn/OneDrive/Desktop/Cursor/Aandsz-Forces-ATS-CS490/backend/node_modules/vitest/dis
t/chunks/traces.U4xDYhzZ.js:115:27)
    at trace (file:///C:/Users/aditn/OneDrive/Desktop/Cursor/Aandsz-Forces-ATS-CS490/backend/node_modules/vitest/dist/c
hunks/test.BT8LKgU9.js:239:21)
    at runTest (file:///C:/Users/aditn/OneDrive/Desktop/Cursor/Aandsz-Forces-ATS-CS490/backend/node_modules/@vitest/run
ner/dist/index.js:1650:12)

stdout | tests/routes/networkingAnalysis.test.js > Networking Analysis Routes > GET /api/networking-analysis/full > should calculate monthly activity trends
≡ƒôè Total contacts in networking_contacts for user 72656: 0

stdout | tests/routes/networkingAnalysis.test.js > Networking Analysis Routes > GET /api/networking-analysis/full > should calculate monthly activity trends
Γ£ô Contacts: 0 contacts found

stdout | tests/routes/networkingAnalysis.test.js > Networking Analysis Routes > GET /api/networking-analysis/full > should calculate monthly activity trends
≡ƒôè Total contacts in professional_contacts for user 72656: 0
≡ƒôè Final total contacts after merging: 0

stderr | tests/routes/projects.test.js > Projects Routes > Error Handling > should handle database errors in DELETE 
/api/projects/:id
Γ¥î Project delete error: Error: Database connection failed
    at C:/Users/aditn/OneDrive/Desktop/Cursor/Aandsz-Forces-ATS-CS490/backend/tests/routes/projects.test.js:584:38
    at file:///C:/Users/aditn/OneDrive/Desktop/Cursor/Aandsz-Forces-ATS-CS490/backend/node_modules/@vitest/runner/dist/
index.js:145:11
    at file:///C:/Users/aditn/OneDrive/Desktop/Cursor/Aandsz-Forces-ATS-CS490/backend/node_modules/@vitest/runner/dist/
index.js:915:26
    at file:///C:/Users/aditn/OneDrive/Desktop/Cursor/Aandsz-Forces-ATS-CS490/backend/node_modules/@vitest/runner/dist/
index.js:1240:20
    at new Promise (<anonymous>)
    at runWithTimeout (file:///C:/Users/aditn/OneDrive/Desktop/Cursor/Aandsz-Forces-ATS-CS490/backend/node_modules/@vit
est/runner/dist/index.js:1206:10)
    at file:///C:/Users/aditn/OneDrive/Desktop/Cursor/Aandsz-Forces-ATS-CS490/backend/node_modules/@vitest/runner/dist/
index.js:1650:37
    at Traces.$ (file:///C:/Users/aditn/OneDrive/Desktop/Cursor/Aandsz-Forces-ATS-CS490/backend/node_modules/vitest/dis
t/chunks/traces.U4xDYhzZ.js:115:27)
    at trace (file:///C:/Users/aditn/OneDrive/Desktop/Cursor/Aandsz-Forces-ATS-CS490/backend/node_modules/vitest/dist/c
hunks/test.BT8LKgU9.js:239:21)
    at runTest (file:///C:/Users/aditn/OneDrive/Desktop/Cursor/Aandsz-Forces-ATS-CS490/backend/node_modules/@vitest/run
ner/dist/index.js:1650:12)

stdout | tests/routes/companyResearch.test.js
[dotenv@17.2.3] injecting env (0) from .env -- tip: ≡ƒöÉ prevent building .env in docker: https://dotenvx.com/prebuild

stdout | tests/routes/projects.test.js
Γ£à Test database pool closed

stdout | tests/routes/projects.test.js
Γ£à Test environment cleaned up

 Γ£ô tests/routes/projects.test.js (30 tests) 6183ms
stdout | tests/routes/customReports.test.js > Custom Reports Routes > POST /api/custom-reports/generate > should generate report using template
≡ƒôè Custom Report Generation for user 72629:
  - Comprehensive mode: false
  - Filters received: {}

stdout | tests/routes/customReports.test.js > Custom Reports Routes > POST /api/custom-reports/generate > should generate report using template
  - Filtered: Fetched 17 jobs with filters
  - Total jobs: 17
  - Actual applications (excluding 'Interested'): 17
  - Selected metrics: totalApplications, successRate, offerRate, industryBreakdown, timeline

stdout | tests/routes/dashboard.test.js > Dashboard Routes > GET /api/dashboard/stats > should calculate time to response
========================================
≡ƒöì Dashboard Stats Request
========================================
   User ID: 72644
   Start Date: 2000-01-01 00:00:00
   End Date: 2100-12-31 23:59:59

stdout | tests/routes/auth.test.js > Authentication Routes
[dotenv@17.2.3] injecting env (0) from .env -- tip: ΓÜÖ∩╕Å  override existing env vars with { override: true }
≡ƒöæ [RESUMES] Google API Key loaded: AIzaSyDs09...JTXE (39 chars)
Γ£à [RESUMES] OPENAI_API_KEY loaded (fallback enabled)

stdout | tests/routes/auth.test.js > Authentication Routes
[dotenv@17.2.3] injecting env (0) from .env -- tip: ΓÜÖ∩╕Å  load multiple .env files with { path: ['.env.local', '.env'] }

stdout | tests/routes/auth.test.js > Authentication Routes
[dotenv@17.2.3] injecting env (0) from .env -- tip: ≡ƒöæ add access controls to secrets: https://dotenvx.com/ops

stdout | tests/routes/dashboard.test.js > Dashboard Routes > GET /api/dashboard/stats > should calculate time to response
≡ƒº¬ Total jobs for user: 1

stdout | tests/routes/dashboard.test.js > Dashboard Routes > GET /api/dashboard/stats > should calculate time to response
≡ƒº¬ Jobs in date range: {
  total: '1',
  earliest_date: 2024-01-01T05:00:00.000Z,
  latest_date: 2024-01-01T05:00:00.000Z
}

stdout | tests/routes/dashboard.test.js > Dashboard Routes > GET /api/dashboard/stats > should calculate time to response
≡ƒº¬ Archive status: { total: '1', archived: '0', not_archived: '1' }

stdout | tests/routes/skills.test.js
[dotenv@17.2.3] injecting env (17) from .env.test -- tip: ≡ƒöÉ prevent building .env in docker: https://dotenvx.com/prebuild

stdout | tests/routes/auth.test.js > Authentication Routes
[dotenv@17.2.3] injecting env (0) from .env -- tip: ≡ƒöä add secrets lifecycle management: https://dotenvx.com/ops

stdout | tests/routes/skills.test.js
[dotenv@17.2.3] injecting env (0) from .env -- tip: ΓÜÖ∩╕Å  override existing env vars with { override: true }
≡ƒöÆ SSL enabled for Supabase connection (shared pool)
≡ƒôè Database pool initialized (max: 2, Supabase: true)

stdout | tests/routes/auth.test.js > Authentication Routes
[dotenv@17.2.3] injecting env (0) from .env -- tip: ΓÜÖ∩╕Å  suppress all logs with { quiet: true }

stdout | tests/routes/dashboard.test.js > Dashboard Routes > GET /api/dashboard/stats > should calculate time to response
≡ƒôè Key Metrics Result: { total_applications: '1', total_interviews: '1', total_offers: '0' }

stdout | tests/routes/skills.test.js
[dotenv@17.2.3] injecting env (0) from .env.test -- tip: ≡ƒöæ add access controls to secrets: https://dotenvx.com/ops

stdout | tests/routes/auth.test.js > Authentication Routes
[dotenv@17.2.3] injecting env (0) from .env -- tip: ≡ƒöÉ prevent building .env in docker: https://dotenvx.com/prebuild

stdout | tests/routes/auth.test.js > Authentication Routes
[dotenv@17.2.3] injecting env (0) from .env -- tip: Γ£à audit secrets and track compliance: https://dotenvx.com/ops

stdout | tests/routes/dashboard.test.js > Dashboard Routes > GET /api/dashboard/stats > should calculate time to response
≡ƒôê Trends Result: 1 weeks found

stderr | tests/routes/certification.test.js > Certification Routes > Error Handling > should handle database errors in 
GET /api/certifications
Error loading certifications: Error: Database connection failed
    at C:/Users/aditn/OneDrive/Desktop/Cursor/Aandsz-Forces-ATS-CS490/backend/tests/routes/certification.test.js:623:38
    at file:///C:/Users/aditn/OneDrive/Desktop/Cursor/Aandsz-Forces-ATS-CS490/backend/node_modules/@vitest/runner/dist/
index.js:145:11
    at file:///C:/Users/aditn/OneDrive/Desktop/Cursor/Aandsz-Forces-ATS-CS490/backend/node_modules/@vitest/runner/dist/
index.js:915:26
    at file:///C:/Users/aditn/OneDrive/Desktop/Cursor/Aandsz-Forces-ATS-CS490/backend/node_modules/@vitest/runner/dist/
index.js:1240:20
    at new Promise (<anonymous>)
    at runWithTimeout (file:///C:/Users/aditn/OneDrive/Desktop/Cursor/Aandsz-Forces-ATS-CS490/backend/node_modules/@vit
est/runner/dist/index.js:1206:10)
    at file:///C:/Users/aditn/OneDrive/Desktop/Cursor/Aandsz-Forces-ATS-CS490/backend/node_modules/@vitest/runner/dist/
index.js:1650:37
    at Traces.$ (file:///C:/Users/aditn/OneDrive/Desktop/Cursor/Aandsz-Forces-ATS-CS490/backend/node_modules/vitest/dis
t/chunks/traces.U4xDYhzZ.js:115:27)
    at trace (file:///C:/Users/aditn/OneDrive/Desktop/Cursor/Aandsz-Forces-ATS-CS490/backend/node_modules/vitest/dist/c
hunks/test.BT8LKgU9.js:239:21)
    at runTest (file:///C:/Users/aditn/OneDrive/Desktop/Cursor/Aandsz-Forces-ATS-CS490/backend/node_modules/@vitest/run
ner/dist/index.js:1650:12)

stdout | tests/routes/dashboard.test.js > Dashboard Routes > GET /api/dashboard/stats > should calculate time to response
≡ƒôë Funnel Result: { applied: '1', interview: '1', offer: '0' }

stdout | tests/routes/dashboard.test.js > Dashboard Routes > GET /api/dashboard/stats > should calculate time to response
ΓÅ▒ Stage Times Result: [ { status: 'Interview', avg_days: '0.00000000000000000000' } ]

stdout | tests/routes/dashboard.test.js > Dashboard Routes > GET /api/dashboard/stats > should calculate time to response
Γ£à Sending response with: { total_applications: 1, total_interviews: 1, total_offers: 0 }
========================================

stdout | tests/routes/auth.test.js > Authentication Routes
[dotenv@17.2.3] injecting env (0) from .env -- tip: ≡ƒ¢á∩╕Å  run anywhere with `dotenvx run -- yourcommand`

stdout | tests/routes/auth.test.js
Γ£à Test database pool closed

stdout | tests/routes/auth.test.js
Γ£à Test environment cleaned up

stdout | tests/routes/skills.test.js
[dotenv@17.2.3] injecting env (0) from .env -- tip: ≡ƒöÉ prevent committing .env to code: https://dotenvx.com/precommit

stderr | tests/routes/certification.test.js > Certification Routes > Error Handling > should handle database errors in 
POST /api/certifications
Add certification error: Error: Database connection failed
    at C:/Users/aditn/OneDrive/Desktop/Cursor/Aandsz-Forces-ATS-CS490/backend/tests/routes/certification.test.js:637:38
    at file:///C:/Users/aditn/OneDrive/Desktop/Cursor/Aandsz-Forces-ATS-CS490/backend/node_modules/@vitest/runner/dist/
index.js:145:11
    at file:///C:/Users/aditn/OneDrive/Desktop/Cursor/Aandsz-Forces-ATS-CS490/backend/node_modules/@vitest/runner/dist/
index.js:915:26
    at file:///C:/Users/aditn/OneDrive/Desktop/Cursor/Aandsz-Forces-ATS-CS490/backend/node_modules/@vitest/runner/dist/
index.js:1240:20
    at new Promise (<anonymous>)
    at runWithTimeout (file:///C:/Users/aditn/OneDrive/Desktop/Cursor/Aandsz-Forces-ATS-CS490/backend/node_modules/@vit
est/runner/dist/index.js:1206:10)
    at file:///C:/Users/aditn/OneDrive/Desktop/Cursor/Aandsz-Forces-ATS-CS490/backend/node_modules/@vitest/runner/dist/
index.js:1650:37
    at Traces.$ (file:///C:/Users/aditn/OneDrive/Desktop/Cursor/Aandsz-Forces-ATS-CS490/backend/node_modules/vitest/dis
t/chunks/traces.U4xDYhzZ.js:115:27)
    at trace (file:///C:/Users/aditn/OneDrive/Desktop/Cursor/Aandsz-Forces-ATS-CS490/backend/node_modules/vitest/dist/c
hunks/test.BT8LKgU9.js:239:21)
    at runTest (file:///C:/Users/aditn/OneDrive/Desktop/Cursor/Aandsz-Forces-ATS-CS490/backend/node_modules/@vitest/run
ner/dist/index.js:1650:12)

 Γ¥» tests/routes/auth.test.js (65 tests | 65 skipped) 4801ms
       Γåô should register a new user with valid data
       Γåô should reject registration with invalid email format
       Γåô should reject registration with weak password
       Γåô should reject registration when passwords do not match
       Γåô should reject registration with missing first or last name
       Γåô should reject registration with duplicate email
       Γåô should reject registration with invalid account type
       Γåô should register with default account type (candidate)
       Γåô should register mentor account type
       Γåô should login with valid credentials
       Γåô should reject login with invalid email
       Γåô should reject login with invalid password
       Γåô should reject login with missing email
       Γåô should reject login with missing password
       Γåô should handle case-insensitive email
       Γåô should login existing user by LinkedIn ID
       Γåô should create new user when LinkedIn ID does not exist
       Γåô should update existing user with LinkedIn ID when email matches
       Γåô should reject login with missing LinkedIn ID
       Γåô should reject login with missing email for new user
       Γåô should login existing user with valid Google token
       Γåô should create new user with valid Google token
       Γåô should reject login with missing Google token
       Γåô should reject login with invalid Google token
       Γåô should logout successfully
       Γåô should send reset code for existing email
       Γåô should return success message even for non-existent email (security)
       Γåô should handle missing email
       Γåô should reset password with valid code
       Γåô should reject reset with mismatched passwords
       Γåô should reject reset with weak password
       Γåô should reject reset with missing fields
       Γåô should reject reset with invalid or expired code
       Γåô should return user data when authenticated
       Γåô should reject request without authentication
       Γåô should reject request with invalid token
       Γåô should update user info when authenticated
       Γåô should reject update without authentication
       Γåô should delete account with valid password
       Γåô should reject deletion with invalid password
       Γåô should reject deletion without authentication
         Γåô should handle duplicate email errors gracefully
         Γåô should handle valid registration data
         Γåô should handle database errors in login
         Γåô should handle OAuth users attempting password login
         Γåô should return 404 when user not found
         Γåô should handle database errors in GET /me
         Γåô should handle database errors in PUT /me
         Γåô should handle database errors in account deletion
         Γåô should handle email sending for existing user
         Γåô should handle database errors in password reset
         Γåô should return health check
         Γåô should validate token when provided
         Γåô should return 401 when token is missing
         Γåô should return 401 when token is invalid
         Γåô should handle empty strings in firstName/lastName
         Γåô should handle accountType with whitespace
         Γåô should handle accountType case insensitivity
         Γåô should handle login with wrong password for OAuth user
         Γåô should handle empty firstName and lastName
       Γåô should handle errors from middleware
         Γåô should handle null password_hash fallback
         Γåô should handle rollback failure scenario
         Γåô should handle database query errors
         Γåô should handle database update errors
stderr | tests/routes/certification.test.js > Certification Routes > Error Handling > should handle database errors in 
PUT /api/certifications/:id
Error updating certification: Error: Database connection failed
    at C:/Users/aditn/OneDrive/Desktop/Cursor/Aandsz-Forces-ATS-CS490/backend/tests/routes/certification.test.js:655:38
    at file:///C:/Users/aditn/OneDrive/Desktop/Cursor/Aandsz-Forces-ATS-CS490/backend/node_modules/@vitest/runner/dist/
index.js:145:11
    at file:///C:/Users/aditn/OneDrive/Desktop/Cursor/Aandsz-Forces-ATS-CS490/backend/node_modules/@vitest/runner/dist/
index.js:915:26
    at file:///C:/Users/aditn/OneDrive/Desktop/Cursor/Aandsz-Forces-ATS-CS490/backend/node_modules/@vitest/runner/dist/
index.js:1240:20
    at new Promise (<anonymous>)
    at runWithTimeout (file:///C:/Users/aditn/OneDrive/Desktop/Cursor/Aandsz-Forces-ATS-CS490/backend/node_modules/@vit
est/runner/dist/index.js:1206:10)
    at file:///C:/Users/aditn/OneDrive/Desktop/Cursor/Aandsz-Forces-ATS-CS490/backend/node_modules/@vitest/runner/dist/
index.js:1650:37
    at Traces.$ (file:///C:/Users/aditn/OneDrive/Desktop/Cursor/Aandsz-Forces-ATS-CS490/backend/node_modules/vitest/dis
t/chunks/traces.U4xDYhzZ.js:115:27)
    at trace (file:///C:/Users/aditn/OneDrive/Desktop/Cursor/Aandsz-Forces-ATS-CS490/backend/node_modules/vitest/dist/c
hunks/test.BT8LKgU9.js:239:21)
    at runTest (file:///C:/Users/aditn/OneDrive/Desktop/Cursor/Aandsz-Forces-ATS-CS490/backend/node_modules/@vitest/run
ner/dist/index.js:1650:12)

stdout | tests/routes/networkingAnalysis.test.js > Networking Analysis Routes > GET /api/networking-analysis/full > should calculate monthly activity trends
Γ£ô Referrals: 0 referrals found

stdout | tests/routes/networkingAnalysis.test.js > Networking Analysis Routes > GET /api/networking-analysis/full > should calculate monthly activity trends
Γ£ô Events: 0 events found

stdout | tests/routes/networkingAnalysis.test.js > Networking Analysis Routes > GET /api/networking-analysis/full > should calculate monthly activity trends
========================================
Networking Analysis Summary:
  Contacts: 0
  Activities: 3
  Referrals: 0
  Events: 0
  Data Quality: Limited
========================================

stderr | tests/routes/certification.test.js > Certification Routes > Error Handling > should handle database errors in 
DELETE /api/certifications/:id
Error deleting certification: Error: Database connection failed
    at C:/Users/aditn/OneDrive/Desktop/Cursor/Aandsz-Forces-ATS-CS490/backend/tests/routes/certification.test.js:672:38
    at file:///C:/Users/aditn/OneDrive/Desktop/Cursor/Aandsz-Forces-ATS-CS490/backend/node_modules/@vitest/runner/dist/
index.js:145:11
    at file:///C:/Users/aditn/OneDrive/Desktop/Cursor/Aandsz-Forces-ATS-CS490/backend/node_modules/@vitest/runner/dist/
index.js:915:26
    at file:///C:/Users/aditn/OneDrive/Desktop/Cursor/Aandsz-Forces-ATS-CS490/backend/node_modules/@vitest/runner/dist/
index.js:1240:20
    at new Promise (<anonymous>)
    at runWithTimeout (file:///C:/Users/aditn/OneDrive/Desktop/Cursor/Aandsz-Forces-ATS-CS490/backend/node_modules/@vit
est/runner/dist/index.js:1206:10)
    at file:///C:/Users/aditn/OneDrive/Desktop/Cursor/Aandsz-Forces-ATS-CS490/backend/node_modules/@vitest/runner/dist/
index.js:1650:37
    at Traces.$ (file:///C:/Users/aditn/OneDrive/Desktop/Cursor/Aandsz-Forces-ATS-CS490/backend/node_modules/vitest/dis
t/chunks/traces.U4xDYhzZ.js:115:27)
    at trace (file:///C:/Users/aditn/OneDrive/Desktop/Cursor/Aandsz-Forces-ATS-CS490/backend/node_modules/vitest/dist/c
hunks/test.BT8LKgU9.js:239:21)
    at runTest (file:///C:/Users/aditn/OneDrive/Desktop/Cursor/Aandsz-Forces-ATS-CS490/backend/node_modules/@vitest/run
ner/dist/index.js:1650:12)

stdout | tests/routes/fileUpload.test.js
[dotenv@17.2.3] injecting env (17) from .env.test -- tip: ≡ƒôí add observability to secrets: https://dotenvx.com/ops

stdout | tests/routes/certification.test.js
Γ£à Test database pool closed

stdout | tests/routes/certification.test.js
Γ£à Test environment cleaned up

stdout | tests/routes/fileUpload.test.js
[dotenv@17.2.3] injecting env (0) from .env -- tip: ΓÜÖ∩╕Å  enable debug logging with { debug: true }
≡ƒöÆ SSL enabled for Supabase connection (shared pool)
≡ƒôè Database pool initialized (max: 2, Supabase: true)

stdout | tests/routes/fileUpload.test.js
[dotenv@17.2.3] injecting env (0) from .env.test -- tip: ΓÜÖ∩╕Å  specify custom .env file path with { path: '/custom/path/.env' }

 Γ£ô tests/routes/certification.test.js (33 tests) 7093ms
       Γ£ô should only return certifications for the authenticated user  360ms
stdout | tests/routes/match.test.js
Γ£à Test database pool connected

stdout | tests/routes/education.test.js
Γ£à Test database pool connected

stdout | tests/routes/match.test.js
Γ£à Test environment initialized (transaction-based isolation)

stdout | tests/routes/education.test.js
Γ£à Test environment initialized (transaction-based isolation)

stdout | tests/routes/match.test.js > Match Routes
[dotenv@17.2.3] injecting env (0) from .env -- tip: ≡ƒùé∩╕Å backup and recover secrets: https://dotenvx.com/ops

stdout | tests/routes/education.test.js > Education Routes
[dotenv@17.2.3] injecting env (0) from .env -- tip: ≡ƒôí add observability to secrets: https://dotenvx.com/ops

stdout | tests/routes/networkingAnalysis.test.js > Networking Analysis Routes > GET /api/networking-analysis/full > should identify high-value contacts
========================================
Networking Analysis for user: 72671
========================================

stdout | tests/routes/match.test.js > Match Routes
[dotenv@17.2.3] injecting env (0) from .env -- tip: ≡ƒ¢á∩╕Å  run anywhere with `dotenvx run -- yourcommand`

stdout | tests/routes/match.test.js > Match Routes
[dotenv@17.2.3] injecting env (0) from .env -- tip: ≡ƒ¢á∩╕Å  run anywhere with `dotenvx run -- yourcommand`

stdout | tests/routes/match.test.js > Match Routes
[dotenv@17.2.3] injecting env (0) from .env -- tip: ≡ƒöä add secrets lifecycle management: https://dotenvx.com/ops

stdout | tests/routes/match.test.js > Match Routes
[dotenv@17.2.3] injecting env (0) from .env -- tip: ≡ƒöÉ encrypt with Dotenvx: https://dotenvx.com

stdout | tests/routes/match.test.js > Match Routes
[dotenv@17.2.3] injecting env (0) from .env -- tip: ≡ƒôí add observability to secrets: https://dotenvx.com/ops

stdout | tests/routes/education.test.js > Education Routes
[dotenv@17.2.3] injecting env (0) from .env -- tip: ≡ƒæÑ sync secrets across teammates & machines: https://dotenvx.com/ops

stdout | tests/routes/education.test.js > Education Routes
[dotenv@17.2.3] injecting env (0) from .env -- tip: ≡ƒöÉ encrypt with Dotenvx: https://dotenvx.com

stdout | tests/routes/education.test.js > Education Routes
[dotenv@17.2.3] injecting env (0) from .env -- tip: ≡ƒöÉ encrypt with Dotenvx: https://dotenvx.com

stdout | tests/routes/education.test.js > Education Routes
[dotenv@17.2.3] injecting env (0) from .env -- tip: ≡ƒöÉ prevent building .env in docker: https://dotenvx.com/prebuild

stdout | tests/routes/match.test.js > Match Routes
[dotenv@17.2.3] injecting env (0) from .env -- tip: ΓÜÖ∩╕Å  override existing env vars with { override: true }

stdout | tests/routes/resumePresets.test.js
[dotenv@17.2.3] injecting env (17) from .env.test -- tip: ≡ƒöÉ encrypt with Dotenvx: https://dotenvx.com

stdout | tests/routes/education.test.js > Education Routes
[dotenv@17.2.3] injecting env (0) from .env -- tip: Γ£à audit secrets and track compliance: https://dotenvx.com/ops

stdout | tests/routes/match.test.js > Match Routes
[dotenv@17.2.3] injecting env (0) from .env -- tip: ≡ƒöæ add access controls to secrets: https://dotenvx.com/ops

stdout | tests/routes/networkingAnalysis.test.js > Networking Analysis Routes > GET /api/networking-analysis/full > should identify high-value contacts
Γ£ô Activities: 1 activity groups found

stdout | tests/routes/resumePresets.test.js
[dotenv@17.2.3] injecting env (0) from .env -- tip: ≡ƒöÉ prevent building .env in docker: https://dotenvx.com/prebuild
≡ƒöÆ SSL enabled for Supabase connection (shared pool)
≡ƒôè Database pool initialized (max: 2, Supabase: true)

stdout | tests/routes/education.test.js > Education Routes
[dotenv@17.2.3] injecting env (0) from .env -- tip: ≡ƒöä add secrets lifecycle management: https://dotenvx.com/ops

stdout | tests/routes/resumePresets.test.js
[dotenv@17.2.3] injecting env (0) from .env.test -- tip: ≡ƒöä add secrets lifecycle management: https://dotenvx.com/ops

stdout | tests/routes/education.test.js > Education Routes
[dotenv@17.2.3] injecting env (0) from .env -- tip: ΓÜÖ∩╕Å  specify custom .env file path with { path: '/custom/path/.env' }

stdout | tests/routes/networkingAnalysis.test.js > Networking Analysis Routes > GET /api/networking-analysis/full > should identify high-value contacts
≡ƒôè Total contacts in networking_contacts for user 72671: 1

stdout | tests/routes/networkingAnalysis.test.js > Networking Analysis Routes > GET /api/networking-analysis/full > should identify high-value contacts
Γ£ô Contacts: 1 contacts found
≡ƒôï Sample contact (newest first): {
  id: 246,
  name: 'High Value Contact',
  strength: 5,
  engagement: '0.9',
  created_at: 2025-12-15T23:49:26.817Z
}

stdout | tests/routes/networkingAnalysis.test.js > Networking Analysis Routes > GET /api/networking-analysis/full > should identify high-value contacts
≡ƒôè Total contacts in professional_contacts for user 72671: 0
≡ƒôè Final total contacts after merging: 1
≡ƒôï All contact names: High Value Contact

stdout | tests/routes/resumePresets.test.js
[dotenv@17.2.3] injecting env (0) from .env -- tip: ≡ƒöä add secrets lifecycle management: https://dotenvx.com/ops

stdout | tests/routes/match.test.js > Match Routes
[dotenv@17.2.3] injecting env (0) from .env -- tip: ≡ƒöÉ prevent building .env in docker: https://dotenvx.com/prebuild
≡ƒöæ [RESUMES] Google API Key loaded: AIzaSyDs09...JTXE (39 chars)
Γ£à [RESUMES] OPENAI_API_KEY loaded (fallback enabled)

stdout | tests/routes/match.test.js > Match Routes
[dotenv@17.2.3] injecting env (0) from .env -- tip: ≡ƒôí add observability to secrets: https://dotenvx.com/ops

stdout | tests/routes/match.test.js > Match Routes
[dotenv@17.2.3] injecting env (0) from .env -- tip: ≡ƒöä add secrets lifecycle management: https://dotenvx.com/ops

stdout | tests/routes/education.test.js > Education Routes
[dotenv@17.2.3] injecting env (0) from .env -- tip: ΓÜÖ∩╕Å  override existing env vars with { override: true }
≡ƒöæ [RESUMES] Google API Key loaded: AIzaSyDs09...JTXE (39 chars)
Γ£à [RESUMES] OPENAI_API_KEY loaded (fallback enabled)

stdout | tests/routes/education.test.js > Education Routes
[dotenv@17.2.3] injecting env (0) from .env -- tip: ≡ƒöÉ prevent committing .env to code: https://dotenvx.com/precommit

stdout | tests/routes/education.test.js > Education Routes
[dotenv@17.2.3] injecting env (0) from .env -- tip: ≡ƒöä add secrets lifecycle management: https://dotenvx.com/ops

stdout | tests/routes/customReports.test.js > Custom Reports Routes > POST /api/custom-reports/generate > should generate comprehensive report
≡ƒôè Custom Report Generation for user 72664:
  - Comprehensive mode: true
  - Filters received: {}

stdout | tests/routes/customReports.test.js > Custom Reports Routes > POST /api/custom-reports/generate > should generate comprehensive report
  - Comprehensive: Fetched ALL 17 jobs (filters ignored)
  - Total jobs: 17
  - Actual applications (excluding 'Interested'): 17
  - Selected metrics: totalApplications, successRate, interviewRate, offerRate, industryBreakdown, industrySuccessRates, conversionFunnel, timeline, peakTiming, responseTimes, customizationImpact

stdout | tests/routes/match.test.js > Match Routes
[dotenv@17.2.3] injecting env (0) from .env -- tip: ≡ƒöÉ prevent committing .env to code: https://dotenvx.com/precommit

stdout | tests/routes/education.test.js > Education Routes
[dotenv@17.2.3] injecting env (0) from .env -- tip: ΓÜÖ∩╕Å  enable debug logging with { debug: true }

stdout | tests/routes/match.test.js > Match Routes
[dotenv@17.2.3] injecting env (0) from .env -- tip: ≡ƒöÉ encrypt with Dotenvx: https://dotenvx.com

stdout | tests/routes/education.test.js > Education Routes
[dotenv@17.2.3] injecting env (0) from .env -- tip: ≡ƒöÉ prevent building .env in docker: https://dotenvx.com/prebuild

stdout | tests/routes/match.test.js > Match Routes
[dotenv@17.2.3] injecting env (0) from .env -- tip: ≡ƒöæ add access controls to secrets: https://dotenvx.com/ops

stdout | tests/routes/match.test.js > Match Routes
[dotenv@17.2.3] injecting env (0) from .env -- tip: ≡ƒöÉ prevent committing .env to code: https://dotenvx.com/precommit

stdout | tests/routes/education.test.js > Education Routes
[dotenv@17.2.3] injecting env (0) from .env -- tip: Γ£à audit secrets and track compliance: https://dotenvx.com/ops

stdout | tests/routes/education.test.js > Education Routes
[dotenv@17.2.3] injecting env (0) from .env -- tip: ≡ƒöÉ encrypt with Dotenvx: https://dotenvx.com

stdout | tests/routes/match.test.js > Match Routes
[dotenv@17.2.3] injecting env (0) from .env -- tip: ΓÜÖ∩╕Å  enable debug logging with { debug: true }

stdout | tests/routes/match.test.js
Γ£à Test database pool closed

stdout | tests/routes/match.test.js
Γ£à Test environment cleaned up

stdout | tests/routes/education.test.js > Education Routes
[dotenv@17.2.3] injecting env (0) from .env -- tip: ≡ƒöÉ encrypt with Dotenvx: https://dotenvx.com

stdout | tests/routes/education.test.js
Γ£à Test database pool closed

stdout | tests/routes/education.test.js
Γ£à Test environment cleaned up

 Γ¥» tests/routes/match.test.js (26 tests | 26 skipped) 5632ms
       Γåô should analyze job-resume match successfully
       Γåô should calculate match scores correctly
       Γåô should use custom weights when provided
       Γåô should use default weights when not provided
       Γåô should return 400 for missing userId
       Γåô should return 400 for missing jobId
       Γåô should return 400 for invalid userId
       Γåô should return 400 for invalid jobId
       Γåô should return 404 for non-existent job
       Γåô should save match history to database
       Γåô should handle OpenAI API errors gracefully
       Γåô should handle invalid JSON from OpenAI
       Γåô should normalize AI response field names
       Γåô should retrieve match history for user
       Γåô should return empty array for user with no history
       Γåô should return distinct job matches (latest per job)
       Γåô should include job title and company in history
       Γåô should calculate match score based on skills, experience, and education
       Γåô should weight scores according to provided weights
       Γåô should include user skills in profile for matching
       Γåô should include employment history in profile
       Γåô should include education in profile
       Γåô should handle user with no skills
       Γåô should handle database errors in analyze endpoint
       Γåô should handle database errors in history endpoint
       Γåô should handle missing OPENAI_API_KEY
stdout | tests/routes/customReports.test.js > Custom Reports Routes > POST /api/custom-reports/generate > should generate comprehensive report
  - Comprehensive data fetched:
    - Interviews: 0
    - Networking Activities: 0
    - Skills: 2
    - Certifications: 2
    - Employment: 2
    - Offers: 0

 Γ¥» tests/routes/education.test.js (20 tests | 20 skipped) 5688ms
       Γåô should return empty array when user has no education entries
       Γåô should return all education entries for authenticated user
       Γåô should order education by graduation_date DESC
       Γåô should require authentication
       Γåô should create a new education entry
       Γåô should return 400 if institution is missing
       Γåô should return 400 if degree_type is missing
       Γåô should return 400 if field_of_study is missing
       Γåô should accept optional fields
       Γåô should require authentication
       Γåô should update an existing education entry
       Γåô should return 404 for non-existent education entry
       Γåô should not allow updating other users education
       Γåô should require authentication
       Γåô should delete an existing education entry
       Γåô should return 404 for non-existent education entry
       Γåô should not allow deleting other users education
       Γåô should require authentication
       Γåô should handle database errors gracefully
       Γåô should handle invalid graduation_date format
stdout | tests/routes/skillProgress.test.js
[dotenv@17.2.3] injecting env (17) from .env.test -- tip: ΓÜÖ∩╕Å  override existing env vars with { override: true }

stdout | tests/routes/skillProgress.test.js
[dotenv@17.2.3] injecting env (0) from .env -- tip: ≡ƒöæ add access controls to secrets: https://dotenvx.com/ops
≡ƒöÆ SSL enabled for Supabase connection (shared pool)
≡ƒôè Database pool initialized (max: 2, Supabase: true)

stdout | tests/routes/skillProgress.test.js
[dotenv@17.2.3] injecting env (0) from .env.test -- tip: ≡ƒöÉ encrypt with Dotenvx: https://dotenvx.com

stdout | tests/routes/skillsGap.test.js
[dotenv@17.2.3] injecting env (17) from .env.test -- tip: ≡ƒöÉ prevent building .env in docker: https://dotenvx.com/prebuild

stdout | tests/routes/skillsGap.test.js
[dotenv@17.2.3] injecting env (0) from .env -- tip: ≡ƒöä add secrets lifecycle management: https://dotenvx.com/ops
≡ƒöÆ SSL enabled for Supabase connection (shared pool)
≡ƒôè Database pool initialized (max: 2, Supabase: true)

stdout | tests/routes/skillsGap.test.js
[dotenv@17.2.3] injecting env (0) from .env.test -- tip: ≡ƒùé∩╕Å backup and recover secrets: https://dotenvx.com/ops

stdout | tests/routes/skillProgress.test.js
[dotenv@17.2.3] injecting env (0) from .env -- tip: ≡ƒöÉ prevent building .env in docker: https://dotenvx.com/prebuild

stdout | tests/routes/skillsGap.test.js
[dotenv@17.2.3] injecting env (0) from .env -- tip: ≡ƒ¢á∩╕Å  run anywhere with `dotenvx run -- yourcommand`

stdout | tests/routes/dashboard.test.js > Dashboard Routes > GET /api/dashboard/stats > should calculate weekly trends
========================================
≡ƒöì Dashboard Stats Request
========================================
   User ID: 72667
   Start Date: 2000-01-01 00:00:00
   End Date: 2100-12-31 23:59:59

stdout | tests/routes/dashboard.test.js > Dashboard Routes > GET /api/dashboard/stats > should calculate weekly trends
≡ƒº¬ Total jobs for user: 5

stdout | tests/routes/dashboard.test.js > Dashboard Routes > GET /api/dashboard/stats > should calculate weekly trends
≡ƒº¬ Jobs in date range: {
  total: '5',
  earliest_date: 2025-12-08T05:00:00.000Z,
  latest_date: 2025-12-15T05:00:00.000Z
}

stdout | tests/routes/dashboard.test.js > Dashboard Routes > GET /api/dashboard/stats > should calculate weekly trends
≡ƒº¬ Archive status: { total: '5', archived: '0', not_archived: '5' }

stdout | tests/routes/dashboard.test.js > Dashboard Routes > GET /api/dashboard/stats > should calculate weekly trends
≡ƒôè Key Metrics Result: { total_applications: '5', total_interviews: '0', total_offers: '0' }

stdout | tests/routes/dashboard.test.js > Dashboard Routes > GET /api/dashboard/stats > should calculate weekly trends
≡ƒôê Trends Result: 2 weeks found

stdout | tests/routes/dashboard.test.js > Dashboard Routes > GET /api/dashboard/stats > should calculate weekly trends
≡ƒôë Funnel Result: { applied: '5', interview: '0', offer: '0' }

stdout | tests/routes/dashboard.test.js > Dashboard Routes > GET /api/dashboard/stats > should calculate weekly trends
ΓÅ▒ Stage Times Result: [ { status: 'Applied', avg_days: '0.00000000000000000000' } ]

stdout | tests/routes/dashboard.test.js > Dashboard Routes > GET /api/dashboard/stats > should calculate weekly trends
Γ£à Sending response with: { total_applications: 5, total_interviews: 0, total_offers: 0 }
========================================

stdout | tests/routes/networkingAnalysis.test.js > Networking Analysis Routes > GET /api/networking-analysis/full > should identify high-value contacts
Γ£ô Referrals: 0 referrals found

stdout | tests/routes/networkingAnalysis.test.js > Networking Analysis Routes > GET /api/networking-analysis/full > should identify high-value contacts
Γ£ô Events: 0 events found

stdout | tests/routes/networkingAnalysis.test.js > Networking Analysis Routes > GET /api/networking-analysis/full > should identify high-value contacts
========================================
Networking Analysis Summary:
  Contacts: 1
  Activities: 5
  Referrals: 0
  Events: 0
  Data Quality: Limited
========================================

stdout | tests/routes/profile.test.js
Γ£à Test database pool connected

stdout | tests/routes/profile.test.js
Γ£à Test environment initialized (transaction-based isolation)

stdout | tests/routes/networkingAnalysis.test.js > Networking Analysis Routes > GET /api/networking-analysis/full > should identify cooling down relationships
========================================
Networking Analysis for user: 72675
========================================

stdout | tests/routes/profile.test.js > Profile Routes
[dotenv@17.2.3] injecting env (0) from .env -- tip: ≡ƒùé∩╕Å backup and recover secrets: https://dotenvx.com/ops

stdout | tests/routes/networkingAnalysis.test.js > Networking Analysis Routes > GET /api/networking-analysis/full > should identify cooling down relationships
Γ£ô Activities: 0 activity groups found

stdout | tests/routes/profile.test.js > Profile Routes
[dotenv@17.2.3] injecting env (0) from .env -- tip: Γ£à audit secrets and track compliance: https://dotenvx.com/ops

stdout | tests/routes/profile.test.js > Profile Routes
[dotenv@17.2.3] injecting env (0) from .env -- tip: ≡ƒöä add secrets lifecycle management: https://dotenvx.com/ops

stdout | tests/routes/profile.test.js > Profile Routes
[dotenv@17.2.3] injecting env (0) from .env -- tip: ≡ƒöÉ prevent committing .env to code: https://dotenvx.com/precommit

stdout | tests/routes/profile.test.js > Profile Routes
[dotenv@17.2.3] injecting env (0) from .env -- tip: ≡ƒùé∩╕Å backup and recover secrets: https://dotenvx.com/ops

stdout | tests/routes/profile.test.js > Profile Routes
[dotenv@17.2.3] injecting env (0) from .env -- tip: ΓÜÖ∩╕Å  override existing env vars with { override: true }

stdout | tests/routes/profile.test.js > Profile Routes
[dotenv@17.2.3] injecting env (0) from .env -- tip: Γ£à audit secrets and track compliance: https://dotenvx.com/ops

stdout | tests/routes/profile.test.js > Profile Routes
[dotenv@17.2.3] injecting env (0) from .env -- tip: ΓÜÖ∩╕Å  override existing env vars with { override: true }

stdout | tests/routes/networkingAnalysis.test.js > Networking Analysis Routes > GET /api/networking-analysis/full > should identify cooling down relationships
≡ƒôè Total contacts in networking_contacts for user 72675: 1

stdout | tests/routes/resume.test.js
Γ£à Test database pool connected

stdout | tests/routes/cover_letter.test.js
Γ£à Test database pool connected

stdout | tests/routes/cover_letter.test.js
Γ£à Test environment initialized (transaction-based isolation)

stdout | tests/routes/resume.test.js
Γ£à Test environment initialized (transaction-based isolation)

stdout | tests/routes/networkingAnalysis.test.js > Networking Analysis Routes > GET /api/networking-analysis/full > should identify cooling down relationships
Γ£ô Contacts: 1 contacts found
≡ƒôï Sample contact (newest first): {
  id: 247,
  name: 'Cooling Contact',
  strength: 4,
  engagement: '0.0',
  created_at: 2025-12-15T23:49:29.376Z
}

stdout | tests/routes/resume.test.js > Resume Routes
[dotenv@17.2.3] injecting env (0) from .env -- tip: ΓÜÖ∩╕Å  suppress all logs with { quiet: true }

stdout | tests/routes/cover_letter.test.js > Cover Letter Routes
[dotenv@17.2.3] injecting env (0) from .env -- tip: ≡ƒöä add secrets lifecycle management: https://dotenvx.com/ops

stdout | tests/routes/networkingAnalysis.test.js > Networking Analysis Routes > GET /api/networking-analysis/full > should identify cooling down relationships
≡ƒôè Total contacts in professional_contacts for user 72675: 0
≡ƒôè Final total contacts after merging: 1
≡ƒôï All contact names: Cooling Contact

stdout | tests/routes/resume.test.js > Resume Routes
[dotenv@17.2.3] injecting env (0) from .env -- tip: ΓÜÖ∩╕Å  load multiple .env files with { path: ['.env.local', '.env'] }

stdout | tests/routes/cover_letter.test.js > Cover Letter Routes
[dotenv@17.2.3] injecting env (0) from .env -- tip: ΓÜÖ∩╕Å  suppress all logs with { quiet: true }

stdout | tests/routes/resume.test.js > Resume Routes
[dotenv@17.2.3] injecting env (0) from .env -- tip: ΓÜÖ∩╕Å  load multiple .env files with { path: ['.env.local', '.env'] }

stdout | tests/routes/cover_letter.test.js > Cover Letter Routes
[dotenv@17.2.3] injecting env (0) from .env -- tip: ΓÜÖ∩╕Å  write to custom object with { processEnv: myObject }

stdout | tests/routes/cover_letter.test.js > Cover Letter Routes
[dotenv@17.2.3] injecting env (0) from .env -- tip: ≡ƒöæ add access controls to secrets: https://dotenvx.com/ops

stdout | tests/routes/resume.test.js > Resume Routes
[dotenv@17.2.3] injecting env (0) from .env -- tip: ΓÜÖ∩╕Å  specify custom .env file path with { path: '/custom/path/.env' }

stdout | tests/routes/resume.test.js > Resume Routes
[dotenv@17.2.3] injecting env (0) from .env -- tip: ≡ƒöÉ encrypt with Dotenvx: https://dotenvx.com

stdout | tests/routes/cover_letter.test.js > Cover Letter Routes
[dotenv@17.2.3] injecting env (0) from .env -- tip: ≡ƒôí add observability to secrets: https://dotenvx.com/ops

stdout | tests/routes/resume.test.js > Resume Routes
[dotenv@17.2.3] injecting env (0) from .env -- tip: ≡ƒùé∩╕Å backup and recover secrets: https://dotenvx.com/ops

stdout | tests/routes/cover_letter.test.js > Cover Letter Routes
[dotenv@17.2.3] injecting env (0) from .env -- tip: ≡ƒöä add secrets lifecycle management: https://dotenvx.com/ops

stdout | tests/routes/resume.test.js > Resume Routes
[dotenv@17.2.3] injecting env (0) from .env -- tip: ≡ƒöæ add access controls to secrets: https://dotenvx.com/ops

stdout | tests/routes/cover_letter.test.js > Cover Letter Routes
[dotenv@17.2.3] injecting env (0) from .env -- tip: ≡ƒôí add observability to secrets: https://dotenvx.com/ops

stdout | tests/routes/resume.test.js > Resume Routes
[dotenv@17.2.3] injecting env (0) from .env -- tip: ≡ƒôí add observability to secrets: https://dotenvx.com/ops

stdout | tests/routes/cover_letter.test.js > Cover Letter Routes
[dotenv@17.2.3] injecting env (0) from .env -- tip: ΓÜÖ∩╕Å  load multiple .env files with { path: ['.env.local', '.env'] }

stdout | tests/routes/customReports.test.js > Custom Reports Routes > POST /api/custom-reports/generate > should apply filters correctly
≡ƒôè Custom Report Generation for user 72672:
  - Comprehensive mode: false
  - Filters received: {
  "companies": [
    "Tech Corp"
  ],
  "industries": [
    "Technology"
  ],
  "statuses": [
    "Applied"
  ]
}

stdout | tests/routes/profile.test.js > Profile Routes
[dotenv@17.2.3] injecting env (0) from .env -- tip: ≡ƒùé∩╕Å backup and recover secrets: https://dotenvx.com/ops
≡ƒöæ [RESUMES] Google API Key loaded: AIzaSyDs09...JTXE (39 chars)
Γ£à [RESUMES] OPENAI_API_KEY loaded (fallback enabled)

stdout | tests/routes/profile.test.js > Profile Routes
[dotenv@17.2.3] injecting env (0) from .env -- tip: ≡ƒæÑ sync secrets across teammates & machines: https://dotenvx.com/ops

stdout | tests/routes/profile.test.js > Profile Routes
[dotenv@17.2.3] injecting env (0) from .env -- tip: ≡ƒöæ add access controls to secrets: https://dotenvx.com/ops

stdout | tests/routes/customReports.test.js > Custom Reports Routes > POST /api/custom-reports/generate > should apply filters correctly
  - Filtered: Fetched 10 jobs with filters
  - Total jobs: 10
  - Actual applications (excluding 'Interested'): 10
  - Selected metrics: totalApplications

stdout | tests/routes/resume.test.js > Resume Routes
[dotenv@17.2.3] injecting env (0) from .env -- tip: ≡ƒ¢á∩╕Å  run anywhere with `dotenvx run -- yourcommand`
≡ƒöæ [RESUMES] Google API Key loaded: AIzaSyDs09...JTXE (39 chars)
Γ£à [RESUMES] OPENAI_API_KEY loaded (fallback enabled)

stdout | tests/routes/resume.test.js > Resume Routes
[dotenv@17.2.3] injecting env (0) from .env -- tip: ΓÜÖ∩╕Å  load multiple .env files with { path: ['.env.local', '.env'] }

stdout | tests/routes/resume.test.js > Resume Routes
[dotenv@17.2.3] injecting env (0) from .env -- tip: ≡ƒöÉ encrypt with Dotenvx: https://dotenvx.com

stdout | tests/routes/resume.test.js > Resume Routes
[dotenv@17.2.3] injecting env (0) from .env -- tip: ≡ƒöä add secrets lifecycle management: https://dotenvx.com/ops

stdout | tests/routes/resume.test.js > Resume Routes
[dotenv@17.2.3] injecting env (0) from .env -- tip: ΓÜÖ∩╕Å  specify custom .env file path with { path: '/custom/path/.env' }

stdout | tests/routes/resume.test.js > Resume Routes
[dotenv@17.2.3] injecting env (0) from .env -- tip: ≡ƒæÑ sync secrets across teammates & machines: https://dotenvx.com/ops

stdout | tests/routes/resume.test.js > Resume Routes
[dotenv@17.2.3] injecting env (0) from .env -- tip: ≡ƒ¢á∩╕Å  run anywhere with `dotenvx run -- yourcommand`

stdout | tests/routes/profile.test.js > Profile Routes
[dotenv@17.2.3] injecting env (0) from .env -- tip: ≡ƒôí add observability to secrets: https://dotenvx.com/ops

stdout | tests/routes/profile.test.js > Profile Routes
[dotenv@17.2.3] injecting env (0) from .env -- tip: ≡ƒöÉ prevent building .env in docker: https://dotenvx.com/prebuild

stdout | tests/routes/profile.test.js > Profile Routes
[dotenv@17.2.3] injecting env (0) from .env -- tip: ≡ƒùé∩╕Å backup and recover secrets: https://dotenvx.com/ops

stdout | tests/routes/profile.test.js > Profile Routes
[dotenv@17.2.3] injecting env (0) from .env -- tip: ≡ƒôí add observability to secrets: https://dotenvx.com/ops

stdout | tests/routes/cover_letter.test.js > Cover Letter Routes
[dotenv@17.2.3] injecting env (0) from .env -- tip: ≡ƒöÉ prevent building .env in docker: https://dotenvx.com/prebuild
≡ƒöæ [RESUMES] Google API Key loaded: AIzaSyDs09...JTXE (39 chars)
Γ£à [RESUMES] OPENAI_API_KEY loaded (fallback enabled)

stdout | tests/routes/cover_letter.test.js > Cover Letter Routes
[dotenv@17.2.3] injecting env (0) from .env -- tip: Γ£à audit secrets and track compliance: https://dotenvx.com/ops

stdout | tests/routes/cover_letter.test.js > Cover Letter Routes
[dotenv@17.2.3] injecting env (0) from .env -- tip: ΓÜÖ∩╕Å  override existing env vars with { override: true }

stdout | tests/routes/cover_letter.test.js > Cover Letter Routes
[dotenv@17.2.3] injecting env (0) from .env -- tip: ≡ƒ¢á∩╕Å  run anywhere with `dotenvx run -- yourcommand`

stdout | tests/routes/cover_letter.test.js > Cover Letter Routes
[dotenv@17.2.3] injecting env (0) from .env -- tip: ≡ƒ¢á∩╕Å  run anywhere with `dotenvx run -- yourcommand`

stdout | tests/routes/cover_letter.test.js > Cover Letter Routes
[dotenv@17.2.3] injecting env (0) from .env -- tip: ≡ƒöÉ encrypt with Dotenvx: https://dotenvx.com

stdout | tests/routes/cover_letter.test.js > Cover Letter Routes
[dotenv@17.2.3] injecting env (0) from .env -- tip: Γ£à audit secrets and track compliance: https://dotenvx.com/ops

stdout | tests/routes/resume.test.js > Resume Routes
[dotenv@17.2.3] injecting env (0) from .env -- tip: ≡ƒöä add secrets lifecycle management: https://dotenvx.com/ops

stdout | tests/routes/profile.test.js > Profile Routes
[dotenv@17.2.3] injecting env (0) from .env -- tip: ≡ƒöÉ prevent building .env in docker: https://dotenvx.com/prebuild

stdout | tests/routes/resume.test.js
Γ£à Test database pool closed

stdout | tests/routes/resume.test.js
Γ£à Test environment cleaned up

stdout | tests/routes/profile.test.js
Γ£à Test database pool closed

stdout | tests/routes/profile.test.js
Γ£à Test environment cleaned up

stdout | tests/routes/job.test.js
Γ£à Test database pool connected

 Γ¥» tests/routes/resume.test.js (36 tests | 36 skipped) 7146ms
       Γåô should list all resumes for authenticated user
       Γåô should return empty array when user has no resumes
       Γåô should return 401 when not authenticated
       Γåô should filter out original resumes that have default versions
       Γåô should create a new resume with required fields
       Γåô should update existing resume with same title
       Γåô should reject resume creation without title
       Γåô should reject resume creation without sections
       Γåô should normalize sections structure
       Γåô should get a single resume by ID
       Γåô should return 404 for non-existent resume
       Γåô should return 404 for resume belonging to another user
       Γåô should return 401 when not authenticated
       Γåô should delete a resume
       Γåô should return error for non-existent resume
       Γåô should return 401 when not authenticated
       Γåô should clean up application_materials_history when deleting resume
       Γåô should export resume as PDF
       Γåô should export resume as DOCX
       Γåô should export resume as TXT
       Γåô should return 404 for non-existent resume
       Γåô should return 401 when not authenticated
       Γåô should optimize resume with job description
       Γåô should reject optimization without sections
       Γåô should reject optimization without job description
       Γåô should return 401 when not authenticated
       Γåô should reconcile master resume with AI suggestions
       Γåô should reject reconciliation without master resume
       Γåô should reject reconciliation without AI suggestions
       Γåô should generate resume sections from user profile
       Γåô should return 401 when not authenticated
       Γåô should get resume templates
       Γåô should return 401 when not authenticated
       Γåô should handle database errors in GET /api/resumes
       Γåô should handle database errors in POST /api/resumes
       Γåô should handle database errors in DELETE /api/resumes/:id
stdout | tests/routes/job.test.js
Γ£à Test environment initialized (transaction-based isolation)

stdout | tests/routes/cover_letter.test.js > Cover Letter Routes
[dotenv@17.2.3] injecting env (0) from .env -- tip: ≡ƒùé∩╕Å backup and recover secrets: https://dotenvx.com/ops

stdout | tests/routes/job.test.js > Job Routes
[dotenv@17.2.3] injecting env (0) from .env -- tip: ΓÜÖ∩╕Å  specify custom .env file path with { path: '/custom/path/.env' }

stdout | tests/routes/cover_letter.test.js
Γ£à Test database pool closed

stdout | tests/routes/cover_letter.test.js
Γ£à Test environment cleaned up

 Γ¥» tests/routes/profile.test.js (41 tests | 41 skipped) 7421ms
       Γåô should get user profile when authenticated
       Γåô should return empty profile object if none exists
       Γåô should return 401 when not authenticated
       Γåô should return 401 with invalid token
       Γåô should return all profile fields when they exist
       Γåô should create profile when authenticated and profile does not exist
       Γåô should update existing profile when authenticated
       Γåô should geocode location when provided
       Γåô should use cached geocoding result if available
       Γåô should handle geocoding API errors gracefully
       Γåô should handle empty location string
       Γåô should reject profile creation without authentication
       Γåô should handle partial profile updates
       Γåô should update profile picture when authenticated
       Γåô should create profile if it does not exist when uploading picture
       Γåô should update existing profile picture
       Γåô should reject picture upload without authentication
       Γåô should handle missing url parameter
       Γåô should calculate profile completeness for complete profile
       Γåô should calculate profile completeness for incomplete profile
       Γåô should provide suggestions for missing profile sections
       Γåô should calculate partial skills score correctly
       Γåô should return skills distribution by category
       Γåô should return 401 when not authenticated
       Γåô should handle user with no profile data
       Γåô should calculate completeness score correctly with all sections
       Γåô should retrieve all profile fields correctly
       Γåô should handle null/empty profile fields gracefully
       Γåô should handle database errors in GET /api/profile
       Γåô should handle database errors in POST /api/profile
       Γåô should handle database errors in POST /api/profile/picture
       Γåô should handle database errors in GET /api/profile/summary
       Γåô should handle empty location string in geocoding
       Γåô should handle geocoding API returning empty data
       Γåô should handle database error in POST /api/profile
       Γåô should handle database error in GET /api/profile
       Γåô should handle database error in POST /api/profile/picture
       Γåô should handle missing userId in GET /api/profile/summary
       Γåô should handle database error in GET /api/profile/summary
       Γåô should handle geocoding error gracefully
       Γåô should handle whitespace-only location string
stdout | tests/routes/job.test.js > Job Routes
[dotenv@17.2.3] injecting env (0) from .env -- tip: ΓÜÖ∩╕Å  specify custom .env file path with { path: '/custom/path/.env' }

stdout | tests/routes/job.test.js > Job Routes
[dotenv@17.2.3] injecting env (0) from .env -- tip: ΓÜÖ∩╕Å  load multiple .env files with { path: ['.env.local', '.env'] }

stdout | tests/routes/job.test.js > Job Routes
[dotenv@17.2.3] injecting env (0) from .env -- tip: ≡ƒöä add secrets lifecycle management: https://dotenvx.com/ops

stdout | tests/routes/job.test.js > Job Routes
[dotenv@17.2.3] injecting env (0) from .env -- tip: ΓÜÖ∩╕Å  write to custom object with { processEnv: myObject }

stdout | tests/routes/job.test.js > Job Routes
[dotenv@17.2.3] injecting env (0) from .env -- tip: ≡ƒöÉ prevent committing .env to code: https://dotenvx.com/precommit

stdout | tests/routes/job.test.js > Job Routes
[dotenv@17.2.3] injecting env (0) from .env -- tip: Γ£à audit secrets and track compliance: https://dotenvx.com/ops

stdout | tests/routes/job.test.js > Job Routes
[dotenv@17.2.3] injecting env (0) from .env -- tip: ≡ƒöÉ prevent building .env in docker: https://dotenvx.com/prebuild

 Γ¥» tests/routes/cover_letter.test.js (27 tests | 27 skipped) 7224ms
       Γåô should return all cover letters for authenticated user
       Γåô should return empty arrays when no cover letters exist
       Γåô should require authentication
       Γåô should create a new cover letter
       Γåô should accept title as alternative to name
       Γåô should return 400 if name/title is missing
       Γåô should require authentication
       Γåô should return a single cover letter by ID
       Γåô should return 404 for non-existent cover letter
       Γåô should return 400 for invalid ID format
       Γåô should require authentication
       Γåô should download cover letter content as text
       Γåô should return 404 for non-existent cover letter
       Γåô should require authentication
       Γåô should return jobs linked to cover letter
       Γåô should return empty array when no jobs are linked
       Γåô should require authentication
       Γåô should link cover letter to job
       Γåô should return 400 for invalid IDs
       Γåô should return 404 for non-existent cover letter
       Γåô should require authentication
       Γåô should unlink cover letter from job
       Γåô should require authentication
       Γåô should delete a cover letter
       Γåô should return 404 for non-existent cover letter
       Γåô should return 400 for invalid ID format
       Γåô should require authentication
stdout | tests/routes/interviewInsights.test.js
[dotenv@17.2.3] injecting env (17) from .env.test -- tip: ≡ƒùé∩╕Å backup and recover secrets: https://dotenvx.com/ops

stdout | tests/routes/interviewInsights.test.js
[dotenv@17.2.3] injecting env (0) from .env -- tip: ≡ƒæÑ sync secrets across teammates & machines: https://dotenvx.com/ops
≡ƒöÆ SSL enabled for Supabase connection (shared pool)
≡ƒôè Database pool initialized (max: 2, Supabase: true)

stdout | tests/routes/interviewInsights.test.js
[dotenv@17.2.3] injecting env (0) from .env.test -- tip: ΓÜÖ∩╕Å  specify custom .env file path with { path: '/custom/path/.env' }

stdout | tests/routes/dashboard.test.js > Dashboard Routes > GET /api/dashboard/stats > should calculate funnel statistics
========================================
≡ƒöì Dashboard Stats Request
========================================
   User ID: 72673
   Start Date: 2000-01-01 00:00:00
   End Date: 2100-12-31 23:59:59

stdout | tests/routes/referrals.test.js
[dotenv@17.2.3] injecting env (17) from .env.test -- tip: ΓÜÖ∩╕Å  write to custom object with { processEnv: myObject }

stdout | tests/routes/referrals.test.js
[dotenv@17.2.3] injecting env (0) from .env -- tip: ≡ƒöä add secrets lifecycle management: https://dotenvx.com/ops
≡ƒöÆ SSL enabled for Supabase connection (shared pool)
≡ƒôè Database pool initialized (max: 2, Supabase: true)

stdout | tests/routes/referrals.test.js
[dotenv@17.2.3] injecting env (0) from .env.test -- tip: ΓÜÖ∩╕Å  load multiple .env files with { path: ['.env.local', '.env'] }

stdout | tests/routes/dashboard.test.js > Dashboard Routes > GET /api/dashboard/stats > should calculate funnel statistics
≡ƒº¬ Total jobs for user: 17

stdout | tests/routes/dashboard.test.js > Dashboard Routes > GET /api/dashboard/stats > should calculate funnel statistics
≡ƒº¬ Jobs in date range: { total: '17', earliest_date: null, latest_date: null }

stdout | tests/routes/timing.test.js
[dotenv@17.2.3] injecting env (17) from .env.test -- tip: ΓÜÖ∩╕Å  override existing env vars with { override: true }

stdout | tests/routes/timing.test.js
[dotenv@17.2.3] injecting env (0) from .env -- tip: ≡ƒöÉ prevent committing .env to code: https://dotenvx.com/precommit
≡ƒöÆ SSL enabled for Supabase connection (shared pool)
≡ƒôè Database pool initialized (max: 2, Supabase: true)

stdout | tests/routes/timing.test.js
[dotenv@17.2.3] injecting env (0) from .env.test -- tip: ΓÜÖ∩╕Å  load multiple .env files with { path: ['.env.local', '.env'] }

stdout | tests/routes/dashboard.test.js > Dashboard Routes > GET /api/dashboard/stats > should calculate funnel statistics
≡ƒº¬ Archive status: { total: '17', archived: '0', not_archived: '17' }

stdout | tests/routes/dashboard.test.js > Dashboard Routes > GET /api/dashboard/stats > should calculate funnel statistics
≡ƒôè Key Metrics Result: { total_applications: '17', total_interviews: '5', total_offers: '2' }

stdout | tests/routes/job.test.js > Job Routes
[dotenv@17.2.3] injecting env (0) from .env -- tip: ΓÜÖ∩╕Å  specify custom .env file path with { path: '/custom/path/.env' }
≡ƒöæ [RESUMES] Google API Key loaded: AIzaSyDs09...JTXE (39 chars)
Γ£à [RESUMES] OPENAI_API_KEY loaded (fallback enabled)

stdout | tests/routes/job.test.js > Job Routes
[dotenv@17.2.3] injecting env (0) from .env -- tip: ΓÜÖ∩╕Å  override existing env vars with { override: true }

stdout | tests/routes/job.test.js > Job Routes
[dotenv@17.2.3] injecting env (0) from .env -- tip: ≡ƒæÑ sync secrets across teammates & machines: https://dotenvx.com/ops

stdout | tests/routes/interviewInsights.test.js
[dotenv@17.2.3] injecting env (0) from .env -- tip: ≡ƒöÉ prevent building .env in docker: https://dotenvx.com/prebuild

stdout | tests/routes/dashboard.test.js > Dashboard Routes > GET /api/dashboard/stats > should calculate funnel statistics
≡ƒôê Trends Result: 1 weeks found

stdout | tests/routes/dashboard.test.js > Dashboard Routes > GET /api/dashboard/stats > should calculate funnel statistics
≡ƒôë Funnel Result: { applied: '17', interview: '5', offer: '2' }

stdout | tests/routes/job.test.js > Job Routes
[dotenv@17.2.3] injecting env (0) from .env -- tip: ≡ƒæÑ sync secrets across teammates & machines: https://dotenvx.com/ops

stdout | tests/routes/job.test.js > Job Routes
[dotenv@17.2.3] injecting env (0) from .env -- tip: ≡ƒöÉ encrypt with Dotenvx: https://dotenvx.com

stdout | tests/routes/job.test.js > Job Routes
[dotenv@17.2.3] injecting env (0) from .env -- tip: ΓÜÖ∩╕Å  enable debug logging with { debug: true }

stdout | tests/routes/job.test.js > Job Routes
[dotenv@17.2.3] injecting env (0) from .env -- tip: ΓÜÖ∩╕Å  load multiple .env files with { path: ['.env.local', '.env'] }

stdout | tests/routes/referrals.test.js
[dotenv@17.2.3] injecting env (0) from .env -- tip: ≡ƒæÑ sync secrets across teammates & machines: https://dotenvx.com/ops

stdout | tests/routes/dashboard.test.js > Dashboard Routes > GET /api/dashboard/stats > should calculate funnel statistics
ΓÅ▒ Stage Times Result: [
  { status: 'Applied', avg_days: '0.00000000000000000000' },
  { status: 'Interview', avg_days: '0.00000000000000000000' },
  { status: 'Offer', avg_days: '0.00000000000000000000' }
]

stdout | tests/routes/dashboard.test.js > Dashboard Routes > GET /api/dashboard/stats > should calculate funnel statistics
Γ£à Sending response with: { total_applications: 17, total_interviews: 5, total_offers: 2 }
========================================

stdout | tests/routes/timing.test.js
[dotenv@17.2.3] injecting env (0) from .env -- tip: ΓÜÖ∩╕Å  suppress all logs with { quiet: true }

stdout | tests/routes/job.test.js > Job Routes
[dotenv@17.2.3] injecting env (0) from .env -- tip: ΓÜÖ∩╕Å  write to custom object with { processEnv: myObject }

stdout | tests/routes/job.test.js
Γ£à Test database pool closed

stdout | tests/routes/job.test.js
Γ£à Test environment cleaned up

 Γ¥» tests/routes/job.test.js (76 tests | 76 skipped) 7839ms
       Γåô should list all jobs for authenticated user
       Γåô should return 401 when not authenticated
       Γåô should filter jobs by status
       Γåô should filter jobs by search term (title)
       Γåô should filter jobs by search term (company)
       Γåô should filter jobs by industry
       Γåô should filter jobs by location
       Γåô should filter jobs by salary range
       Γåô should filter jobs by deadline date range
       Γåô should sort jobs by deadline
       Γåô should sort jobs by salary
       Γåô should sort jobs by company
       Γåô should exclude archived jobs
       Γåô should include days_in_stage in response
       Γåô should create a new job with required fields
       Γåô should reject job creation without title
       Γåô should reject job creation without company
       Γåô should reject job creation with empty title
       Γåô should clean salary values (remove $ and commas)
       Γåô should handle applicationDate from dateApplied field
       Γåô should handle required_skills array
       Γåô should handle location_type validation
       Γåô should reject invalid location_type
       Γåô should handle industry field (empty string to null)
       Γåô should handle role_level field
       Γåô should return 401 when not authenticated
       Γåô should get a single job by ID
       Γåô should return 404 for non-existent job
       Γåô should not return jobs from other users
       Γåô should include materials (resume_id, cover_letter_id) in response
       Γåô should return 401 when not authenticated
       Γåô should update a job
       Γåô should update multiple fields
       Γåô should return 404 for non-existent job
       Γåô should not update jobs from other users
       Γåô should reject update with no valid fields
       Γåô should handle dateApplied field in update
       Γåô should update status_updated_at when status changes
       Γåô should set offerDate when status becomes Offer
       Γåô should handle industry field update (empty string to null)
       Γåô should return 401 when not authenticated
       Γåô should delete a job
       Γåô should return 404 for non-existent job
       Γåô should not delete jobs from other users
       Γåô should delete related application_history records
       Γåô should return 401 when not authenticated
       Γåô should update job status
       Γåô should set interview_date when status becomes Interview
       Γåô should set offerDate when status becomes Offer
       Γåô should create application_history entry on status change
       Γåô should reject status update without status field
       Γåô should return 404 for non-existent job
       Γåô should not update status for other user's job
       Γåô should return 401 when not authenticated
       Γåô should update deadlines for multiple jobs
       Γåô should reject bulk update without jobIds
       Γåô should reject bulk update with empty jobIds array
       Γåô should reject bulk update with invalid daysToAdd
       Γåô should only update jobs belonging to the user
       Γåô should return 401 when not authenticated
       Γåô should archive a job
       Γåô should return 404 for non-existent job
       Γåô should not archive jobs from other users
       Γåô should return 401 when not authenticated
       Γåô should restore an archived job
       Γåô should return 404 for non-existent job
       Γåô should not restore jobs from other users
       Γåô should return 401 when not authenticated
       Γåô should list archived jobs
       Γåô should return empty array when no archived jobs
       Γåô should return 401 when not authenticated
       Γåô should handle database errors in GET /api/jobs
       Γåô should handle database errors in POST /api/jobs
       Γåô should handle database errors in GET /api/jobs/:id
       Γåô should handle database errors in PUT /api/jobs/:id
       Γåô should handle database errors in DELETE /api/jobs/:id
stdout | tests/routes/company.test.js
Γ£à Test database pool connected

stdout | tests/routes/company.test.js
Γ£à Test environment initialized (transaction-based isolation)

stdout | tests/routes/company.test.js > Company Routes
[dotenv@17.2.3] injecting env (0) from .env -- tip: ≡ƒöÉ encrypt with Dotenvx: https://dotenvx.com

stdout | tests/routes/company.test.js > Company Routes
[dotenv@17.2.3] injecting env (0) from .env -- tip: ≡ƒùé∩╕Å backup and recover secrets: https://dotenvx.com/ops

stdout | tests/routes/company.test.js > Company Routes
[dotenv@17.2.3] injecting env (0) from .env -- tip: ≡ƒôí add observability to secrets: https://dotenvx.com/ops

stdout | tests/routes/company.test.js > Company Routes
[dotenv@17.2.3] injecting env (0) from .env -- tip: ΓÜÖ∩╕Å  enable debug logging with { debug: true }

stdout | tests/routes/company.test.js > Company Routes
[dotenv@17.2.3] injecting env (0) from .env -- tip: ΓÜÖ∩╕Å  enable debug logging with { debug: true }

stdout | tests/routes/company.test.js > Company Routes
[dotenv@17.2.3] injecting env (0) from .env -- tip: ΓÜÖ∩╕Å  override existing env vars with { override: true }

stdout | tests/routes/company.test.js > Company Routes
[dotenv@17.2.3] injecting env (0) from .env -- tip: ΓÜÖ∩╕Å  write to custom object with { processEnv: myObject }

stdout | tests/routes/company.test.js > Company Routes
[dotenv@17.2.3] injecting env (0) from .env -- tip: ΓÜÖ∩╕Å  specify custom .env file path with { path: '/custom/path/.env' }

stdout | tests/routes/networkingAnalysis.test.js > Networking Analysis Routes > GET /api/networking-analysis/full > should identify cooling down relationships
Γ£ô Referrals: 0 referrals found

stdout | tests/routes/informationalInterviews.test.js
[dotenv@17.2.3] injecting env (17) from .env.test -- tip: ΓÜÖ∩╕Å  write to custom object with { processEnv: myObject }

stdout | tests/routes/informationalInterviews.test.js
[dotenv@17.2.3] injecting env (0) from .env -- tip: ≡ƒæÑ sync secrets across teammates & machines: https://dotenvx.com/ops
≡ƒöÆ SSL enabled for Supabase connection (shared pool)
≡ƒôè Database pool initialized (max: 2, Supabase: true)

stdout | tests/routes/informationalInterviews.test.js
[dotenv@17.2.3] injecting env (0) from .env.test -- tip: ΓÜÖ∩╕Å  write to custom object with { processEnv: myObject }

stdout | tests/routes/networkingAnalysis.test.js > Networking Analysis Routes > GET /api/networking-analysis/full > should identify cooling down relationships
Γ£ô Events: 0 events found

stdout | tests/routes/networkingAnalysis.test.js > Networking Analysis Routes > GET /api/networking-analysis/full > should identify cooling down relationships
========================================
Networking Analysis Summary:
  Contacts: 1
  Activities: 0
  Referrals: 0
  Events: 0
  Data Quality: Limited
========================================

stdout | tests/routes/company.test.js > Company Routes
[dotenv@17.2.3] injecting env (0) from .env -- tip: ≡ƒæÑ sync secrets across teammates & machines: https://dotenvx.com/ops
≡ƒöæ [RESUMES] Google API Key loaded: AIzaSyDs09...JTXE (39 chars)
Γ£à [RESUMES] OPENAI_API_KEY loaded (fallback enabled)

stdout | tests/routes/company.test.js > Company Routes
[dotenv@17.2.3] injecting env (0) from .env -- tip: ≡ƒæÑ sync secrets across teammates & machines: https://dotenvx.com/ops

stdout | tests/routes/company.test.js > Company Routes
[dotenv@17.2.3] injecting env (0) from .env -- tip: ≡ƒöÉ prevent committing .env to code: https://dotenvx.com/precommit

stdout | tests/routes/company.test.js > Company Routes
[dotenv@17.2.3] injecting env (0) from .env -- tip: ΓÜÖ∩╕Å  suppress all logs with { quiet: true }

stdout | tests/routes/company.test.js > Company Routes
[dotenv@17.2.3] injecting env (0) from .env -- tip: ΓÜÖ∩╕Å  specify custom .env file path with { path: '/custom/path/.env' }

stdout | tests/routes/company.test.js > Company Routes
[dotenv@17.2.3] injecting env (0) from .env -- tip: Γ£à audit secrets and track compliance: https://dotenvx.com/ops

stdout | tests/routes/company.test.js > Company Routes
[dotenv@17.2.3] injecting env (0) from .env -- tip: ≡ƒöÉ prevent committing .env to code: https://dotenvx.com/precommit

stdout | tests/routes/company.test.js > Company Routes
[dotenv@17.2.3] injecting env (0) from .env -- tip: ≡ƒæÑ sync secrets across teammates & machines: https://dotenvx.com/ops

stdout | tests/routes/company.test.js
Γ£à Test database pool closed

stdout | tests/routes/company.test.js
Γ£à Test environment cleaned up

 Γ¥» tests/routes/company.test.js (24 tests | 24 skipped) 7965ms
       Γåô should get an existing company by name
       Γåô should auto-create company if it does not exist
       Γåô should handle case-insensitive company name lookup
       Γåô should return 401 when not authenticated
       Γåô should return COALESCEd values for null fields
       Γåô should create a new company
       Γåô should update existing company if name matches
       Γåô should reject request without company name
       Γåô should handle case-insensitive name matching for updates
       Γåô should handle partial company data
       Γåô should update existing company
       Γåô should auto-create company if it does not exist
       Γåô should return message when no update fields provided
       Γåô should handle case-insensitive name matching
       Γåô should update updated_at timestamp
       Γåô should upload logo for existing company
       Γåô should auto-create company and upload logo if company does not exist
       Γåô should reject request without logo file
       Γåô should handle case-insensitive company name
       Γåô should retrieve company with all research fields
       Γåô should allow updating research fields via PUT
       Γåô should handle database errors in GET /api/companies/:name
       Γåô should handle database errors in POST /api/companies
       Γåô should handle database errors in PUT /api/companies/:name
stdout | tests/routes/customReports.test.js > Custom Reports Routes > POST /api/custom-reports/generate > should filter by date range
≡ƒôè Custom Report Generation for user 72676:
  - Comprehensive mode: false
  - Filters received: {
  "dateRange": {
    "start": "2024-01-01T00:00:00.000Z",
    "end": "2024-12-31T00:00:00.000Z"
  }
}

stdout | tests/routes/networkingAnalysis.test.js > Networking Analysis Routes > GET /api/networking-analysis/full > should generate insights
========================================
Networking Analysis for user: 72679
========================================

stdout | tests/routes/customReports.test.js > Custom Reports Routes > POST /api/custom-reports/generate > should filter by date range
  - Filtered: Fetched 1 jobs with filters
  - Total jobs: 1
  - Actual applications (excluding 'Interested'): 1
  - Selected metrics: totalApplications

stdout | tests/routes/networkingAnalysis.test.js > Networking Analysis Routes > GET /api/networking-analysis/full > should generate insights
Γ£ô Activities: 1 activity groups found

stdout | tests/routes/salaryNegotiation.test.js
[dotenv@17.2.3] injecting env (17) from .env.test -- tip: ΓÜÖ∩╕Å  specify custom .env file path with { path: '/custom/path/.env' }

stdout | tests/routes/salaryNegotiation.test.js
[dotenv@17.2.3] injecting env (0) from .env -- tip: ΓÜÖ∩╕Å  write to custom object with { processEnv: myObject }
≡ƒöÆ SSL enabled for Supabase connection (shared pool)
≡ƒôè Database pool initialized (max: 2, Supabase: true)

stdout | tests/routes/salaryNegotiation.test.js
[dotenv@17.2.3] injecting env (0) from .env.test -- tip: ΓÜÖ∩╕Å  load multiple .env files with { path: ['.env.local', '.env'] }

stdout | tests/routes/networkingAnalysis.test.js > Networking Analysis Routes > GET /api/networking-analysis/full > should generate insights
≡ƒôè Total contacts in networking_contacts for user 72679: 0

stdout | tests/routes/networkingAnalysis.test.js > Networking Analysis Routes > GET /api/networking-analysis/full > should generate insights
Γ£ô Contacts: 0 contacts found

stdout | tests/routes/networkingAnalysis.test.js > Networking Analysis Routes > GET /api/networking-analysis/full > should generate insights
≡ƒôè Total contacts in professional_contacts for user 72679: 0
≡ƒôè Final total contacts after merging: 0

stdout | tests/routes/dashboard.test.js > Dashboard Routes > GET /api/dashboard/stats > should calculate average time in stage
========================================
≡ƒöì Dashboard Stats Request
========================================
   User ID: 72677
   Start Date: 2000-01-01 00:00:00
   End Date: 2100-12-31 23:59:59

stdout | tests/routes/dashboard.test.js > Dashboard Routes > GET /api/dashboard/stats > should calculate average time in stage
≡ƒº¬ Total jobs for user: 5

stdout | tests/routes/dashboard.test.js > Dashboard Routes > GET /api/dashboard/stats > should calculate average time in stage
≡ƒº¬ Jobs in date range: { total: '5', earliest_date: null, latest_date: null }

stdout | tests/routes/dashboard.test.js > Dashboard Routes > GET /api/dashboard/stats > should calculate average time in stage
≡ƒº¬ Archive status: { total: '5', archived: '0', not_archived: '5' }

stdout | tests/routes/dashboard.test.js > Dashboard Routes > GET /api/dashboard/stats > should calculate average time in stage
≡ƒôè Key Metrics Result: { total_applications: '5', total_interviews: '2', total_offers: '0' }

stdout | tests/routes/dashboard.test.js > Dashboard Routes > GET /api/dashboard/stats > should calculate average time in stage
≡ƒôê Trends Result: 1 weeks found

stdout | tests/routes/dashboard.test.js > Dashboard Routes > GET /api/dashboard/stats > should calculate average time in stage
≡ƒôë Funnel Result: { applied: '5', interview: '2', offer: '0' }

stdout | tests/routes/dashboard.test.js > Dashboard Routes > GET /api/dashboard/stats > should calculate average time in stage
ΓÅ▒ Stage Times Result: [
  { status: 'Applied', avg_days: '0.00000000000000000000' },
  { status: 'Interview', avg_days: '0.00000000000000000000' }
]

stdout | tests/routes/dashboard.test.js > Dashboard Routes > GET /api/dashboard/stats > should calculate average time in stage
Γ£à Sending response with: { total_applications: 5, total_interviews: 2, total_offers: 0 }
========================================

stdout | tests/routes/dashboard.test.js > Dashboard Routes > GET /api/dashboard/stats > should include default goals
========================================
≡ƒöì Dashboard Stats Request
========================================
   User ID: 72681
   Start Date: 2000-01-01 00:00:00
   End Date: 2100-12-31 23:59:59

stdout | tests/routes/companyResearch.test.js
Γ£à Test database pool connected

stdout | tests/routes/networkingAnalysis.test.js > Networking Analysis Routes > GET /api/networking-analysis/full > should generate insights
Γ£ô Referrals: 0 referrals found

stdout | tests/routes/companyResearch.test.js
Γ£à Test environment initialized (transaction-based isolation)

stdout | tests/routes/networkingAnalysis.test.js > Networking Analysis Routes > GET /api/networking-analysis/full > should generate insights
Γ£ô Events: 0 events found

stdout | tests/routes/networkingAnalysis.test.js > Networking Analysis Routes > GET /api/networking-analysis/full > should generate insights
========================================
Networking Analysis Summary:
  Contacts: 0
  Activities: 15
  Referrals: 0
  Events: 0
  Data Quality: Limited
========================================

stdout | tests/routes/networkingAnalysis.test.js > Networking Analysis Routes > GET /api/networking-analysis/full > should calculate benchmark comparisons
========================================
Networking Analysis for user: 72684
========================================

stdout | tests/routes/skills.test.js
Γ£à Test database pool connected

stdout | tests/routes/networkingAnalysis.test.js > Networking Analysis Routes > GET /api/networking-analysis/full > should calculate benchmark comparisons
Γ£ô Activities: 0 activity groups found

stdout | tests/routes/skills.test.js
Γ£à Test environment initialized (transaction-based isolation)

stdout | tests/routes/companyResearch.test.js > Company Research Routes > GET /api/company-research > should return company research data with mocked APIs
≡ƒöì Running fresh research for: Google

stdout | tests/routes/companyResearch.test.js > Company Research Routes > GET /api/company-research > should return company research data with mocked APIs
≡ƒôè logApiUsage: Inserting log for wikipedia - userId: null, endpoint: /w/api.php

stdout | tests/routes/networkingAnalysis.test.js > Networking Analysis Routes > GET /api/networking-analysis/full > should calculate benchmark comparisons
≡ƒôè Total contacts in networking_contacts for user 72684: 0

stdout | tests/routes/companyResearch.test.js > Company Research Routes > GET /api/company-research > should return company research data with mocked APIs
Γ£à logApiUsage: Successfully logged API usage with ID 1871 for wikipedia

stdout | tests/routes/networkingAnalysis.test.js > Networking Analysis Routes > GET /api/networking-analysis/full > should calculate benchmark comparisons
Γ£ô Contacts: 0 contacts found

stdout | tests/routes/networkingAnalysis.test.js > Networking Analysis Routes > GET /api/networking-analysis/full > should calculate benchmark comparisons
≡ƒôè Total contacts in professional_contacts for user 72684: 0
≡ƒôè Final total contacts after merging: 0

stdout | tests/routes/companyResearch.test.js > Company Research Routes > GET /api/company-research > should return company research data with mocked APIs
Γ£à Tracked API call: wikipedia GET /w/api.php (success: true, user: null)

stdout | tests/routes/companyResearch.test.js > Company Research Routes > GET /api/company-research > should return company research data with mocked APIs
≡ƒôè logApiUsage: Inserting log for news_api - userId: null, endpoint: /v2/everything

stdout | tests/routes/companyResearch.test.js > Company Research Routes > GET /api/company-research > should return company research data with mocked APIs
Γ£à logApiUsage: Successfully logged API usage with ID 1872 for news_api

stdout | tests/routes/customReports.test.js > Custom Reports Routes > POST /api/custom-reports/generate > should filter by roles
≡ƒôè Custom Report Generation for user 72680:
  - Comprehensive mode: false
  - Filters received: {
  "roles": [
    "Software Engineer"
  ]
}

stdout | tests/routes/companyResearch.test.js > Company Research Routes > GET /api/company-research > should return company research data with mocked APIs
Γ£à Tracked API call: news_api GET /v2/everything (success: true, user: null)

stderr | tests/routes/companyResearch.test.js > Company Research Routes > GET /api/company-research > should return 
company research data with mocked APIs
Γ¥î News fetch error: Cannot destructure property 'data' of '(intermediate value)' as it is undefined.

stdout | tests/routes/customReports.test.js > Custom Reports Routes > POST /api/custom-reports/generate > should filter by roles
  - Filtered: Fetched 17 jobs with filters
  - Total jobs: 17
  - Actual applications (excluding 'Interested'): 17
  - Selected metrics: totalApplications

stdout | tests/routes/companyResearch.test.js > Company Research Routes > GET /api/company-research > should return company research data with mocked APIs
≡ƒôè logApiUsage: Inserting log for openai - userId: null, endpoint: /v1/chat/completions

stdout | tests/routes/dashboard.test.js > Dashboard Routes > GET /api/dashboard/stats > should include default goals
≡ƒº¬ Total jobs for user: 0

stdout | tests/routes/companyResearch.test.js > Company Research Routes > GET /api/company-research > should return company research data with mocked APIs
Γ£à logApiUsage: Successfully logged API usage with ID 1873 for openai

stdout | tests/routes/dashboard.test.js > Dashboard Routes > GET /api/dashboard/stats > should include default goals
≡ƒº¬ Jobs in date range: { total: '0', earliest_date: null, latest_date: null }

stdout | tests/routes/dashboard.test.js > Dashboard Routes > GET /api/dashboard/stats > should include default goals
≡ƒº¬ Archive status: { total: '0', archived: '0', not_archived: '0' }

stdout | tests/routes/companyResearch.test.js > Company Research Routes > GET /api/company-research > should return company research data with mocked APIs
Γ£à Tracked API call: openai POST /v1/chat/completions (success: true, user: null)

stderr | tests/routes/companyResearch.test.js > Company Research Routes > GET /api/company-research > should return 
company research data with mocked APIs
Γ¥î OpenAI enrichment error: Cannot read properties of undefined (reading 'data')

stdout | tests/routes/dashboard.test.js > Dashboard Routes > GET /api/dashboard/stats > should include default goals
≡ƒôè Key Metrics Result: { total_applications: '0', total_interviews: '0', total_offers: '0' }

stdout | tests/routes/companyResearch.test.js > Company Research Routes > GET /api/company-research > should return company research data with mocked APIs
≡ƒôè logApiUsage: Inserting log for openai - userId: null, endpoint: /v1/chat/completions

stdout | tests/routes/companyResearch.test.js > Company Research Routes > GET /api/company-research > should return company research data with mocked APIs
Γ£à logApiUsage: Successfully logged API usage with ID 1874 for openai

stdout | tests/routes/dashboard.test.js > Dashboard Routes > GET /api/dashboard/stats > should include default goals
≡ƒôê Trends Result: 0 weeks found

stdout | tests/routes/companyResearch.test.js > Company Research Routes > GET /api/company-research > should return company research data with mocked APIs
Γ£à Tracked API call: openai POST /v1/chat/completions (success: true, user: null)

stderr | tests/routes/companyResearch.test.js > Company Research Routes > GET /api/company-research > should return 
company research data with mocked APIs
Γ¥î Error generating talking points: Cannot read properties of undefined (reading 'data')

stdout | tests/routes/companyResearch.test.js > Company Research Routes > GET /api/company-research > should return company research data with mocked APIs
Γ£à Completed fresh analysis for Google

stdout | tests/routes/dashboard.test.js > Dashboard Routes > GET /api/dashboard/stats > should include default goals
≡ƒôë Funnel Result: { applied: '0', interview: '0', offer: '0' }

stdout | tests/routes/resumePresets.test.js
Γ£à Test database pool connected

stdout | tests/routes/fileUpload.test.js
Γ£à Test database pool connected

stdout | tests/routes/fileUpload.test.js
Γ£à Test environment initialized (transaction-based isolation)

stdout | tests/routes/resumePresets.test.js
Γ£à Test environment initialized (transaction-based isolation)

stdout | tests/routes/dashboard.test.js > Dashboard Routes > GET /api/dashboard/stats > should include default goals
ΓÅ▒ Stage Times Result: []

stdout | tests/routes/dashboard.test.js > Dashboard Routes > GET /api/dashboard/stats > should include default goals
Γ£à Sending response with: { total_applications: 0, total_interviews: 0, total_offers: 0 }
========================================

stdout | tests/routes/networkingAnalysis.test.js > Networking Analysis Routes > GET /api/networking-analysis/full > should calculate benchmark comparisons
Γ£ô Referrals: 0 referrals found

stdout | tests/routes/companyResearch.test.js > Company Research Routes > GET /api/company-research > should handle Wikipedia API errors gracefully
≡ƒöì Running fresh research for: TestCompany

stdout | tests/routes/networkingAnalysis.test.js > Networking Analysis Routes > GET /api/networking-analysis/full > should calculate benchmark comparisons
Γ£ô Events: 0 events found

stdout | tests/routes/fileUpload.test.js > File Upload Routes > POST /api/file-upload/resume > should require authentication
[dotenv@17.2.3] injecting env (0) from .env -- tip: ≡ƒöÉ prevent building .env in docker: https://dotenvx.com/prebuild

stdout | tests/routes/companyResearch.test.js > Company Research Routes > GET /api/company-research > should handle Wikipedia API errors gracefully
≡ƒôè logApiUsage: Inserting log for wikipedia - userId: null, endpoint: /w/api.php

stdout | tests/routes/networkingAnalysis.test.js > Networking Analysis Routes > GET /api/networking-analysis/full > should calculate benchmark comparisons
========================================
Networking Analysis Summary:
  Contacts: 0
  Activities: 0
  Referrals: 0
  Events: 0
  Data Quality: Limited
========================================

stdout | tests/routes/companyResearch.test.js > Company Research Routes > GET /api/company-research > should handle Wikipedia API errors gracefully
Γ£à logApiUsage: Successfully logged API usage with ID 1875 for wikipedia

stdout | tests/routes/skillsGap.test.js
Γ£à Test database pool connected

stderr | tests/routes/companyResearch.test.js > Company Research Routes > GET /api/company-research > should handle 
Wikipedia API errors gracefully
Γ¥î Wikipedia fetch error: Wikipedia API error

stdout | tests/routes/skillsGap.test.js
Γ£à Test environment initialized (transaction-based isolation)

stdout | tests/routes/skillProgress.test.js
Γ£à Test database pool connected

stdout | tests/routes/networkingAnalysis.test.js > Networking Analysis Routes > GET /api/networking-analysis/full > should handle missing tables gracefully
========================================
Networking Analysis for user: 72699
========================================

stdout | tests/routes/companyResearch.test.js > Company Research Routes > GET /api/company-research > should handle Wikipedia API errors gracefully
≡ƒôè logApiUsage: Inserting log for news_api - userId: null, endpoint: /v2/everything

stdout | tests/routes/skillProgress.test.js
Γ£à Test environment initialized (transaction-based isolation)

stdout | tests/routes/networkingAnalysis.test.js > Networking Analysis Routes > GET /api/networking-analysis/full > should handle missing tables gracefully
Γ£ô Activities: 0 activity groups found

stdout | tests/routes/companyResearch.test.js > Company Research Routes > GET /api/company-research > should handle Wikipedia API errors gracefully
Γ£à logApiUsage: Successfully logged API usage with ID 1876 for news_api

stdout | tests/routes/companyResearch.test.js > Company Research Routes > GET /api/company-research > should handle Wikipedia API errors gracefully
Γ£à Tracked API call: news_api GET /v2/everything (success: true, user: null)

stderr | tests/routes/companyResearch.test.js > Company Research Routes > GET /api/company-research > should handle 
Wikipedia API errors gracefully
Γ¥î News fetch error: Cannot destructure property 'data' of '(intermediate value)' as it is undefined.

stdout | tests/routes/networkingAnalysis.test.js > Networking Analysis Routes > GET /api/networking-analysis/full > should handle missing tables gracefully
≡ƒôè Total contacts in networking_contacts for user 72699: 0

stdout | tests/routes/companyResearch.test.js > Company Research Routes > GET /api/company-research > should handle Wikipedia API errors gracefully
≡ƒôè logApiUsage: Inserting log for openai - userId: null, endpoint: /v1/chat/completions

stdout | tests/routes/networkingAnalysis.test.js > Networking Analysis Routes > GET /api/networking-analysis/full > should handle missing tables gracefully
Γ£ô Contacts: 0 contacts found

stdout | tests/routes/companyResearch.test.js > Company Research Routes > GET /api/company-research > should handle Wikipedia API errors gracefully
Γ£à logApiUsage: Successfully logged API usage with ID 1877 for openai

stdout | tests/routes/networkingAnalysis.test.js > Networking Analysis Routes > GET /api/networking-analysis/full > should handle missing tables gracefully
≡ƒôè Total contacts in professional_contacts for user 72699: 0
≡ƒôè Final total contacts after merging: 0

stdout | tests/routes/companyResearch.test.js > Company Research Routes > GET /api/company-research > should handle Wikipedia API errors gracefully
Γ£à Tracked API call: openai POST /v1/chat/completions (success: true, user: null)

stderr | tests/routes/companyResearch.test.js > Company Research Routes > GET /api/company-research > should handle 
Wikipedia API errors gracefully
Γ¥î OpenAI enrichment error: Cannot read properties of undefined (reading 'data')

stdout | tests/routes/companyResearch.test.js > Company Research Routes > GET /api/company-research > should handle Wikipedia API errors gracefully
≡ƒôè logApiUsage: Inserting log for openai - userId: null, endpoint: /v1/chat/completions

stdout | tests/routes/companyResearch.test.js > Company Research Routes > GET /api/company-research > should handle Wikipedia API errors gracefully
Γ£à logApiUsage: Successfully logged API usage with ID 1878 for openai

stdout | tests/routes/companyResearch.test.js > Company Research Routes > GET /api/company-research > should handle Wikipedia API errors gracefully
Γ£à Tracked API call: openai POST /v1/chat/completions (success: true, user: null)

stderr | tests/routes/companyResearch.test.js > Company Research Routes > GET /api/company-research > should handle 
Wikipedia API errors gracefully
Γ¥î Error generating talking points: Cannot read properties of undefined (reading 'data')

stdout | tests/routes/companyResearch.test.js > Company Research Routes > GET /api/company-research > should handle Wikipedia API errors gracefully
Γ£à Completed fresh analysis for TestCompany

stdout | tests/routes/companyResearch.test.js > Company Research Routes > GET /api/company-research > should use mock news when NEWS_API_KEY is not set
≡ƒöì Running fresh research for: TestCompany

stdout | tests/routes/companyResearch.test.js > Company Research Routes > GET /api/company-research > should use mock news when NEWS_API_KEY is not set
≡ƒôè logApiUsage: Inserting log for wikipedia - userId: null, endpoint: /w/api.php

stdout | tests/routes/companyResearch.test.js > Company Research Routes > GET /api/company-research > should use mock news when NEWS_API_KEY is not set
Γ£à logApiUsage: Successfully logged API usage with ID 1879 for wikipedia

stdout | tests/routes/companyResearch.test.js > Company Research Routes > GET /api/company-research > should use mock news when NEWS_API_KEY is not set
Γ£à Tracked API call: wikipedia GET /w/api.php (success: true, user: null)

stdout | tests/routes/customReports.test.js > Custom Reports Routes > POST /api/custom-reports/generate > should calculate all metrics correctly
≡ƒôè Custom Report Generation for user 72688:
  - Comprehensive mode: false
  - Filters received: {}

stdout | tests/routes/companyResearch.test.js > Company Research Routes > GET /api/company-research > should use mock news when NEWS_API_KEY is not set
≡ƒôè logApiUsage: Inserting log for wikipedia - userId: null, endpoint: /w/api.php

stdout | tests/routes/customReports.test.js > Custom Reports Routes > POST /api/custom-reports/generate > should calculate all metrics correctly
  - Filtered: Fetched 17 jobs with filters
  - Total jobs: 17
  - Actual applications (excluding 'Interested'): 17
  - Selected metrics: totalApplications, successRate, interviewRate, offerRate, industryBreakdown, industrySuccessRates, conversionFunnel, timeline, peakTiming, responseTimes, customizationImpact

stdout | tests/routes/companyResearch.test.js > Company Research Routes > GET /api/company-research > should use mock news when NEWS_API_KEY is not set
Γ£à logApiUsage: Successfully logged API usage with ID 1880 for wikipedia

stdout | tests/routes/companyResearch.test.js > Company Research Routes > GET /api/company-research > should use mock news when NEWS_API_KEY is not set
Γ£à Tracked API call: wikipedia GET /w/api.php (success: true, user: null)

stdout | tests/routes/companyResearch.test.js > Company Research Routes > GET /api/company-research > should use mock news when NEWS_API_KEY is not set
≡ƒôè logApiUsage: Inserting log for wikipedia - userId: null, endpoint: /api/rest_v1/page/summary/Test

stdout | tests/routes/companyResearch.test.js > Company Research Routes > GET /api/company-research > should use mock news when NEWS_API_KEY is not set
Γ£à logApiUsage: Successfully logged API usage with ID 1881 for wikipedia

stdout | tests/routes/companyResearch.test.js > Company Research Routes > GET /api/company-research > should use mock news when NEWS_API_KEY is not set
Γ£à Tracked API call: wikipedia GET /api/rest_v1/page/summary/Test (success: true, user: null)

stdout | tests/routes/dashboard.test.js > Dashboard Routes > GET /api/dashboard/stats > should generate actionable insights
========================================
≡ƒöì Dashboard Stats Request
========================================
   User ID: 72694
   Start Date: 2000-01-01 00:00:00
   End Date: 2100-12-31 23:59:59

stdout | tests/routes/companyResearch.test.js > Company Research Routes > GET /api/company-research > should use mock news when NEWS_API_KEY is not set
≡ƒôè logApiUsage: Inserting log for news_api - userId: null, endpoint: /v2/everything

stdout | tests/routes/dashboard.test.js > Dashboard Routes > GET /api/dashboard/stats > should generate actionable insights
≡ƒº¬ Total jobs for user: 5

stdout | tests/routes/companyResearch.test.js > Company Research Routes > GET /api/company-research > should use mock news when NEWS_API_KEY is not set
Γ£à logApiUsage: Successfully logged API usage with ID 1882 for news_api

stdout | tests/routes/dashboard.test.js > Dashboard Routes > GET /api/dashboard/stats > should generate actionable insights
≡ƒº¬ Jobs in date range: { total: '5', earliest_date: null, latest_date: null }

stdout | tests/routes/dashboard.test.js > Dashboard Routes > GET /api/dashboard/stats > should generate actionable insights
≡ƒº¬ Archive status: { total: '5', archived: '0', not_archived: '5' }

stdout | tests/routes/companyResearch.test.js > Company Research Routes > GET /api/company-research > should use mock news when NEWS_API_KEY is not set
Γ£à Tracked API call: news_api GET /v2/everything (success: true, user: null)

stderr | tests/routes/companyResearch.test.js > Company Research Routes > GET /api/company-research > should use mock 
news when NEWS_API_KEY is not set
ΓÜá∩╕Å NewsAPI limit or no data for TestCompany ΓÇö using mock news.

stdout | tests/routes/dashboard.test.js > Dashboard Routes > GET /api/dashboard/stats > should generate actionable insights
≡ƒôè Key Metrics Result: { total_applications: '5', total_interviews: '0', total_offers: '0' }

stdout | tests/routes/companyResearch.test.js > Company Research Routes > GET /api/company-research > should use mock news when NEWS_API_KEY is not set
≡ƒôè logApiUsage: Inserting log for openai - userId: null, endpoint: /v1/chat/completions

stdout | tests/routes/companyResearch.test.js > Company Research Routes > GET /api/company-research > should use mock news when NEWS_API_KEY is not set
Γ£à logApiUsage: Successfully logged API usage with ID 1883 for openai

stdout | tests/routes/dashboard.test.js > Dashboard Routes > GET /api/dashboard/stats > should generate actionable insights
≡ƒôê Trends Result: 1 weeks found

stdout | tests/routes/companyResearch.test.js > Company Research Routes > GET /api/company-research > should use mock news when NEWS_API_KEY is not set
Γ£à Tracked API call: openai POST /v1/chat/completions (success: true, user: null)

stderr | tests/routes/companyResearch.test.js > Company Research Routes > GET /api/company-research > should use mock 
news when NEWS_API_KEY is not set
Γ¥î OpenAI enrichment error: Cannot read properties of undefined (reading 'data')

stdout | tests/routes/dashboard.test.js > Dashboard Routes > GET /api/dashboard/stats > should generate actionable insights
≡ƒôë Funnel Result: { applied: '5', interview: '0', offer: '0' }

stdout | tests/routes/companyResearch.test.js > Company Research Routes > GET /api/company-research > should use mock news when NEWS_API_KEY is not set
≡ƒôè logApiUsage: Inserting log for openai - userId: null, endpoint: /v1/chat/completions

stdout | tests/routes/dashboard.test.js > Dashboard Routes > GET /api/dashboard/stats > should generate actionable insights
ΓÅ▒ Stage Times Result: [ { status: 'Applied', avg_days: '0.00000000000000000000' } ]

stdout | tests/routes/companyResearch.test.js > Company Research Routes > GET /api/company-research > should use mock news when NEWS_API_KEY is not set
Γ£à logApiUsage: Successfully logged API usage with ID 1884 for openai

stdout | tests/routes/dashboard.test.js > Dashboard Routes > GET /api/dashboard/stats > should generate actionable insights
Γ£à Sending response with: { total_applications: 5, total_interviews: 0, total_offers: 0 }
========================================

stdout | tests/routes/networkingAnalysis.test.js > Networking Analysis Routes > GET /api/networking-analysis/full > should handle missing tables gracefully
Γ£ô Referrals: 0 referrals found

stdout | tests/routes/companyResearch.test.js > Company Research Routes > GET /api/company-research > should use mock news when NEWS_API_KEY is not set
Γ£à Tracked API call: openai POST /v1/chat/completions (success: true, user: null)

stderr | tests/routes/companyResearch.test.js > Company Research Routes > GET /api/company-research > should use mock 
news when NEWS_API_KEY is not set
Γ¥î Error generating talking points: Cannot read properties of undefined (reading 'data')

stdout | tests/routes/companyResearch.test.js > Company Research Routes > GET /api/company-research > should use mock news when NEWS_API_KEY is not set
Γ£à Completed fresh analysis for TestCompany

stdout | tests/routes/fileUpload.test.js
Γ£à Test database pool closed

stdout | tests/routes/fileUpload.test.js
Γ£à Test environment cleaned up

 Γ£ô tests/routes/fileUpload.test.js (12 tests) 8797ms
stdout | tests/routes/networkingAnalysis.test.js > Networking Analysis Routes > GET /api/networking-analysis/full > should handle missing tables gracefully
Γ£ô Events: 0 events found

stdout | tests/routes/networkingAnalysis.test.js > Networking Analysis Routes > GET /api/networking-analysis/full > should handle missing tables gracefully
========================================
Networking Analysis Summary:
  Contacts: 0
  Activities: 0
  Referrals: 0
  Events: 0
  Data Quality: Limited
========================================

stdout | tests/routes/companyResearch.test.js > Company Research Routes > GET /api/company-research > should use News API when key is available
≡ƒöì Running fresh research for: TestCompany

stdout | tests/routes/companyResearch.test.js > Company Research Routes > GET /api/company-research > should use News API when key is available
≡ƒôè logApiUsage: Inserting log for wikipedia - userId: null, endpoint: /w/api.php

stdout | tests/routes/companyResearch.test.js > Company Research Routes > GET /api/company-research > should use News API when key is available
Γ£à logApiUsage: Successfully logged API usage with ID 1885 for wikipedia

stdout | tests/routes/timing.test.js
Γ£à Test database pool connected

stdout | tests/routes/referrals.test.js
Γ£à Test database pool connected

stdout | tests/routes/interviewInsights.test.js
Γ£à Test database pool connected

stdout | tests/routes/referrals.test.js
Γ£à Test environment initialized (transaction-based isolation)

stdout | tests/routes/timing.test.js
Γ£à Test environment initialized (transaction-based isolation)

stdout | tests/routes/networkingAnalysis.test.js > Networking Analysis Routes > GET /api/networking-analysis/full > should calculate relationship health scores
========================================
Networking Analysis for user: 72744
========================================

stdout | tests/routes/companyResearch.test.js > Company Research Routes > GET /api/company-research > should use News API when key is available
Γ£à Tracked API call: wikipedia GET /w/api.php (success: true, user: null)

stdout | tests/routes/interviewInsights.test.js
Γ£à Test environment initialized (transaction-based isolation)

stdout | tests/routes/responseCoaching.test.js
[dotenv@17.2.3] injecting env (17) from .env.test -- tip: Γ£à audit secrets and track compliance: https://dotenvx.com/ops

stdout | tests/routes/networkingAnalysis.test.js > Networking Analysis Routes > GET /api/networking-analysis/full > should calculate relationship health scores
Γ£ô Activities: 0 activity groups found

stdout | tests/routes/companyResearch.test.js > Company Research Routes > GET /api/company-research > should use News API when key is available
≡ƒôè logApiUsage: Inserting log for wikipedia - userId: null, endpoint: /w/api.php

stdout | tests/routes/responseCoaching.test.js
[dotenv@17.2.3] injecting env (0) from .env -- tip: ΓÜÖ∩╕Å  load multiple .env files with { path: ['.env.local', '.env'] }
≡ƒöÆ SSL enabled for Supabase connection (shared pool)
≡ƒôè Database pool initialized (max: 2, Supabase: true)

stdout | tests/routes/responseCoaching.test.js
[dotenv@17.2.3] injecting env (0) from .env.test -- tip: ≡ƒ¢á∩╕Å  run anywhere with `dotenvx run -- yourcommand`

stdout | tests/routes/companyResearch.test.js > Company Research Routes > GET /api/company-research > should use News API when key is available
Γ£à logApiUsage: Successfully logged API usage with ID 1886 for wikipedia

stdout | tests/routes/networkingAnalysis.test.js > Networking Analysis Routes > GET /api/networking-analysis/full > should calculate relationship health scores
≡ƒôè Total contacts in networking_contacts for user 72744: 1

stdout | tests/routes/companyResearch.test.js > Company Research Routes > GET /api/company-research > should use News API when key is available
Γ£à Tracked API call: wikipedia GET /w/api.php (success: true, user: null)

stdout | tests/routes/interviewInsights.test.js > Interview Insights Routes > GET /api/interview-insights/ > should generate interview insights for company and role
≡ƒöì Generating interview insights for: Google | Role: Software Engineer

stdout | tests/routes/companyResearch.test.js > Company Research Routes > GET /api/company-research > should use News API when key is available
≡ƒôè logApiUsage: Inserting log for wikipedia - userId: null, endpoint: /api/rest_v1/page/summary/Test

stdout | tests/routes/networkingAnalysis.test.js > Networking Analysis Routes > GET /api/networking-analysis/full > should calculate relationship health scores
Γ£ô Contacts: 1 contacts found
≡ƒôï Sample contact (newest first): {
  id: 248,
  name: 'Healthy Contact',
  strength: 4,
  engagement: '0.8',
  created_at: 2025-12-15T23:49:36.013Z
}

stdout | tests/routes/interviewInsights.test.js > Interview Insights Routes > GET /api/interview-insights/ > should generate interview insights for company and role
≡ƒôè logApiUsage: Inserting log for serp - userId: 72751, endpoint: /search.json

stdout | tests/routes/companyResearch.test.js > Company Research Routes > GET /api/company-research > should use News API when key is available
Γ£à logApiUsage: Successfully logged API usage with ID 1887 for wikipedia

stdout | tests/routes/interviewInsights.test.js > Interview Insights Routes > GET /api/interview-insights/ > should generate interview insights for company and role
≡ƒôè logApiUsage: Inserting log for wikipedia - userId: 72751, endpoint: https://www.indeed.com/cmp/google/interviews

stdout | tests/routes/networkingAnalysis.test.js > Networking Analysis Routes > GET /api/networking-analysis/full > should calculate relationship health scores
≡ƒôè Total contacts in professional_contacts for user 72744: 0
≡ƒôè Final total contacts after merging: 1
≡ƒôï All contact names: Healthy Contact

stdout | tests/routes/informationalInterviews.test.js
Γ£à Test database pool connected

stdout | tests/routes/responseCoaching.test.js
[dotenv@17.2.3] injecting env (0) from .env -- tip: ΓÜÖ∩╕Å  write to custom object with { processEnv: myObject }

stdout | tests/routes/interviewInsights.test.js > Interview Insights Routes > GET /api/interview-insights/ > should generate interview insights for company and role
≡ƒôè logApiUsage: Inserting log for serp - userId: 72751, endpoint: /search.json

stdout | tests/routes/informationalInterviews.test.js
Γ£à Test environment initialized (transaction-based isolation)

stdout | tests/routes/companyResearch.test.js > Company Research Routes > GET /api/company-research > should use News API when key is available
Γ£à Tracked API call: wikipedia GET /api/rest_v1/page/summary/Test (success: true, user: null)

stderr | tests/routes/interviewInsights.test.js > Interview Insights Routes > GET /api/interview-insights/ > should 
generate interview insights for company and role
Γ¥î Error logging API usage: error: insert or update on table "api_usage_logs" violates foreign key constraint 
"api_usage_logs_user_id_fkey"
    at C:\Users\aditn\OneDrive\Desktop\Cursor\Aandsz-Forces-ATS-CS490\backend\node_modules\pg\lib\client.js:545:17
    at processTicksAndRejections (node:internal/process/task_queues:105:5)
    at logApiUsage 
(C:/Users/aditn/OneDrive/Desktop/Cursor/Aandsz-Forces-ATS-CS490/backend/utils/apiTrackingService.js:68:20)
    at trackApiCall 
(C:/Users/aditn/OneDrive/Desktop/Cursor/Aandsz-Forces-ATS-CS490/backend/utils/apiTrackingService.js:281:7)
    at getSerpSnippets 
(C:/Users/aditn/OneDrive/Desktop/Cursor/Aandsz-Forces-ATS-CS490/backend/routes/interviewInsights.js:97:22)
    at async Promise.all (index 0)
    at C:/Users/aditn/OneDrive/Desktop/Cursor/Aandsz-Forces-ATS-CS490/backend/routes/interviewInsights.js:453:39 {
  length: 282,
  severity: 'ERROR',
  code: '23503',
  detail: 'Key (user_id)=(72751) is not present in table "users".',
  hint: undefined,
  position: undefined,
  internalPosition: undefined,
  internalQuery: undefined,
  where: undefined,
  schema: 'public',
  table: 'api_usage_logs',
  column: undefined,
  dataType: undefined,
  constraint: 'api_usage_logs_user_id_fkey',
  file: 'ri_triggers.c',
  line: '2599',
  routine: 'ri_ReportViolation'
}
   Service: serp Endpoint: /search.json User: 72751
stdout | tests/routes/interviewInsights.test.js > Interview Insights Routes > GET /api/interview-insights/ > should generate interview insights for company and role
Γ£à Tracked API call: serp GET /search.json (success: true, user: 72751)

   Full error: insert or update on table "api_usage_logs" violates foreign key constraint 
"api_usage_logs_user_id_fkey" error: insert or update on table "api_usage_logs" violates foreign key constraint 
"api_usage_logs_user_id_fkey"
    at C:\Users\aditn\OneDrive\Desktop\Cursor\Aandsz-Forces-ATS-CS490\backend\node_modules\pg\lib\client.js:545:17
    at processTicksAndRejections (node:internal/process/task_queues:105:5)
    at logApiUsage 
(C:/Users/aditn/OneDrive/Desktop/Cursor/Aandsz-Forces-ATS-CS490/backend/utils/apiTrackingService.js:68:20)
    at trackApiCall 
(C:/Users/aditn/OneDrive/Desktop/Cursor/Aandsz-Forces-ATS-CS490/backend/utils/apiTrackingService.js:281:7)
    at getSerpSnippets 
(C:/Users/aditn/OneDrive/Desktop/Cursor/Aandsz-Forces-ATS-CS490/backend/routes/interviewInsights.js:97:22)
    at async Promise.all (index 0)
    at C:/Users/aditn/OneDrive/Desktop/Cursor/Aandsz-Forces-ATS-CS490/backend/routes/interviewInsights.js:453:39

stdout | tests/routes/companyResearch.test.js > Company Research Routes > GET /api/company-research > should use News API when key is available
≡ƒôè logApiUsage: Inserting log for news_api - userId: null, endpoint: /v2/everything

stderr | tests/routes/interviewInsights.test.js > Interview Insights Routes > GET /api/interview-insights/ > should 
generate interview insights for company and role
Γ¥î Error logging API usage: error: current transaction is aborted, commands ignored until end of transaction block
    at C:\Users\aditn\OneDrive\Desktop\Cursor\Aandsz-Forces-ATS-CS490\backend\node_modules\pg\lib\client.js:545:17
    at processTicksAndRejections (node:internal/process/task_queues:105:5)
    at logApiUsage 
(C:/Users/aditn/OneDrive/Desktop/Cursor/Aandsz-Forces-ATS-CS490/backend/utils/apiTrackingService.js:68:20)
    at trackApiCall 
(C:/Users/aditn/OneDrive/Desktop/Cursor/Aandsz-Forces-ATS-CS490/backend/utils/apiTrackingService.js:281:7)
    at scrapeIndeed 
(C:/Users/aditn/OneDrive/Desktop/Cursor/Aandsz-Forces-ATS-CS490/backend/routes/interviewInsights.js:140:24)
    at async Promise.all (index 1)
    at C:/Users/aditn/OneDrive/Desktop/Cursor/Aandsz-Forces-ATS-CS490/backend/routes/interviewInsights.js:453:39 {
  length: 145,
  severity: 'ERROR',
  code: '25P02',
  detail: undefined,
  hint: undefined,
  position: undefined,
  internalPosition: undefined,
  internalQuery: undefined,
  where: undefined,
  schema: undefined,
  table: undefined,
stdout | tests/routes/interviewInsights.test.js > Interview Insights Routes > GET /api/interview-insights/ > should generate interview insights for company and role
Γ£à Tracked API call: wikipedia GET https://www.indeed.com/cmp/google/interviews (success: true, user: 72751)
  column: undefined,
  dataType: undefined,
  constraint: undefined,
  file: 'postgres.c',
  line: '1498',
  routine: 'exec_parse_message'
}
   Service: wikipedia Endpoint: https://www.indeed.com/cmp/google/interviews User: 72751
   Full error: current transaction is aborted, commands ignored until end of transaction block error: current 
transaction is aborted, commands ignored until end of transaction block
    at C:\Users\aditn\OneDrive\Desktop\Cursor\Aandsz-Forces-ATS-CS490\backend\node_modules\pg\lib\client.js:545:17
    at processTicksAndRejections (node:internal/process/task_queues:105:5)
    at logApiUsage 
(C:/Users/aditn/OneDrive/Desktop/Cursor/Aandsz-Forces-ATS-CS490/backend/utils/apiTrackingService.js:68:20)
    at trackApiCall 
(C:/Users/aditn/OneDrive/Desktop/Cursor/Aandsz-Forces-ATS-CS490/backend/utils/apiTrackingService.js:281:7)
    at scrapeIndeed 
(C:/Users/aditn/OneDrive/Desktop/Cursor/Aandsz-Forces-ATS-CS490/backend/routes/interviewInsights.js:140:24)
    at async Promise.all (index 1)
    at C:/Users/aditn/OneDrive/Desktop/Cursor/Aandsz-Forces-ATS-CS490/backend/routes/interviewInsights.js:453:39


stdout | tests/routes/companyResearch.test.js > Company Research Routes > GET /api/company-research > should use News API when key is available
Γ£à logApiUsage: Successfully logged API usage with ID 1889 for news_api

stderr | tests/routes/interviewInsights.test.js > Interview Insights Routes > GET /api/interview-insights/ > should 
generate interview insights for company and role
Γ¥î Error logging API usage: error: current transaction is aborted, commands ignored until end of transaction block
    at C:\Users\aditn\OneDrive\Desktop\Cursor\Aandsz-Forces-ATS-CS490\backend\node_modules\pg\lib\client.js:545:17
    at processTicksAndRejections (node:internal/process/task_queues:105:5)
    at logApiUsage 
(C:/Users/aditn/OneDrive/Desktop/Cursor/Aandsz-Forces-ATS-CS490/backend/utils/apiTrackingService.js:68:20)
    at trackApiCall 
(C:/Users/aditn/OneDrive/Desktop/Cursor/Aandsz-Forces-ATS-CS490/backend/utils/apiTrackingService.js:281:7)
    at getCommunitySnippets 
(C:/Users/aditn/OneDrive/Desktop/Cursor/Aandsz-Forces-ATS-CS490/backend/routes/interviewInsights.js:176:22)
    at async Promise.all (index 2)
    at C:/Users/aditn/OneDrive/Desktop/Cursor/Aandsz-Forces-ATS-CS490/backend/routes/interviewInsights.js:453:39 {
  length: 145,
  severity: 'ERROR',
  code: '25P02',
  detail: undefined,
  hint: undefined,
  position: undefined,
  internalPosition: undefined,
  internalQuery: undefined,
  where: undefined,
  schema: undefined,
  table: undefined,
  column: undefined,
  dataType: undefined,
  constraint: undefined,
  file: 'postgres.c',
  line: '1498',
  routine: 'exec_parse_message'
}
   Service: serp Endpoint: /search.json User: 72751
   Full error: current transaction is aborted, commands ignored until end of transaction block error: current 
transaction is aborted, commands ignored until end of transaction block
    at C:\Users\aditn\OneDrive\Desktop\Cursor\Aandsz-Forces-ATS-CS490\backend\node_modules\pg\lib\client.js:545:17
    at processTicksAndRejections (node:internal/process/task_queues:105:5)
    at logApiUsage 
(C:/Users/aditn/OneDrive/Desktop/Cursor/Aandsz-Forces-ATS-CS490/backend/utils/apiTrackingService.js:68:20)
    at trackApiCall 
(C:/Users/aditn/OneDrive/Desktop/Cursor/Aandsz-Forces-ATS-CS490/backend/utils/apiTrackingService.js:281:7)
    at getCommunitySnippets 
(C:/Users/aditn/OneDrive/Desktop/Cursor/Aandsz-Forces-ATS-CS490/backend/routes/interviewInsights.js:176:22)
    at async Promise.all (index 2)
    at C:/Users/aditn/OneDrive/Desktop/Cursor/Aandsz-Forces-ATS-CS490/backend/routes/interviewInsights.js:453:39

stdout | tests/routes/interviewInsights.test.js > Interview Insights Routes > GET /api/interview-insights/ > should generate interview insights for company and role
Γ£à Tracked API call: serp GET /search.json (success: true, user: 72751)

stdout | tests/routes/dashboard.test.js > Dashboard Routes > GET /api/dashboard/stats > should calculate industry comparison
========================================
≡ƒöì Dashboard Stats Request
========================================
   User ID: 72739
   Start Date: 2000-01-01 00:00:00
   End Date: 2100-12-31 23:59:59

stderr | tests/routes/interviewInsights.test.js > Interview Insights Routes > GET /api/interview-insights/ > should 
generate interview insights for company and role
Γ¥î Error getting/creating service ID for wikipedia: current transaction is aborted, commands ignored until end of 
transaction block

stderr | tests/routes/interviewInsights.test.js > Interview Insights Routes > GET /api/interview-insights/ > should 
generate interview insights for company and role
Γ¥î Cannot track API usage for wikipedia: Database tables may not exist. current transaction is aborted, commands 
ignored until end of transaction block
   Run: psql $DATABASE_URL -f backend/db/add_api_monitoring_schema.sql

stdout | tests/routes/interviewInsights.test.js > Interview Insights Routes > GET /api/interview-insights/ > should generate interview insights for company and role
Γ£à Tracked API call: wikipedia GET https://www.indeed.com/cmp/google/interviews?from=tab (success: true, user: 72751)

stdout | tests/routes/companyResearch.test.js > Company Research Routes > GET /api/company-research > should use News API when key is available
Γ£à Tracked API call: news_api GET /v2/everything (success: true, user: null)

stderr | tests/routes/companyResearch.test.js > Company Research Routes > GET /api/company-research > should use News 
API when key is available
Γ¥î News fetch error: Cannot destructure property 'data' of '(intermediate value)' as it is undefined.

stdout | tests/routes/dashboard.test.js > Dashboard Routes > GET /api/dashboard/stats > should calculate industry comparison
≡ƒº¬ Total jobs for user: 13

stderr | tests/routes/interviewInsights.test.js > Interview Insights Routes > GET /api/interview-insights/ > should 
generate interview insights for company and role
Γ¥î Error getting/creating service ID for openai: current transaction is aborted, commands ignored until end of 
transaction block

stderr | tests/routes/interviewInsights.test.js > Interview Insights Routes > GET /api/interview-insights/ > should 
generate interview insights for company and role
Γ¥î Cannot track API usage for openai: Database tables may not exist. current transaction is aborted, commands ignored 
until end of transaction block
   Run: psql $DATABASE_URL -f backend/db/add_api_monitoring_schema.sql

stdout | tests/routes/interviewInsights.test.js > Interview Insights Routes > GET /api/interview-insights/ > should generate interview insights for company and role
Γ£à Tracked API call: openai POST /v1/chat/completions (success: true, user: 72751)

stdout | tests/routes/interviewInsights.test.js > Interview Insights Routes > GET /api/interview-insights/ > should generate interview insights for company and role
≡ƒÆ╛ Saving new checklist for: Google (Software Engineer)

stdout | tests/routes/interviewInsights.test.js > Interview Insights Routes > GET /api/interview-insights/ > should generate interview insights for company and role
Γ£à Checklist saved successfully
Γ£à Completed interview insights for: Google (Software Engineer)

stdout | tests/routes/companyResearch.test.js > Company Research Routes > GET /api/company-research > should use News API when key is available
≡ƒôè logApiUsage: Inserting log for openai - userId: null, endpoint: /v1/chat/completions

stdout | tests/routes/dashboard.test.js > Dashboard Routes > GET /api/dashboard/stats > should calculate industry comparison
≡ƒº¬ Jobs in date range: { total: '13', earliest_date: null, latest_date: null }

stdout | tests/routes/companyResearch.test.js > Company Research Routes > GET /api/company-research > should use News API when key is available
Γ£à logApiUsage: Successfully logged API usage with ID 1890 for openai

stdout | tests/routes/dashboard.test.js > Dashboard Routes > GET /api/dashboard/stats > should calculate industry comparison
≡ƒº¬ Archive status: { total: '13', archived: '0', not_archived: '13' }

stdout | tests/routes/customReports.test.js > Custom Reports Routes > POST /api/custom-reports/generate > should generate insights when includeInsights is true
≡ƒôè Custom Report Generation for user 72724:
  - Comprehensive mode: false
  - Filters received: {}

stdout | tests/routes/companyResearch.test.js > Company Research Routes > GET /api/company-research > should use News API when key is available
Γ£à Tracked API call: openai POST /v1/chat/completions (success: true, user: null)

stdout | tests/routes/dashboard.test.js > Dashboard Routes > GET /api/dashboard/stats > should calculate industry comparison
≡ƒôè Key Metrics Result: { total_applications: '13', total_interviews: '2', total_offers: '1' }

stderr | tests/routes/companyResearch.test.js > Company Research Routes > GET /api/company-research > should use News 
API when key is available
Γ¥î OpenAI enrichment error: Cannot read properties of undefined (reading 'data')

stdout | tests/routes/customReports.test.js > Custom Reports Routes > POST /api/custom-reports/generate > should generate insights when includeInsights is true
  - Filtered: Fetched 17 jobs with filters
  - Total jobs: 17
  - Actual applications (excluding 'Interested'): 17
  - Selected metrics: successRate, industrySuccessRates

stdout | tests/routes/companyResearch.test.js > Company Research Routes > GET /api/company-research > should use News API when key is available
≡ƒôè logApiUsage: Inserting log for openai - userId: null, endpoint: /v1/chat/completions

stdout | tests/routes/timing.test.js > Timing Routes > GET /api/timing/recommendations/:jobId > should get timing recommendations for a job
≡ƒöì Looking for company analysis for: Tech Corp
≡ƒöì Job data company field: Tech Corp

stdout | tests/routes/timing.test.js > Timing Routes > GET /api/timing/recommendations/:jobId > should get timing recommendations for a job
≡ƒöì Company check result: []

stdout | tests/routes/timing.test.js > Timing Routes > GET /api/timing/recommendations/:jobId > should get timing recommendations for a job
≡ƒöì Company result rows: 0

stdout | tests/routes/timing.test.js > Timing Routes > GET /api/timing/recommendations/:jobId > should get timing recommendations for a job
≡ƒöì Looking for company analysis for: Tech Corp
≡ƒöì Job data company field: Tech Corp

stdout | tests/routes/timing.test.js > Timing Routes > GET /api/timing/recommendations/:jobId > should get timing recommendations for a job
≡ƒöì Company check result: []

stdout | tests/routes/timing.test.js > Timing Routes > GET /api/timing/recommendations/:jobId > should get timing recommendations for a job
≡ƒöì Company result rows: 0

stdout | tests/routes/timing.test.js > Timing Routes > GET /api/timing/recommendations/:jobId > should get timing recommendations for a job
Γ¥î No company analysis in calculated timing

stdout | tests/routes/timing.test.js > Timing Routes > GET /api/timing/recommendations/:jobId > should get timing recommendations for a job
Γ¥î No company analysis available
   optimalTiming exists: true
   optimalTiming keys: [
  'recommended_date',
  'recommended_time',
  'recommended_timezone',
  'day_of_week',
  'hour_of_day',
  'confidence_score',
  'reasoning',
  'recommendation_type',
  'alternatives'
]

stdout | tests/routes/companyResearch.test.js > Company Research Routes > GET /api/company-research > should use News API when key is available
Γ£à logApiUsage: Successfully logged API usage with ID 1891 for openai

stdout | tests/routes/dashboard.test.js > Dashboard Routes > GET /api/dashboard/stats > should calculate industry comparison
≡ƒôê Trends Result: 1 weeks found

stdout | tests/routes/companyResearch.test.js > Company Research Routes > GET /api/company-research > should use News API when key is available
Γ£à Tracked API call: openai POST /v1/chat/completions (success: true, user: null)

stdout | tests/routes/dashboard.test.js > Dashboard Routes > GET /api/dashboard/stats > should calculate industry comparison
≡ƒôë Funnel Result: { applied: '13', interview: '2', offer: '1' }

stderr | tests/routes/companyResearch.test.js > Company Research Routes > GET /api/company-research > should use News 
API when key is available
Γ¥î Error generating talking points: Cannot read properties of undefined (reading 'data')

stdout | tests/routes/companyResearch.test.js > Company Research Routes > GET /api/company-research > should use News API when key is available
Γ£à Completed fresh analysis for TestCompany

stdout | tests/routes/dashboard.test.js > Dashboard Routes > GET /api/dashboard/stats > should calculate industry comparison
ΓÅ▒ Stage Times Result: [
  { status: 'Applied', avg_days: '0.00000000000000000000' },
  { status: 'Interview', avg_days: '0.00000000000000000000' },
  { status: 'Offer', avg_days: '0.00000000000000000000' }
]

stdout | tests/routes/interviewInsights.test.js > Interview Insights Routes > GET /api/interview-insights/ > should handle role-aware insights generation
≡ƒöì Generating interview insights for: Microsoft | Role: Senior Engineer

stdout | tests/routes/interviewInsights.test.js > Interview Insights Routes > GET /api/interview-insights/ > should handle role-aware insights generation
≡ƒôè logApiUsage: Inserting log for serp - userId: 72775, endpoint: /search.json

stdout | tests/routes/dashboard.test.js > Dashboard Routes > GET /api/dashboard/stats > should calculate industry comparison
Γ£à Sending response with: { total_applications: 13, total_interviews: 2, total_offers: 1 }
========================================

stderr | tests/routes/referrals.test.js > Referrals Routes > GET /api/referrals/requests/:id > should return 404 if 
request not found
Error fetching referral request: { code: 'PGRST116', message: 'No rows found' }

stdout | tests/routes/interviewInsights.test.js > Interview Insights Routes > GET /api/interview-insights/ > should handle role-aware insights generation
≡ƒôè logApiUsage: Inserting log for wikipedia - userId: 72775, endpoint: https://www.indeed.com/cmp/microsoft/interviews

stdout | tests/routes/networkingAnalysis.test.js > Networking Analysis Routes > GET /api/networking-analysis/full > should calculate relationship health scores
Γ£ô Referrals: 0 referrals found

stdout | tests/routes/companyResearch.test.js > Company Research Routes > GET /api/company-research > should categorize news articles correctly
≡ƒöì Running fresh research for: TestCompany

stdout | tests/routes/interviewInsights.test.js > Interview Insights Routes > GET /api/interview-insights/ > should handle role-aware insights generation
≡ƒôè logApiUsage: Inserting log for serp - userId: 72775, endpoint: /search.json

stdout | tests/routes/informationalInterviews.test.js > Informational Interviews Routes > PUT /api/informational-interviews/candidates/:id > should update candidate status
PUT /candidates/:id - candidateId: 1 userId: 1 body: { status: 'scheduled' }
Update object: { updated_at: '2025-12-15T18:49:36.228Z', status: 'scheduled' }

stdout | tests/routes/informationalInterviews.test.js > Informational Interviews Routes > PUT /api/informational-interviews/candidates/:id > should update candidate status
Update successful, returned data: [ { id: 1, user_id: 1, status: 'scheduled' } ]

stdout | tests/routes/companyResearch.test.js > Company Research Routes > GET /api/company-research > should categorize news articles correctly
≡ƒôè logApiUsage: Inserting log for wikipedia - userId: null, endpoint: /w/api.php

stderr | tests/routes/interviewInsights.test.js > Interview Insights Routes > GET /api/interview-insights/ > should 
handle role-aware insights generation
Γ¥î Error logging API usage: error: insert or update on table "api_usage_logs" violates foreign key constraint 
"api_usage_logs_user_id_fkey"
    at C:\Users\aditn\OneDrive\Desktop\Cursor\Aandsz-Forces-ATS-CS490\backend\node_modules\pg\lib\client.js:545:17
    at processTicksAndRejections (node:internal/process/task_queues:105:5)
    at logApiUsage 
(C:/Users/aditn/OneDrive/Desktop/Cursor/Aandsz-Forces-ATS-CS490/backend/utils/apiTrackingService.js:68:20)
    at trackApiCall 
(C:/Users/aditn/OneDrive/Desktop/Cursor/Aandsz-Forces-ATS-CS490/backend/utils/apiTrackingService.js:281:7)
    at getSerpSnippets 
(C:/Users/aditn/OneDrive/Desktop/Cursor/Aandsz-Forces-ATS-CS490/backend/routes/interviewInsights.js:97:22)
    at async Promise.all (index 0)
    at C:/Users/aditn/OneDrive/Desktop/Cursor/Aandsz-Forces-ATS-CS490/backend/routes/interviewInsights.js:453:39 {
  length: 282,
  severity: 'ERROR',
  code: '23503',
  detail: 'Key (user_id)=(72775) is not present in table "users".',
  hint: undefined,
  position: undefined,
  internalPosition: undefined,
  internalQuery: undefined,
  where: undefined,
  schema: 'public',
  table: 'api_usage_logs',
  column: undefined,
  dataType: undefined,
  constraint: 'api_usage_logs_user_id_fkey',
  file: 'ri_triggers.c',
  line: '2599',
  routine: 'ri_ReportViolation'
}
   Service: serp Endpoint: /search.json User: 72775
   Full error: insert or update on table "api_usage_logs" violates foreign key constraint 
"api_usage_logs_user_id_fkey" error: insert or update on table "api_usage_logs" violates foreign key constraint 
"api_usage_logs_user_id_fkey"
    at C:\Users\aditn\OneDrive\Desktop\Cursor\Aandsz-Forces-ATS-CS490\backend\node_modules\pg\lib\client.js:545:17
    at processTicksAndRejections (node:internal/process/task_queues:105:5)
    at logApiUsage 
(C:/Users/aditn/OneDrive/Desktop/Cursor/Aandsz-Forces-ATS-CS490/backend/utils/apiTrackingService.js:68:20)
    at trackApiCall 
(C:/Users/aditn/OneDrive/Desktop/Cursor/Aandsz-Forces-ATS-CS490/backend/utils/apiTrackingService.js:281:7)
    at getSerpSnippets 
(C:/Users/aditn/OneDrive/Desktop/Cursor/Aandsz-Forces-ATS-CS490/backend/routes/interviewInsights.js:97:22)
    at async Promise.all (index 0)
    at C:/Users/aditn/OneDrive/Desktop/Cursor/Aandsz-Forces-ATS-CS490/backend/routes/interviewInsights.js:453:39

stdout | tests/routes/interviewInsights.test.js > Interview Insights Routes > GET /api/interview-insights/ > should handle role-aware insights generation
Γ£à Tracked API call: serp GET /search.json (success: true, user: 72775)

stdout | tests/routes/networkingAnalysis.test.js > Networking Analysis Routes > GET /api/networking-analysis/full > should calculate relationship health scores
Γ£ô Events: 0 events found

stdout | tests/routes/companyResearch.test.js > Company Research Routes > GET /api/company-research > should categorize news articles correctly
Γ£à logApiUsage: Successfully logged API usage with ID 1893 for wikipedia

stderr | tests/routes/interviewInsights.test.js > Interview Insights Routes > GET /api/interview-insights/ > should 
handle role-aware insights generation
Γ¥î Error logging API usage: error: current transaction is aborted, commands ignored until end of transaction block
    at C:\Users\aditn\OneDrive\Desktop\Cursor\Aandsz-Forces-ATS-CS490\backend\node_modules\pg\lib\client.js:545:17
    at processTicksAndRejections (node:internal/process/task_queues:105:5)
    at logApiUsage 
(C:/Users/aditn/OneDrive/Desktop/Cursor/Aandsz-Forces-ATS-CS490/backend/utils/apiTrackingService.js:68:20)
    at trackApiCall 
(C:/Users/aditn/OneDrive/Desktop/Cursor/Aandsz-Forces-ATS-CS490/backend/utils/apiTrackingService.js:281:7)
    at scrapeIndeed 
(C:/Users/aditn/OneDrive/Desktop/Cursor/Aandsz-Forces-ATS-CS490/backend/routes/interviewInsights.js:140:24)
    at async Promise.all (index 1)
    at C:/Users/aditn/OneDrive/Desktop/Cursor/Aandsz-Forces-ATS-CS490/backend/routes/interviewInsights.js:453:39 {
  length: 145,
  severity: 'ERROR',
  code: '25P02',
  detail: undefined,
  hint: undefined,
  position: undefined,
  internalPosition: undefined,
  internalQuery: undefined,
  where: undefined,
  schema: undefined,
  table: undefined,
  column: undefined,
  dataType: undefined,
  constraint: undefined,
  file: 'postgres.c',
stdout | tests/routes/interviewInsights.test.js > Interview Insights Routes > GET /api/interview-insights/ > should handle role-aware insights generation
  line: '1498',
Γ£à Tracked API call: wikipedia GET https://www.indeed.com/cmp/microsoft/interviews (success: true, user: 72775)
  routine: 'exec_parse_message'
}
   Service: wikipedia Endpoint: https://www.indeed.com/cmp/microsoft/interviews User: 72775
   Full error: current transaction is aborted, commands ignored until end of transaction block error: current 
transaction is aborted, commands ignored until end of transaction block
    at C:\Users\aditn\OneDrive\Desktop\Cursor\Aandsz-Forces-ATS-CS490\backend\node_modules\pg\lib\client.js:545:17
    at processTicksAndRejections (node:internal/process/task_queues:105:5)
    at logApiUsage 
(C:/Users/aditn/OneDrive/Desktop/Cursor/Aandsz-Forces-ATS-CS490/backend/utils/apiTrackingService.js:68:20)
    at trackApiCall 
(C:/Users/aditn/OneDrive/Desktop/Cursor/Aandsz-Forces-ATS-CS490/backend/utils/apiTrackingService.js:281:7)
    at scrapeIndeed 
(C:/Users/aditn/OneDrive/Desktop/Cursor/Aandsz-Forces-ATS-CS490/backend/routes/interviewInsights.js:140:24)
    at async Promise.all (index 1)
    at C:/Users/aditn/OneDrive/Desktop/Cursor/Aandsz-Forces-ATS-CS490/backend/routes/interviewInsights.js:453:39


stdout | tests/routes/networkingAnalysis.test.js > Networking Analysis Routes > GET /api/networking-analysis/full > should calculate relationship health scores
========================================
Networking Analysis Summary:
  Contacts: 1
  Activities: 0
  Referrals: 0
  Events: 0
  Data Quality: Limited
========================================

stderr | tests/routes/interviewInsights.test.js > Interview Insights Routes > GET /api/interview-insights/ > should 
handle role-aware insights generation
Γ¥î Error logging API usage: error: current transaction is aborted, commands ignored until end of transaction block
    at C:\Users\aditn\OneDrive\Desktop\Cursor\Aandsz-Forces-ATS-CS490\backend\node_modules\pg\lib\client.js:545:17
    at processTicksAndRejections (node:internal/process/task_queues:105:5)
    at logApiUsage 
(C:/Users/aditn/OneDrive/Desktop/Cursor/Aandsz-Forces-ATS-CS490/backend/utils/apiTrackingService.js:68:20)
    at trackApiCall 
(C:/Users/aditn/OneDrive/Desktop/Cursor/Aandsz-Forces-ATS-CS490/backend/utils/apiTrackingService.js:281:7)
    at getCommunitySnippets 
(C:/Users/aditn/OneDrive/Desktop/Cursor/Aandsz-Forces-ATS-CS490/backend/routes/interviewInsights.js:176:22)
    at async Promise.all (index 2)
    at C:/Users/aditn/OneDrive/Desktop/Cursor/Aandsz-Forces-ATS-CS490/backend/routes/interviewInsights.js:453:39 {
  length: 145,
  severity: 'ERROR',
  code: '25P02',
  detail: undefined,
  hint: undefined,
  position: undefined,
  internalPosition: undefined,
  internalQuery: undefined,
  where: undefined,
  schema: undefined,
  table: undefined,
  column: undefined,
  dataType: undefined,
  constraint: undefined,
  file: 'postgres.c',
  line: '1498',
  routine: 'exec_parse_message'
}
   Service: serp Endpoint: /search.json User: 72775
   Full error: current transaction is aborted, commands ignored until end of transaction block error: current 
transaction is aborted, commands ignored until end of transaction block
    at C:\Users\aditn\OneDrive\Desktop\Cursor\Aandsz-Forces-ATS-CS490\backend\node_modules\pg\lib\client.js:545:17
    at processTicksAndRejections (node:internal/process/task_queues:105:5)
    at logApiUsage 
(C:/Users/aditn/OneDrive/Desktop/Cursor/Aandsz-Forces-ATS-CS490/backend/utils/apiTrackingService.js:68:20)
    at trackApiCall 
(C:/Users/aditn/OneDrive/Desktop/Cursor/Aandsz-Forces-ATS-CS490/backend/utils/apiTrackingService.js:281:7)
    at getCommunitySnippets 
(C:/Users/aditn/OneDrive/Desktop/Cursor/Aandsz-Forces-ATS-CS490/backend/routes/interviewInsights.js:176:22)
    at async Promise.all (index 2)
    at C:/Users/aditn/OneDrive/Desktop/Cursor/Aandsz-Forces-ATS-CS490/backend/routes/interviewInsights.js:453:39
stdout | tests/routes/interviewInsights.test.js > Interview Insights Routes > GET /api/interview-insights/ > should handle role-aware insights generation
Γ£à Tracked API call: serp GET /search.json (success: true, user: 72775)


stdout | tests/routes/companyResearch.test.js > Company Research Routes > GET /api/company-research > should categorize news articles correctly
Γ£à Tracked API call: wikipedia GET /w/api.php (success: true, user: null)

stderr | tests/routes/interviewInsights.test.js > Interview Insights Routes > GET /api/interview-insights/ > should 
handle role-aware insights generation
Γ¥î Error getting/creating service ID for wikipedia: current transaction is aborted, commands ignored until end of 
transaction block

stderr | tests/routes/interviewInsights.test.js > Interview Insights Routes > GET /api/interview-insights/ > should 
handle role-aware insights generation
Γ¥î Cannot track API usage for wikipedia: Database tables may not exist. current transaction is aborted, commands 
ignored until end of transaction block
   Run: psql $DATABASE_URL -f backend/db/add_api_monitoring_schema.sql

stdout | tests/routes/interviewInsights.test.js > Interview Insights Routes > GET /api/interview-insights/ > should handle role-aware insights generation
Γ£à Tracked API call: wikipedia GET https://www.indeed.com/cmp/microsoft/interviews?from=tab (success: true, user: 72775)

stderr | tests/routes/interviewInsights.test.js > Interview Insights Routes > GET /api/interview-insights/ > should 
handle role-aware insights generation
Γ¥î Error getting/creating service ID for openai: current transaction is aborted, commands ignored until end of 
transaction block

stdout | tests/routes/companyResearch.test.js > Company Research Routes > GET /api/company-research > should categorize news articles correctly
≡ƒôè logApiUsage: Inserting log for wikipedia - userId: null, endpoint: /w/api.php

stderr | tests/routes/interviewInsights.test.js > Interview Insights Routes > GET /api/interview-insights/ > should 
handle role-aware insights generation
Γ¥î Cannot track API usage for openai: Database tables may not exist. current transaction is aborted, commands ignored 
until end of transaction block
   Run: psql $DATABASE_URL -f backend/db/add_api_monitoring_schema.sql

stdout | tests/routes/interviewInsights.test.js > Interview Insights Routes > GET /api/interview-insights/ > should handle role-aware insights generation
Γ£à Tracked API call: openai POST /v1/chat/completions (success: true, user: 72775)

stdout | tests/routes/interviewInsights.test.js > Interview Insights Routes > GET /api/interview-insights/ > should handle role-aware insights generation
≡ƒÆ╛ Saving new checklist for: Microsoft (Senior Engineer)

stdout | tests/routes/interviewInsights.test.js > Interview Insights Routes > GET /api/interview-insights/ > should handle role-aware insights generation
Γ£à Checklist saved successfully
Γ£à Completed interview insights for: Microsoft (Senior Engineer)

stdout | tests/routes/companyResearch.test.js > Company Research Routes > GET /api/company-research > should categorize news articles correctly
Γ£à logApiUsage: Successfully logged API usage with ID 1894 for wikipedia

stdout | tests/routes/salaryNegotiation.test.js
Γ£à Test database pool connected

stdout | tests/routes/salaryNegotiation.test.js
Γ£à Test environment initialized (transaction-based isolation)

stdout | tests/routes/companyResearch.test.js > Company Research Routes > GET /api/company-research > should categorize news articles correctly
Γ£à Tracked API call: wikipedia GET /w/api.php (success: true, user: null)

stdout | tests/routes/companyResearch.test.js > Company Research Routes > GET /api/company-research > should categorize news articles correctly
≡ƒôè logApiUsage: Inserting log for wikipedia - userId: null, endpoint: /api/rest_v1/page/summary/Test

stdout | tests/routes/interviewInsights.test.js > Interview Insights Routes > GET /api/interview-insights/questions > should generate question bank for role
≡ƒöì Generating question bank for: Software Engineer | Industry: Technology | Difficulty: all

stdout | tests/routes/companyResearch.test.js > Company Research Routes > GET /api/company-research > should categorize news articles correctly
Γ£à logApiUsage: Successfully logged API usage with ID 1895 for wikipedia

stdout | tests/routes/interviewInsights.test.js > Interview Insights Routes > GET /api/interview-insights/questions > should generate question bank for role
≡ƒôè logApiUsage: Inserting log for openai - userId: null, endpoint: /v1/chat/completions

stdout | tests/routes/interviewInsights.test.js > Interview Insights Routes > GET /api/interview-insights/questions > should generate question bank for role
Γ£à logApiUsage: Successfully logged API usage with ID 1896 for openai

stdout | tests/routes/salaryNegotiation.test.js > Salary Negotiation Routes > POST /api/salary-negotiation/generate > should generate a negotiation package
≡ƒöä Generating negotiation package for Test Company (Software Engineer)

stdout | tests/routes/companyResearch.test.js > Company Research Routes > GET /api/company-research > should categorize news articles correctly
Γ£à Tracked API call: wikipedia GET /api/rest_v1/page/summary/Test (success: true, user: null)

stdout | tests/routes/networkingAnalysis.test.js > Networking Analysis Routes > GET /api/networking-analysis/full > should calculate engagement frequency
========================================
Networking Analysis for user: 72789
========================================

stdout | tests/routes/salaryNegotiation.test.js > Salary Negotiation Routes > POST /api/salary-negotiation/generate > should generate a negotiation package
≡ƒôè logApiUsage: Inserting log for openai - userId: 72803, endpoint: /v1/chat/completions

stdout | tests/routes/networkingAnalysis.test.js > Networking Analysis Routes > GET /api/networking-analysis/full > should calculate engagement frequency
Γ£ô Activities: 1 activity groups found

stdout | tests/routes/interviewInsights.test.js > Interview Insights Routes > GET /api/interview-insights/questions > should generate question bank for role
Γ£à Tracked API call: openai POST /v1/chat/completions (success: true, user: null)

stdout | tests/routes/companyResearch.test.js > Company Research Routes > GET /api/company-research > should categorize news articles correctly
≡ƒôè logApiUsage: Inserting log for news_api - userId: null, endpoint: /v2/everything

stdout | tests/routes/interviewInsights.test.js > Interview Insights Routes > GET /api/interview-insights/questions > should generate question bank for role
Γ£à Generated question bank for Software Engineer

stderr | tests/routes/salaryNegotiation.test.js > Salary Negotiation Routes > POST /api/salary-negotiation/generate > 
should generate a negotiation package
Γ¥î Error logging API usage: error: insert or update on table "api_usage_logs" violates foreign key constraint 
"api_usage_logs_user_id_fkey"
    at C:\Users\aditn\OneDrive\Desktop\Cursor\Aandsz-Forces-ATS-CS490\backend\node_modules\pg\lib\client.js:545:17
    at processTicksAndRejections (node:internal/process/task_queues:105:5)
    at logApiUsage 
(C:/Users/aditn/OneDrive/Desktop/Cursor/Aandsz-Forces-ATS-CS490/backend/utils/apiTrackingService.js:68:20)
    at trackApiCall 
(C:/Users/aditn/OneDrive/Desktop/Cursor/Aandsz-Forces-ATS-CS490/backend/utils/apiTrackingService.js:281:7)
    at generateNegotiationPackage 
(C:/Users/aditn/OneDrive/Desktop/Cursor/Aandsz-Forces-ATS-CS490/backend/routes/salaryNegotiation.js:252:22)
    at C:/Users/aditn/OneDrive/Desktop/Cursor/Aandsz-Forces-ATS-CS490/backend/routes/salaryNegotiation.js:322:25 {
  length: 282,
stdout | tests/routes/salaryNegotiation.test.js > Salary Negotiation Routes > POST /api/salary-negotiation/generate > should generate a negotiation package
Γ£à Tracked API call: openai POST /v1/chat/completions (success: true, user: 72803)
  severity: 'ERROR',
  code: '23503',
  detail: 'Key (user_id)=(72803) is not present in table "users".',
  hint: undefined,
  position: undefined,
  internalPosition: undefined,
  internalQuery: undefined,
  where: undefined,
  schema: 'public',
  table: 'api_usage_logs',
  column: undefined,
  dataType: undefined,
  constraint: 'api_usage_logs_user_id_fkey',
  file: 'ri_triggers.c',
  line: '2599',
  routine: 'ri_ReportViolation'
}
   Service: openai Endpoint: /v1/chat/completions User: 72803
   Full error: insert or update on table "api_usage_logs" violates foreign key constraint 
"api_usage_logs_user_id_fkey" error: insert or update on table "api_usage_logs" violates foreign key constraint 
"api_usage_logs_user_id_fkey"
    at C:\Users\aditn\OneDrive\Desktop\Cursor\Aandsz-Forces-ATS-CS490\backend\node_modules\pg\lib\client.js:545:17
    at processTicksAndRejections (node:internal/process/task_queues:105:5)

    at logApiUsage 
(C:/Users/aditn/OneDrive/Desktop/Cursor/Aandsz-Forces-ATS-CS490/backend/utils/apiTrackingService.js:68:20)
    at trackApiCall 
(C:/Users/aditn/OneDrive/Desktop/Cursor/Aandsz-Forces-ATS-CS490/backend/utils/apiTrackingService.js:281:7)
    at generateNegotiationPackage 
(C:/Users/aditn/OneDrive/Desktop/Cursor/Aandsz-Forces-ATS-CS490/backend/routes/salaryNegotiation.js:252:22)
    at C:/Users/aditn/OneDrive/Desktop/Cursor/Aandsz-Forces-ATS-CS490/backend/routes/salaryNegotiation.js:322:25

stdout | tests/routes/salaryNegotiation.test.js > Salary Negotiation Routes > POST /api/salary-negotiation/generate > should generate a negotiation package
Γ£à Generated negotiation package (ID: 1)

stdout | tests/routes/companyResearch.test.js > Company Research Routes > GET /api/company-research > should categorize news articles correctly
Γ£à logApiUsage: Successfully logged API usage with ID 1898 for news_api

stdout | tests/routes/informationalInterviews.test.js
Γ£à Test database pool closed

stdout | tests/routes/informationalInterviews.test.js
Γ£à Test environment cleaned up

 Γ£ô tests/routes/informationalInterviews.test.js (7 tests) 5841ms
stdout | tests/routes/networkingAnalysis.test.js > Networking Analysis Routes > GET /api/networking-analysis/full > should calculate engagement frequency
≡ƒôè Total contacts in networking_contacts for user 72789: 1

stdout | tests/routes/companyResearch.test.js > Company Research Routes > GET /api/company-research > should categorize news articles correctly
Γ£à Tracked API call: news_api GET /v2/everything (success: true, user: null)

stdout | tests/routes/companyResearch.test.js > Company Research Routes > GET /api/company-research > should categorize news articles correctly
≡ƒôè logApiUsage: Inserting log for openai - userId: null, endpoint: /v1/chat/completions

stdout | tests/routes/networkingAnalysis.test.js > Networking Analysis Routes > GET /api/networking-analysis/full > should calculate engagement frequency
Γ£ô Contacts: 1 contacts found
≡ƒôï Sample contact (newest first): {
  id: 249,
  name: 'Frequent Contact',
  strength: 1,
  engagement: '0.0',
  created_at: 2024-01-01T00:00:00.000Z
}

stdout | tests/routes/networkingAnalysis.test.js > Networking Analysis Routes > GET /api/networking-analysis/full > should calculate engagement frequency
≡ƒôè Total contacts in professional_contacts for user 72789: 0
≡ƒôè Final total contacts after merging: 1
≡ƒôï All contact names: Frequent Contact

stdout | tests/routes/companyResearch.test.js > Company Research Routes > GET /api/company-research > should categorize news articles correctly
Γ£à logApiUsage: Successfully logged API usage with ID 1899 for openai

stdout | tests/routes/companyResearch.test.js > Company Research Routes > GET /api/company-research > should categorize news articles correctly
Γ£à Tracked API call: openai POST /v1/chat/completions (success: true, user: null)

stderr | tests/routes/companyResearch.test.js > Company Research Routes > GET /api/company-research > should 
categorize news articles correctly
Γ¥î OpenAI enrichment error: Cannot read properties of undefined (reading 'data')

stdout | tests/routes/companyResearch.test.js > Company Research Routes > GET /api/company-research > should categorize news articles correctly
≡ƒôè logApiUsage: Inserting log for openai - userId: null, endpoint: /v1/chat/completions

stdout | tests/routes/networking.test.js
[dotenv@17.2.3] injecting env (17) from .env.test -- tip: ≡ƒöÉ encrypt with Dotenvx: https://dotenvx.com

stdout | tests/routes/salaryNegotiation.test.js > Salary Negotiation Routes > POST /api/salary-negotiation/generate > should return 500 if OpenAI API fails
≡ƒöä Generating negotiation package for Test Company (Software Engineer)

stdout | tests/routes/networking.test.js
[dotenv@17.2.3] injecting env (0) from .env -- tip: ≡ƒæÑ sync secrets across teammates & machines: https://dotenvx.com/ops
≡ƒöÆ SSL enabled for Supabase connection (shared pool)
≡ƒôè Database pool initialized (max: 2, Supabase: true)

stdout | tests/routes/networking.test.js
[dotenv@17.2.3] injecting env (0) from .env.test -- tip: ≡ƒöÉ prevent building .env in docker: https://dotenvx.com/prebuild

stdout | tests/routes/interviewInsights.test.js > Interview Insights Routes > POST /api/interview-insights/questions/practice > should track practiced question
Γ£à Marked question q-123 as practiced for user 72818 (count: 1)

stdout | tests/routes/companyResearch.test.js > Company Research Routes > GET /api/company-research > should categorize news articles correctly
Γ£à logApiUsage: Successfully logged API usage with ID 1900 for openai

stdout | tests/routes/customReports.test.js > Custom Reports Routes > POST /api/custom-reports/generate > should not generate insights when includeInsights is false
≡ƒôè Custom Report Generation for user 72772:
  - Comprehensive mode: false
  - Filters received: {}

stderr | tests/routes/salaryNegotiation.test.js > Salary Negotiation Routes > POST /api/salary-negotiation/generate > 
should return 500 if OpenAI API fails
Γ¥î Error logging API error: error: insert or update on table "api_error_logs" violates foreign key constraint 
"api_error_logs_user_id_fkey"
    at C:\Users\aditn\OneDrive\Desktop\Cursor\Aandsz-Forces-ATS-CS490\backend\node_modules\pg\lib\client.js:545:17
    at processTicksAndRejections (node:internal/process/task_queues:105:5)
    at logApiError 
(C:/Users/aditn/OneDrive/Desktop/Cursor/Aandsz-Forces-ATS-CS490/backend/utils/apiTrackingService.js:125:5)
    at trackApiCall 
(C:/Users/aditn/OneDrive/Desktop/Cursor/Aandsz-Forces-ATS-CS490/backend/utils/apiTrackingService.js:338:5)
    at generateNegotiationPackage 
(C:/Users/aditn/OneDrive/Desktop/Cursor/Aandsz-Forces-ATS-CS490/backend/routes/salaryNegotiation.js:252:22)
    at C:/Users/aditn/OneDrive/Desktop/Cursor/Aandsz-Forces-ATS-CS490/backend/routes/salaryNegotiation.js:322:25 {
  length: 282,
  severity: 'ERROR',
  code: '23503',
  detail: 'Key (user_id)=(72816) is not present in table "users".',
  hint: undefined,
  position: undefined,
  internalPosition: undefined,
  internalQuery: undefined,
  where: undefined,
  schema: 'public',
  table: 'api_error_logs',
  column: undefined,
  dataType: undefined,
  constraint: 'api_error_logs_user_id_fkey',
  file: 'ri_triggers.c',
  line: '2599',
  routine: 'ri_ReportViolation'
}
   Service: openai Endpoint: /v1/chat/completions User: 72816
   Full error: insert or update on table "api_error_logs" violates foreign key constraint 
"api_error_logs_user_id_fkey" error: insert or update on table "api_error_logs" violates foreign key constraint 
"api_error_logs_user_id_fkey"
    at C:\Users\aditn\OneDrive\Desktop\Cursor\Aandsz-Forces-ATS-CS490\backend\node_modules\pg\lib\client.js:545:17
    at processTicksAndRejections (node:internal/process/task_queues:105:5)
    at logApiError 
(C:/Users/aditn/OneDrive/Desktop/Cursor/Aandsz-Forces-ATS-CS490/backend/utils/apiTrackingService.js:125:5)
    at trackApiCall 
(C:/Users/aditn/OneDrive/Desktop/Cursor/Aandsz-Forces-ATS-CS490/backend/utils/apiTrackingService.js:338:5)
    at generateNegotiationPackage 
(C:/Users/aditn/OneDrive/Desktop/Cursor/Aandsz-Forces-ATS-CS490/backend/routes/salaryNegotiation.js:252:22)
    at C:/Users/aditn/OneDrive/Desktop/Cursor/Aandsz-Forces-ATS-CS490/backend/routes/salaryNegotiation.js:322:25

stdout | tests/routes/customReports.test.js > Custom Reports Routes > POST /api/custom-reports/generate > should not generate insights when includeInsights is false
  - Filtered: Fetched 17 jobs with filters
  - Total jobs: 17
  - Actual applications (excluding 'Interested'): 17
  - Selected metrics: successRate

stdout | tests/routes/companyResearch.test.js > Company Research Routes > GET /api/company-research > should categorize news articles correctly
Γ£à Tracked API call: openai POST /v1/chat/completions (success: true, user: null)

stderr | tests/routes/companyResearch.test.js > Company Research Routes > GET /api/company-research > should 
categorize news articles correctly
Γ¥î Error generating talking points: Cannot read properties of undefined (reading 'data')

stdout | tests/routes/companyResearch.test.js > Company Research Routes > GET /api/company-research > should categorize news articles correctly
Γ£à Completed fresh analysis for TestCompany

stderr | tests/routes/salaryNegotiation.test.js > Salary Negotiation Routes > POST /api/salary-negotiation/generate > 
should return 500 if OpenAI API fails
Γ¥î Error getting/creating service ID for openai: current transaction is aborted, commands ignored until end of 
transaction block

stderr | tests/routes/salaryNegotiation.test.js > Salary Negotiation Routes > POST /api/salary-negotiation/generate > 
should return 500 if OpenAI API fails
Γ¥î Cannot track API usage for openai: Database tables may not exist. current transaction is aborted, commands ignored 
until end of transaction block
   Run: psql $DATABASE_URL -f backend/db/add_api_monitoring_schema.sql

stderr | tests/routes/salaryNegotiation.test.js > Salary Negotiation Routes > POST /api/salary-negotiation/generate > 
should return 500 if OpenAI API fails
Γ¥î OpenAI Negotiation Generation Error: OpenAI API error

stdout | tests/routes/networkingAnalysis.test.js > Networking Analysis Routes > GET /api/networking-analysis/full > should calculate engagement frequency
Γ£ô Referrals: 0 referrals found

stderr | tests/routes/referrals.test.js > Referrals Routes > PUT /api/referrals/requests/:id > should update referral 
request
Error creating job for referral: error: insert or update on table "jobs" violates foreign key constraint 
"jobs_user_id_fkey"
    at C:\Users\aditn\OneDrive\Desktop\Cursor\Aandsz-Forces-ATS-CS490\backend\node_modules\pg-pool\index.js:45:11
    at processTicksAndRejections (node:internal/process/task_queues:105:5)
    at C:/Users/aditn/OneDrive/Desktop/Cursor/Aandsz-Forces-ATS-CS490/backend/routes/referrals.js:247:32 {
  length: 242,
  severity: 'ERROR',
  code: '23503',
  detail: 'Key (user_id)=(72807) is not present in table "users".',
  hint: undefined,
  position: undefined,
  internalPosition: undefined,
  internalQuery: undefined,
  where: undefined,
  schema: 'public',
  table: 'jobs',
  column: undefined,
  dataType: undefined,
  constraint: 'jobs_user_id_fkey',
  file: 'ri_triggers.c',
  line: '2599',
  routine: 'ri_ReportViolation'
}

stdout | tests/routes/networkingAnalysis.test.js > Networking Analysis Routes > GET /api/networking-analysis/full > should calculate engagement frequency
Γ£ô Events: 0 events found

stdout | tests/routes/networkingAnalysis.test.js > Networking Analysis Routes > GET /api/networking-analysis/full > should calculate engagement frequency
========================================
Networking Analysis Summary:
  Contacts: 1
  Activities: 5
  Referrals: 0
  Events: 0
  Data Quality: Limited
========================================

stdout | tests/routes/companyResearch.test.js > Company Research Routes > GET /api/company-research > should use OpenAI when API key is available
≡ƒöì Running fresh research for: TestCompany

stdout | tests/routes/companyResearch.test.js > Company Research Routes > GET /api/company-research > should use OpenAI when API key is available
≡ƒôè logApiUsage: Inserting log for wikipedia - userId: null, endpoint: /w/api.php

stdout | tests/routes/companyResearch.test.js > Company Research Routes > GET /api/company-research > should use OpenAI when API key is available
Γ£à logApiUsage: Successfully logged API usage with ID 1901 for wikipedia

stdout | tests/routes/companyResearch.test.js > Company Research Routes > GET /api/company-research > should use OpenAI when API key is available
Γ£à Tracked API call: wikipedia GET /w/api.php (success: true, user: null)

stdout | tests/routes/companyResearch.test.js > Company Research Routes > GET /api/company-research > should use OpenAI when API key is available
≡ƒôè logApiUsage: Inserting log for wikipedia - userId: null, endpoint: /w/api.php

stdout | tests/routes/companyResearch.test.js > Company Research Routes > GET /api/company-research > should use OpenAI when API key is available
Γ£à logApiUsage: Successfully logged API usage with ID 1902 for wikipedia

stdout | tests/routes/referrals.test.js
Γ£à Test database pool closed

stdout | tests/routes/referrals.test.js
Γ£à Test environment cleaned up

 Γ£ô tests/routes/referrals.test.js (11 tests) 7422ms
       Γ£ô should update referral request  555ms
stdout | tests/routes/companyResearch.test.js > Company Research Routes > GET /api/company-research > should use OpenAI when API key is available
Γ£à Tracked API call: wikipedia GET /w/api.php (success: true, user: null)

stdout | tests/routes/companyResearch.test.js > Company Research Routes > GET /api/company-research > should use OpenAI when API key is available
≡ƒôè logApiUsage: Inserting log for wikipedia - userId: null, endpoint: /api/rest_v1/page/summary/Test

stdout | tests/routes/companyResearch.test.js > Company Research Routes > GET /api/company-research > should use OpenAI when API key is available
Γ£à logApiUsage: Successfully logged API usage with ID 1903 for wikipedia

stdout | tests/routes/dashboard.test.js > Dashboard Routes > GET /api/dashboard/stats > should only include user's own data
========================================
≡ƒöì Dashboard Stats Request
========================================
   User ID: 72790
   Start Date: 2000-01-01 00:00:00
   End Date: 2100-12-31 23:59:59

stdout | tests/routes/companyResearch.test.js > Company Research Routes > GET /api/company-research > should use OpenAI when API key is available
Γ£à Tracked API call: wikipedia GET /api/rest_v1/page/summary/Test (success: true, user: null)

stdout | tests/routes/dashboard.test.js > Dashboard Routes > GET /api/dashboard/stats > should only include user's own data
≡ƒº¬ Total jobs for user: 5

stdout | tests/routes/dashboard.test.js > Dashboard Routes > GET /api/dashboard/stats > should only include user's own data
≡ƒº¬ Jobs in date range: { total: '5', earliest_date: null, latest_date: null }

stdout | tests/routes/companyResearch.test.js > Company Research Routes > GET /api/company-research > should use OpenAI when API key is available
≡ƒôè logApiUsage: Inserting log for news_api - userId: null, endpoint: /v2/everything

stdout | tests/routes/interviewAnalytics.test.js
[dotenv@17.2.3] injecting env (17) from .env.test -- tip: ≡ƒùé∩╕Å backup and recover secrets: https://dotenvx.com/ops

stdout | tests/routes/interviewAnalytics.test.js
[dotenv@17.2.3] injecting env (0) from .env -- tip: ΓÜÖ∩╕Å  load multiple .env files with { path: ['.env.local', '.env'] }
≡ƒöÆ SSL enabled for Supabase connection (shared pool)
≡ƒôè Database pool initialized (max: 2, Supabase: true)

stdout | tests/routes/interviewAnalytics.test.js
[dotenv@17.2.3] injecting env (0) from .env.test -- tip: ≡ƒöä add secrets lifecycle management: https://dotenvx.com/ops

stdout | tests/routes/companyResearch.test.js > Company Research Routes > GET /api/company-research > should use OpenAI when API key is available
Γ£à logApiUsage: Successfully logged API usage with ID 1904 for news_api

stdout | tests/routes/dashboard.test.js > Dashboard Routes > GET /api/dashboard/stats > should only include user's own data
≡ƒº¬ Archive status: { total: '5', archived: '0', not_archived: '5' }

stdout | tests/routes/dashboard.test.js > Dashboard Routes > GET /api/dashboard/stats > should only include user's own data
≡ƒôè Key Metrics Result: { total_applications: '5', total_interviews: '0', total_offers: '0' }

stdout | tests/routes/interviewInsights.test.js > Interview Insights Routes > DELETE /api/interview-insights/questions/practice/:questionId > should delete practiced question
Γ£à Deleted practiced question q-123 for user 72847

stdout | tests/routes/companyResearch.test.js > Company Research Routes > GET /api/company-research > should use OpenAI when API key is available
Γ£à Tracked API call: news_api GET /v2/everything (success: true, user: null)

stderr | tests/routes/companyResearch.test.js > Company Research Routes > GET /api/company-research > should use 
OpenAI when API key is available
ΓÜá∩╕Å NewsAPI limit or no data for TestCompany ΓÇö using mock news.

stderr | tests/routes/salaryNegotiation.test.js > Salary Negotiation Routes > GET /api/salary-negotiation/:id > should 
return 404 if negotiation not found
Γ¥î Supabase error: { message: 'Not found' }

stdout | tests/routes/companyResearch.test.js > Company Research Routes > GET /api/company-research > should use OpenAI when API key is available
≡ƒôè logApiUsage: Inserting log for openai - userId: null, endpoint: /v1/chat/completions

stdout | tests/routes/companyResearch.test.js > Company Research Routes > GET /api/company-research > should use OpenAI when API key is available
Γ£à logApiUsage: Successfully logged API usage with ID 1905 for openai

stdout | tests/routes/dashboard.test.js > Dashboard Routes > GET /api/dashboard/stats > should only include user's own data
≡ƒôê Trends Result: 1 weeks found

stdout | tests/routes/dashboard.test.js > Dashboard Routes > GET /api/dashboard/stats > should only include user's own data
≡ƒôë Funnel Result: { applied: '5', interview: '0', offer: '0' }

stdout | tests/routes/companyResearch.test.js > Company Research Routes > GET /api/company-research > should use OpenAI when API key is available
Γ£à Tracked API call: openai POST /v1/chat/completions (success: true, user: null)

stdout | tests/routes/dashboard.test.js > Dashboard Routes > GET /api/dashboard/stats > should only include user's own data
ΓÅ▒ Stage Times Result: [ { status: 'Applied', avg_days: '0.00000000000000000000' } ]

stdout | tests/routes/resumePresets.test.js
Γ£à Test database pool closed

stdout | tests/routes/resumePresets.test.js
Γ£à Test environment cleaned up

stdout | tests/routes/companyResearch.test.js > Company Research Routes > GET /api/company-research > should use OpenAI when API key is available
≡ƒôè logApiUsage: Inserting log for openai - userId: null, endpoint: /v1/chat/completions

stdout | tests/routes/dashboard.test.js > Dashboard Routes > GET /api/dashboard/stats > should only include user's own data
Γ£à Sending response with: { total_applications: 5, total_interviews: 0, total_offers: 0 }
========================================

 Γ£ô tests/routes/resumePresets.test.js (26 tests) 11599ms
       Γ£ô should delete correct preset when multiple exist  348ms
stdout | tests/routes/companyResearch.test.js > Company Research Routes > GET /api/company-research > should use OpenAI when API key is available
Γ£à logApiUsage: Successfully logged API usage with ID 1906 for openai

stderr | tests/routes/skills.test.js > Skills Routes > Error Handling > should handle database errors in GET 
/api/skills
Get skills error: Error: Database connection failed
    at C:/Users/aditn/OneDrive/Desktop/Cursor/Aandsz-Forces-ATS-CS490/backend/tests/routes/skills.test.js:474:38
    at file:///C:/Users/aditn/OneDrive/Desktop/Cursor/Aandsz-Forces-ATS-CS490/backend/node_modules/@vitest/runner/dist/
index.js:145:11
    at file:///C:/Users/aditn/OneDrive/Desktop/Cursor/Aandsz-Forces-ATS-CS490/backend/node_modules/@vitest/runner/dist/
index.js:915:26
    at file:///C:/Users/aditn/OneDrive/Desktop/Cursor/Aandsz-Forces-ATS-CS490/backend/node_modules/@vitest/runner/dist/
index.js:1240:20
    at new Promise (<anonymous>)
    at runWithTimeout (file:///C:/Users/aditn/OneDrive/Desktop/Cursor/Aandsz-Forces-ATS-CS490/backend/node_modules/@vit
est/runner/dist/index.js:1206:10)
    at file:///C:/Users/aditn/OneDrive/Desktop/Cursor/Aandsz-Forces-ATS-CS490/backend/node_modules/@vitest/runner/dist/
index.js:1650:37
    at Traces.$ (file:///C:/Users/aditn/OneDrive/Desktop/Cursor/Aandsz-Forces-ATS-CS490/backend/node_modules/vitest/dis
t/chunks/traces.U4xDYhzZ.js:115:27)
    at trace (file:///C:/Users/aditn/OneDrive/Desktop/Cursor/Aandsz-Forces-ATS-CS490/backend/node_modules/vitest/dist/c
hunks/test.BT8LKgU9.js:239:21)
    at runTest (file:///C:/Users/aditn/OneDrive/Desktop/Cursor/Aandsz-Forces-ATS-CS490/backend/node_modules/@vitest/run
ner/dist/index.js:1650:12)

stdout | tests/routes/networkingAnalysis.test.js > Networking Analysis Routes > GET /api/networking-analysis/full > should calculate warm vs cold referral effectiveness
========================================
Networking Analysis for user: 72831
========================================

stdout | tests/routes/salaryNegotiation.test.js > Salary Negotiation Routes > PUT /api/salary-negotiation/:id/update > should update a negotiation
Γ£à Updated negotiation 1

stdout | tests/routes/companyResearch.test.js > Company Research Routes > GET /api/company-research > should use OpenAI when API key is available
Γ£à Tracked API call: openai POST /v1/chat/completions (success: true, user: null)

stdout | tests/routes/networkingAnalysis.test.js > Networking Analysis Routes > GET /api/networking-analysis/full > should calculate warm vs cold referral effectiveness
Γ£ô Activities: 0 activity groups found

stdout | tests/routes/companyResearch.test.js > Company Research Routes > GET /api/company-research > should use OpenAI when API key is available
Γ£à Completed fresh analysis for TestCompany

stderr | tests/routes/skills.test.js > Skills Routes > Error Handling > should handle database errors in POST 
/api/skills
Add skill error: Error: Database connection failed
    at BoundPool.<anonymous> 
(C:/Users/aditn/OneDrive/Desktop/Cursor/Aandsz-Forces-ATS-CS490/backend/tests/routes/skills.test.js:495:33)
    at BoundPool.Mock [as query] (file:///C:/Users/aditn/OneDrive/Desktop/Cursor/Aandsz-Forces-ATS-CS490/backend/node_m
odules/@vitest/spy/dist/index.js:285:34)
    at C:/Users/aditn/OneDrive/Desktop/Cursor/Aandsz-Forces-ATS-CS490/backend/routes/skills.js:41:33
    at processTicksAndRejections (node:internal/process/task_queues:105:5)

stdout | tests/routes/networkingAnalysis.test.js > Networking Analysis Routes > GET /api/networking-analysis/full > should calculate warm vs cold referral effectiveness
≡ƒôè Total contacts in networking_contacts for user 72831: 1

stdout | tests/routes/marketBenchmarks.test.js
[dotenv@17.2.3] injecting env (17) from .env.test -- tip: ΓÜÖ∩╕Å  load multiple .env files with { path: ['.env.local', '.env'] }

stdout | tests/routes/marketBenchmarks.test.js
[dotenv@17.2.3] injecting env (0) from .env -- tip: ≡ƒöÉ encrypt with Dotenvx: https://dotenvx.com
≡ƒöÆ SSL enabled for Supabase connection (shared pool)
≡ƒôè Database pool initialized (max: 2, Supabase: true)

stdout | tests/routes/marketBenchmarks.test.js
[dotenv@17.2.3] injecting env (0) from .env.test -- tip: ΓÜÖ∩╕Å  specify custom .env file path with { path: '/custom/path/.env' }

stdout | tests/routes/networkingAnalysis.test.js > Networking Analysis Routes > GET /api/networking-analysis/full > should calculate warm vs cold referral effectiveness
Γ£ô Contacts: 1 contacts found
≡ƒôï Sample contact (newest first): {
  id: 250,
  name: 'Warm Contact',
  strength: 1,
  engagement: '0.0',
  created_at: 2025-12-15T23:49:38.180Z
}

stdout | tests/routes/companyResearch.test.js > Company Research Routes > GET /api/company-research > should handle OpenAI errors gracefully
≡ƒöì Running fresh research for: TestCompany

stdout | tests/routes/companyResearch.test.js > Company Research Routes > GET /api/company-research > should handle OpenAI errors gracefully
≡ƒôè logApiUsage: Inserting log for wikipedia - userId: null, endpoint: /w/api.php

stdout | tests/routes/companyResearch.test.js > Company Research Routes > GET /api/company-research > should handle OpenAI errors gracefully
Γ£à logApiUsage: Successfully logged API usage with ID 1907 for wikipedia

stderr | tests/routes/skills.test.js > Skills Routes > Error Handling > should handle database errors in PUT 
/api/skills/:id
Update skill error: Error: Database connection failed
    at C:/Users/aditn/OneDrive/Desktop/Cursor/Aandsz-Forces-ATS-CS490/backend/tests/routes/skills.test.js:517:38
    at file:///C:/Users/aditn/OneDrive/Desktop/Cursor/Aandsz-Forces-ATS-CS490/backend/node_modules/@vitest/runner/dist/
index.js:145:11
    at file:///C:/Users/aditn/OneDrive/Desktop/Cursor/Aandsz-Forces-ATS-CS490/backend/node_modules/@vitest/runner/dist/
index.js:915:26
    at file:///C:/Users/aditn/OneDrive/Desktop/Cursor/Aandsz-Forces-ATS-CS490/backend/node_modules/@vitest/runner/dist/
index.js:1240:20
    at new Promise (<anonymous>)
    at runWithTimeout (file:///C:/Users/aditn/OneDrive/Desktop/Cursor/Aandsz-Forces-ATS-CS490/backend/node_modules/@vit
est/runner/dist/index.js:1206:10)
    at file:///C:/Users/aditn/OneDrive/Desktop/Cursor/Aandsz-Forces-ATS-CS490/backend/node_modules/@vitest/runner/dist/
index.js:1650:37
    at Traces.$ (file:///C:/Users/aditn/OneDrive/Desktop/Cursor/Aandsz-Forces-ATS-CS490/backend/node_modules/vitest/dis
t/chunks/traces.U4xDYhzZ.js:115:27)
    at trace (file:///C:/Users/aditn/OneDrive/Desktop/Cursor/Aandsz-Forces-ATS-CS490/backend/node_modules/vitest/dist/c
hunks/test.BT8LKgU9.js:239:21)
    at runTest (file:///C:/Users/aditn/OneDrive/Desktop/Cursor/Aandsz-Forces-ATS-CS490/backend/node_modules/@vitest/run
ner/dist/index.js:1650:12)

stdout | tests/routes/salaryNegotiation.test.js > Salary Negotiation Routes > PUT /api/salary-negotiation/:id/outcome > should track negotiation outcome
Γ£à Tracked outcome for negotiation 1: accepted_counter

stdout | tests/routes/marketBenchmarks.test.js
[dotenv@17.2.3] injecting env (0) from .env -- tip: ΓÜÖ∩╕Å  load multiple .env files with { path: ['.env.local', '.env'] }
Γ£à GOOGLE_API_KEY loaded: AIzaSyDs09...JTXE (39 chars)

stdout | tests/routes/companyResearch.test.js > Company Research Routes > GET /api/company-research > should handle OpenAI errors gracefully
Γ£à Tracked API call: wikipedia GET /w/api.php (success: true, user: null)

stdout | tests/routes/companyResearch.test.js > Company Research Routes > GET /api/company-research > should handle OpenAI errors gracefully
≡ƒôè logApiUsage: Inserting log for wikipedia - userId: null, endpoint: /w/api.php

stdout | tests/routes/companyResearch.test.js > Company Research Routes > GET /api/company-research > should handle OpenAI errors gracefully
Γ£à logApiUsage: Successfully logged API usage with ID 1908 for wikipedia

stdout | tests/routes/skillProgress.test.js
Γ£à Test database pool closed

stdout | tests/routes/skillProgress.test.js
Γ£à Test environment cleaned up

stderr | tests/routes/skills.test.js > Skills Routes > Error Handling > should handle database errors in DELETE 
/api/skills/:id
Delete skill error: Error: Database connection failed
    at C:/Users/aditn/OneDrive/Desktop/Cursor/Aandsz-Forces-ATS-CS490/backend/tests/routes/skills.test.js:534:38
    at file:///C:/Users/aditn/OneDrive/Desktop/Cursor/Aandsz-Forces-ATS-CS490/backend/node_modules/@vitest/runner/dist/
index.js:145:11
    at file:///C:/Users/aditn/OneDrive/Desktop/Cursor/Aandsz-Forces-ATS-CS490/backend/node_modules/@vitest/runner/dist/
index.js:915:26
    at file:///C:/Users/aditn/OneDrive/Desktop/Cursor/Aandsz-Forces-ATS-CS490/backend/node_modules/@vitest/runner/dist/
index.js:1240:20
    at new Promise (<anonymous>)
    at runWithTimeout (file:///C:/Users/aditn/OneDrive/Desktop/Cursor/Aandsz-Forces-ATS-CS490/backend/node_modules/@vit
est/runner/dist/index.js:1206:10)
    at file:///C:/Users/aditn/OneDrive/Desktop/Cursor/Aandsz-Forces-ATS-CS490/backend/node_modules/@vitest/runner/dist/
index.js:1650:37
    at Traces.$ (file:///C:/Users/aditn/OneDrive/Desktop/Cursor/Aandsz-Forces-ATS-CS490/backend/node_modules/vitest/dis
t/chunks/traces.U4xDYhzZ.js:115:27)
    at trace (file:///C:/Users/aditn/OneDrive/Desktop/Cursor/Aandsz-Forces-ATS-CS490/backend/node_modules/vitest/dist/c
hunks/test.BT8LKgU9.js:239:21)
    at runTest (file:///C:/Users/aditn/OneDrive/Desktop/Cursor/Aandsz-Forces-ATS-CS490/backend/node_modules/@vitest/run
ner/dist/index.js:1650:12)

 Γ£ô tests/routes/skillProgress.test.js (23 tests) 11121ms
       Γ£ô should return all skill progress for user  353ms
       Γ£ô should update updated_at timestamp on update  353ms
       Γ£ô should handle special characters in skill name  306ms
stdout | tests/routes/skills.test.js
Γ£à Test database pool closed

stdout | tests/routes/skills.test.js
Γ£à Test environment cleaned up

stdout | tests/routes/networkingAnalysis.test.js > Networking Analysis Routes > GET /api/networking-analysis/full > should calculate warm vs cold referral effectiveness
≡ƒôè Total contacts in professional_contacts for user 72831: 0
≡ƒôè Final total contacts after merging: 1
≡ƒôï All contact names: Warm Contact

 Γ£ô tests/routes/skills.test.js (27 tests) 13152ms
       Γ£ô should accept all valid proficiency levels  464ms
       Γ£ô should accept all valid categories  499ms
       Γ£ô should update proficiency level  416ms
stdout | tests/routes/companyResearch.test.js > Company Research Routes > GET /api/company-research > should handle OpenAI errors gracefully
Γ£à Tracked API call: wikipedia GET /w/api.php (success: true, user: null)

stdout | tests/routes/interviewInsights.test.js > Interview Insights Routes > DELETE /api/interview-insights/checklist/regenerate > should delete saved checklist to force regeneration
Γ£à Deleted saved checklist for Google (Software Engineer) - will regenerate on next fetch

stdout | tests/routes/networkingAnalysis.test.js > Networking Analysis Routes > GET /api/networking-analysis/full > should calculate warm vs cold referral effectiveness
Γ£ô Referrals: 1 referrals found

stdout | tests/routes/companyResearch.test.js > Company Research Routes > GET /api/company-research > should handle OpenAI errors gracefully
≡ƒôè logApiUsage: Inserting log for wikipedia - userId: null, endpoint: /api/rest_v1/page/summary/Test

stdout | tests/routes/companyResearch.test.js > Company Research Routes > GET /api/company-research > should handle OpenAI errors gracefully
Γ£à logApiUsage: Successfully logged API usage with ID 1909 for wikipedia

stdout | tests/routes/networkingAnalysis.test.js > Networking Analysis Routes > GET /api/networking-analysis/full > should calculate warm vs cold referral effectiveness
Γ£ô Events: 0 events found

stdout | tests/routes/customReports.test.js > Custom Reports Routes > POST /api/custom-reports/generate > should generate PDF report
≡ƒôè Custom Report Generation for user 72823:
  - Comprehensive mode: false
  - Filters received: {}

stdout | tests/routes/networkingAnalysis.test.js > Networking Analysis Routes > GET /api/networking-analysis/full > should calculate warm vs cold referral effectiveness
========================================
Networking Analysis Summary:
  Contacts: 1
  Activities: 0
  Referrals: 1
  Events: 0
  Data Quality: Limited
========================================

stdout | tests/routes/customReports.test.js > Custom Reports Routes > POST /api/custom-reports/generate > should generate PDF report
  - Filtered: Fetched 17 jobs with filters
  - Total jobs: 17
  - Actual applications (excluding 'Interested'): 17
  - Selected metrics: totalApplications, successRate

stdout | tests/routes/companyResearch.test.js > Company Research Routes > GET /api/company-research > should handle OpenAI errors gracefully
Γ£à Tracked API call: wikipedia GET /api/rest_v1/page/summary/Test (success: true, user: null)

stdout | tests/routes/interviewInsights.test.js > Interview Insights Routes > POST /api/interview-insights/follow-up/generate > should generate follow-up email template
≡ƒöä Generating thank_you template for Google (Software Engineer)

stdout | tests/routes/companyResearch.test.js > Company Research Routes > GET /api/company-research > should handle OpenAI errors gracefully
≡ƒôè logApiUsage: Inserting log for news_api - userId: null, endpoint: /v2/everything

stdout | tests/routes/interviewInsights.test.js > Interview Insights Routes > POST /api/interview-insights/follow-up/generate > should generate follow-up email template
≡ƒôè logApiUsage: Inserting log for openai - userId: 72878, endpoint: /v1/chat/completions

stdout | tests/routes/companyResearch.test.js > Company Research Routes > GET /api/company-research > should handle OpenAI errors gracefully
Γ£à logApiUsage: Successfully logged API usage with ID 1910 for news_api

stderr | tests/routes/interviewInsights.test.js > Interview Insights Routes > POST 
/api/interview-insights/follow-up/generate > should generate follow-up email template
Γ¥î Error logging API usage: error: insert or update on table "api_usage_logs" violates foreign key constraint 
"api_usage_logs_user_id_fkey"
    at C:\Users\aditn\OneDrive\Desktop\Cursor\Aandsz-Forces-ATS-CS490\backend\node_modules\pg\lib\client.js:545:17
    at processTicksAndRejections (node:internal/process/task_queues:105:5)
    at logApiUsage 
(C:/Users/aditn/OneDrive/Desktop/Cursor/Aandsz-Forces-ATS-CS490/backend/utils/apiTrackingService.js:68:20)
    at trackApiCall 
(C:/Users/aditn/OneDrive/Desktop/Cursor/Aandsz-Forces-ATS-CS490/backend/utils/apiTrackingService.js:281:7)
    at generateFollowUpTemplate 
(C:/Users/aditn/OneDrive/Desktop/Cursor/Aandsz-Forces-ATS-CS490/backend/routes/interviewInsights.js:1261:22)
    at C:/Users/aditn/OneDrive/Desktop/Cursor/Aandsz-Forces-ATS-CS490/backend/routes/interviewInsights.js:1417:22 {
  length: 282,
  severity: 'ERROR',
  code: '23503',
  detail: 'Key (user_id)=(72878) is not present in table "users".',
  hint: undefined,
  position: undefined,
  internalPosition: undefined,
  internalQuery: undefined,
  where: undefined,
  schema: 'public',
  table: 'api_usage_logs',
  column: undefined,
  dataType: undefined,
  constraint: 'api_usage_logs_user_id_fkey',
  file: 'ri_triggers.c',
  line: '2599',
  routine: 'ri_ReportViolation'
}
   Service: openai Endpoint: /v1/chat/completions User: 72878
   Full error: insert or update on table "api_usage_logs" violates foreign key constraint 
"api_usage_logs_user_id_fkey" error: insert or update on table "api_usage_logs" violates foreign key constraint 
"api_usage_logs_user_id_fkey"
    at C:\Users\aditn\OneDrive\Desktop\Cursor\Aandsz-Forces-ATS-CS490\backend\node_modules\pg\lib\client.js:545:17
    at processTicksAndRejections (node:internal/process/task_queues:105:5)
    at logApiUsage 
(C:/Users/aditn/OneDrive/Desktop/Cursor/Aandsz-Forces-ATS-CS490/backend/utils/apiTrackingService.js:68:20)
    at trackApiCall 
(C:/Users/aditn/OneDrive/Desktop/Cursor/Aandsz-Forces-ATS-CS490/backend/utils/apiTrackingService.js:281:7)
    at generateFollowUpTemplate 
(C:/Users/aditn/OneDrive/Desktop/Cursor/Aandsz-Forces-ATS-CS490/backend/routes/interviewInsights.js:1261:22)
    at C:/Users/aditn/OneDrive/Desktop/Cursor/Aandsz-Forces-ATS-CS490/backend/routes/interviewInsights.js:1417:22

stdout | tests/routes/interviewInsights.test.js > Interview Insights Routes > POST /api/interview-insights/follow-up/generate > should generate follow-up email template
Γ£à Tracked API call: openai POST /v1/chat/completions (success: true, user: 72878)

stdout | tests/routes/interviewInsights.test.js > Interview Insights Routes > POST /api/interview-insights/follow-up/generate > should generate follow-up email template
Γ£à Generated thank_you template (ID: 1)

stdout | tests/routes/references.test.js
[dotenv@17.2.3] injecting env (17) from .env.test -- tip: ≡ƒöä add secrets lifecycle management: https://dotenvx.com/ops

stdout | tests/routes/references.test.js
[dotenv@17.2.3] injecting env (0) from .env -- tip: ≡ƒöÉ prevent building .env in docker: https://dotenvx.com/prebuild
≡ƒöÆ SSL enabled for Supabase connection (shared pool)
≡ƒôè Database pool initialized (max: 2, Supabase: true)

stdout | tests/routes/references.test.js
[dotenv@17.2.3] injecting env (0) from .env.test -- tip: ≡ƒùé∩╕Å backup and recover secrets: https://dotenvx.com/ops

stdout | tests/routes/companyResearch.test.js > Company Research Routes > GET /api/company-research > should handle OpenAI errors gracefully
Γ£à Tracked API call: news_api GET /v2/everything (success: true, user: null)

stderr | tests/routes/companyResearch.test.js > Company Research Routes > GET /api/company-research > should handle 
OpenAI errors gracefully
ΓÜá∩╕Å NewsAPI limit or no data for TestCompany ΓÇö using mock news.

stdout | tests/routes/networkingAnalysis.test.js > Networking Analysis Routes > GET /api/networking-analysis/full > should calculate contact ROI
========================================
Networking Analysis for user: 72880
========================================

stdout | tests/team-routes-comprehensive.test.js
[dotenv@17.2.3] injecting env (17) from .env.test -- tip: ≡ƒùé∩╕Å backup and recover secrets: https://dotenvx.com/ops

stdout | tests/team-routes-comprehensive.test.js
[dotenv@17.2.3] injecting env (0) from .env -- tip: ≡ƒ¢á∩╕Å  run anywhere with `dotenvx run -- yourcommand`
≡ƒöÆ SSL enabled for Supabase connection (shared pool)
≡ƒôè Database pool initialized (max: 2, Supabase: true)

stdout | tests/team-routes-comprehensive.test.js
[dotenv@17.2.3] injecting env (0) from .env.test -- tip: ≡ƒöÉ prevent building .env in docker: https://dotenvx.com/prebuild

stdout | tests/routes/networkingAnalysis.test.js > Networking Analysis Routes > GET /api/networking-analysis/full > should calculate contact ROI
Γ£ô Activities: 0 activity groups found

stdout | tests/routes/companyResearch.test.js > Company Research Routes > GET /api/company-research > should handle OpenAI errors gracefully
≡ƒôè logApiUsage: Inserting log for openai - userId: null, endpoint: /v1/chat/completions

stdout | tests/routes/companyResearch.test.js > Company Research Routes > GET /api/company-research > should handle OpenAI errors gracefully
Γ£à logApiUsage: Successfully logged API usage with ID 1912 for openai

stdout | tests/routes/networkingAnalysis.test.js > Networking Analysis Routes > GET /api/networking-analysis/full > should calculate contact ROI
≡ƒôè Total contacts in networking_contacts for user 72880: 1

stdout | tests/routes/networkingAnalysis.test.js > Networking Analysis Routes > GET /api/networking-analysis/full > should calculate contact ROI
Γ£ô Contacts: 1 contacts found
≡ƒôï Sample contact (newest first): {
  id: 251,
  name: 'ROI Contact',
  strength: 1,
  engagement: '0.0',
  created_at: 2025-12-15T23:49:39.847Z
}

stderr | tests/routes/companyResearch.test.js > Company Research Routes > GET /api/company-research > should handle 
OpenAI errors gracefully
Γ¥î OpenAI enrichment error: OpenAI API error

stdout | tests/routes/networkingAnalysis.test.js > Networking Analysis Routes > GET /api/networking-analysis/full > should calculate contact ROI
≡ƒôè Total contacts in professional_contacts for user 72880: 0
≡ƒôè Final total contacts after merging: 1
≡ƒôï All contact names: ROI Contact

stdout | tests/routes/salaryNegotiation.test.js > Salary Negotiation Routes > DELETE /api/salary-negotiation/:id > should delete a negotiation
Γ£à Deleted negotiation 1

stdout | tests/routes/companyResearch.test.js > Company Research Routes > GET /api/company-research > should handle OpenAI errors gracefully
≡ƒôè logApiUsage: Inserting log for openai - userId: null, endpoint: /v1/chat/completions

stdout | tests/routes/companyResearch.test.js > Company Research Routes > GET /api/company-research > should handle OpenAI errors gracefully
Γ£à logApiUsage: Successfully logged API usage with ID 1913 for openai

stderr | tests/routes/companyResearch.test.js > Company Research Routes > GET /api/company-research > should handle 
OpenAI errors gracefully
Γ¥î Error generating talking points: OpenAI API error

stdout | tests/routes/companyResearch.test.js > Company Research Routes > GET /api/company-research > should handle OpenAI errors gracefully
Γ£à Completed fresh analysis for TestCompany

stdout | tests/routes/salaryNegotiation.test.js
Γ£à Test database pool closed

stdout | tests/routes/salaryNegotiation.test.js
Γ£à Test environment cleaned up

 Γ£ô tests/routes/salaryNegotiation.test.js (17 tests) 7851ms
       Γ£ô should delete a negotiation  334ms
stdout | tests/routes/companyResearch.test.js > Company Research Routes > GET /api/company-research > should generate interview prep data
≡ƒöì Running fresh research for: TestCompany

stdout | tests/routes/interviewInsights.test.js > Interview Insights Routes > PUT /api/interview-insights/follow-up/:id/mark-sent > should mark template as sent
Γ£à Marked template 1 as sent

stdout | tests/routes/companyResearch.test.js > Company Research Routes > GET /api/company-research > should generate interview prep data
≡ƒôè logApiUsage: Inserting log for wikipedia - userId: null, endpoint: /w/api.php

stdout | tests/routes/companyResearch.test.js > Company Research Routes > GET /api/company-research > should generate interview prep data
Γ£à logApiUsage: Successfully logged API usage with ID 1914 for wikipedia

stdout | tests/routes/companyResearch.test.js > Company Research Routes > GET /api/company-research > should generate interview prep data
Γ£à Tracked API call: wikipedia GET /w/api.php (success: true, user: null)

stdout | tests/routes/interviewInsights.test.js > Interview Insights Routes > PUT /api/interview-insights/follow-up/:id/track-response > should track response to follow-up
Γ£à Tracked response for template 1: positive

stdout | tests/routes/companyResearch.test.js > Company Research Routes > GET /api/company-research > should generate interview prep data
≡ƒôè logApiUsage: Inserting log for wikipedia - userId: null, endpoint: /w/api.php

stdout | tests/routes/companyResearch.test.js > Company Research Routes > GET /api/company-research > should generate interview prep data
Γ£à logApiUsage: Successfully logged API usage with ID 1915 for wikipedia

stdout | tests/routes/qualityScoring.test.js
[dotenv@17.2.3] injecting env (17) from .env.test -- tip: ΓÜÖ∩╕Å  enable debug logging with { debug: true }

stdout | tests/routes/qualityScoring.test.js
[dotenv@17.2.3] injecting env (0) from .env -- tip: ≡ƒöä add secrets lifecycle management: https://dotenvx.com/ops
≡ƒöÆ SSL enabled for Supabase connection (shared pool)
≡ƒôè Database pool initialized (max: 2, Supabase: true)

stdout | tests/routes/qualityScoring.test.js
[dotenv@17.2.3] injecting env (0) from .env.test -- tip: ≡ƒùé∩╕Å backup and recover secrets: https://dotenvx.com/ops

stdout | tests/routes/timing.test.js
Γ£à Test database pool closed

stdout | tests/routes/timing.test.js
Γ£à Test environment cleaned up

stdout | tests/routes/companyResearch.test.js > Company Research Routes > GET /api/company-research > should generate interview prep data
Γ£à Tracked API call: wikipedia GET /w/api.php (success: true, user: null)

 Γ£ô tests/routes/timing.test.js (27 tests) 9819ms
       Γ£ô should filter by status if provided  418ms
stdout | tests/routes/companyResearch.test.js > Company Research Routes > GET /api/company-research > should generate interview prep data
≡ƒôè logApiUsage: Inserting log for wikipedia - userId: null, endpoint: /api/rest_v1/page/summary/Test

stdout | tests/routes/companyResearch.test.js > Company Research Routes > GET /api/company-research > should generate interview prep data
Γ£à logApiUsage: Successfully logged API usage with ID 1916 for wikipedia

stdout | tests/routes/companyResearch.test.js > Company Research Routes > GET /api/company-research > should generate interview prep data
Γ£à Tracked API call: wikipedia GET /api/rest_v1/page/summary/Test (success: true, user: null)

stdout | tests/routes/companyResearch.test.js > Company Research Routes > GET /api/company-research > should generate interview prep data
≡ƒôè logApiUsage: Inserting log for news_api - userId: null, endpoint: /v2/everything

stdout | tests/routes/interviewInsights.test.js > Interview Insights Routes > POST /api/interview-insights/follow-up/:templateId/send-email > should send follow-up email
≡ƒôè Attempting to track Resend API call (interviewInsights) - userId: 72897, success: true

stdout | tests/routes/interviewInsights.test.js > Interview Insights Routes > POST /api/interview-insights/follow-up/:templateId/send-email > should send follow-up email
≡ƒôè Logging successful Resend API usage (interviewInsights)...

stdout | tests/routes/companyResearch.test.js > Company Research Routes > GET /api/company-research > should generate interview prep data
Γ£à logApiUsage: Successfully logged API usage with ID 1917 for news_api

stdout | tests/routes/interviewInsights.test.js > Interview Insights Routes > POST /api/interview-insights/follow-up/:templateId/send-email > should send follow-up email
≡ƒôè logApiUsage: Inserting log for resend - userId: 72897, endpoint: /emails/send

stderr | tests/routes/interviewInsights.test.js > Interview Insights Routes > POST 
/api/interview-insights/follow-up/:templateId/send-email > should send follow-up email
Γ¥î Error logging API usage: error: insert or update on table "api_usage_logs" violates foreign key constraint 
"api_usage_logs_user_id_fkey"
    at C:\Users\aditn\OneDrive\Desktop\Cursor\Aandsz-Forces-ATS-CS490\backend\node_modules\pg\lib\client.js:545:17
    at processTicksAndRejections (node:internal/process/task_queues:105:5)
    at logApiUsage 
(C:/Users/aditn/OneDrive/Desktop/Cursor/Aandsz-Forces-ATS-CS490/backend/utils/apiTrackingService.js:68:20)
    at C:/Users/aditn/OneDrive/Desktop/Cursor/Aandsz-Forces-ATS-CS490/backend/routes/interviewInsights.js:1881:13 {
  length: 282,
  severity: 'ERROR',
  code: '23503',
  detail: 'Key (user_id)=(72897) is not present in table "users".',
  hint: undefined,
  position: undefined,
  internalPosition: undefined,
  internalQuery: undefined,
  where: undefined,
  schema: 'public',
  table: 'api_usage_logs',
  column: undefined,
  dataType: undefined,
  constraint: 'api_usage_logs_user_id_fkey',
  file: 'ri_triggers.c',
  line: '2599',
  routine: 'ri_ReportViolation'
}
   Service: resend Endpoint: /emails/send User: 72897
   Full error: insert or update on table "api_usage_logs" violates foreign key constraint 
"api_usage_logs_user_id_fkey" error: insert or update on table "api_usage_logs" violates foreign key constraint 
"api_usage_logs_user_id_fkey"
    at C:\Users\aditn\OneDrive\Desktop\Cursor\Aandsz-Forces-ATS-CS490\backend\node_modules\pg\lib\client.js:545:17
    at processTicksAndRejections (node:internal/process/task_queues:105:5)
    at logApiUsage 
(C:/Users/aditn/OneDrive/Desktop/Cursor/Aandsz-Forces-ATS-CS490/backend/utils/apiTrackingService.js:68:20)
    at C:/Users/aditn/OneDrive/Desktop/Cursor/Aandsz-Forces-ATS-CS490/backend/routes/interviewInsights.js:1881:13

stdout | tests/routes/interviewInsights.test.js > Interview Insights Routes > POST /api/interview-insights/follow-up/:templateId/send-email > should send follow-up email
Γ£à Resend API usage tracked successfully (interviewInsights) - userId: 72897
Γ£à Email sent successfully: { id: 'email-123' }

stdout | tests/routes/qualityScoring.test.js
[dotenv@17.2.3] injecting env (0) from .env -- tip: ΓÜÖ∩╕Å  suppress all logs with { quiet: true }

stdout | tests/routes/companyResearch.test.js > Company Research Routes > GET /api/company-research > should generate interview prep data
Γ£à Tracked API call: news_api GET /v2/everything (success: true, user: null)

stderr | tests/routes/companyResearch.test.js > Company Research Routes > GET /api/company-research > should generate 
interview prep data
ΓÜá∩╕Å NewsAPI limit or no data for TestCompany ΓÇö using mock news.

stdout | tests/routes/materialComparison.test.js
[dotenv@17.2.3] injecting env (17) from .env.test -- tip: Γ£à audit secrets and track compliance: https://dotenvx.com/ops

stdout | tests/routes/materialComparison.test.js
[dotenv@17.2.3] injecting env (0) from .env -- tip: ≡ƒöÉ prevent building .env in docker: https://dotenvx.com/prebuild
≡ƒöÆ SSL enabled for Supabase connection (shared pool)
≡ƒôè Database pool initialized (max: 2, Supabase: true)

stdout | tests/routes/materialComparison.test.js
[dotenv@17.2.3] injecting env (0) from .env.test -- tip: ≡ƒ¢á∩╕Å  run anywhere with `dotenvx run -- yourcommand`

stdout | tests/routes/companyResearch.test.js > Company Research Routes > GET /api/company-research > should generate interview prep data
≡ƒôè logApiUsage: Inserting log for openai - userId: null, endpoint: /v1/chat/completions

stdout | tests/routes/companyResearch.test.js > Company Research Routes > GET /api/company-research > should generate interview prep data
Γ£à logApiUsage: Successfully logged API usage with ID 1919 for openai

stdout | tests/routes/companyResearch.test.js > Company Research Routes > GET /api/company-research > should generate interview prep data
Γ£à Tracked API call: openai POST /v1/chat/completions (success: true, user: null)

stdout | tests/routes/companyResearch.test.js > Company Research Routes > GET /api/company-research > should generate interview prep data
≡ƒôè logApiUsage: Inserting log for openai - userId: null, endpoint: /v1/chat/completions

stdout | tests/routes/companyResearch.test.js > Company Research Routes > GET /api/company-research > should generate interview prep data
Γ£à logApiUsage: Successfully logged API usage with ID 1920 for openai

stdout | tests/routes/interviewInsights.test.js > Interview Insights Routes > DELETE /api/interview-insights/follow-up/:id > should delete follow-up template
Γ£à Deleted template 1 for user 72899

stdout | tests/routes/companyResearch.test.js > Company Research Routes > GET /api/company-research > should generate interview prep data
Γ£à Tracked API call: openai POST /v1/chat/completions (success: true, user: null)

stdout | tests/routes/interviewInsights.test.js
Γ£à Test database pool closed

stdout | tests/routes/interviewInsights.test.js
Γ£à Test environment cleaned up

 Γ£ô tests/routes/interviewInsights.test.js (26 tests) 10522ms
       Γ£ô should generate interview insights for company and role  475ms
       Γ£ô should handle role-aware insights generation  440ms
       Γ£ô should generate question bank for role  332ms
stdout | tests/routes/companyResearch.test.js > Company Research Routes > GET /api/company-research > should generate interview prep data
≡ƒôè logApiUsage: Inserting log for openai - userId: null, endpoint: /v1/chat/completions

stdout | tests/routes/companyResearch.test.js > Company Research Routes > GET /api/company-research > should generate interview prep data
Γ£à logApiUsage: Successfully logged API usage with ID 1921 for openai

stdout | tests/routes/companyResearch.test.js > Company Research Routes > GET /api/company-research > should generate interview prep data
Γ£à Tracked API call: openai POST /v1/chat/completions (success: true, user: null)

stderr | tests/routes/companyResearch.test.js > Company Research Routes > GET /api/company-research > should generate 
interview prep data
Γ¥î Error generating talking points: Cannot read properties of undefined (reading 'data')

stdout | tests/routes/companyResearch.test.js > Company Research Routes > GET /api/company-research > should generate interview prep data
Γ£à Completed fresh analysis for TestCompany

stdout | tests/routes/companyResearch.test.js > Company Research Routes > GET /api/company-research > should build social links correctly
≡ƒöì Running fresh research for: Test Company

stdout | tests/routes/timeInvestment.test.js
[dotenv@17.2.3] injecting env (17) from .env.test -- tip: ΓÜÖ∩╕Å  suppress all logs with { quiet: true }

stdout | tests/routes/timeInvestment.test.js
[dotenv@17.2.3] injecting env (0) from .env -- tip: ≡ƒöÉ prevent committing .env to code: https://dotenvx.com/precommit
≡ƒöÆ SSL enabled for Supabase connection (shared pool)
≡ƒôè Database pool initialized (max: 2, Supabase: true)

stdout | tests/routes/timeInvestment.test.js
[dotenv@17.2.3] injecting env (0) from .env.test -- tip: ΓÜÖ∩╕Å  suppress all logs with { quiet: true }

stdout | tests/routes/companyResearch.test.js > Company Research Routes > GET /api/company-research > should build social links correctly
≡ƒôè logApiUsage: Inserting log for wikipedia - userId: null, endpoint: /w/api.php

stdout | tests/routes/companyResearch.test.js > Company Research Routes > GET /api/company-research > should build social links correctly
Γ£à logApiUsage: Successfully logged API usage with ID 1922 for wikipedia

stdout | tests/routes/companyResearch.test.js > Company Research Routes > GET /api/company-research > should build social links correctly
Γ£à Tracked API call: wikipedia GET /w/api.php (success: true, user: null)

stdout | tests/routes/companyResearch.test.js > Company Research Routes > GET /api/company-research > should build social links correctly
≡ƒôè logApiUsage: Inserting log for wikipedia - userId: null, endpoint: /w/api.php

stdout | tests/routes/companyResearch.test.js > Company Research Routes > GET /api/company-research > should build social links correctly
Γ£à logApiUsage: Successfully logged API usage with ID 1923 for wikipedia

stdout | tests/routes/companyResearch.test.js > Company Research Routes > GET /api/company-research > should build social links correctly
Γ£à Tracked API call: wikipedia GET /w/api.php (success: true, user: null)

stdout | tests/routes/companyResearch.test.js > Company Research Routes > GET /api/company-research > should build social links correctly
≡ƒôè logApiUsage: Inserting log for wikipedia - userId: null, endpoint: /api/rest_v1/page/summary/Test

stdout | tests/routes/companyResearch.test.js > Company Research Routes > GET /api/company-research > should build social links correctly
Γ£à logApiUsage: Successfully logged API usage with ID 1924 for wikipedia

stdout | tests/routes/companyResearch.test.js > Company Research Routes > GET /api/company-research > should build social links correctly
Γ£à Tracked API call: wikipedia GET /api/rest_v1/page/summary/Test (success: true, user: null)

stdout | tests/routes/companyResearch.test.js > Company Research Routes > GET /api/company-research > should build social links correctly
≡ƒôè logApiUsage: Inserting log for news_api - userId: null, endpoint: /v2/everything

stdout | tests/routes/companyResearch.test.js > Company Research Routes > GET /api/company-research > should build social links correctly
Γ£à logApiUsage: Successfully logged API usage with ID 1925 for news_api

stdout | tests/routes/companyResearch.test.js > Company Research Routes > GET /api/company-research > should build social links correctly
Γ£à Tracked API call: news_api GET /v2/everything (success: true, user: null)

stderr | tests/routes/companyResearch.test.js > Company Research Routes > GET /api/company-research > should build 
social links correctly
ΓÜá∩╕Å NewsAPI limit or no data for Test Company ΓÇö using mock news.

stdout | tests/routes/companyResearch.test.js > Company Research Routes > GET /api/company-research > should build social links correctly
≡ƒôè logApiUsage: Inserting log for openai - userId: null, endpoint: /v1/chat/completions

stdout | tests/routes/companyResearch.test.js > Company Research Routes > GET /api/company-research > should build social links correctly
Γ£à logApiUsage: Successfully logged API usage with ID 1926 for openai

stdout | tests/routes/companyResearch.test.js > Company Research Routes > GET /api/company-research > should build social links correctly
Γ£à Tracked API call: openai POST /v1/chat/completions (success: true, user: null)

stderr | tests/routes/companyResearch.test.js > Company Research Routes > GET /api/company-research > should build 
social links correctly
Γ¥î OpenAI enrichment error: Cannot read properties of undefined (reading 'data')

stdout | tests/routes/companyResearch.test.js > Company Research Routes > GET /api/company-research > should build social links correctly
≡ƒôè logApiUsage: Inserting log for openai - userId: null, endpoint: /v1/chat/completions

stdout | tests/routes/companyResearch.test.js > Company Research Routes > GET /api/company-research > should build social links correctly
Γ£à logApiUsage: Successfully logged API usage with ID 1927 for openai

stdout | tests/routes/companyResearch.test.js > Company Research Routes > GET /api/company-research > should build social links correctly
Γ£à Tracked API call: openai POST /v1/chat/completions (success: true, user: null)

stderr | tests/routes/companyResearch.test.js > Company Research Routes > GET /api/company-research > should build 
social links correctly
Γ¥î Error generating talking points: Cannot read properties of undefined (reading 'data')

stdout | tests/routes/companyResearch.test.js > Company Research Routes > GET /api/company-research > should build social links correctly
Γ£à Completed fresh analysis for Test Company

stdout | tests/routes/companyResearch.test.js > Company Research Routes > GET /api/company-research > should handle network errors with retry logic
≡ƒöì Running fresh research for: TestCompany

stdout | tests/routes/companyResearch.test.js > Company Research Routes > GET /api/company-research > should handle network errors with retry logic
≡ƒôè logApiUsage: Inserting log for wikipedia - userId: null, endpoint: /w/api.php

stdout | tests/routes/companyResearch.test.js > Company Research Routes > GET /api/company-research > should handle network errors with retry logic
Γ£à logApiUsage: Successfully logged API usage with ID 1928 for wikipedia

stdout | tests/routes/companyResearch.test.js > Company Research Routes > GET /api/company-research > should handle network errors with retry logic
Γ£à Tracked API call: wikipedia GET /w/api.php (success: true, user: null)

stdout | tests/routes/companyResearch.test.js > Company Research Routes > GET /api/company-research > should handle network errors with retry logic
≡ƒôè logApiUsage: Inserting log for wikipedia - userId: null, endpoint: /w/api.php

stdout | tests/routes/companyResearch.test.js > Company Research Routes > GET /api/company-research > should handle network errors with retry logic
Γ£à logApiUsage: Successfully logged API usage with ID 1929 for wikipedia

stdout | tests/routes/companyResearch.test.js > Company Research Routes > GET /api/company-research > should handle network errors with retry logic
Γ£à Tracked API call: wikipedia GET /w/api.php (success: true, user: null)

stdout | tests/routes/companyResearch.test.js > Company Research Routes > GET /api/company-research > should handle network errors with retry logic
≡ƒôè logApiUsage: Inserting log for wikipedia - userId: null, endpoint: /api/rest_v1/page/summary/Test

stdout | tests/routes/companyResearch.test.js > Company Research Routes > GET /api/company-research > should handle network errors with retry logic
Γ£à logApiUsage: Successfully logged API usage with ID 1930 for wikipedia

stdout | tests/routes/companyResearch.test.js > Company Research Routes > GET /api/company-research > should handle network errors with retry logic
Γ£à Tracked API call: wikipedia GET /api/rest_v1/page/summary/Test (success: true, user: null)

stdout | tests/routes/companyResearch.test.js > Company Research Routes > GET /api/company-research > should handle network errors with retry logic
≡ƒôè logApiUsage: Inserting log for news_api - userId: null, endpoint: /v2/everything

stdout | tests/routes/companyResearch.test.js > Company Research Routes > GET /api/company-research > should handle network errors with retry logic
Γ£à logApiUsage: Successfully logged API usage with ID 1931 for news_api

stdout | tests/routes/companyResearch.test.js > Company Research Routes > GET /api/company-research > should handle network errors with retry logic
Γ£à Tracked API call: news_api GET /v2/everything (success: true, user: null)

stderr | tests/routes/companyResearch.test.js > Company Research Routes > GET /api/company-research > should handle 
network errors with retry logic
ΓÜá∩╕Å NewsAPI limit or no data for TestCompany ΓÇö using mock news.

stdout | tests/routes/companyResearch.test.js > Company Research Routes > GET /api/company-research > should handle network errors with retry logic
≡ƒôè logApiUsage: Inserting log for openai - userId: null, endpoint: /v1/chat/completions

stdout | tests/routes/companyResearch.test.js > Company Research Routes > GET /api/company-research > should handle network errors with retry logic
Γ£à logApiUsage: Successfully logged API usage with ID 1932 for openai

stderr | tests/routes/companyResearch.test.js > Company Research Routes > GET /api/company-research > should handle 
network errors with retry logic
ΓÜá∩╕Å OpenAI SSL/TLS error (attempt 1/3), retrying in 1000ms...

stdout | tests/routes/companyResearch.test.js > Company Research Routes > GET /api/company-research > should handle network errors with retry logic
≡ƒôè logApiUsage: Inserting log for openai - userId: null, endpoint: /v1/chat/completions

stdout | tests/routes/companyResearch.test.js > Company Research Routes > GET /api/company-research > should handle network errors with retry logic
Γ£à logApiUsage: Successfully logged API usage with ID 1933 for openai

stderr | tests/routes/companyResearch.test.js > Company Research Routes > GET /api/company-research > should handle 
network errors with retry logic
ΓÜá∩╕Å OpenAI SSL/TLS error (attempt 2/3), retrying in 2000ms...

stdout | tests/routes/companyResearch.test.js > Company Research Routes > GET /api/company-research > should handle network errors with retry logic
≡ƒôè logApiUsage: Inserting log for openai - userId: null, endpoint: /v1/chat/completions

stdout | tests/routes/companyResearch.test.js > Company Research Routes > GET /api/company-research > should handle network errors with retry logic
Γ£à logApiUsage: Successfully logged API usage with ID 1934 for openai

stdout | tests/routes/companyResearch.test.js > Company Research Routes > GET /api/company-research > should handle network errors with retry logic
Γ£à Tracked API call: openai POST /v1/chat/completions (success: true, user: null)

stdout | tests/routes/companyResearch.test.js > Company Research Routes > GET /api/company-research > should handle network errors with retry logic
≡ƒôè logApiUsage: Inserting log for openai - userId: null, endpoint: /v1/chat/completions

stdout | tests/routes/companyResearch.test.js > Company Research Routes > GET /api/company-research > should handle network errors with retry logic
Γ£à logApiUsage: Successfully logged API usage with ID 1935 for openai

stdout | tests/routes/companyResearch.test.js > Company Research Routes > GET /api/company-research > should handle network errors with retry logic
Γ£à Tracked API call: openai POST /v1/chat/completions (success: true, user: null)

stdout | tests/routes/companyResearch.test.js > Company Research Routes > GET /api/company-research > should handle network errors with retry logic
≡ƒôè logApiUsage: Inserting log for openai - userId: null, endpoint: /v1/chat/completions

stdout | tests/routes/companyResearch.test.js > Company Research Routes > GET /api/company-research > should handle network errors with retry logic
Γ£à logApiUsage: Successfully logged API usage with ID 1936 for openai

stdout | tests/routes/companyResearch.test.js > Company Research Routes > GET /api/company-research > should handle network errors with retry logic
Γ£à Tracked API call: openai POST /v1/chat/completions (success: true, user: null)

stdout | tests/routes/companyResearch.test.js > Company Research Routes > GET /api/company-research > should handle network errors with retry logic
Γ£à Completed fresh analysis for TestCompany

stdout | tests/routes/companyResearch.test.js > Company Research Routes > GET /api/company-research > should handle server errors gracefully
≡ƒöì Running fresh research for: TestCompany

stdout | tests/routes/companyResearch.test.js > Company Research Routes > GET /api/company-research > should handle server errors gracefully
≡ƒôè logApiUsage: Inserting log for wikipedia - userId: null, endpoint: /w/api.php

stdout | tests/routes/companyResearch.test.js > Company Research Routes > GET /api/company-research > should handle server errors gracefully
Γ£à logApiUsage: Successfully logged API usage with ID 1937 for wikipedia

stderr | tests/routes/companyResearch.test.js > Company Research Routes > GET /api/company-research > should handle 
server errors gracefully
Γ¥î Wikipedia fetch error: Server error

stdout | tests/routes/companyResearch.test.js > Company Research Routes > GET /api/company-research > should handle server errors gracefully
≡ƒôè logApiUsage: Inserting log for news_api - userId: null, endpoint: /v2/everything

stdout | tests/routes/companyResearch.test.js > Company Research Routes > GET /api/company-research > should handle server errors gracefully
Γ£à logApiUsage: Successfully logged API usage with ID 1938 for news_api

stderr | tests/routes/companyResearch.test.js > Company Research Routes > GET /api/company-research > should handle 
server errors gracefully
Γ¥î News fetch error: Server error

stdout | tests/routes/companyResearch.test.js > Company Research Routes > GET /api/company-research > should handle server errors gracefully
≡ƒôè logApiUsage: Inserting log for openai - userId: null, endpoint: /v1/chat/completions

stdout | tests/routes/companyResearch.test.js > Company Research Routes > GET /api/company-research > should handle server errors gracefully
Γ£à logApiUsage: Successfully logged API usage with ID 1939 for openai

stdout | tests/routes/companyResearch.test.js > Company Research Routes > GET /api/company-research > should handle server errors gracefully
Γ£à Tracked API call: openai POST /v1/chat/completions (success: true, user: null)

stderr | tests/routes/companyResearch.test.js > Company Research Routes > GET /api/company-research > should handle 
server errors gracefully
Γ¥î OpenAI enrichment error: Cannot read properties of undefined (reading 'data')

stdout | tests/routes/companyResearch.test.js > Company Research Routes > GET /api/company-research > should handle server errors gracefully
≡ƒôè logApiUsage: Inserting log for openai - userId: null, endpoint: /v1/chat/completions

stdout | tests/routes/companyResearch.test.js > Company Research Routes > GET /api/company-research > should handle server errors gracefully
Γ£à logApiUsage: Successfully logged API usage with ID 1940 for openai

stdout | tests/routes/companyResearch.test.js > Company Research Routes > GET /api/company-research > should handle server errors gracefully
Γ£à Tracked API call: openai POST /v1/chat/completions (success: true, user: null)

stderr | tests/routes/companyResearch.test.js > Company Research Routes > GET /api/company-research > should handle 
server errors gracefully
Γ¥î Error generating talking points: Cannot read properties of undefined (reading 'data')

stdout | tests/routes/companyResearch.test.js > Company Research Routes > GET /api/company-research > should handle server errors gracefully
Γ£à Completed fresh analysis for TestCompany

stdout | tests/routes/companyResearch.test.js
Γ£à Test database pool closed

stdout | tests/routes/companyResearch.test.js
Γ£à Test environment cleaned up

 Γ£ô tests/routes/companyResearch.test.js (19 tests) 26407ms
       Γ£ô should return company research data with mocked APIs  736ms
       Γ£ô should handle Wikipedia API errors gracefully  895ms
       Γ£ô should use mock news when NEWS_API_KEY is not set  970ms
       Γ£ô should use News API when key is available  986ms
       Γ£ô should categorize news articles correctly  1100ms
       Γ£ô should use OpenAI when API key is available  1225ms
       Γ£ô should handle OpenAI errors gracefully  1270ms
       Γ£ô should generate interview prep data  1124ms
       Γ£ô should build social links correctly  956ms
       Γ£ô should handle network errors with retry logic  5668ms
       Γ£ô should handle server errors gracefully  1700ms
       Γ£ô should export research as JSON  410ms
       Γ£ô should export research as text  327ms
       Γ£ô should return error when research data is missing  494ms
       Γ£ô should return error for invalid format  407ms
       Γ£ô should handle missing optional fields in text export  374ms
stdout | tests/routes/contacts.test.js
[dotenv@17.2.3] injecting env (17) from .env.test -- tip: ΓÜÖ∩╕Å  enable debug logging with { debug: true }

stdout | tests/routes/contacts.test.js
[dotenv@17.2.3] injecting env (0) from .env -- tip: ≡ƒ¢á∩╕Å  run anywhere with `dotenvx run -- yourcommand`
≡ƒöÆ SSL enabled for Supabase connection (shared pool)
≡ƒôè Database pool initialized (max: 2, Supabase: true)

stdout | tests/routes/contacts.test.js
[dotenv@17.2.3] injecting env (0) from .env.test -- tip: ≡ƒæÑ sync secrets across teammates & machines: https://dotenvx.com/ops

stdout | tests/routes/responseCoaching.test.js
Γ£à Test environment cleaned up

 Γ¥» tests/routes/responseCoaching.test.js (7 tests | 7 skipped) 20014ms
       Γåô should analyze response and provide coaching feedback
       Γåô should return 400 if required fields are missing
       Γåô should track improvement from previous attempts
       Γåô should get coaching history for a question
       Γåô should return 400 if userId is missing
       Γåô should get overall coaching statistics
       Γåô should return 400 if userId is missing
stdout | tests/example.test.js
[dotenv@17.2.3] injecting env (17) from .env.test -- tip: ≡ƒöæ add access controls to secrets: https://dotenvx.com/ops

stdout | tests/example.test.js
[dotenv@17.2.3] injecting env (0) from .env -- tip: ≡ƒöÉ encrypt with Dotenvx: https://dotenvx.com
≡ƒöÆ SSL enabled for Supabase connection (shared pool)
≡ƒôè Database pool initialized (max: 2, Supabase: true)

stdout | tests/example.test.js
[dotenv@17.2.3] injecting env (0) from .env.test -- tip: ΓÜÖ∩╕Å  specify custom .env file path with { path: '/custom/path/.env' }

stdout | tests/routes/networking.test.js
Γ£à Test environment cleaned up

 Γ¥» tests/routes/networking.test.js (14 tests | 14 skipped) 20018ms
       Γåô should get all networking events for user
       Γåô should filter events by status
       Γåô should filter events by industry
       Γåô should filter events by year
       Γåô should get single event with related data
       Γåô should return 404 if event not found
       Γåô should create a new networking event
       Γåô should return 400 if required fields are missing
       Γåô should update an existing event
       Γåô should delete an event
       Γåô should get networking statistics
       Γåô should get upcoming events
       Γåô should get all networking contacts
       Γåô should get single contact
stdout | tests/routes/goals.test.js
[dotenv@17.2.3] injecting env (17) from .env.test -- tip: ≡ƒ¢á∩╕Å  run anywhere with `dotenvx run -- yourcommand`

stdout | tests/routes/goals.test.js
[dotenv@17.2.3] injecting env (0) from .env -- tip: ΓÜÖ∩╕Å  load multiple .env files with { path: ['.env.local', '.env'] }
≡ƒöÆ SSL enabled for Supabase connection (shared pool)
≡ƒôè Database pool initialized (max: 2, Supabase: true)

stdout | tests/routes/goals.test.js
[dotenv@17.2.3] injecting env (0) from .env.test -- tip: ≡ƒ¢á∩╕Å  run anywhere with `dotenvx run -- yourcommand`

stdout | tests/routes/interviewAnalytics.test.js
Γ£à Test environment cleaned up

 Γ¥» tests/routes/interviewAnalytics.test.js (12 tests | 12 skipped) 20017ms
       Γåô should get comprehensive interview analytics
       Γåô should filter by time range
       Γåô should return 400 if userId is missing
       Γåô should record interview outcome
       Γåô should return 400 if required fields are missing
       Γåô should handle calendar sync if requested
       Γåô should update interview outcome
       Γåô should return 400 if userId is missing
       Γåô should delete interview outcome
       Γåô should handle calendar deletion if requested
       Γåô should get list of interview outcomes
       Γåô should return 400 if userId is missing
stdout | tests/routes/compensationHistory.test.js
[dotenv@17.2.3] injecting env (17) from .env.test -- tip: ΓÜÖ∩╕Å  enable debug logging with { debug: true }

stdout | tests/routes/compensationHistory.test.js
[dotenv@17.2.3] injecting env (0) from .env -- tip: Γ£à audit secrets and track compliance: https://dotenvx.com/ops
≡ƒöÆ SSL enabled for Supabase connection (shared pool)
≡ƒôè Database pool initialized (max: 2, Supabase: true)

stdout | tests/routes/compensationHistory.test.js
[dotenv@17.2.3] injecting env (0) from .env.test -- tip: ≡ƒöæ add access controls to secrets: https://dotenvx.com/ops

stdout | tests/routes/marketBenchmarks.test.js
Γ£à Test environment cleaned up

 Γ¥» tests/routes/marketBenchmarks.test.js (17 tests | 17 skipped) 20010ms
       Γåô should fetch market benchmark data
       Γåô should return 400 if required fields are missing
       Γåô should return 503 if API key is not configured
       Γåô should handle AI response parsing errors
       Γåô should handle API key errors
       Γåô should batch fetch multiple benchmarks
       Γåô should return 400 if benchmarks is not an array
       Γåô should return 400 if benchmarks array is empty
       Γåô should return 400 if more than 10 benchmarks
       Γåô should handle partial failures in batch fetch
       Γåô should auto-fetch benchmark for an offer
       Γåô should return cached benchmark if exists
       Γåô should return 404 if offer not found
       Γåô should return 400 if offer_id is missing
       Γåô should test API key configuration
       Γåô should return 503 if API key is not configured
       Γåô should handle API key validation errors
stdout | tests/routes/mentors.test.js
[dotenv@17.2.3] injecting env (17) from .env.test -- tip: ≡ƒöÉ encrypt with Dotenvx: https://dotenvx.com

stdout | tests/routes/mentors.test.js
[dotenv@17.2.3] injecting env (0) from .env -- tip: ≡ƒöÉ encrypt with Dotenvx: https://dotenvx.com
≡ƒöÆ SSL enabled for Supabase connection (shared pool)
≡ƒôè Database pool initialized (max: 2, Supabase: true)

stdout | tests/routes/mentors.test.js
[dotenv@17.2.3] injecting env (0) from .env.test -- tip: ≡ƒöæ add access controls to secrets: https://dotenvx.com/ops

stdout | tests/routes/references.test.js
Γ£à Test environment cleaned up

 Γ¥» tests/routes/references.test.js (9 tests | 9 skipped) 20015ms
       Γåô should get all references for user
       Γåô should filter references by type
       Γåô should filter references by availability
       Γåô should get single reference
       Γåô should return 404 if reference not found
       Γåô should create a new reference
       Γåô should create reference even with minimal fields
       Γåô should update an existing reference
       Γåô should delete a reference
stdout | tests/team-routes-comprehensive.test.js
Γ£à Test environment cleaned up

 Γ¥» tests/team-routes-comprehensive.test.js (18 tests | 18 skipped) 20016ms
       Γåô should get user teams
       Γåô should create a team
       Γåô should invite a candidate to team
       Γåô should get team members
       Γåô should share a job with comments
       Γåô should reject sharing if not mentor
       Γåô should reject sharing already shared job
       Γåô should update shared job comments
       Γåô should get shared jobs progress dashboard
       Γåô should reject progress view if not mentor
       Γåô should get activity feed for mentor
       Γåô should include profile updates in activity feed
       Γåô should identify candidates needing attention
       Γåô should create a task
       Γåô should get all tasks for team
       Γåô should update task status
       Γåô should create feedback
       Γåô should get feedback for candidate
stdout | tests/routes/geocoding.test.js
[dotenv@17.2.3] injecting env (17) from .env.test -- tip: ΓÜÖ∩╕Å  load multiple .env files with { path: ['.env.local', '.env'] }

stdout | tests/routes/geocoding.test.js
[dotenv@17.2.3] injecting env (0) from .env -- tip: ≡ƒöÉ prevent building .env in docker: https://dotenvx.com/prebuild
≡ƒöÆ SSL enabled for Supabase connection (shared pool)
≡ƒôè Database pool initialized (max: 2, Supabase: true)

stdout | tests/routes/geocoding.test.js
[dotenv@17.2.3] injecting env (0) from .env.test -- tip: ≡ƒöÉ prevent building .env in docker: https://dotenvx.com/prebuild

stdout | tests/routes/sectionPresets.test.js
[dotenv@17.2.3] injecting env (17) from .env.test -- tip: ≡ƒùé∩╕Å backup and recover secrets: https://dotenvx.com/ops

stdout | tests/routes/sectionPresets.test.js
[dotenv@17.2.3] injecting env (0) from .env -- tip: ≡ƒùé∩╕Å backup and recover secrets: https://dotenvx.com/ops
≡ƒöÆ SSL enabled for Supabase connection (shared pool)
≡ƒôè Database pool initialized (max: 2, Supabase: true)

stdout | tests/routes/sectionPresets.test.js
[dotenv@17.2.3] injecting env (0) from .env.test -- tip: ≡ƒöä add secrets lifecycle management: https://dotenvx.com/ops

stdout | tests/routes/geocoding.test.js
[dotenv@17.2.3] injecting env (0) from .env -- tip: ≡ƒöä add secrets lifecycle management: https://dotenvx.com/ops

stdout | tests/routes/sectionPresets.test.js
[dotenv@17.2.3] injecting env (0) from .env -- tip: ΓÜÖ∩╕Å  enable debug logging with { debug: true }

stdout | tests/routes/qualityScoring.test.js
Γ£à Test environment cleaned up

 Γ¥» tests/routes/qualityScoring.test.js (12 tests | 12 skipped) 20011ms
       Γåô should analyze application quality
       Γåô should return cached score if recent
       Γåô should return 404 if job not found
       Γåô should get quality score for a job
       Γåô should return 404 if score not found
       Γåô should get user quality scoring statistics
       Γåô should return zero stats if no scores exist
       Γåô should get score history for a job
       Γåô should return 404 if job not found
       Γåô should update user threshold
       Γåô should return 400 if threshold is invalid
       Γåô should return 400 if threshold is not a number
stdout | tests/routes/github.test.js
[dotenv@17.2.3] injecting env (17) from .env.test -- tip: ΓÜÖ∩╕Å  override existing env vars with { override: true }

stdout | tests/routes/materialComparison.test.js
Γ£à Test environment cleaned up

stdout | tests/routes/github.test.js
[dotenv@17.2.3] injecting env (0) from .env -- tip: ΓÜÖ∩╕Å  override existing env vars with { override: true }
≡ƒöÆ SSL enabled for Supabase connection (shared pool)
≡ƒôè Database pool initialized (max: 2, Supabase: true)

stdout | tests/routes/github.test.js
[dotenv@17.2.3] injecting env (0) from .env.test -- tip: ≡ƒöÉ encrypt with Dotenvx: https://dotenvx.com

 Γ¥» tests/routes/materialComparison.test.js (22 tests | 22 skipped) 20005ms
       Γåô should label a resume version
       Γåô should return 400 if label is invalid
       Γåô should return 404 if resume version not found
       Γåô should return 400 if label is already in use
       Γåô should label a cover letter version
       Γåô should return 400 if label is invalid
       Γåô should track version usage for application
       Γåô should return 404 if job not found
       Γåô should return 400 if no materials linked to job
       Γåô should update application outcome
       Γåô should return 400 if outcome is invalid
       Γåô should return 404 if job not found
       Γåô should get comparison metrics for all versions
       Γåô should get applications by version label
       Γåô should filter by both resume and cover letter labels
       Γåô should get all labeled versions
       Γåô should archive a resume version
       Γåô should return 400 if version is attached to jobs
       Γåô should unarchive a resume version
       Γåô should return 404 if version not found
       Γåô should archive a cover letter version
       Γåô should unarchive a cover letter version
stdout | tests/routes/jobDescriptions.test.js
[dotenv@17.2.3] injecting env (17) from .env.test -- tip: ΓÜÖ∩╕Å  suppress all logs with { quiet: true }

stdout | tests/routes/jobDescriptions.test.js
[dotenv@17.2.3] injecting env (0) from .env -- tip: ΓÜÖ∩╕Å  write to custom object with { processEnv: myObject }
≡ƒöÆ SSL enabled for Supabase connection (shared pool)
≡ƒôè Database pool initialized (max: 2, Supabase: true)

stdout | tests/routes/jobDescriptions.test.js
[dotenv@17.2.3] injecting env (0) from .env.test -- tip: ΓÜÖ∩╕Å  load multiple .env files with { path: ['.env.local', '.env'] }

stdout | tests/routes/jobDescriptions.test.js
[dotenv@17.2.3] injecting env (0) from .env -- tip: ΓÜÖ∩╕Å  override existing env vars with { override: true }

stdout | tests/routes/timeInvestment.test.js
Γ£à Test environment cleaned up

 Γ¥» tests/routes/timeInvestment.test.js (15 tests | 15 skipped) 20011ms
       Γåô should get time investment analytics
       Γåô should handle missing tables gracefully
       Γåô should calculate activity distribution correctly
       Γåô should log a manual activity
       Γåô should return 400 if activity_type is missing
       Γåô should return 400 if duration_minutes is invalid
       Γåô should get user activities
       Γåô should filter by activity_type
       Γåô should filter by date range
       Γåô should update an activity
       Γåô should return 404 if activity not found
       Γåô should return 400 if no valid fields to update
       Γåô should delete an activity
       Γåô should return 404 if activity not found
       Γåô should return activity type options
stdout | tests/routes/team.test.js
[dotenv@17.2.3] injecting env (17) from .env.test -- tip: ΓÜÖ∩╕Å  enable debug logging with { debug: true }

stdout | tests/routes/team.test.js
[dotenv@17.2.3] injecting env (0) from .env -- tip: ≡ƒæÑ sync secrets across teammates & machines: https://dotenvx.com/ops
≡ƒöÆ SSL enabled for Supabase connection (shared pool)
≡ƒôè Database pool initialized (max: 2, Supabase: true)

stdout | tests/routes/team.test.js
[dotenv@17.2.3] injecting env (0) from .env.test -- tip: ≡ƒöæ add access controls to secrets: https://dotenvx.com/ops

stdout | tests/routes/networkingAnalysis.test.js > Networking Analysis Routes > GET /api/networking-analysis/full > should calculate contact ROI
Γ£ô Referrals: 0 referrals found

stdout | tests/routes/networkingAnalysis.test.js > Networking Analysis Routes > GET /api/networking-analysis/full > should calculate relationship tier ROI
========================================
Networking Analysis for user: 72914
========================================

stdout | tests/routes/networkingAnalysis.test.js > Networking Analysis Routes > GET /api/networking-analysis/full > should calculate relationship tier ROI
Γ£ô Activities: 0 activity groups found

stdout | tests/routes/networkingAnalysis.test.js > Networking Analysis Routes > GET /api/networking-analysis/full > should calculate relationship tier ROI
≡ƒôè Total contacts in networking_contacts for user 72914: 2

stdout | tests/routes/networkingAnalysis.test.js > Networking Analysis Routes > GET /api/networking-analysis/full > should calculate relationship tier ROI
Γ£ô Contacts: 2 contacts found
≡ƒôï Sample contact (newest first): {
  id: 252,
  name: 'Strong Contact',
  strength: 5,
  engagement: '0.0',
  created_at: 2025-12-15T23:50:10.349Z
}

stdout | tests/routes/networkingAnalysis.test.js > Networking Analysis Routes > GET /api/networking-analysis/full > should calculate relationship tier ROI
≡ƒôè Total contacts in professional_contacts for user 72914: 0
≡ƒôè Final total contacts after merging: 2
≡ƒôï All contact names: Strong Contact, Medium Contact

stdout | tests/routes/customReports.test.js > Custom Reports Routes > POST /api/custom-reports/generate > should generate CSV report
≡ƒôè Custom Report Generation for user 72910:
  - Comprehensive mode: false
  - Filters received: {}

stdout | tests/routes/customReports.test.js > Custom Reports Routes > POST /api/custom-reports/generate > should generate CSV report
  - Filtered: Fetched 17 jobs with filters
  - Total jobs: 17
  - Actual applications (excluding 'Interested'): 17
  - Selected metrics: totalApplications, successRate, industryBreakdown

stdout | tests/routes/networkingAnalysis.test.js > Networking Analysis Routes > GET /api/networking-analysis/full > should calculate relationship tier ROI
Γ£ô Referrals: 0 referrals found

stdout | tests/routes/dashboard.test.js > Dashboard Routes > Dashboard Data Aggregation > should handle jobs without applicationDate
========================================
≡ƒöì Dashboard Stats Request
========================================
   User ID: 72913
   Start Date: 2000-01-01 00:00:00
   End Date: 2100-12-31 23:59:59

stdout | tests/routes/dashboard.test.js > Dashboard Routes > Dashboard Data Aggregation > should handle jobs without applicationDate
≡ƒº¬ Total jobs for user: 1

stdout | tests/routes/networkingAnalysis.test.js > Networking Analysis Routes > GET /api/networking-analysis/full > should calculate relationship tier ROI
Γ£ô Events: 0 events found

stdout | tests/routes/dashboard.test.js > Dashboard Routes > Dashboard Data Aggregation > should handle jobs without applicationDate
≡ƒº¬ Jobs in date range: { total: '1', earliest_date: null, latest_date: null }

stdout | tests/routes/networkingAnalysis.test.js > Networking Analysis Routes > GET /api/networking-analysis/full > should calculate relationship tier ROI
========================================
Networking Analysis Summary:
  Contacts: 2
  Activities: 0
  Referrals: 0
  Events: 0
  Data Quality: Limited
========================================

stdout | tests/routes/dashboard.test.js > Dashboard Routes > Dashboard Data Aggregation > should handle jobs without applicationDate
≡ƒº¬ Archive status: { total: '1', archived: '0', not_archived: '1' }

stdout | tests/routes/dashboard.test.js > Dashboard Routes > Dashboard Data Aggregation > should handle jobs without applicationDate
≡ƒôè Key Metrics Result: { total_applications: '2', total_interviews: '0', total_offers: '0' }

stdout | tests/routes/networkingAnalysis.test.js > Networking Analysis Routes > GET /api/networking-analysis/full > should handle database errors gracefully
========================================
Networking Analysis for user: 72918
========================================

stderr | tests/routes/networkingAnalysis.test.js > Networking Analysis Routes > GET /api/networking-analysis/full > 
should handle database errors gracefully
ΓÜá networking_activities table not found or query failed: Database error

stderr | tests/routes/networkingAnalysis.test.js > Networking Analysis Routes > GET /api/networking-analysis/full > 
should handle database errors gracefully
ΓÜá Error querying contacts: Cannot read properties of undefined (reading 'count')
Stack trace: TypeError: Cannot read properties of undefined (reading 'count')
    at C:/Users/aditn/OneDrive/Desktop/Cursor/Aandsz-Forces-ATS-CS490/backend/routes/networkingAnalysis.js:178:30
    at processTicksAndRejections (node:internal/process/task_queues:105:5)

stdout | tests/routes/networkingAnalysis.test.js > Networking Analysis Routes > GET /api/networking-analysis/full > should handle database errors gracefully
≡ƒôè Final total contacts after merging: 0

stdout | tests/routes/networkingAnalysis.test.js > Networking Analysis Routes > GET /api/networking-analysis/full > should handle database errors gracefully
Γ£ô Referrals: 0 referrals found

stdout | tests/routes/networkingAnalysis.test.js > Networking Analysis Routes > GET /api/networking-analysis/full > should handle database errors gracefully
Γ£ô Events: 0 events found

stdout | tests/routes/networkingAnalysis.test.js > Networking Analysis Routes > GET /api/networking-analysis/full > should handle database errors gracefully
========================================
Networking Analysis Summary:
  Contacts: 0
  Activities: 0
  Referrals: 0
  Events: 0
  Data Quality: Limited
========================================

stdout | tests/routes/dashboard.test.js > Dashboard Routes > Dashboard Data Aggregation > should handle jobs without applicationDate
≡ƒôê Trends Result: 1 weeks found

stdout | tests/routes/dashboard.test.js > Dashboard Routes > Dashboard Data Aggregation > should handle jobs without applicationDate
≡ƒôë Funnel Result: { applied: '6', interview: '0', offer: '0' }

stdout | tests/routes/networkingAnalysis.test.js > Networking Analysis Routes > GET /api/networking-analysis/full > should include summary cards
========================================
Networking Analysis for user: 72919
========================================

stdout | tests/routes/networkingAnalysis.test.js > Networking Analysis Routes > GET /api/networking-analysis/full > should include summary cards
Γ£ô Activities: 0 activity groups found

stdout | tests/routes/dashboard.test.js > Dashboard Routes > Dashboard Data Aggregation > should handle jobs without applicationDate
ΓÅ▒ Stage Times Result: [ { status: 'Applied', avg_days: '0.00000000000000000000' } ]

stdout | tests/routes/dashboard.test.js > Dashboard Routes > Dashboard Data Aggregation > should handle jobs without applicationDate
Γ£à Sending response with: { total_applications: 2, total_interviews: 0, total_offers: 0 }
========================================

stdout | tests/routes/networkingAnalysis.test.js > Networking Analysis Routes > GET /api/networking-analysis/full > should include summary cards
≡ƒôè Total contacts in networking_contacts for user 72919: 0

stdout | tests/routes/networkingAnalysis.test.js > Networking Analysis Routes > GET /api/networking-analysis/full > should include summary cards
Γ£ô Contacts: 0 contacts found

stdout | tests/routes/networkingAnalysis.test.js > Networking Analysis Routes > GET /api/networking-analysis/full > should include summary cards
≡ƒôè Total contacts in professional_contacts for user 72919: 0
≡ƒôè Final total contacts after merging: 0

stdout | tests/routes/contacts.test.js
Γ£à Test environment cleaned up

 Γ¥» tests/routes/contacts.test.js (18 tests | 18 skipped) 20012ms
       Γåô should get all contacts for user
       Γåô should filter contacts by industry
       Γåô should filter contacts by relationship type
       Γåô should search contacts by name or email
       Γåô should get single contact with details
       Γåô should return 404 if contact not found
       Γåô should create a new contact
       Γåô should return 400 if firstName or lastName is missing
       Γåô should return 409 if contact with email already exists
       Γåô should update an existing contact
       Γåô should return 403 if user does not own contact
       Γåô should delete a contact
       Γåô should return 403 if user does not own contact
       Γåô should add an interaction to a contact
       Γåô should get all interactions for a contact
       Γåô should create a reminder for a contact
       Γåô should create a contact group
       Γåô should get all contact groups
stdout | tests/routes/networkingAnalysis.test.js > Networking Analysis Routes > GET /api/networking-analysis/full > should include summary cards
Γ£ô Referrals: 0 referrals found

stdout | tests/routes/networkingAnalysis.test.js > Networking Analysis Routes > GET /api/networking-analysis/full > should include summary cards
Γ£ô Events: 0 events found

stdout | tests/routes/networkingAnalysis.test.js > Networking Analysis Routes > GET /api/networking-analysis/full > should include summary cards
========================================
Networking Analysis Summary:
  Contacts: 0
  Activities: 0
  Referrals: 0
  Events: 0
  Data Quality: Limited
========================================

stdout | tests/routes/marketIntel.test.js
[dotenv@17.2.3] injecting env (17) from .env.test -- tip: ≡ƒöä add secrets lifecycle management: https://dotenvx.com/ops

stdout | tests/routes/marketIntel.test.js
[dotenv@17.2.3] injecting env (0) from .env -- tip: ΓÜÖ∩╕Å  override existing env vars with { override: true }
≡ƒöÆ SSL enabled for Supabase connection (shared pool)
≡ƒôè Database pool initialized (max: 2, Supabase: true)

stdout | tests/routes/marketIntel.test.js
[dotenv@17.2.3] injecting env (0) from .env.test -- tip: ΓÜÖ∩╕Å  suppress all logs with { quiet: true }

stdout | tests/routes/networkingAnalysis.test.js > Networking Analysis Routes > GET /api/networking-analysis/full > should include data quality indicators
========================================
Networking Analysis for user: 72922
========================================

stdout | tests/routes/networkingAnalysis.test.js > Networking Analysis Routes > GET /api/networking-analysis/full > should include data quality indicators
Γ£ô Activities: 0 activity groups found

stdout | tests/routes/networkingAnalysis.test.js > Networking Analysis Routes > GET /api/networking-analysis/full > should include data quality indicators
≡ƒôè Total contacts in networking_contacts for user 72922: 0

stdout | tests/routes/networkingAnalysis.test.js > Networking Analysis Routes > GET /api/networking-analysis/full > should include data quality indicators
Γ£ô Contacts: 0 contacts found

stdout | tests/routes/networkingAnalysis.test.js > Networking Analysis Routes > GET /api/networking-analysis/full > should include data quality indicators
≡ƒôè Total contacts in professional_contacts for user 72922: 0
≡ƒôè Final total contacts after merging: 0

stdout | tests/routes/customReports.test.js > Custom Reports Routes > POST /api/custom-reports/generate > should handle empty job data gracefully
≡ƒôè Custom Report Generation for user 72924:
  - Comprehensive mode: false
  - Filters received: {}

stdout | tests/routes/customReports.test.js > Custom Reports Routes > POST /api/custom-reports/generate > should handle empty job data gracefully
  - Filtered: Fetched 0 jobs with filters

stdout | tests/routes/networkingAnalysis.test.js > Networking Analysis Routes > GET /api/networking-analysis/full > should include data quality indicators
Γ£ô Referrals: 0 referrals found

stdout | tests/routes/networkingAnalysis.test.js > Networking Analysis Routes > GET /api/networking-analysis/full > should include data quality indicators
Γ£ô Events: 0 events found

stdout | tests/routes/networkingAnalysis.test.js > Networking Analysis Routes > GET /api/networking-analysis/full > should include data quality indicators
========================================
Networking Analysis Summary:
  Contacts: 0
  Activities: 0
  Referrals: 0
  Events: 0
  Data Quality: Limited
========================================

stdout | tests/routes/networkingAnalysis.test.js
Γ£à Test database pool closed

stdout | tests/routes/networkingAnalysis.test.js
Γ£à Test environment cleaned up

 Γ¥» tests/routes/networkingAnalysis.test.js (20 tests | 1 failed) 54151ms
       Γ£ô should return networking analysis with empty data  544ms
       Γ£ô should calculate activity metrics correctly  577ms
       Γ£ô should calculate relationship metrics correctly  715ms
       Γ£ô should calculate referral analytics correctly  819ms
       Γ£ô should calculate ROI metrics correctly  2227ms
       Γ£ô should calculate monthly activity trends  1358ms
       Γ£ô should identify high-value contacts  2540ms
       Γ£ô should identify cooling down relationships  2274ms
       Γ£ô should generate insights  1640ms
       Γ£ô should calculate benchmark comparisons  1053ms
       Γ£ô should handle missing tables gracefully  1703ms
       Γ£ô should calculate relationship health scores  1112ms
       Γ£ô should calculate engagement frequency  1021ms
       Γ£ô should calculate warm vs cold referral effectiveness  1703ms
       ├ù should calculate contact ROI 30469ms
       Γ£ô should calculate relationship tier ROI  1673ms
       Γ£ô should require authentication  307ms
       Γ£ô should handle database errors gracefully 149ms
       Γ£ô should include summary cards  771ms
       Γ£ô should include data quality indicators  689ms
stdout | tests/routes/team.test.js
Γ£à Test database pool connected

stdout | tests/routes/jobDescriptions.test.js
Γ£à Test database pool connected

stdout | tests/routes/sectionPresets.test.js
Γ£à Test database pool connected

stdout | tests/routes/geocoding.test.js
Γ£à Test database pool connected

stdout | tests/routes/mentors.test.js
Γ£à Test database pool connected

stdout | tests/example.test.js
Γ£à Test database pool connected

stdout | tests/routes/compensationHistory.test.js
Γ£à Test database pool connected

stdout | tests/routes/github.test.js
Γ£à Test database pool connected

stdout | tests/routes/jobDescriptions.test.js
Γ£à Test environment initialized (transaction-based isolation)

stdout | tests/routes/team.test.js
Γ£à Test environment initialized (transaction-based isolation)

stdout | tests/routes/goals.test.js
Γ£à Test database pool connected

stdout | tests/routes/sectionPresets.test.js
Γ£à Test environment initialized (transaction-based isolation)

stdout | tests/routes/mentors.test.js
Γ£à Test environment initialized (transaction-based isolation)

stdout | tests/routes/geocoding.test.js
Γ£à Test environment initialized (transaction-based isolation)

stdout | tests/example.test.js
Γ£à Test environment initialized (transaction-based isolation)

stdout | tests/routes/compensationHistory.test.js
Γ£à Test environment initialized (transaction-based isolation)

stdout | tests/routes/github.test.js
Γ£à Test environment initialized (transaction-based isolation)

stdout | tests/routes/goals.test.js
Γ£à Test environment initialized (transaction-based isolation)

stderr | tests/routes/geocoding.test.js > Geocoding Routes > POST /api/geocoding/geocode > should geocode a location 
successfully
Γ¥î Error getting/creating service ID for google_geocoding: Cannot read properties of undefined (reading 'id')

stderr | tests/routes/geocoding.test.js > Geocoding Routes > POST /api/geocoding/geocode > should geocode a location 
successfully
Γ¥î Cannot track API usage for google_geocoding: Database tables may not exist. Cannot read properties of undefined 
(reading 'id')
   Run: psql $DATABASE_URL -f backend/db/add_api_monitoring_schema.sql

stdout | tests/routes/geocoding.test.js > Geocoding Routes > POST /api/geocoding/geocode > should geocode a location successfully
Γ£à Tracked API call: google_geocoding GET /search (success: true, user: null)

stderr | tests/routes/geocoding.test.js > Geocoding Routes > POST /api/geocoding/geocode > should geocode a location 
successfully
Γ¥î Error getting/creating service ID for google_geocoding: Cannot read properties of undefined (reading 'id')

stderr | tests/routes/geocoding.test.js > Geocoding Routes > POST /api/geocoding/geocode > should geocode a location 
successfully
Γ¥î Cannot track API usage for google_geocoding: Database tables may not exist. Cannot read properties of undefined 
(reading 'id')
   Run: psql $DATABASE_URL -f backend/db/add_api_monitoring_schema.sql

stdout | tests/routes/geocoding.test.js > Geocoding Routes > POST /api/geocoding/geocode > should geocode a location successfully
Γ£à Tracked API call: google_geocoding GET /v2.1/get-time-zone (success: true, user: null)

stdout | tests/routes/interviewAnalysis.test.js
[dotenv@17.2.3] injecting env (17) from .env.test -- tip: ≡ƒöÉ prevent building .env in docker: https://dotenvx.com/prebuild

stdout | tests/routes/interviewAnalysis.test.js
[dotenv@17.2.3] injecting env (0) from .env -- tip: ≡ƒ¢á∩╕Å  run anywhere with `dotenvx run -- yourcommand`
≡ƒöÆ SSL enabled for Supabase connection (shared pool)
≡ƒôè Database pool initialized (max: 2, Supabase: true)

stdout | tests/routes/interviewAnalysis.test.js
[dotenv@17.2.3] injecting env (0) from .env.test -- tip: ΓÜÖ∩╕Å  write to custom object with { processEnv: myObject }

stdout | tests/routes/github.test.js > GitHub Routes > POST /api/github/connect > should connect GitHub account with new username
≡ƒº╣ Clearing old contribution data for user 72936

stdout | tests/routes/github.test.js > GitHub Routes > POST /api/github/connect > should connect GitHub account with new username
≡ƒùæ∩╕Å Deleted 0 old contribution records

stdout | tests/routes/dashboard.test.js > Dashboard Routes > Performance Metrics Calculation > should calculate interview rate
========================================
≡ƒöì Dashboard Stats Request
========================================
   User ID: 72921
   Start Date: 2000-01-01 00:00:00
   End Date: 2100-12-31 23:59:59

stdout | tests/routes/dashboard.test.js > Dashboard Routes > Performance Metrics Calculation > should calculate interview rate
≡ƒº¬ Total jobs for user: 14

stdout | tests/routes/geocoding.test.js > Geocoding Routes > POST /api/geocoding/geocode > should return cached result if available
Γ£à Cache hit for: New York, NY

stdout | tests/routes/interviewAnalysis.test.js
[dotenv@17.2.3] injecting env (0) from .env -- tip: ≡ƒöÉ prevent committing .env to code: https://dotenvx.com/precommit

stdout | tests/routes/compensationHistory.test.js > Compensation History Routes > POST /api/compensation-history > should create a new compensation history entry
Γ£à Compensation history entry created for user 72943

stdout | tests/routes/dashboard.test.js > Dashboard Routes > Performance Metrics Calculation > should calculate interview rate
≡ƒº¬ Jobs in date range: { total: '15', earliest_date: null, latest_date: null }

stdout | tests/routes/github.test.js > GitHub Routes > POST /api/github/connect > should reconnect same GitHub account
≡ƒº╣ Clearing old contribution data for user 72945

stdout | tests/routes/github.test.js > GitHub Routes > POST /api/github/connect > should reconnect same GitHub account
≡ƒùæ∩╕Å Deleted 0 old contribution records

stdout | tests/routes/github.test.js > GitHub Routes > POST /api/github/connect > should reconnect same GitHub account
Γ£à Reconnecting same GitHub account (testuser). Existing repos: 5

stdout | tests/routes/dashboard.test.js > Dashboard Routes > Performance Metrics Calculation > should calculate interview rate
≡ƒº¬ Archive status: { total: '16', archived: '0', not_archived: '16' }

stdout | tests/routes/dashboard.test.js > Dashboard Routes > Performance Metrics Calculation > should calculate interview rate
≡ƒôè Key Metrics Result: { total_applications: '17', total_interviews: '0', total_offers: '2' }

stdout | tests/routes/compensationHistory.test.js > Compensation History Routes > POST /api/compensation-history > should use base_salary_start for base_salary_current if not provided
Γ£à Compensation history entry created for user 72959

stdout | tests/routes/github.test.js > GitHub Routes > POST /api/github/sync > should sync repositories successfully
≡ƒôè Sync for user 72962:
  - Total fetched: 2 repos
  - Public repos: 1
  - Private repos: 1
  - Include private setting: false
  - After filtering: 1 repos
  - Token provided: false

stdout | tests/routes/github.test.js > GitHub Routes > POST /api/github/sync > should sync repositories successfully
≡ƒôª Processing repo: repo1 (private: false)

stdout | tests/routes/github.test.js > GitHub Routes > POST /api/github/sync > should sync repositories successfully
Γ£à Added repo: repo1 (private: false)

stdout | tests/routes/dashboard.test.js > Dashboard Routes > Performance Metrics Calculation > should calculate interview rate
≡ƒôê Trends Result: 1 weeks found

stdout | tests/routes/dashboard.test.js > Dashboard Routes > Performance Metrics Calculation > should calculate interview rate
≡ƒôë Funnel Result: { applied: '21', interview: '0', offer: '2' }

stdout | tests/routes/mentors.test.js
Γ£à Test database pool closed

stdout | tests/routes/mentors.test.js
Γ£à Test environment cleaned up

 Γ£ô tests/routes/mentors.test.js (5 tests) 14883ms
stdout | tests/routes/github.test.js > GitHub Routes > POST /api/github/sync > should sync repositories successfully
≡ƒöä Fetching contributions for testuser/repo1...

stdout | tests/routes/github.test.js > GitHub Routes > POST /api/github/sync > should sync repositories successfully
≡ƒôè Received 0 contribution records for repo1
Γä╣∩╕Å No contribution data to store for repo1 (may have no commits in last 365 days)

stdout | tests/routes/dashboard.test.js > Dashboard Routes > Performance Metrics Calculation > should calculate interview rate
ΓÅ▒ Stage Times Result: [
  { status: 'Applied', avg_days: '0.00000000000000000000' },
  { status: 'Offer', avg_days: '0.00000000000000000000' },
  { status: 'Rejected', avg_days: '0.00000000000000000000' }
]

stdout | tests/routes/dashboard.test.js > Dashboard Routes > Performance Metrics Calculation > should calculate interview rate
Γ£à Sending response with: { total_applications: 17, total_interviews: 0, total_offers: 2 }
========================================

stderr | tests/routes/geocoding.test.js > Geocoding Routes > POST /api/geocoding/geocode > should return 404 if 
location not found
Γ¥î Error getting/creating service ID for google_geocoding: Cannot read properties of undefined (reading 'id')

stderr | tests/routes/geocoding.test.js > Geocoding Routes > POST /api/geocoding/geocode > should return 404 if 
location not found
Γ¥î Cannot track API usage for google_geocoding: Database tables may not exist. Cannot read properties of undefined 
(reading 'id')
   Run: psql $DATABASE_URL -f backend/db/add_api_monitoring_schema.sql

stdout | tests/routes/geocoding.test.js > Geocoding Routes > POST /api/geocoding/geocode > should return 404 if location not found
Γ£à Tracked API call: google_geocoding GET /search (success: true, user: null)

stdout | tests/routes/industryContacts.test.js
[dotenv@17.2.3] injecting env (17) from .env.test -- tip: ΓÜÖ∩╕Å  specify custom .env file path with { path: '/custom/path/.env' }

stdout | tests/routes/github.test.js > GitHub Routes > GET /api/github/repositories > should get user repositories
≡ƒôï Fetching repos for user 72983: include_private_repos=false, hasToken=false, query_param=undefined
≡ƒöì Filtering: Only showing public repos

stdout | tests/routes/github.test.js > GitHub Routes > GET /api/github/repositories > should get user repositories
≡ƒôª Query returned 1 repos: 1 public, 0 private

stdout | tests/routes/github.test.js > GitHub Routes > GET /api/github/repositories > should get user repositories
Γ£à Returning 1 repositories to frontend

stdout | tests/routes/industryContacts.test.js
[dotenv@17.2.3] injecting env (0) from .env -- tip: ≡ƒöæ add access controls to secrets: https://dotenvx.com/ops
≡ƒöÆ SSL enabled for Supabase connection (shared pool)
≡ƒôè Database pool initialized (max: 2, Supabase: true)

stdout | tests/routes/industryContacts.test.js
[dotenv@17.2.3] injecting env (0) from .env.test -- tip: ΓÜÖ∩╕Å  suppress all logs with { quiet: true }

stdout | tests/routes/dashboard.test.js > Dashboard Routes > Performance Metrics Calculation > should calculate interview rate
========================================
≡ƒöì Dashboard Stats Request
========================================
   User ID: 72921
   Start Date: 2000-01-01 00:00:00
   End Date: 2100-12-31 23:59:59

stdout | tests/routes/dashboard.test.js > Dashboard Routes > Performance Metrics Calculation > should calculate interview rate
≡ƒº¬ Total jobs for user: 30

stdout | tests/routes/dashboard.test.js > Dashboard Routes > Performance Metrics Calculation > should calculate interview rate
≡ƒº¬ Jobs in date range: { total: '30', earliest_date: null, latest_date: null }

stdout | tests/routes/dashboard.test.js > Dashboard Routes > Performance Metrics Calculation > should calculate interview rate
≡ƒº¬ Archive status: { total: '30', archived: '0', not_archived: '30' }

stdout | tests/routes/github.test.js > GitHub Routes > GET /api/github/repositories > should filter by language
≡ƒôï Fetching repos for user 72989: include_private_repos=false, hasToken=false, query_param=undefined
≡ƒöì Filtering: Only showing public repos

stdout | tests/routes/github.test.js > GitHub Routes > GET /api/github/repositories > should filter by language
≡ƒôª Query returned 0 repos: 0 public, 0 private

stdout | tests/routes/github.test.js > GitHub Routes > GET /api/github/repositories > should filter by language
Γ£à Returning 0 repositories to frontend

stdout | tests/routes/dashboard.test.js > Dashboard Routes > Performance Metrics Calculation > should calculate interview rate
≡ƒôè Key Metrics Result: { total_applications: '30', total_interviews: '5', total_offers: '2' }

stdout | tests/routes/industryContacts.test.js
Γ£à Industry Contacts routes initialized
Supabase URL: Γ£à set
Supabase Key: Γ£à set

stdout | tests/routes/compensationHistory.test.js
Γ£à Test database pool closed

stdout | tests/routes/compensationHistory.test.js
Γ£à Test environment cleaned up

 Γ£ô tests/routes/compensationHistory.test.js (9 tests) 16098ms
stdout | tests/routes/dashboard.test.js > Dashboard Routes > Performance Metrics Calculation > should calculate interview rate
≡ƒôê Trends Result: 1 weeks found

stdout | tests/routes/dashboard.test.js > Dashboard Routes > Performance Metrics Calculation > should calculate interview rate
≡ƒôë Funnel Result: { applied: '30', interview: '5', offer: '2' }

stdout | tests/routes/dashboard.test.js > Dashboard Routes > Performance Metrics Calculation > should calculate interview rate
ΓÅ▒ Stage Times Result: [
  { status: 'Applied', avg_days: '0.00000000000000000000' },
  { status: 'Interview', avg_days: '0.00000000000000000000' },
  { status: 'Offer', avg_days: '0.00000000000000000000' },
  { status: 'Rejected', avg_days: '0.00000000000000000000' }
]

stdout | tests/routes/dashboard.test.js > Dashboard Routes > Performance Metrics Calculation > should calculate interview rate
Γ£à Sending response with: { total_applications: 30, total_interviews: 5, total_offers: 2 }
========================================

stdout | tests/routes/goals.test.js
Γ£à Test database pool closed

stdout | tests/routes/goals.test.js
Γ£à Test environment cleaned up

 Γ£ô tests/routes/goals.test.js (11 tests) 17186ms
stdout | tests/routes/successAnalysis.test.js
[dotenv@17.2.3] injecting env (17) from .env.test -- tip: ΓÜÖ∩╕Å  enable debug logging with { debug: true }

stdout | tests/routes/successAnalysis.test.js
[dotenv@17.2.3] injecting env (0) from .env -- tip: ≡ƒôí add observability to secrets: https://dotenvx.com/ops
≡ƒöÆ SSL enabled for Supabase connection (shared pool)
≡ƒôè Database pool initialized (max: 2, Supabase: true)

stdout | tests/routes/successAnalysis.test.js
[dotenv@17.2.3] injecting env (0) from .env.test -- tip: ≡ƒöÉ prevent committing .env to code: https://dotenvx.com/precommit

stdout | tests/routes/competitiveAnalysis.test.js
[dotenv@17.2.3] injecting env (17) from .env.test -- tip: ≡ƒöÉ prevent building .env in docker: https://dotenvx.com/prebuild

stdout | tests/routes/competitiveAnalysis.test.js
[dotenv@17.2.3] injecting env (0) from .env -- tip: ΓÜÖ∩╕Å  enable debug logging with { debug: true }
≡ƒöÆ SSL enabled for Supabase connection (shared pool)
≡ƒôè Database pool initialized (max: 2, Supabase: true)

stdout | tests/routes/competitiveAnalysis.test.js
[dotenv@17.2.3] injecting env (0) from .env.test -- tip: ΓÜÖ∩╕Å  load multiple .env files with { path: ['.env.local', '.env'] }

stderr | tests/routes/geocoding.test.js > Geocoding Routes > POST /api/geocoding/geocode/batch > should geocode 
multiple locations
Γ¥î Error getting/creating service ID for google_geocoding: Cannot read properties of undefined (reading 'id')

stderr | tests/routes/geocoding.test.js > Geocoding Routes > POST /api/geocoding/geocode/batch > should geocode 
multiple locations
Γ¥î Cannot track API usage for google_geocoding: Database tables may not exist. Cannot read properties of undefined 
(reading 'id')
   Run: psql $DATABASE_URL -f backend/db/add_api_monitoring_schema.sql

stdout | tests/routes/geocoding.test.js > Geocoding Routes > POST /api/geocoding/geocode/batch > should geocode multiple locations
Γ£à Tracked API call: google_geocoding GET /search (success: true, user: null)

stdout | tests/routes/github.test.js > GitHub Routes > GET /api/github/contributions > should get contribution data
≡ƒôè Returning 2 contribution records for user 73014

stdout | tests/routes/github.test.js > GitHub Routes > GET /api/github/contributions > should get contribution data
≡ƒöì Dec 9 Debug: Found 5 commits across undefined repos

stdout | tests/routes/github.test.js > GitHub Routes > GET /api/github/contributions > should get contribution data
≡ƒöì Dec 9 Details: []

stdout | tests/routes/team.test.js > Team Routes > GET /api/team/:teamId/feedback > should get feedback for the team
[Feedback] Fetched 0 feedback entries for team 1, user 73015
[Feedback] User role: candidate, isManager: false, isCandidate: true
[Feedback] Query params: [ 1, 73015 ]

stdout | tests/routes/customReports.test.js > Custom Reports Routes > POST /api/custom-reports/generate > should exclude archived jobs from report
≡ƒôè Custom Report Generation for user 72925:
  - Comprehensive mode: false
  - Filters received: {}

stdout | tests/routes/team.test.js > Team Routes > POST /api/team/:teamId/feedback > should create feedback
[Feedback] Created feedback 1 for candidate 73020 in team 1

stdout | tests/routes/customReports.test.js > Custom Reports Routes > POST /api/custom-reports/generate > should exclude archived jobs from report
  - Filtered: Fetched 12 jobs with filters
  - Total jobs: 12
  - Actual applications (excluding 'Interested'): 12
  - Selected metrics: totalApplications

stdout | tests/example.test.js
Γ£à Test database pool closed

stdout | tests/example.test.js
Γ£à Test environment cleaned up

 Γ£ô tests/example.test.js (4 tests) 19766ms
     Γ£ô should seed complete user data  2132ms
stdout | tests/routes/team.test.js
Γ£à Test database pool closed

stdout | tests/routes/team.test.js
Γ£à Test environment cleaned up

 Γ£ô tests/routes/team.test.js (19 tests) 14483ms
stdout | tests/routes/jobDescriptions.test.js
Γ£à Test database pool closed

stdout | tests/routes/jobDescriptions.test.js
Γ£à Test environment cleaned up

stderr | tests/routes/geocoding.test.js > Geocoding Routes > POST /api/geocoding/geocode/batch > should geocode 
multiple locations
Γ¥î Error getting/creating service ID for google_geocoding: Cannot read properties of undefined (reading 'id')

stderr | tests/routes/geocoding.test.js > Geocoding Routes > POST /api/geocoding/geocode/batch > should geocode 
multiple locations
Γ¥î Cannot track API usage for google_geocoding: Database tables may not exist. Cannot read properties of undefined 
(reading 'id')
   Run: psql $DATABASE_URL -f backend/db/add_api_monitoring_schema.sql

stdout | tests/routes/geocoding.test.js > Geocoding Routes > POST /api/geocoding/geocode/batch > should geocode multiple locations
Γ£à Tracked API call: google_geocoding GET /search (success: true, user: null)

stderr | tests/routes/geocoding.test.js > Geocoding Routes > POST /api/geocoding/geocode/batch > should geocode 
multiple locations
Γ¥î Error getting/creating service ID for google_geocoding: Cannot read properties of undefined (reading 'id')

stderr | tests/routes/geocoding.test.js > Geocoding Routes > POST /api/geocoding/geocode/batch > should geocode 
multiple locations
Γ¥î Cannot track API usage for google_geocoding: Database tables may not exist. Cannot read properties of undefined 
(reading 'id')
   Run: psql $DATABASE_URL -f backend/db/add_api_monitoring_schema.sql

stdout | tests/routes/geocoding.test.js > Geocoding Routes > POST /api/geocoding/geocode/batch > should geocode multiple locations
Γ£à Tracked API call: google_geocoding GET /v2.1/get-time-zone (success: true, user: null)

 Γ£ô tests/routes/jobDescriptions.test.js (17 tests) 15226ms
stdout | tests/routes/github.test.js > GitHub Routes > DELETE /api/github/disconnect > should disconnect GitHub account
≡ƒùæ∩╕Å Deleted 5 repository-skill links for user 73039

stdout | tests/routes/github.test.js > GitHub Routes > DELETE /api/github/disconnect > should disconnect GitHub account
≡ƒùæ∩╕Å Deleted 10 contribution records for user 73039

stdout | tests/routes/github.test.js > GitHub Routes > DELETE /api/github/disconnect > should disconnect GitHub account
≡ƒùæ∩╕Å Deleted 3 repositories for user 73039

stdout | tests/routes/github.test.js > GitHub Routes > DELETE /api/github/disconnect > should disconnect GitHub account
≡ƒùæ∩╕Å Deleted GitHub settings for user 73039

stdout | tests/routes/github.test.js
Γ£à Test database pool closed

stdout | tests/routes/github.test.js
Γ£à Test environment cleaned up

 Γ£ô tests/routes/github.test.js (20 tests) 15718ms
       Γ£ô should sync repositories successfully  356ms
stdout | tests/routes/dashboard.test.js > Dashboard Routes > Performance Metrics Calculation > should calculate offer rate
========================================
≡ƒöì Dashboard Stats Request
========================================
   User ID: 73003
   Start Date: 2000-01-01 00:00:00
   End Date: 2100-12-31 23:59:59

stdout | tests/routes/dashboard.test.js > Dashboard Routes > Performance Metrics Calculation > should calculate offer rate
≡ƒº¬ Total jobs for user: 22

stdout | tests/routes/dashboard.test.js > Dashboard Routes > Performance Metrics Calculation > should calculate offer rate
≡ƒº¬ Jobs in date range: { total: '22', earliest_date: null, latest_date: null }

stdout | tests/routes/dashboard.test.js > Dashboard Routes > Performance Metrics Calculation > should calculate offer rate
≡ƒº¬ Archive status: { total: '22', archived: '0', not_archived: '22' }

stdout | tests/routes/dashboard.test.js > Dashboard Routes > Performance Metrics Calculation > should calculate offer rate
≡ƒôè Key Metrics Result: { total_applications: '22', total_interviews: '0', total_offers: '2' }

stdout | tests/routes/dashboard.test.js > Dashboard Routes > Performance Metrics Calculation > should calculate offer rate
≡ƒôê Trends Result: 1 weeks found

stdout | tests/routes/dashboard.test.js > Dashboard Routes > Performance Metrics Calculation > should calculate offer rate
≡ƒôë Funnel Result: { applied: '22', interview: '0', offer: '2' }

stdout | tests/routes/dashboard.test.js > Dashboard Routes > Performance Metrics Calculation > should calculate offer rate
ΓÅ▒ Stage Times Result: [
  { status: 'Applied', avg_days: '0.00000000000000000000' },
  { status: 'Offer', avg_days: '0.00000000000000000000' }
]

stdout | tests/routes/dashboard.test.js > Dashboard Routes > Performance Metrics Calculation > should calculate offer rate
Γ£à Sending response with: { total_applications: 22, total_interviews: 0, total_offers: 2 }
========================================

stderr | tests/routes/geocoding.test.js > Geocoding Routes > POST /api/geocoding/commute > should geocode job location 
if coordinates missing
Γ¥î Error getting/creating service ID for google_geocoding: Cannot read properties of undefined (reading 'id')

stderr | tests/routes/geocoding.test.js > Geocoding Routes > POST /api/geocoding/commute > should geocode job location 
if coordinates missing
Γ¥î Cannot track API usage for google_geocoding: Database tables may not exist. Cannot read properties of undefined 
(reading 'id')
   Run: psql $DATABASE_URL -f backend/db/add_api_monitoring_schema.sql

stdout | tests/routes/geocoding.test.js > Geocoding Routes > POST /api/geocoding/commute > should geocode job location if coordinates missing
Γ£à Tracked API call: google_geocoding GET /search (success: true, user: null)

stderr | tests/routes/geocoding.test.js > Geocoding Routes > POST /api/geocoding/commute > should geocode job location 
if coordinates missing
Γ¥î Error getting/creating service ID for google_geocoding: Cannot read properties of undefined (reading 'id')

stderr | tests/routes/geocoding.test.js > Geocoding Routes > POST /api/geocoding/commute > should geocode job location 
if coordinates missing
Γ¥î Cannot track API usage for google_geocoding: Database tables may not exist. Cannot read properties of undefined 
(reading 'id')
   Run: psql $DATABASE_URL -f backend/db/add_api_monitoring_schema.sql

stdout | tests/routes/geocoding.test.js > Geocoding Routes > POST /api/geocoding/commute > should geocode job location if coordinates missing
Γ£à Tracked API call: google_geocoding GET /v2.1/get-time-zone (success: true, user: null)

stdout | tests/routes/sectionPresets.test.js
Γ£à Test database pool closed

stdout | tests/routes/sectionPresets.test.js
Γ£à Test environment cleaned up

 Γ£ô tests/routes/sectionPresets.test.js (26 tests) 18197ms
stdout | tests/routes/customReports.test.js > Custom Reports Routes > POST /api/custom-reports/generate > should exclude "Interested" status from actual applications count
≡ƒôè Custom Report Generation for user 73023:
  - Comprehensive mode: false
  - Filters received: {}

stdout | tests/routes/customReports.test.js > Custom Reports Routes > POST /api/custom-reports/generate > should exclude "Interested" status from actual applications count
  - Filtered: Fetched 22 jobs with filters
  - Total jobs: 22
  - Actual applications (excluding 'Interested'): 17
  - Selected metrics: totalApplications, conversionFunnel

stderr | tests/routes/geocoding.test.js > Geocoding Routes > POST /api/geocoding/home-location > should set user home 
location
Γ¥î Error getting/creating service ID for google_geocoding: Cannot read properties of undefined (reading 'id')

stderr | tests/routes/geocoding.test.js > Geocoding Routes > POST /api/geocoding/home-location > should set user home 
location
Γ¥î Cannot track API usage for google_geocoding: Database tables may not exist. Cannot read properties of undefined 
(reading 'id')
   Run: psql $DATABASE_URL -f backend/db/add_api_monitoring_schema.sql

stdout | tests/routes/geocoding.test.js > Geocoding Routes > POST /api/geocoding/home-location > should set user home location
Γ£à Tracked API call: google_geocoding GET /search (success: true, user: null)

stderr | tests/routes/geocoding.test.js > Geocoding Routes > POST /api/geocoding/home-location > should set user home 
location
Γ¥î Error getting/creating service ID for google_geocoding: Cannot read properties of undefined (reading 'id')

stderr | tests/routes/geocoding.test.js > Geocoding Routes > POST /api/geocoding/home-location > should set user home 
location
Γ¥î Cannot track API usage for google_geocoding: Database tables may not exist. Cannot read properties of undefined 
(reading 'id')
   Run: psql $DATABASE_URL -f backend/db/add_api_monitoring_schema.sql

stdout | tests/routes/geocoding.test.js > Geocoding Routes > POST /api/geocoding/home-location > should set user home location
Γ£à Tracked API call: google_geocoding GET /v2.1/get-time-zone (success: true, user: null)

stdout | tests/routes/geocoding.test.js
Γ£à Test database pool closed

stdout | tests/routes/geocoding.test.js
Γ£à Test environment cleaned up

 Γ£ô tests/routes/geocoding.test.js (11 tests) 18601ms
       Γ£ô should return 404 if location not found  589ms
       Γ£ô should geocode multiple locations  1999ms
       Γ£ô should geocode job location if coordinates missing  740ms
       Γ£ô should set user home location  863ms
stdout | tests/routes/dashboard.test.js > Dashboard Routes > Performance Metrics Calculation > should compare performance to industry benchmarks
========================================
≡ƒöì Dashboard Stats Request
========================================
   User ID: 73049
   Start Date: 2000-01-01 00:00:00
   End Date: 2100-12-31 23:59:59

stdout | tests/routes/dashboard.test.js > Dashboard Routes > Performance Metrics Calculation > should compare performance to industry benchmarks
≡ƒº¬ Total jobs for user: 120

stdout | tests/routes/dashboard.test.js > Dashboard Routes > Performance Metrics Calculation > should compare performance to industry benchmarks
≡ƒº¬ Jobs in date range: { total: '120', earliest_date: null, latest_date: null }

stdout | tests/routes/dashboard.test.js > Dashboard Routes > Performance Metrics Calculation > should compare performance to industry benchmarks
≡ƒº¬ Archive status: { total: '120', archived: '0', not_archived: '120' }

stdout | tests/routes/dashboard.test.js > Dashboard Routes > Performance Metrics Calculation > should compare performance to industry benchmarks
≡ƒôè Key Metrics Result: {
  total_applications: '120',
  total_interviews: '15',
  total_offers: '5'
}

stdout | tests/routes/dashboard.test.js > Dashboard Routes > Performance Metrics Calculation > should compare performance to industry benchmarks
≡ƒôê Trends Result: 1 weeks found

stdout | tests/routes/dashboard.test.js > Dashboard Routes > Performance Metrics Calculation > should compare performance to industry benchmarks
≡ƒôë Funnel Result: { applied: '120', interview: '15', offer: '5' }

stdout | tests/routes/dashboard.test.js > Dashboard Routes > Performance Metrics Calculation > should compare performance to industry benchmarks
ΓÅ▒ Stage Times Result: [
  { status: 'Applied', avg_days: '0.00000000000000000000' },
  { status: 'Interview', avg_days: '0.00000000000000000000' },
  { status: 'Offer', avg_days: '0.00000000000000000000' }
]

stdout | tests/routes/dashboard.test.js > Dashboard Routes > Performance Metrics Calculation > should compare performance to industry benchmarks
Γ£à Sending response with: { total_applications: 120, total_interviews: 15, total_offers: 5 }
========================================

stdout | tests/routes/dashboard.test.js > Dashboard Routes > Performance Metrics Calculation > should handle zero applications gracefully
========================================
≡ƒöì Dashboard Stats Request
========================================
   User ID: 73064
   Start Date: 2000-01-01 00:00:00
   End Date: 2100-12-31 23:59:59

stdout | tests/routes/marketIntel.test.js
Γ£à Test database pool connected

stdout | tests/routes/marketIntel.test.js
Γ£à Test environment initialized (transaction-based isolation)

stdout | tests/routes/customReports.test.js > Custom Reports Routes > POST /api/custom-reports/generate > should calculate timeline metrics correctly
≡ƒôè Custom Report Generation for user 73061:
  - Comprehensive mode: false
  - Filters received: {}

stdout | tests/routes/customReports.test.js > Custom Reports Routes > POST /api/custom-reports/generate > should calculate timeline metrics correctly
  - Filtered: Fetched 22 jobs with filters
  - Total jobs: 22
  - Actual applications (excluding 'Interested'): 22
  - Selected metrics: timeline

stdout | tests/routes/dashboard.test.js > Dashboard Routes > Performance Metrics Calculation > should handle zero applications gracefully
≡ƒº¬ Total jobs for user: 0

stdout | tests/routes/dashboard.test.js > Dashboard Routes > Performance Metrics Calculation > should handle zero applications gracefully
≡ƒº¬ Jobs in date range: { total: '0', earliest_date: null, latest_date: null }

stdout | tests/routes/dashboard.test.js > Dashboard Routes > Performance Metrics Calculation > should handle zero applications gracefully
≡ƒº¬ Archive status: { total: '0', archived: '0', not_archived: '0' }

stdout | tests/routes/dashboard.test.js > Dashboard Routes > Performance Metrics Calculation > should handle zero applications gracefully
≡ƒôè Key Metrics Result: { total_applications: '0', total_interviews: '0', total_offers: '0' }

stderr | tests/routes/marketIntel.test.js > Market Intel Routes > GET /api/market-intel > should handle missing tables 
gracefully
ΓÜá∩╕Å Could not fetch interview outcomes: Table interview_outcomes does not exist

stderr | tests/routes/marketIntel.test.js > Market Intel Routes > GET /api/market-intel > should handle missing tables 
gracefully
ΓÜá∩╕Å Could not fetch application history: Table application_history does not exist

stderr | tests/routes/marketIntel.test.js > Market Intel Routes > GET /api/market-intel > should handle missing tables 
gracefully
ΓÜá∩╕Å Could not fetch user skills: Table skills does not exist

stdout | tests/routes/dashboard.test.js > Dashboard Routes > Performance Metrics Calculation > should handle zero applications gracefully
≡ƒôê Trends Result: 0 weeks found

stdout | tests/routes/dashboard.test.js > Dashboard Routes > Performance Metrics Calculation > should handle zero applications gracefully
≡ƒôë Funnel Result: { applied: '0', interview: '0', offer: '0' }

stdout | tests/routes/interviewAnalysis.test.js
Γ£à Test database pool connected

stdout | tests/routes/dashboard.test.js > Dashboard Routes > Performance Metrics Calculation > should handle zero applications gracefully
ΓÅ▒ Stage Times Result: []

stdout | tests/routes/interviewAnalysis.test.js
Γ£à Test environment initialized (transaction-based isolation)

stdout | tests/routes/dashboard.test.js > Dashboard Routes > Performance Metrics Calculation > should handle zero applications gracefully
Γ£à Sending response with: { total_applications: 0, total_interviews: 0, total_offers: 0 }
========================================

stdout | tests/routes/interviewAnalysis.test.js > Interview Analysis Routes > GET /api/interview-analysis/full > should get comprehensive interview analysis
========================================
Interview Analysis for user: 1
========================================

stdout | tests/routes/dashboard.test.js > Dashboard Routes > Error Handling > should handle database errors gracefully
========================================
≡ƒöì Dashboard Stats Request
========================================
   User ID: 73076
   Start Date: 2000-01-01 00:00:00
   End Date: 2100-12-31 23:59:59

stderr | tests/routes/dashboard.test.js > Dashboard Routes > Error Handling > should handle database errors gracefully
Γ¥î Dashboard Error: Error: Database connection failed
    at C:/Users/aditn/OneDrive/Desktop/Cursor/Aandsz-Forces-ATS-CS490/backend/tests/routes/dashboard.test.js:394:38
    at file:///C:/Users/aditn/OneDrive/Desktop/Cursor/Aandsz-Forces-ATS-CS490/backend/node_modules/@vitest/runner/dist/
index.js:145:11
    at file:///C:/Users/aditn/OneDrive/Desktop/Cursor/Aandsz-Forces-ATS-CS490/backend/node_modules/@vitest/runner/dist/
index.js:915:26
    at file:///C:/Users/aditn/OneDrive/Desktop/Cursor/Aandsz-Forces-ATS-CS490/backend/node_modules/@vitest/runner/dist/
index.js:1240:20
    at new Promise (<anonymous>)
    at runWithTimeout (file:///C:/Users/aditn/OneDrive/Desktop/Cursor/Aandsz-Forces-ATS-CS490/backend/node_modules/@vit
est/runner/dist/index.js:1206:10)
    at file:///C:/Users/aditn/OneDrive/Desktop/Cursor/Aandsz-Forces-ATS-CS490/backend/node_modules/@vitest/runner/dist/
index.js:1650:37
    at Traces.$ (file:///C:/Users/aditn/OneDrive/Desktop/Cursor/Aandsz-Forces-ATS-CS490/backend/node_modules/vitest/dis
t/chunks/traces.U4xDYhzZ.js:115:27)
    at trace (file:///C:/Users/aditn/OneDrive/Desktop/Cursor/Aandsz-Forces-ATS-CS490/backend/node_modules/vitest/dist/c
hunks/test.BT8LKgU9.js:239:21)
    at runTest (file:///C:/Users/aditn/OneDrive/Desktop/Cursor/Aandsz-Forces-ATS-CS490/backend/node_modules/@vitest/run
ner/dist/index.js:1650:12)

stdout | tests/routes/dashboard.test.js
Γ£à Test database pool closed

stdout | tests/routes/dashboard.test.js
Γ£à Test environment cleaned up

 Γ¥» tests/routes/dashboard.test.js (20 tests | 1 failed) 66129ms
       Γ£ô should return dashboard statistics with empty data  546ms
       Γ£ô should calculate key metrics correctly  847ms
       Γ£ô should exclude archived jobs from metrics  746ms
       Γ£ô should filter by date range  1955ms
       Γ£ô should calculate time to response  1771ms
       Γ£ô should calculate weekly trends  2423ms
       Γ£ô should calculate funnel statistics  2085ms
       Γ£ô should calculate average time in stage  1799ms
       Γ£ô should include default goals  1314ms
       Γ£ô should generate actionable insights  1728ms
       Γ£ô should calculate industry comparison  1146ms
       Γ£ô should return 401 when not authenticated 132ms
       Γ£ô should only include user's own data  1961ms
       ├ù should aggregate data across multiple statuses 31027ms
       Γ£ô should handle jobs without applicationDate  2636ms
       Γ£ô should calculate interview rate  3038ms
       Γ£ô should calculate offer rate  2140ms
       Γ£ô should compare performance to industry benchmarks  6271ms
       Γ£ô should handle zero applications gracefully  1521ms
       Γ£ô should handle database errors gracefully 167ms
stdout | tests/routes/interviewAnalysis.test.js > Interview Analysis Routes > GET /api/interview-analysis/full > should include mock vs real comparison
========================================
Interview Analysis for user: 1
========================================

stdout | tests/routes/industryContacts.test.js
Γ£à Test database pool connected

stdout | tests/routes/marketIntel.test.js
Γ£à Test database pool closed

stdout | tests/routes/marketIntel.test.js
Γ£à Test environment cleaned up

stdout | tests/routes/industryContacts.test.js
Γ£à Test environment initialized (transaction-based isolation)

 Γ£ô tests/routes/marketIntel.test.js (8 tests) 12474ms
stdout | tests/routes/interviewAnalysis.test.js > Interview Analysis Routes > GET /api/interview-analysis/full > should include feedback themes analysis
========================================
Interview Analysis for user: 1
========================================

stdout | tests/routes/interviewAnalysis.test.js > Interview Analysis Routes > GET /api/interview-analysis/full > should include industry performance analysis
========================================
Interview Analysis for user: 1
========================================

stdout | tests/routes/successAnalysis.test.js
Γ£à Test database pool connected

stdout | tests/routes/successAnalysis.test.js
Γ£à Test environment initialized (transaction-based isolation)

stdout | tests/routes/interviewAnalysis.test.js > Interview Analysis Routes > GET /api/interview-analysis/full > should include benchmark comparison
========================================
Interview Analysis for user: 1
========================================

stdout | tests/routes/successAnalysis.test.js > Success Analysis Routes > GET /api/success-analysis/full > should return comprehensive success analysis
≡ƒöì Available job statuses: [
  { status: 'applied', count: '5' },
  { status: 'interview', count: '3' },
  { status: 'offer', count: '2' }
]

stdout | tests/routes/successAnalysis.test.js > Success Analysis Routes > GET /api/success-analysis/full > should return comprehensive success analysis
≡ƒöì Role Type Raw Data (all rows with rejections): []
≡ƒöì Role Type Map after aggregation: {}
≡ƒöì Final Role Type Data: []

stdout | tests/routes/successAnalysis.test.js > Success Analysis Routes > GET /api/success-analysis/full > should return comprehensive success analysis
Resume check: { with_resume: 5, total_jobs: 10 }

stdout | tests/routes/successAnalysis.test.js > Success Analysis Routes > GET /api/success-analysis/full > should return comprehensive success analysis
Materials data raw: [
  {
    "with_resume": 5,
    "total_jobs": 10
  }
]
Materials data processed: [
  {
    "resume_name": "Resume #undefined",
    "cover_letter_name": "No Cover Letter",
    "total": 0,
    "offers": 0,
    "interviews": 0,
    "rejections": 0,
    "successRate": 0,
    "responseRate": 0
  }
]

stdout | tests/routes/interviewAnalysis.test.js > Interview Analysis Routes > GET /api/interview-analysis/full > should include personalized recommendations
========================================
Interview Analysis for user: 1
========================================

stdout | tests/routes/industryContacts.test.js > Industry Contacts Routes > GET /api/industry-contacts/discovery-analytics > should get discovery analytics
≡ƒôè Fetching analytics for user: 73089

stdout | tests/routes/industryContacts.test.js > Industry Contacts Routes > GET /api/industry-contacts/discovery-analytics > should get discovery analytics
Γ£à Analytics computed: {
  total_suggestions: 1,
  suggestions_contacted: 1,
  suggestions_connected: 0,
  warm_introductions_sent: 0,
  alumni_contacted: 1,
  event_participants_contacted: 1,
  total_discovery_efforts: 3,
  connection_conversion_rate: 0
}

stdout | tests/routes/successAnalysis.test.js > Success Analysis Routes > GET /api/success-analysis/full > should handle empty data gracefully
≡ƒöì Available job statuses: []

stdout | tests/routes/successAnalysis.test.js > Success Analysis Routes > GET /api/success-analysis/full > should handle empty data gracefully
≡ƒöì Role Type Raw Data (all rows with rejections): []
≡ƒöì Role Type Map after aggregation: {}
≡ƒöì Final Role Type Data: []

stdout | tests/routes/successAnalysis.test.js > Success Analysis Routes > GET /api/success-analysis/full > should handle empty data gracefully
Resume check: undefined

stdout | tests/routes/successAnalysis.test.js > Success Analysis Routes > GET /api/success-analysis/full > should handle empty data gracefully
≡ƒôè No data in application_materials_history, checking job_materials table...

stdout | tests/routes/successAnalysis.test.js > Success Analysis Routes > GET /api/success-analysis/full > should handle empty data gracefully
Materials data raw: []
Materials data processed: []

stdout | tests/routes/customReports.test.js > Custom Reports Routes > POST /api/custom-reports/generate > should calculate response times correctly
≡ƒôè Custom Report Generation for user 73071:
  - Comprehensive mode: false
  - Filters received: {}

stdout | tests/routes/interviewAnalysis.test.js > Interview Analysis Routes > GET /api/interview-analysis/full > should include anxiety data
========================================
Interview Analysis for user: 1
========================================

stdout | tests/routes/customReports.test.js > Custom Reports Routes > POST /api/custom-reports/generate > should calculate response times correctly
  - Filtered: Fetched 18 jobs with filters
  - Total jobs: 18
  - Actual applications (excluding 'Interested'): 18
  - Selected metrics: responseTimes

stdout | tests/routes/interviewAnalysis.test.js
Γ£à Test database pool closed

stdout | tests/routes/interviewAnalysis.test.js
Γ£à Test environment cleaned up

 Γ£ô tests/routes/interviewAnalysis.test.js (7 tests) 12183ms
stdout | tests/routes/successAnalysis.test.js > Success Analysis Routes > GET /api/success-analysis/full > should handle missing columns gracefully
≡ƒöì Available job statuses: []

stdout | tests/routes/successAnalysis.test.js > Success Analysis Routes > GET /api/success-analysis/full > should handle missing columns gracefully
≡ƒöì Role Type Raw Data (all rows with rejections): []
≡ƒöì Role Type Map after aggregation: {}
≡ƒöì Final Role Type Data: []

stdout | tests/routes/successAnalysis.test.js > Success Analysis Routes > GET /api/success-analysis/full > should handle missing columns gracefully
Resume check: undefined

stdout | tests/routes/successAnalysis.test.js > Success Analysis Routes > GET /api/success-analysis/full > should handle missing columns gracefully
≡ƒôè No data in application_materials_history, checking job_materials table...

stdout | tests/routes/successAnalysis.test.js > Success Analysis Routes > GET /api/success-analysis/full > should handle missing columns gracefully
Materials data raw: []
Materials data processed: []

stdout | tests/routes/successAnalysis.test.js > Success Analysis Routes > GET /api/success-analysis/full > should calculate success rates correctly
≡ƒöì Available job statuses: []

stdout | tests/routes/successAnalysis.test.js > Success Analysis Routes > GET /api/success-analysis/full > should calculate success rates correctly
≡ƒöì Role Type Raw Data (all rows with rejections): []
≡ƒöì Role Type Map after aggregation: {}
≡ƒöì Final Role Type Data: []

stdout | tests/routes/successAnalysis.test.js > Success Analysis Routes > GET /api/success-analysis/full > should calculate success rates correctly
Resume check: undefined

stdout | tests/routes/successAnalysis.test.js > Success Analysis Routes > GET /api/success-analysis/full > should calculate success rates correctly
≡ƒôè No data in application_materials_history, checking job_materials table...

stdout | tests/routes/successAnalysis.test.js > Success Analysis Routes > GET /api/success-analysis/full > should calculate success rates correctly
Materials data raw: []
Materials data processed: []

stdout | tests/routes/competitiveAnalysis.test.js
Γ£à Test database pool connected

stdout | tests/routes/competitiveAnalysis.test.js
Γ£à Test environment initialized (transaction-based isolation)

stdout | tests/routes/industryContacts.test.js
Γ£à Test database pool closed

stdout | tests/routes/industryContacts.test.js
Γ£à Test environment cleaned up

stdout | tests/routes/successAnalysis.test.js
Γ£à Test database pool closed

stdout | tests/routes/successAnalysis.test.js
Γ£à Test environment cleaned up

 Γ£ô tests/routes/industryContacts.test.js (7 tests) 11420ms
 Γ£ô tests/routes/successAnalysis.test.js (5 tests) 10830ms
stdout | tests/routes/competitiveAnalysis.test.js > Competitive Analysis Routes > GET /api/competitive-analysis > should get competitive analysis data
≡ƒôè Fetching all users' data for competitive comparison...

stdout | tests/routes/competitiveAnalysis.test.js > Competitive Analysis Routes > GET /api/competitive-analysis > should get competitive analysis data
≡ƒôè Calculated metrics for 2 users
≡ƒôè Competitive Analysis for user 73100:
  - Jobs: 1 (active)
  - Applications: 1
  - Interview Rate: 0.0% (vs 100.0% avg, 100.0% top 10%)
  - Offer Rate: 0.0% (vs 0.0% avg, 0.0% top 10%)
  - Skills: 2 (2 technical, 0 soft)
  - Certifications: 1 (vs 1 avg)
  - Networking: 10 contacts (vs 15 avg)
  - Experience: 6 years, 1 companies
  - Market Position: 38 (Average) - 38th percentile
  - Percentile Rankings: applicationVolume: 50th, interviewRate: 0th, offerRate: 50th, technicalSkills: 100th, softSkills: 50th, certifications: 50th, experience: 25th, networking: 25th
  - Total users compared: 2

stderr | tests/routes/competitiveAnalysis.test.js > Competitive Analysis Routes > GET /api/competitive-analysis > 
should handle missing tables gracefully
ΓÜá∩╕Å Could not fetch skills: Table skills does not exist

stdout | tests/routes/competitiveAnalysis.test.js > Competitive Analysis Routes > GET /api/competitive-analysis > should handle missing tables gracefully
≡ƒôè Fetching all users' data for competitive comparison...
stderr | tests/routes/competitiveAnalysis.test.js > Competitive Analysis Routes > GET /api/competitive-analysis > 
should handle missing tables gracefully
ΓÜá∩╕Å Could not fetch interview outcomes: Table interview_outcomes does not exist


stdout | tests/routes/competitiveAnalysis.test.js > Competitive Analysis Routes > GET /api/competitive-analysis > should handle missing tables gracefully
≡ƒôè Calculated metrics for 1 users
≡ƒôè Competitive Analysis for user 73102:
  - Jobs: 1 (active)
  - Applications: 1
  - Interview Rate: 0.0% (vs 0.0% avg, 0.0% top 10%)
  - Offer Rate: 0.0% (vs 0.0% avg, 0.0% top 10%)
  - Skills: 0 (0 technical, 0 soft)
  - Certifications: 0 (vs 0 avg)
  - Networking: 0 contacts (vs 0 avg)
  - Experience: 0 years, 0 companies
  - Market Position: 50 (Above Average) - 50th percentile
  - Percentile Rankings: applicationVolume: 50th, interviewRate: 50th, offerRate: 50th, technicalSkills: 50th, softSkills: 50th, certifications: 50th, experience: 50th, networking: 50th
  - Total users compared: 1

stderr | tests/routes/skillsGap.test.js > Skills Gap Routes > Error Handling > should handle database errors gracefully
Skills Gap Error: Error: Database connection failed
    at C:/Users/aditn/OneDrive/Desktop/Cursor/Aandsz-Forces-ATS-CS490/backend/tests/routes/skillsGap.test.js:412:38
    at file:///C:/Users/aditn/OneDrive/Desktop/Cursor/Aandsz-Forces-ATS-CS490/backend/node_modules/@vitest/runner/dist/
index.js:145:11
    at file:///C:/Users/aditn/OneDrive/Desktop/Cursor/Aandsz-Forces-ATS-CS490/backend/node_modules/@vitest/runner/dist/
index.js:915:26
    at file:///C:/Users/aditn/OneDrive/Desktop/Cursor/Aandsz-Forces-ATS-CS490/backend/node_modules/@vitest/runner/dist/
index.js:1240:20
    at new Promise (<anonymous>)
    at runWithTimeout (file:///C:/Users/aditn/OneDrive/Desktop/Cursor/Aandsz-Forces-ATS-CS490/backend/node_modules/@vit
est/runner/dist/index.js:1206:10)
    at file:///C:/Users/aditn/OneDrive/Desktop/Cursor/Aandsz-Forces-ATS-CS490/backend/node_modules/@vitest/runner/dist/
index.js:1650:37
    at Traces.$ (file:///C:/Users/aditn/OneDrive/Desktop/Cursor/Aandsz-Forces-ATS-CS490/backend/node_modules/vitest/dis
t/chunks/traces.U4xDYhzZ.js:115:27)
    at trace (file:///C:/Users/aditn/OneDrive/Desktop/Cursor/Aandsz-Forces-ATS-CS490/backend/node_modules/vitest/dist/c
hunks/test.BT8LKgU9.js:239:21)
    at runTest (file:///C:/Users/aditn/OneDrive/Desktop/Cursor/Aandsz-Forces-ATS-CS490/backend/node_modules/@vitest/run
ner/dist/index.js:1650:12)

stdout | tests/routes/skillsGap.test.js
Γ£à Test database pool closed

stdout | tests/routes/skillsGap.test.js
Γ£à Test environment cleaned up

 Γ¥» tests/routes/skillsGap.test.js (17 tests | 1 failed) 58811ms
       Γ£ô should return 404 when job not found  1483ms
       Γ£ô should return 401 when not authenticated 125ms
       Γ£ô should identify all skills as missing when user has no skills  1178ms
       Γ£ô should identify matched skills correctly  968ms
       Γ£ô should identify weak skills correctly  1161ms
       ├ù should calculate priority correctly for missing skills 30890ms
       Γ£ô should sort priority list from highest to lowest priority  2019ms
       Γ£ô should normalize skill names (case-insensitive matching)  1013ms
       Γ£ô should attach learning resources for skills  687ms
       Γ£ô should handle empty required_skills array  2016ms
       Γ£ô should handle null required_skills  2137ms
       Γ£ô should only analyze jobs belonging to the user  1249ms
       Γ£ô should correctly categorize skills into matched, weak, and missing  5344ms
       Γ£ô should assign higher priority to missing skills than weak skills  1249ms
       Γ£ô should include learning resources in response  965ms
       Γ£ô should provide priority list for recommendations  324ms
       Γ£ô should handle database errors gracefully 142ms
stdout | tests/routes/competitiveAnalysis.test.js > Competitive Analysis Routes > GET /api/competitive-analysis > should calculate market position correctly
≡ƒôè Fetching all users' data for competitive comparison...

stdout | tests/routes/competitiveAnalysis.test.js > Competitive Analysis Routes > GET /api/competitive-analysis > should calculate market position correctly
≡ƒôè Calculated metrics for 2 users
≡ƒôè Competitive Analysis for user 73104:
  - Jobs: 1 (active)
  - Applications: 1
  - Interview Rate: 100.0% (vs 50.0% avg, 100.0% top 10%)
  - Offer Rate: 0.0% (vs 0.0% avg, 0.0% top 10%)
  - Skills: 3 (3 technical, 0 soft)
  - Certifications: 0 (vs 1 avg)
  - Networking: 0 contacts (vs 0 avg)
  - Experience: 0 years, 0 companies
  - Market Position: 60 (Above Average) - 60th percentile
  - Percentile Rankings: applicationVolume: 50th, interviewRate: 75th, offerRate: 50th, technicalSkills: 100th, softSkills: 50th, certifications: 0th, experience: 0th, networking: 50th
  - Total users compared: 2

stdout | tests/routes/competitiveAnalysis.test.js
Γ£à Test database pool closed

stdout | tests/routes/competitiveAnalysis.test.js
Γ£à Test environment cleaned up

 Γ£ô tests/routes/competitiveAnalysis.test.js (3 tests) 11005ms
stdout | tests/routes/customReports.test.js > Custom Reports Routes > POST /api/custom-reports/generate > should calculate customization impact
≡ƒôè Custom Report Generation for user 73094:
  - Comprehensive mode: false
  - Filters received: {}

stdout | tests/routes/customReports.test.js > Custom Reports Routes > POST /api/custom-reports/generate > should calculate customization impact
  - Filtered: Fetched 20 jobs with filters
  - Total jobs: 20
  - Actual applications (excluding 'Interested'): 20
  - Selected metrics: customizationImpact

stdout | tests/routes/customReports.test.js > Custom Reports Routes > POST /api/custom-reports/generate > should handle database errors gracefully
≡ƒôè Custom Report Generation for user 73106:
  - Comprehensive mode: false
  - Filters received: {}

stderr | tests/routes/customReports.test.js > Custom Reports Routes > POST /api/custom-reports/generate > should 
handle database errors gracefully
Γ¥î Custom Reports Error: Error: Database error
    at C:/Users/aditn/OneDrive/Desktop/Cursor/Aandsz-Forces-ATS-CS490/backend/tests/routes/customReports.test.js:524:50
    at processTicksAndRejections (node:internal/process/task_queues:105:5)
    at file:///C:/Users/aditn/OneDrive/Desktop/Cursor/Aandsz-Forces-ATS-CS490/backend/node_modules/@vitest/runner/dist/
index.js:915:20

stderr | tests/routes/performancePrediction.test.js > Performance Prediction Routes > GET /api/performance-prediction 
> should handle database errors gracefully
Γ¥î Performance Prediction Error: Error: Database error
    at C:/Users/aditn/OneDrive/Desktop/Cursor/Aandsz-Forces-ATS-CS490/backend/tests/routes/performancePrediction.test.j
s:479:50
    at processTicksAndRejections (node:internal/process/task_queues:105:5)
    at file:///C:/Users/aditn/OneDrive/Desktop/Cursor/Aandsz-Forces-ATS-CS490/backend/node_modules/@vitest/runner/dist/
index.js:915:20

stdout | tests/routes/performancePrediction.test.js
Γ£à Test database pool closed

stdout | tests/routes/performancePrediction.test.js
Γ£à Test environment cleaned up

 Γ¥» tests/routes/performancePrediction.test.js (29 tests | 1 failed) 70526ms
       Γ£ô should return performance predictions with empty data  324ms
       Γ£ô should predict interview success with job data  877ms
       Γ£ô should include preparation factor in interview success prediction  465ms
       Γ£ô should include customization factor in prediction  870ms
       Γ£ô should include skills factor in prediction  2171ms
       Γ£ô should forecast timeline with job data  1372ms
       Γ£ô should forecast timeline with default values when no offers  2541ms
       Γ£ô should adjust timeline based on activity level  2234ms
       Γ£ô should adjust timeline based on market conditions  1681ms
       Γ£ô should predict salary negotiation  1354ms
       Γ£ô should boost negotiation probability with multiple offers  1670ms
       Γ£ô should predict optimal timing  1099ms
       Γ£ô should generate scenarios  1288ms
       ├ù should track prediction accuracy 31481ms
       Γ£ô should generate improvement recommendations  3066ms
       Γ£ô should generate recommendations for long timeline  994ms
       Γ£ô should generate recommendations for low negotiation probability  1882ms
       Γ£ô should include networking activities in prediction  2372ms
       Γ£ô should handle missing skills gracefully  6185ms
       Γ£ô should handle missing networking activities gracefully  1551ms
       Γ£ô should handle missing research history gracefully  973ms
       Γ£ô should handle recent performance trend  489ms
       Γ£ô should calculate summary correctly  780ms
       Γ£ô should handle database errors gracefully 135ms
       Γ£ô should require authentication 136ms
       Γ£ô should handle query parameter parsing for market conditions  452ms
       Γ£ô should handle string market conditions parameter  435ms
       Γ£ô should handle invalid userId in query 254ms
       Γ£ô should calculate variance correctly for accuracy tracking  564ms
stdout | tests/routes/customReports.test.js > Custom Reports Routes > POST /api/custom-reports/generate > should handle comprehensive report with all analytics tabs
≡ƒôè Custom Report Generation for user 73115:
  - Comprehensive mode: true
  - Filters received: {}

stdout | tests/routes/customReports.test.js > Custom Reports Routes > POST /api/custom-reports/generate > should handle comprehensive report with all analytics tabs
  - Comprehensive: Fetched ALL 17 jobs (filters ignored)
  - Total jobs: 17
  - Actual applications (excluding 'Interested'): 17
  - Selected metrics: totalApplications, successRate, interviewRate, offerRate, industryBreakdown, industrySuccessRates, conversionFunnel, timeline, peakTiming, responseTimes, customizationImpact

stdout | tests/routes/customReports.test.js > Custom Reports Routes > POST /api/custom-reports/generate > should handle comprehensive report with all analytics tabs
  - Comprehensive data fetched:
    - Interviews: 0
    - Networking Activities: 1
    - Skills: 5
    - Certifications: 3
    - Employment: 2
    - Offers: 0

stdout | tests/routes/customReports.test.js
Γ£à Test database pool closed

stdout | tests/routes/customReports.test.js
Γ£à Test environment cleaned up

 Γ¥» tests/routes/customReports.test.js (28 tests | 1 failed) 71492ms
       Γ£ô should return all report templates 170ms
       Γ£ô should include comprehensive template 138ms
       Γ£ô should require authentication 160ms
       Γ£ô should return filter options with empty data 273ms
       Γ£ô should return filter options with job data  575ms
       Γ£ô should exclude archived jobs from filter options  580ms
       Γ£ô should require authentication 147ms
       Γ£ô should generate JSON report with default metrics  1224ms
       Γ£ô should generate report using template  2248ms
       Γ£ô should generate comprehensive report  1879ms
       Γ£ô should apply filters correctly  2015ms
       Γ£ô should filter by date range  2258ms
       Γ£ô should filter by roles  1497ms
       Γ£ô should calculate all metrics correctly  1574ms
       Γ£ô should generate insights when includeInsights is true  1430ms
       Γ£ô should not generate insights when includeInsights is false  1209ms
       ├ù should generate PDF report 31932ms
       Γ£ô should generate CSV report  1670ms
       Γ£ô should handle empty job data gracefully  2187ms
       Γ£ô should exclude archived jobs from report  2681ms
       Γ£ô should exclude "Interested" status from actual applications count  2726ms
       Γ£ô should calculate timeline metrics correctly  6167ms
       Γ£ô should calculate response times correctly  1365ms
       Γ£ô should calculate customization impact  898ms
       Γ£ô should handle database errors gracefully  745ms
       Γ£ô should require authentication  725ms
       Γ£ô should return error when no metrics selected  700ms
       Γ£ô should handle comprehensive report with all analytics tabs  1483ms

ΓÄ»ΓÄ»ΓÄ»ΓÄ»ΓÄ»ΓÄ» Failed Suites 21 ΓÄ»ΓÄ»ΓÄ»ΓÄ»ΓÄ»ΓÄ»

 FAIL  tests/team-routes-comprehensive.test.js [ tests/team-routes-comprehensive.test.js ]
 FAIL  tests/routes/contacts.test.js [ tests/routes/contacts.test.js ]
 FAIL  tests/routes/interviewAnalytics.test.js [ tests/routes/interviewAnalytics.test.js ]
 FAIL  tests/routes/marketBenchmarks.test.js [ tests/routes/marketBenchmarks.test.js ]
 FAIL  tests/routes/materialComparison.test.js [ tests/routes/materialComparison.test.js ]
 FAIL  tests/routes/networking.test.js [ tests/routes/networking.test.js ]
 FAIL  tests/routes/qualityScoring.test.js [ tests/routes/qualityScoring.test.js ]
 FAIL  tests/routes/references.test.js [ tests/routes/references.test.js ]
 FAIL  tests/routes/responseCoaching.test.js [ tests/routes/responseCoaching.test.js ]
 FAIL  tests/routes/timeInvestment.test.js [ tests/routes/timeInvestment.test.js ]
Error: Hook timed out in 20000ms.
If this is a long-running hook, pass a timeout value as the last argument or configure it globally with "hookTimeout".
 Γ¥» tests/vitest-setup.js:26:1
     24|  * Setup before all tests run
     25|  */
     26| beforeAll(async () => {
       | ^
     27|   // Set test environment
     28|   process.env.NODE_ENV = 'test';

ΓÄ»ΓÄ»ΓÄ»ΓÄ»ΓÄ»ΓÄ»ΓÄ»ΓÄ»ΓÄ»ΓÄ»ΓÄ»ΓÄ»ΓÄ»ΓÄ»ΓÄ»ΓÄ»ΓÄ»ΓÄ»ΓÄ»ΓÄ»ΓÄ»ΓÄ»ΓÄ»[1/26]ΓÄ»

 FAIL  tests/routes/auth.test.js > Authentication Routes
 FAIL  tests/routes/company.test.js > Company Routes
 FAIL  tests/routes/cover_letter.test.js > Cover Letter Routes
 FAIL  tests/routes/education.test.js > Education Routes
 FAIL  tests/routes/employment.test.js > Employment Routes
 FAIL  tests/routes/job.test.js > Job Routes
 FAIL  tests/routes/match.test.js > Match Routes
 FAIL  tests/routes/profile.test.js > Profile Routes
 FAIL  tests/routes/resume.test.js > Resume Routes
 FAIL  tests/routes/salaryResearch.test.js [ tests/routes/salaryResearch.test.js ]
Error: Transform failed with 1 error:
C:/Users/aditn/OneDrive/Desktop/Cursor/Aandsz-Forces-ATS-CS490/backend/routes/salaryResearch.js:531:10: ERROR: The 
symbol "recommendations" has already been declared
  Plugin: vite:define
  File: C:/Users/aditn/OneDrive/Desktop/Cursor/Aandsz-Forces-ATS-CS490/backend/routes/salaryResearch.js
 Γ¥» failureErrorWithLog node_modules/esbuild/lib/main.js:1467:15
 Γ¥» node_modules/esbuild/lib/main.js:736:50
 Γ¥» responseCallbacks.<computed> node_modules/esbuild/lib/main.js:603:9
 Γ¥» handleIncomingPacket node_modules/esbuild/lib/main.js:658:12
 Γ¥» Socket.readFromStdout node_modules/esbuild/lib/main.js:581:7

ΓÄ»ΓÄ»ΓÄ»ΓÄ»ΓÄ»ΓÄ»ΓÄ»ΓÄ»ΓÄ»ΓÄ»ΓÄ»ΓÄ»ΓÄ»ΓÄ»ΓÄ»ΓÄ»ΓÄ»ΓÄ»ΓÄ»ΓÄ»ΓÄ»ΓÄ»ΓÄ»[2/26]ΓÄ»

 FAIL  tests/routes/calendar.test.js [ tests/routes/calendar.test.js ]
ReferenceError: Cannot access 'sharedMockInstance' before initialization
 Γ¥» tests/routes/calendar.test.js:131:7
    129|     createClient: vi.fn(() => {
    130|       // Return singleton instance
    131|       if (!sharedMockInstance) {
       |       ^
    132|         sharedMockInstance = createMockSupabase();
    133|       }
 Γ¥» routes/calendar.js:12:30
 Γ¥» tests/routes/calendar.test.js:9:1

ΓÄ»ΓÄ»ΓÄ»ΓÄ»ΓÄ»ΓÄ»ΓÄ»ΓÄ»ΓÄ»ΓÄ»ΓÄ»ΓÄ»ΓÄ»ΓÄ»ΓÄ»ΓÄ»ΓÄ»ΓÄ»ΓÄ»ΓÄ»ΓÄ»ΓÄ»ΓÄ»[3/26]ΓÄ»


ΓÄ»ΓÄ»ΓÄ»ΓÄ»ΓÄ»ΓÄ»ΓÄ» Failed Tests 5 ΓÄ»ΓÄ»ΓÄ»ΓÄ»ΓÄ»ΓÄ»ΓÄ»

 FAIL  tests/routes/customReports.test.js > Custom Reports Routes > POST /api/custom-reports/generate > should 
generate PDF report
Error: Test timed out in 30000ms.
If this is a long-running test, pass a timeout value as the last argument or configure it globally with "testTimeout".
 Γ¥» tests/routes/customReports.test.js:362:7
    360|     });
    361| 
    362|     it('should generate PDF report', async () => {
       |       ^
    363|       const response = await request(app)
    364|         .post('/api/custom-reports/generate')

ΓÄ»ΓÄ»ΓÄ»ΓÄ»ΓÄ»ΓÄ»ΓÄ»ΓÄ»ΓÄ»ΓÄ»ΓÄ»ΓÄ»ΓÄ»ΓÄ»ΓÄ»ΓÄ»ΓÄ»ΓÄ»ΓÄ»ΓÄ»ΓÄ»ΓÄ»ΓÄ»[4/26]ΓÄ»

 FAIL  tests/routes/dashboard.test.js > Dashboard Routes > Dashboard Data Aggregation > should aggregate data across 
multiple statuses
Error: Test timed out in 30000ms.
If this is a long-running test, pass a timeout value as the last argument or configure it globally with "testTimeout".
 Γ¥» tests/routes/dashboard.test.js:301:7
    299| 
    300|   describe('Dashboard Data Aggregation', () => {
    301|     it('should aggregate data across multiple statuses', async () => {
       |       ^
    302|       await seedJobs(user.id, 5, { status: 'Interested' });
    303|       await seedJobs(user.id, 8, { status: 'Applied' });

ΓÄ»ΓÄ»ΓÄ»ΓÄ»ΓÄ»ΓÄ»ΓÄ»ΓÄ»ΓÄ»ΓÄ»ΓÄ»ΓÄ»ΓÄ»ΓÄ»ΓÄ»ΓÄ»ΓÄ»ΓÄ»ΓÄ»ΓÄ»ΓÄ»ΓÄ»ΓÄ»[5/26]ΓÄ»

 FAIL  tests/routes/networkingAnalysis.test.js > Networking Analysis Routes > GET /api/networking-analysis/full > 
should calculate contact ROI
Error: Test timed out in 30000ms.
If this is a long-running test, pass a timeout value as the last argument or configure it globally with "testTimeout".
 Γ¥» tests/routes/networkingAnalysis.test.js:340:7
    338|     });
    339| 
    340|     it('should calculate contact ROI', async () => {
       |       ^
    341|       await queryTestDb(
    342|         `INSERT INTO networking_contacts (user_id, name, company)

ΓÄ»ΓÄ»ΓÄ»ΓÄ»ΓÄ»ΓÄ»ΓÄ»ΓÄ»ΓÄ»ΓÄ»ΓÄ»ΓÄ»ΓÄ»ΓÄ»ΓÄ»ΓÄ»ΓÄ»ΓÄ»ΓÄ»ΓÄ»ΓÄ»ΓÄ»ΓÄ»[6/26]ΓÄ»

 FAIL  tests/routes/performancePrediction.test.js > Performance Prediction Routes > GET /api/performance-prediction > 
should track prediction accuracy
Error: Test timed out in 30000ms.
If this is a long-running test, pass a timeout value as the last argument or configure it globally with "testTimeout".
 Γ¥» tests/routes/performancePrediction.test.js:295:7
    293|     });
    294| 
    295|     it('should track prediction accuracy', async () => {
       |       ^
    296|       // Create jobs across multiple quarters
    297|       const quarters = [

ΓÄ»ΓÄ»ΓÄ»ΓÄ»ΓÄ»ΓÄ»ΓÄ»ΓÄ»ΓÄ»ΓÄ»ΓÄ»ΓÄ»ΓÄ»ΓÄ»ΓÄ»ΓÄ»ΓÄ»ΓÄ»ΓÄ»ΓÄ»ΓÄ»ΓÄ»ΓÄ»[7/26]ΓÄ»

 FAIL  tests/routes/skillsGap.test.js > Skills Gap Routes > GET /api/skills-gap/:jobId > should calculate priority 
correctly for missing skills
Error: Test timed out in 30000ms.
If this is a long-running test, pass a timeout value as the last argument or configure it globally with "testTimeout".
 Γ¥» tests/routes/skillsGap.test.js:179:7
    177|     });
    178| 
    179|     it('should calculate priority correctly for missing skills', asyncΓÇª
       |       ^
    180|       const job = await seedJobs(user.id, 1, {
    181|         required_skills: ['Python', 'JavaScript', 'SQL', 'AWS', 'ReactΓÇª

ΓÄ»ΓÄ»ΓÄ»ΓÄ»ΓÄ»ΓÄ»ΓÄ»ΓÄ»ΓÄ»ΓÄ»ΓÄ»ΓÄ»ΓÄ»ΓÄ»ΓÄ»ΓÄ»ΓÄ»ΓÄ»ΓÄ»ΓÄ»ΓÄ»ΓÄ»ΓÄ»[8/26]ΓÄ»


 Test Files  26 failed | 34 passed (60)
      Tests  5 failed | 626 passed | 470 skipped (1101)
   Start at  13:49:17
   Duration  74.07s (transform 5.75s, setup 7.63s, import 24.01s, tests 933.49s, environment 9ms)

